ets Jul 29 2019 12:21:46

rst:0x1 (POWERON_RESET),boot:0x13 (SPI_FAST_FLASH_BOOT)
configsip: 0, SPIWP:0xee
clk_drv:0x00,q_drv:0x00,d_drv:0x00,cs0_drv:0x00,hd_drv:0x00,wp_drv:0x00
mode:DIO, clock div:2
load:0x3fff0030,len:7176
load:0x40078000,len:15564
ho 0 tail 12 room 4
load:0x40080400,len:4
load:0x40080404,len:3904
entry 0x40080640
[0;32mI (31) boot: ESP-IDF v5.3.1-dirty 2nd stage bootloader[0m
[0;32mI (31) boot: compile time Nov 30 2024 15:22:53[0m
[0;32mI (31) boot: Multicore bootloader[0m
[0;32mI (36) boot: chip revision: v3.1[0m
[0;32mI (40) boot.esp32: SPI Speed      : 40MHz[0m
[0;32mI (44) boot.esp32: SPI Mode       : DIO[0m
[0;32mI (49) boot.esp32: SPI Flash Size : 2MB[0m
[0;32mI (53) boot: Enabling RNG early entropy source...[0m
[0;32mI (59) boot: Partition Table:[0m
[0;32mI (62) boot: ## Label            Usage          Type ST Offset   Length[0m
[0;32mI (70) boot:  0 nvs              WiFi data        01 02 00009000 00006000[0m
[0;32mI (77) boot:  1 phy_init         RF data          01 01 0000f000 00001000[0m
[0;32mI (85) boot:  2 factory          factory app      00 00 00010000 00100000[0m
[0;32mI (92) boot: End of partition table[0m
[0;32mI (96) esp_image: segment 0: paddr=00010020 vaddr=3f400020 size=1f798h (128920) map[0m
[0;32mI (149) esp_image: segment 1: paddr=0002f7c0 vaddr=3ffb0000 size=00858h (  2136) load[0m
[0;32mI (150) esp_image: segment 2: paddr=00030020 vaddr=400d0020 size=5b090h (372880) map[0m
[0;32mI (283) esp_image: segment 3: paddr=0008b0b8 vaddr=3ffb0858 size=01cc4h (  7364) load[0m
[0;32mI (286) esp_image: segment 4: paddr=0008cd84 vaddr=40080000 size=0edf4h ( 60916) load[0m
[0;32mI (320) boot: Loaded app from partition at offset 0x10000[0m
[0;32mI (320) boot: Disabling RNG early entropy source...[0m
[0;32mI (332) cpu_start: Multicore app[0m
[0;32mI (340) cpu_start: Pro cpu start user code[0m
[0;32mI (340) cpu_start: cpu freq: 160000000 Hz[0m
[0;32mI (340) app_init: Application information:[0m
[0;32mI (343) app_init: Project name:     TEST1[0m
[0;32mI (348) app_init: App version:      1[0m
[0;32mI (352) app_init: Compile time:     Dec  2 2024 12:21:10[0m
[0;32mI (358) app_init: ELF file SHA256:  35df6dee4...[0m
[0;32mI (363) app_init: ESP-IDF:          v5.3.1-dirty[0m
[0;32mI (369) efuse_init: Min chip rev:     v0.0[0m
[0;32mI (373) efuse_init: Max chip rev:     v3.99 [0m
[0;32mI (378) efuse_init: Chip rev:         v3.1[0m
[0;32mI (383) heap_init: Initializing. RAM available for dynamic allocation:[0m
[0;32mI (390) heap_init: At 3FFAE6E0 len 00001920 (6 KiB): DRAM[0m
[0;32mI (396) heap_init: At 3FFB3E08 len 0002C1F8 (176 KiB): DRAM[0m
[0;32mI (403) heap_init: At 3FFE0440 len 00003AE0 (14 KiB): D/IRAM[0m
[0;32mI (409) heap_init: At 3FFE4350 len 0001BCB0 (111 KiB): D/IRAM[0m
[0;32mI (415) heap_init: At 4008EDF4 len 0001120C (68 KiB): IRAM[0m
[0;32mI (423) spi_flash: detected chip: generic[0m
[0;32mI (426) spi_flash: flash io: dio[0m
[0;33mW (430) spi_flash: Detected size(4096k) larger than the size in the binary image header(2048k). Using the size in the binary image header.[0m
[0;32mI (444) main_task: Started on CPU0[0m
[0;32mI (454) main_task: Calling app_main()[0m
[0;32mI (454) UART SIMSOM: [APP] Startup..[0m
[0;32mI (454) UART SIMSOM: [APP] Free memory: 300416 bytes[0m
[0;32mI (454) UART SIMSOM: [APP] IDF version: v5.3.1-dirty[0m
[0;32mI (464) UART SIMSOM: Enable GPS.[0m
[0;32mI (464) UART SIMSOM: GPS location.[0m
[0;32mI (474) UART SIMSOM: [APP] Startup..[0m
[0;32mI (474) UART SIMSOM: [APP] Free memory: 291516 bytes[0m
[0;32mI (484) UART SIMSOM: [APP] IDF version: v5.3.1-dirty[0m
[0;32mI (514) mqtts_example: [APP] Free memory: 280828 bytes[0m
[0;32mI (514) mqtts_example: Other event id:7[0m
[0;31mE (514) esp-tls: couldn't get hostname for :mqtt.eclipseprojects.io: getaddrinfo() returns 202, addrinfo=0x0[0m
[0;31mE (524) esp-tls: Failed to open new connection[0m
[0;31mE (534) transport_base: Failed to open a new connection[0m
[0;31mE (534) mqtt_client: Error transport connect[0m
[0;32mI (544) mqtts_example: MQTT_EVENT_ERROR[0m
[0;32mI (544) mqtts_example: Last error code reported from esp-tls: 0x8001[0m
[0;32mI (554) mqtts_example: Last tls stack error number: 0x0[0m
[0;32mI (554) mqtts_example: Last captured errno : 0 (Success)[0m
[0;32mI (564) mqtts_example: MQTT_EVENT_DISCONNECTED[0m
[0;32mI (574) main_task: Returned from app_main()[0m
[0;32mI (974) UART SIMSOM: lat is 0.000000 and long is 0.000000[0m
[0;32mI (974) UART SIMSOM: GPS Data1: 
AT+QGPS=1
+[0m
[0;31mE (3974) FreeRTOS: FreeRTOS Task "GPS_location" should not return, Aborting now![0m

abort() was called at PC 0x40087963 on core 0


Backtrace: 0x40081a92:0x3ffb7930 0x40086df5:0x3ffb7950 0x4008d589:0x3ffb7970 0x40087963:0x3ffb79e0




ELF file SHA256: 35df6dee4

Rebooting...
ets Jul 29 2019 12:21:46

rst:0xc (SW_CPU_RESET),boot:0x13 (SPI_FAST_FLASH_BOOT)
configsip: 0, SPIWP:0xee
clk_drv:0x00,q_drv:0x00,d_drv:0x00,cs0_drv:0x00,hd_drv:0x00,wp_drv:0x00
mode:DIO, clock div:2
load:0x3fff0030,len:7176
load:0x40078000,len:15564
ho 0 tail 12 room 4
load:0x40080400,len:4
load:0x40080404,len:3904
entry 0x40080640
[0;32mI (31) boot: ESP-IDF v5.3.1-dirty 2nd stage bootloader[0m
[0;32mI (31) boot: compile time Nov 30 2024 15:22:53[0m
[0;32mI (31) boot: Multicore bootloader[0m
[0;32mI (36) boot: chip revision: v3.1[0m
[0;32mI (40) boot.esp32: SPI Speed      : 40MHz[0m
[0;32mI (44) boot.esp32: SPI Mode       : DIO[0m
[0;32mI (49) boot.esp32: SPI Flash Size : 2MB[0m
[0;32mI (53) boot: Enabling RNG early entropy source...[0m
[0;32mI (59) boot: Partition Table:[0m
[0;32mI (62) boot: ## Label            Usage          Type ST Offset   Length[0m
[0;32mI (70) boot:  0 nvs              WiFi data        01 02 00009000 00006000[0m
[0;32mI (77) boot:  1 phy_init         RF data          01 01 0000f000 00001000[0m
[0;32mI (85) boot:  2 factory          factory app      00 00 00010000 00100000[0m
[0;32mI (92) boot: End of partition table[0m
[0;32mI (96) esp_image: segment 0: paddr=00010020 vaddr=3f400020 size=1f798h (128920) map[0m
[0;32mI (149) esp_image: segment 1: paddr=0002f7c0 vaddr=3ffb0000 size=00858h (  2136) load[0m
[0;32mI (150) esp_image: segment 2: paddr=00030020 vaddr=400d0020 size=5b090h (372880) map[0m
[0;32mI (282) esp_image: segment 3: paddr=0008b0b8 vaddr=3ffb0858 size=01cc4h (  7364) load[0m
[0;32mI (285) esp_image: segment 4: paddr=0008cd84 vaddr=40080000 size=0edf4h ( 60916) load[0m
[0;32mI (320) boot: Loaded app from partition at offset 0x10000[0m
[0;32mI (320) boot: Disabling RNG early entropy source...[0m
[0;32mI (332) cpu_start: Multicore app[0m
[0;32mI (340) cpu_start: Pro cpu start user code[0m
[0;32mI (340) cpu_start: cpu freq: 160000000 Hz[0m
[0;32mI (340) app_init: Application information:[0m
[0;32mI (343) app_init: Project name:     TEST1[0m
[0;32mI (348) app_init: App version:      1[0m
[0;32mI (352) app_init: Compile time:     Dec  2 2024 12:21:10[0m
[0;32mI (358) app_init: ELF file SHA256:  35df6dee4...[0m
[0;32mI (363) app_init: ESP-IDF:          v5.3.1-dirty[0m
[0;32mI (369) efuse_init: Min chip rev:     v0.0[0m
[0;32mI (373) efuse_init: Max chip rev:     v3.99 [0m
[0;32mI (378) efuse_init: Chip rev:         v3.1[0m
[0;32mI (383) heap_init: Initializing. RAM available for dynamic allocation:[0m
[0;32mI (390) heap_init: At 3FFAE6E0 len 00001920 (6 KiB): DRAM[0m
[0;32mI (396) heap_init: At 3FFB3E08 len 0002C1F8 (176 KiB): DRAM[0m
[0;32mI (403) heap_init: At 3FFE0440 len 00003AE0 (14 KiB): D/IRAM[0m
[0;32mI (409) heap_init: At 3FFE4350 len 0001BCB0 (111 KiB): D/IRAM[0m
[0;32mI (415) heap_init: At 4008EDF4 len 0001120C (68 KiB): IRAM[0m
[0;32mI (423) spi_flash: detected chip: generic[0m
[0;32mI (426) spi_flash: flash io: dio[0m
[0;33mW (430) spi_flash: Detected size(4096k) larger than the size in the binary image header(2048k). Using the size in the binary image header.[0m
[0;32mI (444) main_task: Started on CPU0[0m
[0;32mI (454) main_task: Calling app_main()[0m
[0;32mI (454) UART SIMSOM: [APP] Startup..[0m
[0;32mI (454) UART SIMSOM: [APP] Free memory: 300416 bytes[0m
[0;32mI (454) UART SIMSOM: [APP] IDF version: v5.3.1-dirty[0m
[0;32mI (464) UART SIMSOM: Enable GPS.[0m
[0;32mI (464) UART SIMSOM: GPS location.[0m
[0;32mI (474) UART SIMSOM: [APP] Startup..[0m
[0;32mI (474) UART SIMSOM: [APP] Free memory: 291516 bytes[0m
[0;32mI (484) UART SIMSOM: [APP] IDF version: v5.3.1-dirty[0m
[0;32mI (514) mqtts_example: [APP] Free memory: 280828 bytes[0m
[0;32mI (514) mqtts_example: Other event id:7[0m
[0;31mE (514) esp-tls: couldn't get hostname for :mqtt.eclipseprojects.io: getaddrinfo() returns 202, addrinfo=0x0[0m
[0;31mE (524) esp-tls: Failed to open new connection[0m
[0;31mE (534) transport_base: Failed to open a new connection[0m
[0;31mE (534) mqtt_client: Error transport connect[0m
[0;32mI (544) mqtts_example: MQTT_EVENT_ERROR[0m
[0;32mI (544) mqtts_example: Last error code reported from esp-tls: 0x8001[0m
[0;32mI (554) mqtts_example: Last tls stack error number: 0x0[0m
[0;32mI (554) mqtts_example: Last captured errno : 0 (Success)[0m
[0;32mI (564) mqtts_example: MQTT_EVENT_DISCONNECTED[0m
[0;32mI (574) main_task: Returned from app_main()[0m
[0;32mI (974) UART SIMSOM: lat is 0.000000 and long is 0.000000[0m
[0;32mI (974) UART SIMSOM: GPS Data1: 
AT+QGPS=1
+[0m
[0;31mE (3974) FreeRTOS: FreeRTOS Task "GPS_location" should not return, Aborting now![0m

abort() was called at PC 0x40087963 on core 0


Backtrace: 0x40081a92:0x3ffb7930 0x40086df5:0x3ffb7950 0x4008d589:0x3ffb7970 0x40087963:0x3ffb79e0




ELF file SHA256: 35df6dee4

Rebooting...
ets Jul 29 2019 12:21:46

rst:0xc (SW_CPU_RESET),boot:0x13 (SPI_FAST_FLASH_BOOT)
configsip: 0, SPIWP:0xee
clk_drv:0x00,q_drv:0x00,d_drv:0x00,cs0_drv:0x00,hd_drv:0x00,wp_drv:0x00
mode:DIO, clock div:2
load:0x3fff0030,len:7176
load:0x40078000,len:15564
ho 0 tail 12 room 4
load:0x40080400,len:4
load:0x40080404,len:3904
entry 0x40080640
[0;32mI (31) boot: ESP-IDF v5.3.1-dirty 2nd stage bootloader[0m
[0;32mI (31) boot: compile time Nov 30 2024 15:22:53[0m
[0;32mI (31) boot: Multicore bootloader[0m
[0;32mI (36) boot: chip revision: v3.1[0m
[0;32mI (40) boot.esp32: SPI Speed      : 40MHz[0m
[0;32mI (44) boot.esp32: SPI Mode       : DIO[0m
[0;32mI (49) boot.esp32: SPI Flash Size : 2MB[0m
[0;32mI (53) boot: Enabling RNG early entropy source...[0m
[0;32mI (59) boot: Partition Table:[0m
[0;32mI (62) boot: ## Label            Usage          Type ST Offset   Length[0m
[0;32mI (70) boot:  0 nvs              WiFi data        01 02 00009000 00006000[0m
[0;32mI (77) boot:  1 phy_init         RF data          01 01 0000f000 00001000[0m
[0;32mI (85) boot:  2 factory          factory app      00 00 00010000 00100000[0m
[0;32mI (92) boot: End of partition table[0m
[0;32mI (96) esp_image: segment 0: paddr=00010020 vaddr=3f400020 size=1f798h (128920) map[0m
[0;32mI (149) esp_image: segment 1: paddr=0002f7c0 vaddr=3ffb0000 size=00858h (  2136) load[0m
[0;32mI (150) esp_image: segment 2: paddr=00030020 vaddr=400d0020 size=5b090h (372880) map[0m
[0;32mI (282) esp_image: segment 3: paddr=0008b0b8 vaddr=3ffb0858 size=01cc4h (  7364) load[0m
[0;32mI (285) esp_image: segment 4: paddr=0008cd84 vaddr=40080000 size=0edf4h ( 60916) load[0m
[0;32mI (320) boot: Loaded app from partition at offset 0x10000[0m
[0;32mI (320) boot: Disabling RNG early entropy source...[0m
[0;32mI (332) cpu_start: Multicore app[0m
[0;32mI (340) cpu_start: Pro cpu start user code[0m
[0;32mI (340) cpu_start: cpu freq: 160000000 Hz[0m
[0;32mI (340) app_init: Application information:[0m
[0;32mI (343) app_init: Project name:     TEST1[0m
[0;32mI (348) app_init: App version:      1[0m
[0;32mI (352) app_init: Compile time:     Dec  2 2024 12:21:10[0m
[0;32mI (358) app_init: ELF file SHA256:  35df6dee4...[0m
[0;32mI (363) app_init: ESP-IDF:          v5.3.1-dirty[0m
[0;32mI (369) efuse_init: Min chip rev:     v0.0[0m
[0;32mI (373) efuse_init: Max chip rev:     v3.99 [0m
[0;32mI (378) efuse_init: Chip rev:         v3.1[0m
[0;32mI (383) heap_init: Initializing. RAM available for dynamic allocation:[0m
[0;32mI (390) heap_init: At 3FFAE6E0 len 00001920 (6 KiB): DRAM[0m
[0;32mI (396) heap_init: At 3FFB3E08 len 0002C1F8 (176 KiB): DRAM[0m
[0;32mI (403) heap_init: At 3FFE0440 len 00003AE0 (14 KiB): D/IRAM[0m
[0;32mI (409) heap_init: At 3FFE4350 len 0001BCB0 (111 KiB): D/IRAM[0m
[0;32mI (415) heap_init: At 4008EDF4 len 0001120C (68 KiB): IRAM[0m
[0;32mI (423) spi_flash: detected chip: generic[0m
[0;32mI (426) spi_flash: flash io: dio[0m
[0;33mW (430) spi_flash: Detected size(4096k) larger than the size in the binary image header(2048k). Using the size in the binary image header.[0m
[0;32mI (444) main_task: Started on CPU0[0m
[0;32mI (454) main_task: Calling app_main()[0m
[0;32mI (454) UART SIMSOM: [APP] Startup..[0m
[0;32mI (454) UART SIMSOM: [APP] Free memory: 300416 bytes[0m
[0;32mI (454) UART SIMSOM: [APP] IDF version: v5.3.1-dirty[0m
[0;32mI (464) UART SIMSOM: Enable GPS.[0m
[0;32mI (464) UART SIMSOM: GPS location.[0m
[0;32mI (474) UART SIMSOM: [APP] Startup..[0m
[0;32mI (474) UART SIMSOM: [APP] Free memory: 291516 bytes[0m
[0;32mI (484) UART SIMSOM: [APP] IDF version: v5.3.1-dirty[0m
[0;32mI (514) mqtts_example: [APP] Free memory: 280828 bytes[0m
[0;32mI (514) mqtts_example: Other event id:7[0m
[0;31mE (514) esp-tls: couldn't get hostname for :mqtt.eclipseprojects.io: getaddrinfo() returns 202, addrinfo=0x0[0m
[0;31mE (524) esp-tls: Failed to open new connection[0m
[0;31mE (534) transport_base: Failed to open a new connection[0m
[0;31mE (534) mqtt_client: Error transport connect[0m
[0;32mI (544) mqtts_example: MQTT_EVENT_ERROR[0m
[0;32mI (544) mqtts_example: Last error code reported from esp-tls: 0x8001[0m
[0;32mI (554) mqtts_example: Last tls stack error number: 0x0[0m
[0;32mI (554) mqtts_example: Last captured errno : 0 (Success)[0m
[0;32mI (564) mqtts_example: MQTT_EVENT_DISCONNECTED[0m
[0;32mI (574) main_task: Returned from app_main()[0m
[0;32mI (974) UART SIMSOM: lat is 0.000000 and long is 0.000000[0m
[0;32mI (974) UART SIMSOM: GPS Data1: 
AT+QGPS=1
+CME ER[0m
[0;31mE (3974) FreeRTOS: FreeRTOS Task "GPS_location" should not return, Aborting now![0m

abort() was called at PC 0x40087963 on core 0


Backtrace: 0x40081a92:0x3ffb7930 0x40086df5:0x3ffb7950 0x4008d589:0x3ffb7970 0x40087963:0x3ffb79e0




ELF file SHA256: 35df6dee4

Rebooting...
ets Jul 29 2019 12:21:46

rst:0xc (SW_CPU_RESET),boot:0x13 (SPI_FAST_FLASH_BOOT)
configsip: 0, SPIWP:0xee
clk_drv:0x00,q_drv:0x00,d_drv:0x00,cs0_drv:0x00,hd_drv:0x00,wp_drv:0x00
mode:DIO, clock div:2
load:0x3fff0030,len:7176
load:0x40078000,len:15564
ho 0 tail 12 room 4
load:0x40080400,len:4
load:0x40080404,len:3904
entry 0x40080640
[0;32mI (31) boot: ESP-IDF v5.3.1-dirty 2nd stage bootloader[0m
[0;32mI (31) boot: compile time Nov 30 2024 15:22:53[0m
[0;32mI (31) boot: Multicore bootloader[0m
[0;32mI (36) boot: chip revision: v3.1[0m
[0;32mI (40) boot.esp32: SPI Speed      : 40MHz[0m
[0;32mI (44) boot.esp32: SPI Mode       : DIO[0m
[0;32mI (49) boot.esp32: SPI Flash Size : 2MB[0m
[0;32mI (53) boot: Enabling RNG early entropy source...[0m
[0;32mI (59) boot: Partition Table:[0m
[0;32mI (62) boot: ## Label            Usage          Type ST Offset   Length[0m
[0;32mI (70) boot:  0 nvs              WiFi data        01 02 00009000 00006000[0m
[0;32mI (77) boot:  1 phy_init         RF data          01 01 0000f000 00001000[0m
[0;32mI (85) boot:  2 factory          factory app      00 00 00010000 00100000[0m
[0;32mI (92) boot: End of partition table[0m
[0;32mI (96) esp_image: segment 0: paddr=00010020 vaddr=3f400020 size=1f798h (128920) map[0m
[0;32mI (149) esp_image: segment 1: paddr=0002f7c0 vaddr=3ffb0000 size=00858h (  2136) load[0m
[0;32mI (150) esp_image: segment 2: paddr=00030020 vaddr=400d0020 size=5b090h (372880) map[0m
[0;32mI (282) esp_image: segment 3: paddr=0008b0b8 vaddr=3ffb0858 size=01cc4h (  7364) load[0m
[0;32mI (285) esp_image: segment 4: paddr=0008cd84 vaddr=40080000 size=0edf4h ( 60916) load[0m
[0;32mI (320) boot: Loaded app from partition at offset 0x10000[0m
[0;32mI (320) boot: Disabling RNG early entropy source...[0m
[0;32mI (332) cpu_start: Multicore app[0m
[0;32mI (340) cpu_start: Pro cpu start user code[0m
[0;32mI (340) cpu_start: cpu freq: 160000000 Hz[0m
[0;32mI (340) app_init: Application information:[0m
[0;32mI (343) app_init: Project name:     TEST1[0m
[0;32mI (348) app_init: App version:      1[0m
[0;32mI (352) app_init: Compile time:     Dec  2 2024 12:21:10[0m
[0;32mI (358) app_init: ELF file SHA256:  35df6dee4...[0m
[0;32mI (363) app_init: ESP-IDF:          v5.3.1-dirty[0m
[0;32mI (369) efuse_init: Min chip rev:     v0.0[0m
[0;32mI (373) efuse_init: Max chip rev:     v3.99 [0m
[0;32mI (378) efuse_init: Chip rev:         v3.1[0m
[0;32mI (383) heap_init: Initializing. RAM available for dynamic allocation:[0m
[0;32mI (390) heap_init: At 3FFAE6E0 len 00001920 (6 KiB): DRAM[0m
[0;32mI (396) heap_init: At 3FFB3E08 len 0002C1F8 (176 KiB): DRAM[0m
[0;32mI (403) heap_init: At 3FFE0440 len 00003AE0 (14 KiB): D/IRAM[0m
[0;32mI (409) heap_init: At 3FFE4350 len 0001BCB0 (111 KiB): D/IRAM[0m
[0;32mI (415) heap_init: At 4008EDF4 len 0001120C (68 KiB): IRAM[0m
[0;32mI (423) spi_flash: detected chip: generic[0m
[0;32mI (426) spi_flash: flash io: dio[0m
[0;33mW (430) spi_flash: Detected size(4096k) larger than the size in the binary image header(2048k). Using the size in the binary image header.[0m
[0;32mI (444) main_task: Started on CPU0[0m
[0;32mI (454) main_task: Calling app_main()[0m
[0;32mI (454) UART SIMSOM: [APP] Startup..[0m
[0;32mI (454) UART SIMSOM: [APP] Free memory: 300416 bytes[0m
[0;32mI (454) UART SIMSOM: [APP] IDF version: v5.3.1-dirty[0m
[0;32mI (464) UART SIMSOM: Enable GPS.[0m
[0;32mI (464) UART SIMSOM: GPS location.[0m
[0;32mI (474) UART SIMSOM: [APP] Startup..[0m
[0;32mI (474) UART SIMSOM: [APP] Free memory: 291516 bytes[0m
[0;32mI (484) UART SIMSOM: [APP] IDF version: v5.3.1-dirty[0m
[0;32mI (514) mqtts_example: [APP] Free memory: 280828 bytes[0m
[0;32mI (514) mqtts_example: Other event id:7[0m
[0;31mE (514) esp-tls: couldn't get hostname for :mqtt.eclipseprojects.io: getaddrinfo() returns 202, addrinfo=0x0[0m
[0;31mE (524) esp-tls: Failed to open new connection[0m
[0;31mE (534) transport_base: Failed to open a new connection[0m
[0;31mE (534) mqtt_client: Error transport connect[0m
[0;32mI (544) mqtts_example: MQTT_EVENT_ERROR[0m
[0;32mI (544) mqtts_example: Last error code reported from esp-tls: 0x8001[0m
[0;32mI (554) mqtts_example: Last tls stack error number: 0x0[0m
[0;32mI (554) mqtts_example: Last captured errno : 0 (Success)[0m
[0;32mI (564) mqtts_example: MQTT_EVENT_DISCONNECTED[0m
[0;32mI (574) main_task: Returned from app_main()[0m
[0;32mI (984) UART SIMSOM: lat is SL2 and long is GPS?`yï¿½?SL2[0m
[0;32mI (984) UART SIMSOM: lat is 0.000000 and long is 0.000000[0m
[0;32mI (984) UART SIMSOM: GPS Data1: 
AT+QGPS=1
+CME ERROR: 504
AT+QGPSLOC=0
+QGPSLOC: 101232.00,1052.6250N,10648.5291E,1.21,68.8,3,,0.033,0.018,010125,25

OK
[0m
[0;31mE (3994) FreeRTOS: FreeRTOS Task "GPS_location" should not return, Aborting now![0m

abort() was called at PC 0x40087963 on core 0


Backtrace: 0x40081a92:0x3ffb7930 0x40086df5:0x3ffb7950 0x4008d589:0x3ffb7970 0x40087963:0x3ffb79e0




ELF file SHA256: 35df6dee4

Rebooting...
ets Jul 29 2019 12:21:46

rst:0xc (SW_CPU_RESET),boot:0x13 (SPI_FAST_FLASH_BOOT)
configsip: 0, SPIWP:0xee
clk_drv:0x00,q_drv:0x00,d_drv:0x00,cs0_drv:0x00,hd_drv:0x00,wp_drv:0x00
mode:DIO, clock div:2
load:0x3fff0030,len:7176
load:0x40078000,len:15564
ho 0 tail 12 room 4
load:0x40080400,len:4
load:0x40080404,len:3904
entry 0x40080640
[0;32mI (31) boot: ESP-IDF v5.3.1-dirty 2nd stage bootloader[0m
[0;32mI (31) boot: compile time Nov 30 2024 15:22:53[0m
[0;32mI (31) boot: Multicore bootloader[0m
[0;32mI (36) boot: chip revision: v3.1[0m
[0;32mI (40) boot.esp32: SPI Speed      : 40MHz[0m
[0;32mI (44) boot.esp32: SPI Mode       : DIO[0m
[0;32mI (49) boot.esp32: SPI Flash Size : 2MB[0m
[0;32mI (53) boot: Enabling RNG early entropy source...[0m
[0;32mI (59) boot: Partition Table:[0m
[0;32mI (62) boot: ## Label            Usage          Type ST Offset   Length[0m
[0;32mI (70) boot:  0 nvs              WiFi data        01 02 00009000 00006000[0m
[0;32mI (77) boot:  1 phy_init         RF data          01 01 0000f000 00001000[0m
[0;32mI (85) boot:  2 factory          factory app      00 00 00010000 00100000[0m
[0;32mI (92) boot: End of partition table[0m
[0;32mI (96) esp_image: segment 0: paddr=00010020 vaddr=3f400020 size=1f798h (128920) map[0m
[0;32mI (149) esp_image: segment 1: paddr=0002f7c0 vaddr=3ffb0000 size=00858h (  2136) load[0m
[0;32mI (150) esp_image: segment 2: paddr=00030020 vaddr=400d0020 size=5b090h (372880) map[0m
[0;32mI (282) esp_image: segment 3: paddr=0008b0b8 vaddr=3ffb0858 size=01cc4h (  7364) load[0m
[0;32mI (285) esp_image: segment 4: paddr=0008cd84 vaddr=40080000 size=0edf4h ( 60916) load[0m
[0;32mI (320) boot: Loaded app from partition at offset 0x10000[0m
[0;32mI (320) boot: Disabling RNG early entropy source...[0m
[0;32mI (332) cpu_start: Multicore app[0m
[0;32mI (340) cpu_start: Pro cpu start user code[0m
[0;32mI (340) cpu_start: cpu freq: 160000000 Hz[0m
[0;32mI (340) app_init: Application information:[0m
[0;32mI (343) app_init: Project name:     TEST1[0m
[0;32mI (348) app_init: App version:      1[0m
[0;32mI (352) app_init: Compile time:     Dec  2 2024 12:21:10[0m
[0;32mI (358) app_init: ELF file SHA256:  35df6dee4...[0m
[0;32mI (363) app_init: ESP-IDF:          v5.3.1-dirty[0m
[0;32mI (369) efuse_init: Min chip rev:     v0.0[0m
[0;32mI (373) efuse_init: Max chip rev:     v3.99 [0m
[0;32mI (378) efuse_init: Chip rev:         v3.1[0m
[0;32mI (383) heap_init: Initializing. RAM available for dynamic allocation:[0m
[0;32mI (390) heap_init: At 3FFAE6E0 len 00001920 (6 KiB): DRAM[0m
[0;32mI (396) heap_init: At 3FFB3E08 len 0002C1F8 (176 KiB): DRAM[0m
[0;32mI (403) heap_init: At 3FFE0440 len 00003AE0 (14 KiB): D/IRAM[0m
[0;32mI (409) heap_init: At 3FFE4350 len 0001BCB0 (111 KiB): D/IRAM[0m
[0;32mI (415) heap_init: At 4008EDF4 len 0001120C (68 KiB): IRAM[0m
[0;32mI (423) spi_flash: detected chip: generic[0m
[0;32mI (426) spi_flash: flash io: dio[0m
[0;33mW (430) spi_flash: Detected size(4096k) larger than the size in the binary image header(2048k). Using the size in the binary image header.[0m
[0;32mI (444) main_task: Started on CPU0[0m
[0;32mI (454) main_task: Calling app_main()[0m
[0;32mI (454) UART SIMSOM: [APP] Startup..[0m
[0;32mI (454) UART SIMSOM: [APP] Free memory: 300416 bytes[0m
[0;32mI (454) UART SIMSOM: [APP] IDF version: v5.3.1-dirty[0m
[0;32mI (464) UART SIMSOM: Enable GPS.[0m
[0;32mI (464) UART SIMSOM: GPS location.[0m
[0;32mI (474) UART SIMSOM: [APP] Startup..[0m
[0;32mI (474) UART SIMSOM: [APP] Free memory: 291516 bytes[0m
[0;32mI (484) UART SIMSOM: [APP] IDF version: v5.3.1-dirty[0m
[0;32mI (514) mqtts_example: [APP] Free memory: 280828 bytes[0m
[0;32mI (514) mqtts_example: Other event id:7[0m
[0;31mE (514) esp-tls: couldn't get hostname for :mqtt.eclipseprojects.io: getaddrinfo() returns 202, addrinfo=0x0[0m
[0;31mE (524) esp-tls: Failed to open new connection[0m
[0;31mE (534) transport_base: Failed to open a new connection[0m
[0;31mE (534) mqtt_client: Error transport connect[0m
[0;32mI (544) mqtts_example: MQTT_EVENT_ERROR[0m
[0;32mI (544) mqtts_example: Last error code reported from esp-tls: 0x8001[0m
[0;32mI (554) mqtts_example: Last tls stack error number: 0x0[0m
[0;32mI (554) mqtts_example: Last captured errno : 0 (Success)[0m
[0;32mI (564) mqtts_example: MQTT_EVENT_DISCONNECTED[0m
[0;32mI (574) main_task: Returned from app_main()[0m
[0;32mI (984) UART SIMSOM: lat is SL2 and long is GPS?`yï¿½?SL2[0m
[0;32mI (984) UART SIMSOM: lat is 0.000000 and long is 0.000000[0m
[0;32mI (984) UART SIMSOM: GPS Data1: 
AT+QGPS=1
+CME ERROR: 504
AT+QGPSLOC=0
+QGPSLOC: 101236.00,1052.6250N,10648.5290E,1.21,68.8,3,,0.024,0.013,010125,25

OK
ï¿½
[0;31mE (3994) FreeRTOS: FreeRTOS Task "GPS_location" should not return, Aborting now![0m

abort() was called at PC 0x40087963 on core 0


Backtrace: 0x40081a92:0x3ffb7930 0x40086df5:0x3ffb7950 0x4008d589:0x3ffb7970 0x40087963:0x3ffb79e0




ELF file SHA256: 35df6dee4

Rebooting...
ets Jul 29 2019 12:21:46

rst:0xc (SW_CPU_RESET),boot:0x13 (SPI_FAST_FLASH_BOOT)
configsip: 0, SPIWP:0xee
clk_drv:0x00,q_drv:0x00,d_drv:0x00,cs0_drv:0x00,hd_drv:0x00,wp_drv:0x00
mode:DIO, clock div:2
load:0x3fff0030,len:7176
load:0x40078000,len:15564
ho 0 tail 12 room 4
load:0x40080400,len:4
load:0x40080404,len:3904
entry 0x40080640
[0;32mI (31) boot: ESP-IDF v5.3.1-dirty 2nd stage bootloader[0m
[0;32mI (31) boot: compile time Nov 30 2024 15:22:53[0m
[0;32mI (31) boot: Multicore bootloader[0m
[0;32mI (36) boot: chip revision: v3.1[0m
[0;32mI (40) boot.esp32: SPI Speed      : 40MHz[0m
[0;32mI (44) boot.esp32: SPI Mode       : DIO[0m
[0;32mI (49) boot.esp32: SPI Flash Size : 2MB[0m
[0;32mI (53) boot: Enabling RNG early entropy source...[0m
[0;32mI (59) boot: Partition Table:[0m
[0;32mI (62) boot: ## Label            Usage          Type ST Offset   Length[0m
[0;32mI (70) boot:  0 nvs              WiFi data        01 02 00009000 00006000[0m
[0;32mI (77) boot:  1 phy_init         RF data          01 01 0000f000 00001000[0m
[0;32mI (85) boot:  2 factory          factory app      00 00 00010000 00100000[0m
[0;32mI (92) boot: End of partition table[0m
[0;32mI (96) esp_image: segment 0: paddr=00010020 vaddr=3f400020 size=1f798h (128920) map[0m
[0;32mI (149) esp_image: segment 1: paddr=0002f7c0 vaddr=3ffb0000 size=00858h (  2136) load[0m
[0;32mI (150) esp_image: segment 2: paddr=00030020 vaddr=400d0020 size=5b090h (372880) map[0m
[0;32mI (282) esp_image: segment 3: paddr=0008b0b8 vaddr=3ffb0858 size=01cc4h (  7364) load[0m
[0;32mI (285) esp_image: segment 4: paddr=0008cd84 vaddr=40080000 size=0edf4h ( 60916) load[0m
[0;32mI (320) boot: Loaded app from partition at offset 0x10000[0m
[0;32mI (320) boot: Disabling RNG early entropy source...[0m
[0;32mI (332) cpu_start: Multicore app[0m
[0;32mI (340) cpu_start: Pro cpu start user code[0m
[0;32mI (340) cpu_start: cpu freq: 160000000 Hz[0m
[0;32mI (340) app_init: Application information:[0m
[0;32mI (343) app_init: Project name:     TEST1[0m
[0;32mI (348) app_init: App version:      1[0m
[0;32mI (352) app_init: Compile time:     Dec  2 2024 12:21:10[0m
[0;32mI (358) app_init: ELF file SHA256:  35df6dee4...[0m
[0;32mI (363) app_init: ESP-IDF:          v5.3.1-dirty[0m
[0;32mI (369) efuse_init: Min chip rev:     v0.0[0m
[0;32mI (373) efuse_init: Max chip rev:     v3.99 [0m
[0;32mI (378) efuse_init: Chip rev:         v3.1[0m
[0;32mI (383) heap_init: Initializing. RAM available for dynamic allocation:[0m
[0;32mI (390) heap_init: At 3FFAE6E0 len 00001920 (6 KiB): DRAM[0m
[0;32mI (396) heap_init: At 3FFB3E08 len 0002C1F8 (176 KiB): DRAM[0m
[0;32mI (403) heap_init: At 3FFE0440 len 00003AE0 (14 KiB): D/IRAM[0m
[0;32mI (409) heap_init: At 3FFE4350 len 0001BCB0 (111 KiB): D/IRAM[0m
[0;32mI (415) heap_init: At 4008EDF4 len 0001120C (68 KiB): IRAM[0m
[0;32mI (423) spi_flash: detected chip: generic[0m
[0;32mI (426) spi_flash: flash io: dio[0m
[0;33mW (430) spi_flash: Detected size(4096k) larger than the size in the binary image header(2048k). Using the size in the binary image header.[0m
[0;32mI (444) main_task: Started on CPU0[0m
[0;32mI (454) main_task: Calling app_main()[0m
[0;32mI (454) UART SIMSOM: [APP] Startup..[0m
[0;32mI (454) UART SIMSOM: [APP] Free memory: 300416 bytes[0m
[0;32mI (454) UART SIMSOM: [APP] IDF version: v5.3.1-dirty[0m
[0;32mI (464) UART SIMSOM: Enable GPS.[0m
[0;32mI (464) UART SIMSOM: GPS location.[0m
[0;32mI (474) UART SIMSOM: [APP] Startup..[0m
[0;32mI (474) UART SIMSOM: [APP] Free memory: 291516 bytes[0m
[0;32mI (484) UART SIMSOM: [APP] IDF version: v5.3.1-dirty[0m
[0;32mI (514) mqtts_example: [APP] Free memory: 280828 bytes[0m
[0;32mI (514) mqtts_example: Other event id:7[0m
[0;31mE (514) esp-tls: couldn't get hostname for :mqtt.eclipseprojects.io: getaddrinfo() returns 202, addrinfo=0x0[0m
[0;31mE (524) esp-tls: Failed to open new connection[0m
[0;31mE (534) transport_base: Failed to open a new connection[0m
[0;31mE (534) mqtt_client: Error transport connect[0m
[0;32mI (544) mqtts_example: MQTT_EVENT_ERROR[0m
[0;32mI (544) mqtts_example: Last error code reported from esp-tls: 0x8001[0m
[0;32mI (554) mqtts_example: Last tls stack error number: 0x0[0m
[0;32mI (554) mqtts_example: Last captured errno : 0 (Success)[0m
[0;32mI (564) mqtts_example: MQTT_EVENT_DISCONNECTED[0m
[0;32mI (574) main_task: Returned from app_main()[0m
[0;32mI (984) UART SIMSOM: lat is SL2 and long is GPS?`yï¿½?SL2[0m
[0;32mI (984) UART SIMSOM: lat is 0.000000 and long is 0.000000[0m
[0;32mI (984) UART SIMSOM: GPS Data1: 
AT+QGPS=1
+CME ERROR: 504
AT+QGPSLOC=0
+QGPSLOC: 101240.00,1052.6250N,10648.5290E,1.12,68.8,3,,0.057,0.031,010125,26

OK
[0m
[0;31mE (3994) FreeRTOS: FreeRTOS Task "GPS_location" should not return, Aborting now![0m

abort() was called at PC 0x40087963 on core 0


Backtrace: 0x40081a92:0x3ffb7930 0x40086df5:0x3ffb7950 0x4008d589:0x3ffb7970 0x40087963:0x3ffb79e0




ELF file SHA256: 35df6dee4

Rebooting...
ets Jul 29 2019 12:21:46

rst:0xc (SW_CPU_RESET),boot:0x13 (SPI_FAST_FLASH_BOOT)
configsip: 0, SPIWP:0xee
clk_drv:0x00,q_drv:0x00,d_drv:0x00,cs0_drv:0x00,hd_drv:0x00,wp_drv:0x00
mode:DIO, clock div:2
load:0x3fff0030,len:7176
load:0x40078000,len:15564
ho 0 tail 12 room 4
load:0x40080400,len:4
load:0x40080404,len:3904
entry 0x40080640
[0;32mI (31) boot: ESP-IDF v5.3.1-dirty 2nd stage bootloader[0m
[0;32mI (31) boot: compile time Nov 30 2024 15:22:53[0m
[0;32mI (31) boot: Multicore bootloader[0m
[0;32mI (36) boot: chip revision: v3.1[0m
[0;32mI (40) boot.esp32: SPI Speed      : 40MHz[0m
[0;32mI (44) boot.esp32: SPI Mode       : DIO[0m
[0;32mI (49) boot.esp32: SPI Flash Size : 2MB[0m
[0;32mI (53) boot: Enabling RNG early entropy source...[0m
[0;32mI (59) boot: Partition Table:[0m
[0;32mI (62) boot: ## Label            Usage          Type ST Offset   Length[0m
[0;32mI (70) boot:  0 nvs              WiFi data        01 02 00009000 00006000[0m
[0;32mI (77) boot:  1 phy_init         RF data          01 01 0000f000 00001000[0m
[0;32mI (85) boot:  2 factory          factory app      00 00 00010000 00100000[0m
[0;32mI (92) boot: End of partition table[0m
[0;32mI (96) esp_image: segment 0: paddr=00010020 vaddr=3f400020 size=1f798h (128920) map[0m
[0;32mI (149) esp_image: segment 1: paddr=0002f7c0 vaddr=3ffb0000 size=00858h (  2136) load[0m
[0;32mI (150) esp_image: segment 2: paddr=00030020 vaddr=400d0020 size=5b090h (372880) map[0m
[0;32mI (282) esp_image: segment 3: paddr=0008b0b8 vaddr=3ffb0858 size=01cc4h (  7364) load[0m
[0;32mI (285) esp_image: segment 4: paddr=0008cd84 vaddr=40080000 size=0edf4h ( 60916) load[0m
[0;32mI (320) boot: Loaded app from partition at offset 0x10000[0m
[0;32mI (320) boot: Disabling RNG early entropy source...[0m
[0;32mI (332) cpu_start: Multicore app[0m
[0;32mI (340) cpu_start: Pro cpu start user code[0m
[0;32mI (340) cpu_start: cpu freq: 160000000 Hz[0m
[0;32mI (340) app_init: Application information:[0m
[0;32mI (343) app_init: Project name:     TEST1[0m
[0;32mI (348) app_init: App version:      1[0m
[0;32mI (352) app_init: Compile time:     Dec  2 2024 12:21:10[0m
[0;32mI (358) app_init: ELF file SHA256:  35df6dee4...[0m
[0;32mI (363) app_init: ESP-IDF:          v5.3.1-dirty[0m
[0;32mI (368) efuse_init: Min chip rev:     v0.0[0m
[0;32mI (373) efuse_init: Max chip rev:     v3.99 [0m
[0;32mI (378) efuse_init: Chip rev:         v3.1[0m
[0;32mI (383) heap_init: Initializing. RAM available for dynamic allocation:[0m
[0;32mI (390) heap_init: At 3FFAE6E0 len 00001920 (6 KiB): DRAM[0m
[0;32mI (396) heap_init: At 3FFB3E08 len 0002C1F8 (176 KiB): DRAM[0m
[0;32mI (403) heap_init: At 3FFE0440 len 00003AE0 (14 KiB): D/IRAM[0m
[0;32mI (409) heap_init: At 3FFE4350 len 0001BCB0 (111 KiB): D/IRAM[0m
[0;32mI (415) heap_init: At 4008EDF4 len 0001120C (68 KiB): IRAM[0m
[0;32mI (423) spi_flash: detected chip: generic[0m
[0;32mI (426) spi_flash: flash io: dio[0m
[0;33mW (430) spi_flash: Detected size(4096k) larger than the size in the binary image header(2048k). Using the size in the binary image header.[0m
[0;32mI (444) main_task: Started on CPU0[0m
[0;32mI (454) main_task: Calling app_main()[0m
[0;32mI (454) UART SIMSOM: [APP] Startup..[0m
[0;32mI (454) UART SIMSOM: [APP] Free memory: 300416 bytes[0m
[0;32mI (454) UART SIMSOM: [APP] IDF version: v5.3.1-dirty[0m
[0;32mI (464) UART SIMSOM: Enable GPS.[0m
[0;32mI (464) UART SIMSOM: GPS location.[0m
[0;32mI (474) UART SIMSOM: [APP] Startup..[0m
[0;32mI (474) UART SIMSOM: [APP] Free memory: 291516 bytes[0m
[0;32mI (484) UART SIMSOM: [APP] IDF version: v5.3.1-dirty[0m
[0;32mI (514) mqtts_example: [APP] Free memory: 280828 bytes[0m
[0;32mI (514) mqtts_example: Other event id:7[0m
[0;31mE (514) esp-tls: couldn't get hostname for :mqtt.eclipseprojects.io: getaddrinfo() returns 202, addrinfo=0x0[0m
[0;31mE (524) esp-tls: Failed to open new connection[0m
[0;31mE (534) transport_base: Failed to open a new connection[0m
[0;31mE (534) mqtt_client: Error transport connect[0m
[0;32mI (544) mqtts_example: MQTT_EVENT_ERROR[0m
[0;32mI (544) mqtts_example: Last error code reported from esp-tls: 0x8001[0m
[0;32mI (554) mqtts_example: Last tls stack error number: 0x0[0m
[0;32mI (554) mqtts_example: Last captured errno : 0 (Success)[0m
[0;32mI (564) mqtts_example: MQTT_EVENT_DISCONNECTED[0m
[0;32mI (574) main_task: Returned from app_main()[0m
[0;32mI (984) UART SIMSOM: lat is SL2 and long is GPS?`yï¿½?SL2[0m
[0;32mI (984) UART SIMSOM: lat is 0.000000 and long is 0.000000[0m
[0;32mI (984) UART SIMSOM: GPS Data1: 
AT+QGPS=1
+CME ERROR: 504
AT+QGPSLOC=0
+QGPSLOC: 101244.00,1052.6250N,10648.5290E,1.12,68.8,3,,0.073,0.040,010125,26

OK
[0m
[0;31mE (3994) FreeRTOS: FreeRTOS Task "GPS_location" should not return, Aborting now![0m

abort() was called at PC 0x40087963 on core 0


Backtrace: 0x40081a92:0x3ffb7930 0x40086df5:0x3ffb7950 0x4008d589:0x3ffb7970 0x40087963:0x3ffb79e0




ELF file SHA256: 35df6dee4

Rebooting...
ets Jul 29 2019 12:21:46

rst:0xc (SW_CPU_RESET),boot:0x13 (SPI_FAST_FLASH_BOOT)
configsip: 0, SPIWP:0xee
clk_drv:0x00,q_drv:0x00,d_drv:0x00,cs0_drv:0x00,hd_drv:0x00,wp_drv:0x00
mode:DIO, clock div:2
load:0x3fff0030,len:7176
load:0x40078000,len:15564
ho 0 tail 12 room 4
load:0x40080400,len:4
load:0x40080404,len:3904
entry 0x40080640
[0;32mI (31) boot: ESP-IDF v5.3.1-dirty 2nd stage bootloader[0m
[0;32mI (31) boot: compile time Nov 30 2024 15:22:53[0m
[0;32mI (31) boot: Multicore bootloader[0m
[0;32mI (36) boot: chip revision: v3.1[0m
[0;32mI (40) boot.esp32: SPI Speed      : 40MHz[0m
[0;32mI (44) boot.esp32: SPI Mode       : DIO[0m
[0;32mI (49) boot.esp32: SPI Flash Size : 2MB[0m
[0;32mI (53) boot: Enabling RNG early entropy source...[0m
[0;32mI (59) boot: Partition Table:[0m
[0;32mI (62) boot: ## Label            Usage          Type ST Offset   Length[0m
[0;32mI (70) boot:  0 nvs              WiFi data        01 02 00009000 00006000[0m
[0;32mI (77) boot:  1 phy_init         RF data          01 01 0000f000 00001000[0m
[0;32mI (85) boot:  2 factory          factory app      00 00 00010000 00100000[0m
[0;32mI (92) boot: End of partition table[0m
[0;32mI (96) esp_image: segment 0: paddr=00010020 vaddr=3f400020 size=1f798h (128920) map[0m
[0;32mI (149) esp_image: segment 1: paddr=0002f7c0 vaddr=3ffb0000 size=00858h (  2136) load[0m
[0;32mI (150) esp_image: segment 2: paddr=00030020 vaddr=400d0020 size=5b090h (372880) map[0m
[0;32mI (282) esp_image: segment 3: paddr=0008b0b8 vaddr=3ffb0858 size=01cc4h (  7364) load[0m
[0;32mI (285) esp_image: segment 4: paddr=0008cd84 vaddr=40080000 size=0edf4h ( 60916) load[0m
[0;32mI (320) boot: Loaded app from partition at offset 0x10000[0m
[0;32mI (320) boot: Disabling RNG early entropy source...[0m
[0;32mI (332) cpu_start: Multicore app[0m
[0;32mI (340) cpu_start: Pro cpu start user code[0m
[0;32mI (340) cpu_start: cpu freq: 160000000 Hz[0m
[0;32mI (340) app_init: Application information:[0m
[0;32mI (343) app_init: Project name:     TEST1[0m
[0;32mI (348) app_init: App version:      1[0m
[0;32mI (352) app_init: Compile time:     Dec  2 2024 12:21:10[0m
[0;32mI (358) app_init: ELF file SHA256:  35df6dee4...[0m
[0;32mI (363) app_init: ESP-IDF:          v5.3.1-dirty[0m
[0;32mI (368) efuse_init: Min chip rev:     v0.0[0m
[0;32mI (373) efuse_init: Max chip rev:     v3.99 [0m
[0;32mI (378) efuse_init: Chip rev:         v3.1[0m
[0;32mI (383) heap_init: Initializing. RAM available for dynamic allocation:[0m
[0;32mI (390) heap_init: At 3FFAE6E0 len 00001920 (6 KiB): DRAM[0m
[0;32mI (396) heap_init: At 3FFB3E08 len 0002C1F8 (176 KiB): DRAM[0m
[0;32mI (403) heap_init: At 3FFE0440 len 00003AE0 (14 KiB): D/IRAM[0m
[0;32mI (409) heap_init: At 3FFE4350 len 0001BCB0 (111 KiB): D/IRAM[0m
[0;32mI (415) heap_init: At 4008EDF4 len 0001120C (68 KiB): IRAM[0m
[0;32mI (423) spi_flash: detected chip: generic[0m
[0;32mI (426) spi_flash: flash io: dio[0m
[0;33mW (430) spi_flash: Detected size(4096k) larger than the size in the binary image header(2048k). Using the size in the binary image header.[0m
[0;32mI (444) main_task: Started on CPU0[0m
[0;32mI (454) main_task: Calling app_main()[0m
[0;32mI (454) UART SIMSOM: [APP] Startup..[0m
[0;32mI (454) UART SIMSOM: [APP] Free memory: 300416 bytes[0m
[0;32mI (454) UART SIMSOM: [APP] IDF version: v5.3.1-dirty[0m
[0;32mI (464) UART SIMSOM: Enable GPS.[0m
[0;32mI (464) UART SIMSOM: GPS location.[0m
[0;32mI (474) UART SIMSOM: [APP] Startup..[0m
[0;32mI (474) UART SIMSOM: [APP] Free memory: 291516 bytes[0m
[0;32mI (484) UART SIMSOM: [APP] IDF version: v5.3.1-dirty[0m
[0;32mI (514) mqtts_example: [APP] Free memory: 280828 bytes[0m
[0;32mI (514) mqtts_example: Other event id:7[0m
[0;31mE (514) esp-tls: couldn't get hostname for :mqtt.eclipseprojects.io: getaddrinfo() returns 202, addrinfo=0x0[0m
[0;31mE (524) esp-tls: Failed to open new connection[0m
[0;31mE (534) transport_base: Failed to open a new connection[0m
[0;31mE (534) mqtt_client: Error transport connect[0m
[0;32mI (544) mqtts_example: MQTT_EVENT_ERROR[0m
[0;32mI (544) mqtts_example: Last error code reported from esp-tls: 0x8001[0m
[0;32mI (554) mqtts_example: Last tls stack error number: 0x0[0m
[0;32mI (554) mqtts_example: Last captured errno : 0 (Success)[0m
[0;32mI (564) mqtts_example: MQTT_EVENT_DISCONNECTED[0m
[0;32mI (574) main_task: Returned from app_main()[0m
[0;32mI (984) UART SIMSOM: lat is SL2 and long is GPS?`yï¿½?SL2[0m
[0;32mI (984) UART SIMSOM: lat is 0.000000 and long is 0.000000[0m
[0;32mI (984) UART SIMSOM: GPS Data1: 
AT+QGPS=1
+CME ERROR: 504
AT+QGPSLOC=0
+QGPSLOC: 101248.00,1052.6250N,10648.5290E,1.14,68.7,3,,0.038,0.021,010125,25

OK
[0m
[0;31mE (3994) FreeRTOS: FreeRTOS Task "GPS_location" should not return, Aborting now![0m

abort() was called at PC 0x40087963 on core 0


Backtrace: 0x40081a92:0x3ffb7930 0x40086df5:0x3ffb7950 0x4008d589:0x3ffb7970 0x40087963:0x3ffb79e0




ELF file SHA256: 35df6dee4

Rebooting...
ets Jul 29 2019 12:21:46

rst:0xc (SW_CPU_RESET),boot:0x13 (SPI_FAST_FLASH_BOOT)
configsip: 0, SPIWP:0xee
clk_drv:0x00,q_drv:0x00,d_drv:0x00,cs0_drv:0x00,hd_drv:0x00,wp_drv:0x00
mode:DIO, clock div:2
load:0x3fff0030,len:7176
load:0x40078000,len:15564
ho 0 tail 12 room 4
load:0x40080400,len:4
load:0x40080404,len:3904
entry 0x40080640
[0;32mI (31) boot: ESP-IDF v5.3.1-dirty 2nd stage bootloader[0m
[0;32mI (31) boot: compile time Nov 30 2024 15:22:53[0m
[0;32mI (31) boot: Multicore bootloader[0m
[0;32mI (36) boot: chip revision: v3.1[0m
[0;32mI (40) boot.esp32: SPI Speed      : 40MHz[0m
[0;32mI (44) boot.esp32: SPI Mode       : DIO[0m
[0;32mI (49) boot.esp32: SPI Flash Size : 2MB[0m
[0;32mI (53) boot: Enabling RNG early entropy source...[0m
[0;32mI (59) boot: Partition Table:[0m
[0;32mI (62) boot: ## Label            Usage          Type ST Offset   Length[0m
[0;32mI (70) boot:  0 nvs              WiFi data        01 02 00009000 00006000[0m
[0;32mI (77) boot:  1 phy_init         RF data          01 01 0000f000 00001000[0m
[0;32mI (85) boot:  2 factory          factory app      00 00 00010000 00100000[0m
[0;32mI (92) boot: End of partition table[0m
[0;32mI (96) esp_image: segment 0: paddr=00010020 vaddr=3f400020 size=1f798h (128920) map[0m
[0;32mI (149) esp_image: segment 1: paddr=0002f7c0 vaddr=3ffb0000 size=00858h (  2136) load[0m
[0;32mI (150) esp_image: segment 2: paddr=00030020 vaddr=400d0020 size=5b090h (372880) map[0m
[0;32mI (282) esp_image: segment 3: paddr=0008b0b8 vaddr=3ffb0858 size=01cc4h (  7364) load[0m
[0;32mI (285) esp_image: segment 4: paddr=0008cd84 vaddr=40080000 size=0edf4h ( 60916) load[0m
[0;32mI (320) boot: Loaded app from partition at offset 0x10000[0m
[0;32mI (320) boot: Disabling RNG early entropy source...[0m
[0;32mI (332) cpu_start: Multicore app[0m
[0;32mI (340) cpu_start: Pro cpu start user code[0m
[0;32mI (340) cpu_start: cpu freq: 160000000 Hz[0m
[0;32mI (340) app_init: Application information:[0m
[0;32mI (343) app_init: Project name:     TEST1[0m
[0;32mI (348) app_init: App version:      1[0m
[0;32mI (352) app_init: Compile time:     Dec  2 2024 12:21:10[0m
[0;32mI (358) app_init: ELF file SHA256:  35df6dee4...[0m
[0;32mI (363) app_init: ESP-IDF:          v5.3.1-dirty[0m
[0;32mI (369) efuse_init: Min chip rev:     v0.0[0m
[0;32mI (373) efuse_init: Max chip rev:     v3.99 [0m
[0;32mI (378) efuse_init: Chip rev:         v3.1[0m
[0;32mI (383) heap_init: Initializing. RAM available for dynamic allocation:[0m
[0;32mI (390) heap_init: At 3FFAE6E0 len 00001920 (6 KiB): DRAM[0m
[0;32mI (396) heap_init: At 3FFB3E08 len 0002C1F8 (176 KiB): DRAM[0m
[0;32mI (403) heap_init: At 3FFE0440 len 00003AE0 (14 KiB): D/IRAM[0m
[0;32mI (409) heap_init: At 3FFE4350 len 0001BCB0 (111 KiB): D/IRAM[0m
[0;32mI (415) heap_init: At 4008EDF4 len 0001120C (68 KiB): IRAM[0m
[0;32mI (423) spi_flash: detected chip: generic[0m
[0;32mI (426) spi_flash: flash io: dio[0m
[0;33mW (430) spi_flash: Detected size(4096k) larger than the size in the binary image header(2048k). Using the size in the binary image header.[0m
[0;32mI (444) main_task: Started on CPU0[0m
[0;32mI (454) main_task: Calling app_main()[0m
[0;32mI (454) UART SIMSOM: [APP] Startup..[0m
[0;32mI (454) UART SIMSOM: [APP] Free memory: 300416 bytes[0m
[0;32mI (454) UART SIMSOM: [APP] IDF version: v5.3.1-dirty[0m
[0;32mI (464) UART SIMSOM: Enable GPS.[0m
[0;32mI (464) UART SIMSOM: GPS location.[0m
[0;32mI (474) UART SIMSOM: [APP] Startup..[0m
[0;32mI (474) UART SIMSOM: [APP] Free memory: 291516 bytes[0m
[0;32mI (484) UART SIMSOM: [APP] IDF version: v5.3.1-dirty[0m
[0;32mI (514) mqtts_example: [APP] Free memory: 280828 bytes[0m
[0;32mI (514) mqtts_example: Other event id:7[0m
[0;31mE (514) esp-tls: couldn't get hostname for :mqtt.eclipseprojects.io: getaddrinfo() returns 202, addrinfo=0x0[0m
[0;31mE (524) esp-tls: Failed to open new connection[0m
[0;31mE (534) transport_base: Failed to open a new connection[0m
[0;31mE (534) mqtt_client: Error transport connect[0m
[0;32mI (544) mqtts_example: MQTT_EVENT_ERROR[0m
[0;32mI (544) mqtts_example: Last error code reported from esp-tls: 0x8001[0m
[0;32mI (554) mqtts_example: Last tls stack error number: 0x0[0m
[0;32mI (554) mqtts_example: Last captured errno : 0 (Success)[0m
[0;32mI (564) mqtts_example: MQTT_EVENT_DISCONNECTED[0m
[0;32mI (574) main_task: Returned from app_main()[0m
[0;32mI (974) UART SIMSOM: lat is 0.000000 and long is 0.000000[0m
[0;32mI (974) UART SIMSOM: GPS Data1: 
AT+QGPS=1
+CME E[0m
[0;31mE (3974) FreeRTOS: FreeRTOS Task "GPS_location" should not return, Aborting now![0m

abort() was called at PC 0x40087963 on core 0


Backtrace: 0x40081a92:0x3ffb7930 0x40086df5:0x3ffb7950 0x4008d589:0x3ffb7970 0x40087963:0x3ffb79e0




ELF file SHA256: 35df6dee4

Rebooting...
ets Jul 29 2019 12:21:46

rst:0xc (SW_CPU_RESET),boot:0x13 (SPI_FAST_FLASH_BOOT)
configsip: 0, SPIWP:0xee
clk_drv:0x00,q_drv:0x00,d_drv:0x00,cs0_drv:0x00,hd_drv:0x00,wp_drv:0x00
mode:DIO, clock div:2
load:0x3fff0030,len:7176
load:0x40078000,len:15564
ho 0 tail 12 room 4
load:0x40080400,len:4
load:0x40080404,len:3904
entry 0x40080640
[0;32mI (31) boot: ESP-IDF v5.3.1-dirty 2nd stage bootloader[0m
[0;32mI (31) boot: compile time Nov 30 2024 15:22:53[0m
[0;32mI (31) boot: Multicore bootloader[0m
[0;32mI (36) boot: chip revision: v3.1[0m
[0;32mI (40) boot.esp32: SPI Speed      : 40MHz[0m
[0;32mI (44) boot.esp32: SPI Mode       : DIO[0m
[0;32mI (49) boot.esp32: SPI Flash Size : 2MB[0m
[0;32mI (53) boot: Enabling RNG early entropy source...[0m
[0;32mI (59) boot: Partition Table:[0m
[0;32mI (62) boot: ## Label            Usage          Type ST Offset   Length[0m
[0;32mI (70) boot:  0 nvs              WiFi data        01 02 00009000 00006000[0m
[0;32mI (77) boot:  1 phy_init         RF data          01 01 0000f000 00001000[0m
[0;32mI (85) boot:  2 factory          factory app      00 00 00010000 00100000[0m
[0;32mI (92) boot: End of partition table[0m
[0;32mI (96) esp_image: segment 0: paddr=00010020 vaddr=3f400020 size=1f798h (128920) map[0m
[0;32mI (149) esp_image: segment 1: paddr=0002f7c0 vaddr=3ffb0000 size=00858h (  2136) load[0m
[0;32mI (150) esp_image: segment 2: paddr=00030020 vaddr=400d0020 size=5b090h (372880) map[0m
[0;32mI (282) esp_image: segment 3: paddr=0008b0b8 vaddr=3ffb0858 size=01cc4h (  7364) load[0m
[0;32mI (285) esp_image: segment 4: paddr=0008cd84 vaddr=40080000 size=0edf4h ( 60916) load[0m
[0;32mI (320) boot: Loaded app from partition at offset 0x10000[0m
[0;32mI (320) boot: Disabling RNG early entropy source...[0m
[0;32mI (332) cpu_start: Multicore app[0m
[0;32mI (340) cpu_start: Pro cpu start user code[0m
[0;32mI (340) cpu_start: cpu freq: 160000000 Hz[0m
[0;32mI (340) app_init: Application information:[0m
[0;32mI (343) app_init: Project name:     TEST1[0m
[0;32mI (348) app_init: App version:      1[0m
[0;32mI (352) app_init: Compile time:     Dec  2 2024 12:21:10[0m
[0;32mI (358) app_init: ELF file SHA256:  35df6dee4...[0m
[0;32mI (363) app_init: ESP-IDF:          v5.3.1-dirty[0m
[0;32mI (369) efuse_init: Min chip rev:     v0.0[0m
[0;32mI (373) efuse_init: Max chip rev:     v3.99 [0m
[0;32mI (378) efuse_init: Chip rev:         v3.1[0m
[0;32mI (383) heap_init: Initializing. RAM available for dynamic allocation:[0m
[0;32mI (390) heap_init: At 3FFAE6E0 len 00001920 (6 KiB): DRAM[0m
[0;32mI (396) heap_init: At 3FFB3E08 len 0002C1F8 (176 KiB): DRAM[0m
[0;32mI (403) heap_init: At 3FFE0440 len 00003AE0 (14 KiB): D/IRAM[0m
[0;32mI (409) heap_init: At 3FFE4350 len 0001BCB0 (111 KiB): D/IRAM[0m
[0;32mI (415) heap_init: At 4008EDF4 len 0001120C (68 KiB): IRAM[0m
[0;32mI (423) spi_flash: detected chip: generic[0m
[0;32mI (426) spi_flash: flash io: dio[0m
[0;33mW (430) spi_flash: Detected size(4096k) larger than the size in the binary image header(2048k). Using the size in the binary image header.[0m
[0;32mI (444) main_task: Started on CPU0[0m
[0;32mI (454) main_task: Calling app_main()[0m
[0;32mI (454) UART SIMSOM: [APP] Startup..[0m
[0;32mI (454) UART SIMSOM: [APP] Free memory: 300416 bytes[0m
[0;32mI (454) UART SIMSOM: [APP] IDF version: v5.3.1-dirty[0m
[0;32mI (464) UART SIMSOM: Enable GPS.[0m
[0;32mI (464) UART SIMSOM: GPS location.[0m
[0;32mI (474) UART SIMSOM: [APP] Startup..[0m
[0;32mI (474) UART SIMSOM: [APP] Free memory: 291516 bytes[0m
[0;32mI (484) UART SIMSOM: [APP] IDF version: v5.3.1-dirty[0m
[0;32mI (514) mqtts_example: [APP] Free memory: 280828 bytes[0m
[0;32mI (514) mqtts_example: Other event id:7[0m
[0;31mE (514) esp-tls: couldn't get hostname for :mqtt.eclipseprojects.io: getaddrinfo() returns 202, addrinfo=0x0[0m
[0;31mE (524) esp-tls: Failed to open new connection[0m
[0;31mE (534) transport_base: Failed to open a new connection[0m
[0;31mE (534) mqtt_client: Error transport connect[0m
[0;32mI (544) mqtts_example: MQTT_EVENT_ERROR[0m
[0;32mI (544) mqtts_example: Last error code reported from esp-tls: 0x8001[0m
[0;32mI (554) mqtts_example: Last tls stack error number: 0x0[0m
[0;32mI (554) mqtts_example: Last captured errno : 0 (Success)[0m
[0;32mI (564) mqtts_example: MQTT_EVENT_DISCONNECTED[0m
[0;32mI (574) main_task: Returned from app_main()[0m
[0;32mI (984) UART SIMSOM: lat is SL2 and long is GPS?`yï¿½?SL2[0m
[0;32mI (984) UART SIMSOM: lat is 0.000000 and long is 0.000000[0m
[0;32mI (984) UART SIMSOM: GPS Data1: 
AT+QGPS=1
+CME ERROR: 504
AT+QGPSLOC=0
+QGPSLOC: 101256.00,1052.6250N,10648.5290E,1.09,68.7,3,,0.078,0.043,010125,26

OK
[0m
[0;31mE (3994) FreeRTOS: FreeRTOS Task "GPS_location" should not return, Aborting now![0m

abort() was called at PC 0x40087963 on core 0


Backtrace: 0x40081a92:0x3ffb7930 0x40086df5:0x3ffb7950 0x4008d589:0x3ffb7970 0x40087963:0x3ffb79e0




ELF file SHA256: 35df6dee4

Rebooting...
ets Jul 29 2019 12:21:46

rst:0xc (SW_CPU_RESET),boot:0x13 (SPI_FAST_FLASH_BOOT)
configsip: 0, SPIWP:0xee
clk_drv:0x00,q_drv:0x00,d_drv:0x00,cs0_drv:0x00,hd_drv:0x00,wp_drv:0x00
mode:DIO, clock div:2
load:0x3fff0030,len:7176
load:0x40078000,len:15564
ho 0 tail 12 room 4
load:0x40080400,len:4
load:0x40080404,len:3904
entry 0x40080640
[0;32mI (31) boot: ESP-IDF v5.3.1-dirty 2nd stage bootloader[0m
[0;32mI (31) boot: compile time Nov 30 2024 15:22:53[0m
[0;32mI (31) boot: Multicore bootloader[0m
[0;32mI (36) boot: chip revision: v3.1[0m
[0;32mI (40) boot.esp32: SPI Speed      : 40MHz[0m
[0;32mI (44) boot.esp32: SPI Mode       : DIO[0m
[0;32mI (49) boot.esp32: SPI Flash Size : 2MB[0m
[0;32mI (53) boot: Enabling RNG early entropy source...[0m
[0;32mI (59) boot: Partition Table:[0m
[0;32mI (62) boot: ## Label            Usage          Type ST Offset   Length[0m
[0;32mI (70) boot:  0 nvs              WiFi data        01 02 00009000 00006000[0m
[0;32mI (77) boot:  1 phy_init         RF data          01 01 0000f000 00001000[0m
[0;32mI (85) boot:  2 factory          factory app      00 00 00010000 00100000[0m
[0;32mI (92) boot: End of partition table[0m
[0;32mI (96) esp_image: segment 0: paddr=00010020 vaddr=3f400020 size=1f798h (128920) map[0m
[0;32mI (149) esp_image: segment 1: paddr=0002f7c0 vaddr=3ffb0000 size=00858h (  2136) load[0m
[0;32mI (150) esp_image: segment 2: paddr=00030020 vaddr=400d0020 size=5b090h (372880) map[0m
[0;32mI (282) esp_image: segment 3: paddr=0008b0b8 vaddr=3ffb0858 size=01cc4h (  7364) load[0m
[0;32mI (285) esp_image: segment 4: paddr=0008cd84 vaddr=40080000 size=0edf4h ( 60916) load[0m
[0;32mI (320) boot: Loaded app from partition at offset 0x10000[0m
[0;32mI (320) boot: Disabling RNG early entropy source...[0m
[0;32mI (332) cpu_start: Multicore app[0m
[0;32mI (340) cpu_start: Pro cpu start user code[0m
[0;32mI (340) cpu_start: cpu freq: 160000000 Hz[0m
[0;32mI (340) app_init: Application information:[0m
[0;32mI (343) app_init: Project name:     TEST1[0m
[0;32mI (348) app_init: App version:      1[0m
[0;32mI (352) app_init: Compile time:     Dec  2 2024 12:21:10[0m
[0;32mI (358) app_init: ELF file SHA256:  35df6dee4...[0m
[0;32mI (363) app_init: ESP-IDF:          v5.3.1-dirty[0m
[0;32mI (369) efuse_init: Min chip rev:     v0.0[0m
[0;32mI (373) efuse_init: Max chip rev:     v3.99 [0m
[0;32mI (378) efuse_init: Chip rev:         v3.1[0m
[0;32mI (383) heap_init: Initializing. RAM available for dynamic allocation:[0m
[0;32mI (390) heap_init: At 3FFAE6E0 len 00001920 (6 KiB): DRAM[0m
[0;32mI (396) heap_init: At 3FFB3E08 len 0002C1F8 (176 KiB): DRAM[0m
[0;32mI (403) heap_init: At 3FFE0440 len 00003AE0 (14 KiB): D/IRAM[0m
[0;32mI (409) heap_init: At 3FFE4350 len 0001BCB0 (111 KiB): D/IRAM[0m
[0;32mI (415) heap_init: At 4008EDF4 len 0001120C (68 KiB): IRAM[0m
[0;32mI (423) spi_flash: detected chip: generic[0m
[0;32mI (426) spi_flash: flash io: dio[0m
[0;33mW (430) spi_flash: Detected size(4096k) larger than the size in the binary image header(2048k). Using the size in the binary image header.[0m
[0;32mI (444) main_task: Started on CPU0[0m
[0;32mI (454) main_task: Calling app_main()[0m
[0;32mI (454) UART SIMSOM: [APP] Startup..[0m
[0;32mI (454) UART SIMSOM: [APP] Free memory: 300416 bytes[0m
[0;32mI (454) UART SIMSOM: [APP] IDF version: v5.3.1-dirty[0m
[0;32mI (464) UART SIMSOM: Enable GPS.[0m
[0;32mI (464) UART SIMSOM: GPS location.[0m
[0;32mI (474) UART SIMSOM: [APP] Startup..[0m
[0;32mI (474) UART SIMSOM: [APP] Free memory: 291516 bytes[0m
[0;32mI (484) UART SIMSOM: [APP] IDF version: v5.3.1-dirty[0m
[0;32mI (514) mqtts_example: [APP] Free memory: 280828 bytes[0m
[0;32mI (514) mqtts_example: Other event id:7[0m
[0;31mE (514) esp-tls: couldn't get hostname for :mqtt.eclipseprojects.io: getaddrinfo() returns 202, addrinfo=0x0[0m
[0;31mE (524) esp-tls: Failed to open new connection[0m
[0;31mE (534) transport_base: Failed to open a new connection[0m
[0;31mE (534) mqtt_client: Error transport connect[0m
[0;32mI (544) mqtts_example: MQTT_EVENT_ERROR[0m
[0;32mI (544) mqtts_example: Last error code reported from esp-tls: 0x8001[0m
[0;32mI (554) mqtts_example: Last tls stack error number: 0x0[0m
[0;32mI (554) mqtts_example: Last captured errno : 0 (Success)[0m
[0;32mI (564) mqtts_example: MQTT_EVENT_DISCONNECTED[0m
[0;32mI (574) main_task: Returned from app_main()[0m
[0;32mI (984) UART SIMSOM: lat is SL2 and long is GPS?`yï¿½?SL2[0m
[0;32mI (984) UART SIMSOM: lat is 0.000000 and long is 0.000000[0m
[0;32mI (984) UART SIMSOM: GPS Data1: 
AT+QGPS=1
+CME ERROR: 504
AT+QGPSLOC=0
+QGPSLOC: 101300.00,1052.6250N,10648.5290E,1.09,68.7,3,,0.057,0.031,010125,27

OK
[0m
[0;31mE (3994) FreeRTOS: FreeRTOS Task "GPS_location" should not return, Aborting now![0m

abort() was called at PC 0x40087963 on core 0


Backtrace: 0x40081a92:0x3ffb7930 0x40086df5:0x3ffb7950 0x4008d589:0x3ffb7970 0x40087963:0x3ffb79e0




ELF file SHA256: 35df6dee4

Rebooting...
ets Jul 29 2019 12:21:46

rst:0xc (SW_CPU_RESET),boot:0x13 (SPI_FAST_FLASH_BOOT)
configsip: 0, SPIWP:0xee
clk_drv:0x00,q_drv:0x00,d_drv:0x00,cs0_drv:0x00,hd_drv:0x00,wp_drv:0x00
mode:DIO, clock div:2
load:0x3fff0030,len:7176
load:0x40078000,len:15564
ho 0 tail 12 room 4
load:0x40080400,len:4
load:0x40080404,len:3904
entry 0x40080640
[0;32mI (31) boot: ESP-IDF v5.3.1-dirty 2nd stage bootloader[0m
[0;32mI (31) boot: compile time Nov 30 2024 15:22:53[0m
[0;32mI (31) boot: Multicore bootloader[0m
[0;32mI (36) boot: chip revision: v3.1[0m
[0;32mI (40) boot.esp32: SPI Speed      : 40MHz[0m
[0;32mI (44) boot.esp32: SPI Mode       : DIO[0m
[0;32mI (49) boot.esp32: SPI Flash Size : 2MB[0m
[0;32mI (53) boot: Enabling RNG early entropy source...[0m
[0;32mI (59) boot: Partition Table:[0m
[0;32mI (62) boot: ## Label            Usage          Type ST Offset   Length[0m
[0;32mI (70) boot:  0 nvs              WiFi data        01 02 00009000 00006000[0m
[0;32mI (77) boot:  1 phy_init         RF data          01 01 0000f000 00001000[0m
[0;32mI (85) boot:  2 factory          factory app      00 00 00010000 00100000[0m
[0;32mI (92) boot: End of partition table[0m
[0;32mI (96) esp_image: segment 0: paddr=00010020 vaddr=3f400020 size=1f798h (128920) map[0m
[0;32mI (149) esp_image: segment 1: paddr=0002f7c0 vaddr=3ffb0000 size=00858h (  2136) load[0m
[0;32mI (150) esp_image: segment 2: paddr=00030020 vaddr=400d0020 size=5b090h (372880) map[0m
[0;32mI (282) esp_image: segment 3: paddr=0008b0b8 vaddr=3ffb0858 size=01cc4h (  7364) load[0m
[0;32mI (285) esp_image: segment 4: paddr=0008cd84 vaddr=40080000 size=0edf4h ( 60916) load[0m
[0;32mI (320) boot: Loaded app from partition at offset 0x10000[0m
[0;32mI (320) boot: Disabling RNG early entropy source...[0m
[0;32mI (332) cpu_start: Multicore app[0m
[0;32mI (340) cpu_start: Pro cpu start user code[0m
[0;32mI (340) cpu_start: cpu freq: 160000000 Hz[0m
[0;32mI (340) app_init: Application information:[0m
[0;32mI (343) app_init: Project name:     TEST1[0m
[0;32mI (348) app_init: App version:      1[0m
[0;32mI (352) app_init: Compile time:     Dec  2 2024 12:21:10[0m
[0;32mI (358) app_init: ELF file SHA256:  35df6dee4...[0m
[0;32mI (363) app_init: ESP-IDF:          v5.3.1-dirty[0m
[0;32mI (368) efuse_init: Min chip rev:     v0.0[0m
[0;32mI (373) efuse_init: Max chip rev:     v3.99 [0m
[0;32mI (378) efuse_init: Chip rev:         v3.1[0m
[0;32mI (383) heap_init: Initializing. RAM available for dynamic allocation:[0m
[0;32mI (390) heap_init: At 3FFAE6E0 len 00001920 (6 KiB): DRAM[0m
[0;32mI (396) heap_init: At 3FFB3E08 len 0002C1F8 (176 KiB): DRAM[0m
[0;32mI (403) heap_init: At 3FFE0440 len 00003AE0 (14 KiB): D/IRAM[0m
[0;32mI (409) heap_init: At 3FFE4350 len 0001BCB0 (111 KiB): D/IRAM[0m
[0;32mI (415) heap_init: At 4008EDF4 len 0001120C (68 KiB): IRAM[0m
[0;32mI (423) spi_flash: detected chip: generic[0m
[0;32mI (426) spi_flash: flash io: dio[0m
[0;33mW (430) spi_flash: Detected size(4096k) larger than the size in the binary image header(2048k). Using the size in the binary image header.[0m
[0;32mI (444) main_task: Started on CPU0[0m
[0;32mI (454) main_task: Calling app_main()[0m
[0;32mI (454) UART SIMSOM: [APP] Startup..[0m
[0;32mI (454) UART SIMSOM: [APP] Free memory: 300416 bytes[0m
[0;32mI (454) UART SIMSOM: [APP] IDF version: v5.3.1-dirty[0m
[0;32mI (464) UART SIMSOM: Enable GPS.[0m
[0;32mI (464) UART SIMSOM: GPS location.[0m
[0;32mI (474) UART SIMSOM: [APP] Startup..[0m
[0;32mI (474) UART SIMSOM: [APP] Free memory: 291516 bytes[0m
[0;32mI (484) UART SIMSOM: [APP] IDF version: v5.3.1-dirty[0m
[0;32mI (514) mqtts_example: [APP] Free memory: 280828 bytes[0m
[0;32mI (514) mqtts_example: Other event id:7[0m
[0;31mE (514) esp-tls: couldn't get hostname for :mqtt.eclipseprojects.io: getaddrinfo() returns 202, addrinfo=0x0[0m
[0;31mE (524) esp-tls: Failed to open new connection[0m
[0;31mE (534) transport_base: Failed to open a new connection[0m
[0;31mE (534) mqtt_client: Error transport connect[0m
[0;32mI (544) mqtts_example: MQTT_EVENT_ERROR[0m
[0;32mI (544) mqtts_example: Last error code reported from esp-tls: 0x8001[0m
[0;32mI (554) mqtts_example: Last tls stack error number: 0x0[0m
[0;32mI (554) mqtts_example: Last captured errno : 0 (Success)[0m
[0;32mI (564) mqtts_example: MQTT_EVENT_DISCONNECTED[0m
[0;32mI (574) main_task: Returned from app_main()[0m
[0;32mI (984) UART SIMSOM: lat is SL2 and long is GPS?`yï¿½?SL2[0m
[0;32mI (984) UART SIMSOM: lat is 0.000000 and long is 0.000000[0m
[0;32mI (984) UART SIMSOM: GPS Data1: 
AT+QGPS=1
+CME ERROR: 504
AT+QGPSLOC=0
+QGPSLOC: 101304.00,1052.6250N,10648.5290E,1.09,68.6,3,,0.066,0.036,010125,26

OK
[0m
[0;31mE (3994) FreeRTOS: FreeRTOS Task "GPS_location" should not return, Aborting now![0m

abort() was called at PC 0x40087963 on core 0


Backtrace: 0x40081a92:0x3ffb7930 0x40086df5:0x3ffb7950 0x4008d589:0x3ffb7970 0x40087963:0x3ffb79e0




ELF file SHA256: 35df6dee4

Rebooting...
ets Jul 29 2019 12:21:46

rst:0xc (SW_CPU_RESET),boot:0x13 (SPI_FAST_FLASH_BOOT)
configsip: 0, SPIWP:0xee
clk_drv:0x00,q_drv:0x00,d_drv:0x00,cs0_drv:0x00,hd_drv:0x00,wp_drv:0x00
mode:DIO, clock div:2
load:0x3fff0030,len:7176
load:0x40078000,len:15564
ho 0 tail 12 room 4
load:0x40080400,len:4
load:0x40080404,len:3904
entry 0x40080640
[0;32mI (31) boot: ESP-IDF v5.3.1-dirty 2nd stage bootloader[0m
[0;32mI (31) boot: compile time Nov 30 2024 15:22:53[0m
[0;32mI (31) boot: Multicore bootloader[0m
[0;32mI (36) boot: chip revision: v3.1[0m
[0;32mI (40) boot.esp32: SPI Speed      : 40MHz[0m
[0;32mI (44) boot.esp32: SPI Mode       : DIO[0m
[0;32mI (49) boot.esp32: SPI Flash Size : 2MB[0m
[0;32mI (53) boot: Enabling RNG early entropy source...[0m
[0;32mI (59) boot: Partition Table:[0m
[0;32mI (62) boot: ## Label            Usage          Type ST Offset   Length[0m
[0;32mI (70) boot:  0 nvs              WiFi data        01 02 00009000 00006000[0m
[0;32mI (77) boot:  1 phy_init         RF data          01 01 0000f000 00001000[0m
[0;32mI (85) boot:  2 factory          factory app      00 00 00010000 00100000[0m
[0;32mI (92) boot: End of partition table[0m
[0;32mI (96) esp_image: segment 0: paddr=00010020 vaddr=3f400020 size=1f798h (128920) map[0m
[0;32mI (149) esp_image: segment 1: paddr=0002f7c0 vaddr=3ffb0000 size=00858h (  2136) load[0m
[0;32mI (150) esp_image: segment 2: paddr=00030020 vaddr=400d0020 size=5b090h (372880) map[0m
[0;32mI (282) esp_image: segment 3: paddr=0008b0b8 vaddr=3ffb0858 size=01cc4h (  7364) load[0m
[0;32mI (285) esp_image: segment 4: paddr=0008cd84 vaddr=40080000 size=0edf4h ( 60916) load[0m
[0;32mI (320) boot: Loaded app from partition at offset 0x10000[0m
[0;32mI (320) boot: Disabling RNG early entropy source...[0m
[0;32mI (332) cpu_start: Multicore app[0m
[0;32mI (340) cpu_start: Pro cpu start user code[0m
[0;32mI (340) cpu_start: cpu freq: 160000000 Hz[0m
[0;32mI (340) app_init: Application information:[0m
[0;32mI (343) app_init: Project name:     TEST1[0m
[0;32mI (348) app_init: App version:      1[0m
[0;32mI (352) app_init: Compile time:     Dec  2 2024 12:21:10[0m
[0;32mI (358) app_init: ELF file SHA256:  35df6dee4...[0m
[0;32mI (363) app_init: ESP-IDF:          v5.3.1-dirty[0m
[0;32mI (369) efuse_init: Min chip rev:     v0.0[0m
[0;32mI (373) efuse_init: Max chip rev:     v3.99 [0m
[0;32mI (378) efuse_init: Chip rev:         v3.1[0m
[0;32mI (383) heap_init: Initializing. RAM available for dynamic allocation:[0m
[0;32mI (390) heap_init: At 3FFAE6E0 len 00001920 (6 KiB): DRAM[0m
[0;32mI (396) heap_init: At 3FFB3E08 len 0002C1F8 (176 KiB): DRAM[0m
[0;32mI (403) heap_init: At 3FFE0440 len 00003AE0 (14 KiB): D/IRAM[0m
[0;32mI (409) heap_init: At 3FFE4350 len 0001BCB0 (111 KiB): D/IRAM[0m
[0;32mI (415) heap_init: At 4008EDF4 len 0001120C (68 KiB): IRAM[0m
[0;32mI (423) spi_flash: detected chip: generic[0m
[0;32mI (426) spi_flash: flash io: dio[0m
[0;33mW (430) spi_flash: Detected size(4096k) larger than the size in the binary image header(2048k). Using the size in the binary image header.[0m
[0;32mI (444) main_task: Started on CPU0[0m
[0;32mI (454) main_task: Calling app_main()[0m
[0;32mI (454) UART SIMSOM: [APP] Startup..[0m
[0;32mI (454) UART SIMSOM: [APP] Free memory: 300416 bytes[0m
[0;32mI (454) UART SIMSOM: [APP] IDF version: v5.3.1-dirty[0m
[0;32mI (464) UART SIMSOM: Enable GPS.[0m
[0;32mI (464) UART SIMSOM: GPS location.[0m
[0;32mI (474) UART SIMSOM: [APP] Startup..[0m
[0;32mI (474) UART SIMSOM: [APP] Free memory: 291516 bytes[0m
[0;32mI (484) UART SIMSOM: [APP] IDF version: v5.3.1-dirty[0m
[0;32mI (514) mqtts_example: [APP] Free memory: 280828 bytes[0m
[0;32mI (514) mqtts_example: Other event id:7[0m
[0;31mE (514) esp-tls: couldn't get hostname for :mqtt.eclipseprojects.io: getaddrinfo() returns 202, addrinfo=0x0[0m
[0;31mE (524) esp-tls: Failed to open new connection[0m
[0;31mE (534) transport_base: Failed to open a new connection[0m
[0;31mE (534) mqtt_client: Error transport connect[0m
[0;32mI (544) mqtts_example: MQTT_EVENT_ERROR[0m
[0;32mI (544) mqtts_example: Last error code reported from esp-tls: 0x8001[0m
[0;32mI (554) mqtts_example: Last tls stack error number: 0x0[0m
[0;32mI (554) mqtts_example: Last captured errno : 0 (Success)[0m
[0;32mI (564) mqtts_example: MQTT_EVENT_DISCONNECTED[0m
[0;32mI (574) main_task: Returned from app_main()[0m
[0;32mI (984) UART SIMSOM: lat is SL2 and long is GPS?`yï¿½?SL2[0m
[0;32mI (984) UART SIMSOM: lat is 0.000000 and long is 0.000000[0m
[0;32mI (984) UART SIMSOM: GPS Data1: 
AT+QGPS=1
+CME ERROR: 504
AT+QGPSLOC=0
+QGPSLOC: 101308.00,1052.6250N,10648.5290E,1.09,68.6,3,,0.049,0.027,010125,27

OK
[0m
[0;31mE (3994) FreeRTOS: FreeRTOS Task "GPS_location" should not return, Aborting now![0m

abort() was called at PC 0x40087963 on core 0


Backtrace: 0x40081a92:0x3ffb7930 0x40086df5:0x3ffb7950 0x4008d589:0x3ffb7970 0x40087963:0x3ffb79e0




ELF file SHA256: 35df6dee4

Rebooting...
ets Jul 29 2019 12:21:46

rst:0xc (SW_CPU_RESET),boot:0x13 (SPI_FAST_FLASH_BOOT)
configsip: 0, SPIWP:0xee
clk_drv:0x00,q_drv:0x00,d_drv:0x00,cs0_drv:0x00,hd_drv:0x00,wp_drv:0x00
mode:DIO, clock div:2
load:0x3fff0030,len:7176
load:0x40078000,len:15564
ho 0 tail 12 room 4
load:0x40080400,len:4
load:0x40080404,len:3904
entry 0x40080640
[0;32mI (31) boot: ESP-IDF v5.3.1-dirty 2nd stage bootloader[0m
[0;32mI (31) boot: compile time Nov 30 2024 15:22:53[0m
[0;32mI (31) boot: Multicore bootloader[0m
[0;32mI (36) boot: chip revision: v3.1[0m
[0;32mI (40) boot.esp32: SPI Speed      : 40MHz[0m
[0;32mI (44) boot.esp32: SPI Mode       : DIO[0m
[0;32mI (49) boot.esp32: SPI Flash Size : 2MB[0m
[0;32mI (53) boot: Enabling RNG early entropy source...[0m
[0;32mI (59) boot: Partition Table:[0m
[0;32mI (62) boot: ## Label            Usage          Type ST Offset   Length[0m
[0;32mI (70) boot:  0 nvs              WiFi data        01 02 00009000 00006000[0m
[0;32mI (77) boot:  1 phy_init         RF data          01 01 0000f000 00001000[0m
[0;32mI (85) boot:  2 factory          factory app      00 00 00010000 00100000[0m
[0;32mI (92) boot: End of partition table[0m
[0;32mI (96) esp_image: segment 0: paddr=00010020 vaddr=3f400020 size=1f798h (128920) map[0m
[0;32mI (149) esp_image: segment 1: paddr=0002f7c0 vaddr=3ffb0000 size=00858h (  2136) load[0m
[0;32mI (150) esp_image: segment 2: paddr=00030020 vaddr=400d0020 size=5b090h (372880) map[0m
[0;32mI (282) esp_image: segment 3: paddr=0008b0b8 vaddr=3ffb0858 size=01cc4h (  7364) load[0m
[0;32mI (285) esp_image: segment 4: paddr=0008cd84 vaddr=40080000 size=0edf4h ( 60916) load[0m
[0;32mI (320) boot: Loaded app from partition at offset 0x10000[0m
[0;32mI (320) boot: Disabling RNG early entropy source...[0m
[0;32mI (332) cpu_start: Multicore app[0m
[0;32mI (340) cpu_start: Pro cpu start user code[0m
[0;32mI (340) cpu_start: cpu freq: 160000000 Hz[0m
[0;32mI (340) app_init: Application information:[0m
[0;32mI (343) app_init: Project name:     TEST1[0m
[0;32mI (348) app_init: App version:      1[0m
[0;32mI (352) app_init: Compile time:     Dec  2 2024 12:21:10[0m
[0;32mI (358) app_init: ELF file SHA256:  35df6dee4...[0m
[0;32mI (363) app_init: ESP-IDF:          v5.3.1-dirty[0m
[0;32mI (369) efuse_init: Min chip rev:     v0.0[0m
[0;32mI (373) efuse_init: Max chip rev:     v3.99 [0m
[0;32mI (378) efuse_init: Chip rev:         v3.1[0m
[0;32mI (383) heap_init: Initializing. RAM available for dynamic allocation:[0m
[0;32mI (390) heap_init: At 3FFAE6E0 len 00001920 (6 KiB): DRAM[0m
[0;32mI (396) heap_init: At 3FFB3E08 len 0002C1F8 (176 KiB): DRAM[0m
[0;32mI (403) heap_init: At 3FFE0440 len 00003AE0 (14 KiB): D/IRAM[0m
[0;32mI (409) heap_init: At 3FFE4350 len 0001BCB0 (111 KiB): D/IRAM[0m
[0;32mI (415) heap_init: At 4008EDF4 len 0001120C (68 KiB): IRAM[0m
[0;32mI (423) spi_flash: detected chip: generic[0m
[0;32mI (426) spi_flash: flash io: dio[0m
[0;33mW (430) spi_flash: Detected size(4096k) larger than the size in the binary image header(2048k). Using the size in the binary image header.[0m
[0;32mI (444) main_task: Started on CPU0[0m
[0;32mI (454) main_task: Calling app_main()[0m
[0;32mI (454) UART SIMSOM: [APP] Startup..[0m
[0;32mI (454) UART SIMSOM: [APP] Free memory: 300416 bytes[0m
[0;32mI (454) UART SIMSOM: [APP] IDF version: v5.3.1-dirty[0m
[0;32mI (464) UART SIMSOM: Enable GPS.[0m
[0;32mI (464) UART SIMSOM: GPS location.[0m
[0;32mI (474) UART SIMSOM: [APP] Startup..[0m
[0;32mI (474) UART SIMSOM: [APP] Free memory: 291516 bytes[0m
[0;32mI (484) UART SIMSOM: [APP] IDF version: v5.3.1-dirty[0m
[0;32mI (514) mqtts_example: [APP] Free memory: 280828 bytes[0m
[0;32mI (514) mqtts_example: Other event id:7[0m
[0;31mE (514) esp-tls: couldn't get hostname for :mqtt.eclipseprojects.io: getaddrinfo() returns 202, addrinfo=0x0[0m
[0;31mE (524) esp-tls: Failed to open new connection[0m
[0;31mE (534) transport_base: Failed to open a new connection[0m
[0;31mE (534) mqtt_client: Error transport connect[0m
[0;32mI (544) mqtts_example: MQTT_EVENT_ERROR[0m
[0;32mI (544) mqtts_example: Last error code reported from esp-tls: 0x8001[0m
[0;32mI (554) mqtts_example: Last tls stack error number: 0x0[0m
[0;32mI (554) mqtts_example: Last captured errno : 0 (Success)[0m
[0;32mI (564) mqtts_example: MQTT_EVENT_DISCONNECTED[0m
[0;32mI (574) main_task: Returned from app_main()[0m
[0;32mI (984) UART SIMSOM: lat is SL2 and long is GPS?`yï¿½?SL2[0m
[0;32mI (984) UART SIMSOM: lat is 0.000000 and long is 0.000000[0m
[0;32mI (984) UART SIMSOM: GPS Data1: 
AT+QGPS=1
+CME ERROR: 504
AT+QGPSLOC=0
+QGPSLOC: 101312.00,1052.6250N,10648.5290E,1.09,68.6,3,,0.022,0.012,010125,26

OK
[0m
[0;31mE (3994) FreeRTOS: FreeRTOS Task "GPS_location" should not return, Aborting now![0m

abort() was called at PC 0x40087963 on core 0


Backtrace: 0x40081a92:0x3ffb7930 0x40086df5:0x3ffb7950 0x4008d589:0x3ffb7970 0x40087963:0x3ffb79e0




ELF file SHA256: 35df6dee4

Rebooting...
ets Jul 29 2019 12:21:46

rst:0xc (SW_CPU_RESET),boot:0x13 (SPI_FAST_FLASH_BOOT)
configsip: 0, SPIWP:0xee
clk_drv:0x00,q_drv:0x00,d_drv:0x00,cs0_drv:0x00,hd_drv:0x00,wp_drv:0x00
mode:DIO, clock div:2
load:0x3fff0030,len:7176
load:0x40078000,len:15564
ho 0 tail 12 room 4
load:0x40080400,len:4
load:0x40080404,len:3904
entry 0x40080640
[0;32mI (31) boot: ESP-IDF v5.3.1-dirty 2nd stage bootloader[0m
[0;32mI (31) boot: compile time Nov 30 2024 15:22:53[0m
[0;32mI (31) boot: Multicore bootloader[0m
[0;32mI (36) boot: chip revision: v3.1[0m
[0;32mI (40) boot.esp32: SPI Speed      : 40MHz[0m
[0;32mI (44) boot.esp32: SPI Mode       : DIO[0m
[0;32mI (49) boot.esp32: SPI Flash Size : 2MB[0m
[0;32mI (53) boot: Enabling RNG early entropy source...[0m
[0;32mI (59) boot: Partition Table:[0m
[0;32mI (62) boot: ## Label            Usage          Type ST Offset   Length[0m
[0;32mI (70) boot:  0 nvs              WiFi data        01 02 00009000 00006000[0m
[0;32mI (77) boot:  1 phy_init         RF data          01 01 0000f000 00001000[0m
[0;32mI (85) boot:  2 factory          factory app      00 00 00010000 00100000[0m
[0;32mI (92) boot: End of partition table[0m
[0;32mI (96) esp_image: segment 0: paddr=00010020 vaddr=3f400020 size=1f798h (128920) map[0m
[0;32mI (149) esp_image: segment 1: paddr=0002f7c0 vaddr=3ffb0000 size=00858h (  2136) load[0m
[0;32mI (150) esp_image: segment 2: paddr=00030020 vaddr=400d0020 size=5b090h (372880) map[0m
[0;32mI (282) esp_image: segment 3: paddr=0008b0b8 vaddr=3ffb0858 size=01cc4h (  7364) load[0m
[0;32mI (285) esp_image: segment 4: paddr=0008cd84 vaddr=40080000 size=0edf4h ( 60916) load[0m
[0;32mI (320) boot: Loaded app from partition at offset 0x10000[0m
[0;32mI (320) boot: Disabling RNG early entropy source...[0m
[0;32mI (332) cpu_start: Multicore app[0m
[0;32mI (340) cpu_start: Pro cpu start user code[0m
[0;32mI (340) cpu_start: cpu freq: 160000000 Hz[0m
[0;32mI (340) app_init: Application information:[0m
[0;32mI (343) app_init: Project name:     TEST1[0m
[0;32mI (348) app_init: App version:      1[0m
[0;32mI (352) app_init: Compile time:     Dec  2 2024 12:21:10[0m
[0;32mI (358) app_init: ELF file SHA256:  35df6dee4...[0m
[0;32mI (363) app_init: ESP-IDF:          v5.3.1-dirty[0m
[0;32mI (369) efuse_init: Min chip rev:     v0.0[0m
[0;32mI (373) efuse_init: Max chip rev:     v3.99 [0m
[0;32mI (378) efuse_init: Chip rev:         v3.1[0m
[0;32mI (383) heap_init: Initializing. RAM available for dynamic allocation:[0m
[0;32mI (390) heap_init: At 3FFAE6E0 len 00001920 (6 KiB): DRAM[0m
[0;32mI (396) heap_init: At 3FFB3E08 len 0002C1F8 (176 KiB): DRAM[0m
[0;32mI (403) heap_init: At 3FFE0440 len 00003AE0 (14 KiB): D/IRAM[0m
[0;32mI (409) heap_init: At 3FFE4350 len 0001BCB0 (111 KiB): D/IRAM[0m
[0;32mI (415) heap_init: At 4008EDF4 len 0001120C (68 KiB): IRAM[0m
[0;32mI (423) spi_flash: detected chip: generic[0m
[0;32mI (426) spi_flash: flash io: dio[0m
[0;33mW (430) spi_flash: Detected size(4096k) larger than the size in the binary image header(2048k). Using the size in the binary image header.[0m
[0;32mI (444) main_task: Started on CPU0[0m
[0;32mI (454) main_task: Calling app_main()[0m
[0;32mI (454) UART SIMSOM: [APP] Startup..[0m
[0;32mI (454) UART SIMSOM: [APP] Free memory: 300416 bytes[0m
[0;32mI (454) UART SIMSOM: [APP] IDF version: v5.3.1-dirty[0m
[0;32mI (464) UART SIMSOM: Enable GPS.[0m
[0;32mI (464) UART SIMSOM: GPS location.[0m
[0;32mI (474) UART SIMSOM: [APP] Startup..[0m
[0;32mI (474) UART SIMSOM: [APP] Free memory: 291516 bytes[0m
[0;32mI (484) UART SIMSOM: [APP] IDF version: v5.3.1-dirty[0m
[0;32mI (514) mqtts_example: [APP] Free memory: 280828 bytes[0m
[0;32mI (514) mqtts_example: Other event id:7[0m
[0;31mE (514) esp-tls: couldn't get hostname for :mqtt.eclipseprojects.io: getaddrinfo() returns 202, addrinfo=0x0[0m
[0;31mE (524) esp-tls: Failed to open new connection[0m
[0;31mE (534) transport_base: Failed to open a new connection[0m
[0;31mE (534) mqtt_client: Error transport connect[0m
[0;32mI (544) mqtts_example: MQTT_EVENT_ERROR[0m
[0;32mI (544) mqtts_example: Last error code reported from esp-tls: 0x8001[0m
[0;32mI (554) mqtts_example: Last tls stack error number: 0x0[0m
[0;32mI (554) mqtts_example: Last captured errno : 0 (Success)[0m
[0;32mI (564) mqtts_example: MQTT_EVENT_DISCONNECTED[0m
[0;32mI (574) main_task: Returned from app_main()[0m
[0;31mE (3474) FreeRTOS: FreeRTOS Task "GPS_location" should not return, Aborting now![0m

abort() was called at PC 0x40087963 on core 0


Backtrace: 0x40081a92:0x3ffb7930 0x40086df5:0x3ffb7950 0x4008d589:0x3ffb7970 0x40087963:0x3ffb79e0




ELF file SHA256: 35df6dee4

Rebooting...
ets Jul 29 2019 12:21:46

rst:0xc (SW_CPU_RESET),boot:0x13 (SPI_FAST_FLASH_BOOT)
configsip: 0, SPIWP:0xee
clk_drv:0x00,q_drv:0x00,d_drv:0x00,cs0_drv:0x00,hd_drv:0x00,wp_drv:0x00
mode:DIO, clock div:2
load:0x3fff0030,len:7176
load:0x40078000,len:15564
ho 0 tail 12 room 4
load:0x40080400,len:4
load:0x40080404,len:3904
entry 0x40080640
[0;32mI (31) boot: ESP-IDF v5.3.1-dirty 2nd stage bootloader[0m
[0;32mI (31) boot: compile time Nov 30 2024 15:22:53[0m
[0;32mI (31) boot: Multicore bootloader[0m
[0;32mI (36) boot: chip revision: v3.1[0m
[0;32mI (40) boot.esp32: SPI Speed      : 40MHz[0m
[0;32mI (44) boot.esp32: SPI Mode       : DIO[0m
[0;32mI (49) boot.esp32: SPI Flash Size : 2MB[0m
[0;32mI (53) boot: Enabling RNG early entropy source...[0m
[0;32mI (59) boot: Partition Table:[0m
[0;32mI (62) boot: ## Label            Usage          Type ST Offset   Length[0m
[0;32mI (70) boot:  0 nvs              WiFi data        01 02 00009000 00006000[0m
[0;32mI (77) boot:  1 phy_init         RF data          01 01 0000f000 00001000[0m
[0;32mI (85) boot:  2 factory          factory app      00 00 00010000 00100000[0m
[0;32mI (92) boot: End of partition table[0m
[0;32mI (96) esp_image: segment 0: paddr=00010020 vaddr=3f400020 size=1f798h (128920) map[0m
[0;32mI (149) esp_image: segment 1: paddr=0002f7c0 vaddr=3ffb0000 size=00858h (  2136) load[0m
[0;32mI (150) esp_image: segment 2: paddr=00030020 vaddr=400d0020 size=5b090h (372880) map[0m
[0;32mI (282) esp_image: segment 3: paddr=0008b0b8 vaddr=3ffb0858 size=01cc4h (  7364) load[0m
[0;32mI (285) esp_image: segment 4: paddr=0008cd84 vaddr=40080000 size=0edf4h ( 60916) load[0m
[0;32mI (320) boot: Loaded app from partition at offset 0x10000[0m
[0;32mI (320) boot: Disabling RNG early entropy source...[0m
[0;32mI (332) cpu_start: Multicore app[0m
[0;32mI (340) cpu_start: Pro cpu start user code[0m
[0;32mI (340) cpu_start: cpu freq: 160000000 Hz[0m
[0;32mI (340) app_init: Application information:[0m
[0;32mI (343) app_init: Project name:     TEST1[0m
[0;32mI (348) app_init: App version:      1[0m
[0;32mI (352) app_init: Compile time:     Dec  2 2024 12:21:10[0m
[0;32mI (358) app_init: ELF file SHA256:  35df6dee4...[0m
[0;32mI (363) app_init: ESP-IDF:          v5.3.1-dirty[0m
[0;32mI (369) efuse_init: Min chip rev:     v0.0[0m
[0;32mI (373) efuse_init: Max chip rev:     v3.99 [0m
[0;32mI (378) efuse_init: Chip rev:         v3.1[0m
[0;32mI (383) heap_init: Initializing. RAM available for dynamic allocation:[0m
[0;32mI (390) heap_init: At 3FFAE6E0 len 00001920 (6 KiB): DRAM[0m
[0;32mI (396) heap_init: At 3FFB3E08 len 0002C1F8 (176 KiB): DRAM[0m
[0;32mI (403) heap_init: At 3FFE0440 len 00003AE0 (14 KiB): D/IRAM[0m
[0;32mI (409) heap_init: At 3FFE4350 len 0001BCB0 (111 KiB): D/IRAM[0m
[0;32mI (415) heap_init: At 4008EDF4 len 0001120C (68 KiB): IRAM[0m
[0;32mI (423) spi_flash: detected chip: generic[0m
[0;32mI (426) spi_flash: flash io: dio[0m
[0;33mW (430) spi_flash: Detected size(4096k) larger than the size in the binary image header(2048k). Using the size in the binary image header.[0m
[0;32mI (444) main_task: Started on CPU0[0m
[0;32mI (454) main_task: Calling app_main()[0m
[0;32mI (454) UART SIMSOM: [APP] Startup..[0m
[0;32mI (454) UART SIMSOM: [APP] Free memory: 300416 bytes[0m
[0;32mI (454) UART SIMSOM: [APP] IDF version: v5.3.1-dirty[0m
[0;32mI (464) UART SIMSOM: Enable GPS.[0m
[0;32mI (464) UART SIMSOM: GPS location.[0m
[0;32mI (474) UART SIMSOM: [APP] Startup..[0m
[0;32mI (474) UART SIMSOM: [APP] Free memory: 291516 bytes[0m
[0;32mI (484) UART SIMSOM: [APP] IDF version: v5.3.1-dirty[0m
[0;32mI (514) mqtts_example: [APP] Free memory: 280828 bytes[0m
[0;32mI (514) mqtts_example: Other event id:7[0m
[0;31mE (514) esp-tls: couldn't get hostname for :mqtt.eclipseprojects.io: getaddrinfo() returns 202, addrinfo=0x0[0m
[0;31mE (524) esp-tls: Failed to open new connection[0m
[0;31mE (534) transport_base: Failed to open a new connection[0m
[0;31mE (534) mqtt_client: Error transport connect[0m
[0;32mI (544) mqtts_example: MQTT_EVENT_ERROR[0m
[0;32mI (544) mqtts_example: Last error code reported from esp-tls: 0x8001[0m
[0;32mI (554) mqtts_example: Last tls stack error number: 0x0[0m
[0;32mI (554) mqtts_example: Last captured errno : 0 (Success)[0m
[0;32mI (564) mqtts_example: MQTT_EVENT_DISCONNECTED[0m
[0;32mI (574) main_task: Returned from app_main()[0m
[0;32mI (984) UART SIMSOM: lat is SL2 and long is GPS?`yï¿½?SL2[0m
[0;32mI (984) UART SIMSOM: lat is 0.000000 and long is 0.000000[0m
[0;32mI (984) UART SIMSOM: GPS Data1: 
AT+QGPS=1
+CME ERROR: 504
AT+QGPSLOC=0
+QGPSLOC: 101320.00,1052.6250N,10648.5290E,1.09,68.6,3,,0.027,0.015,010125,27

OK
[0m
[0;31mE (3994) FreeRTOS: FreeRTOS Task "GPS_location" should not return, Aborting now![0m

abort() was called at PC 0x40087963 on core 0


Backtrace: 0x40081a92:0x3ffb7930 0x40086df5:0x3ffb7950 0x4008d589:0x3ffb7970 0x40087963:0x3ffb79e0




ELF file SHA256: 35df6dee4

Rebooting...
ets Jul 29 2019 12:21:46

rst:0xc (SW_CPU_RESET),boot:0x13 (SPI_FAST_FLASH_BOOT)
configsip: 0, SPIWP:0xee
clk_drv:0x00,q_drv:0x00,d_drv:0x00,cs0_drv:0x00,hd_drv:0x00,wp_drv:0x00
mode:DIO, clock div:2
load:0x3fff0030,len:7176
load:0x40078000,len:15564
ho 0 tail 12 room 4
load:0x40080400,len:4
load:0x40080404,len:3904
entry 0x40080640
[0;32mI (31) boot: ESP-IDF v5.3.1-dirty 2nd stage bootloader[0m
[0;32mI (31) boot: compile time Nov 30 2024 15:22:53[0m
[0;32mI (31) boot: Multicore bootloader[0m
[0;32mI (36) boot: chip revision: v3.1[0m
[0;32mI (40) boot.esp32: SPI Speed      : 40MHz[0m
[0;32mI (44) boot.esp32: SPI Mode       : DIO[0m
[0;32mI (49) boot.esp32: SPI Flash Size : 2MB[0m
[0;32mI (53) boot: Enabling RNG early entropy source...[0m
[0;32mI (59) boot: Partition Table:[0m
[0;32mI (62) boot: ## Label            Usage          Type ST Offset   Length[0m
[0;32mI (70) boot:  0 nvs              WiFi data        01 02 00009000 00006000[0m
[0;32mI (77) boot:  1 phy_init         RF data          01 01 0000f000 00001000[0m
[0;32mI (85) boot:  2 factory          factory app      00 00 00010000 00100000[0m
[0;32mI (92) boot: End of partition table[0m
[0;32mI (96) esp_image: segment 0: paddr=00010020 vaddr=3f400020 size=1f798h (128920) map[0m
[0;32mI (149) esp_image: segment 1: paddr=0002f7c0 vaddr=3ffb0000 size=00858h (  2136) load[0m
[0;32mI (150) esp_image: segment 2: paddr=00030020 vaddr=400d0020 size=5b090h (372880) map[0m
[0;32mI (282) esp_image: segment 3: paddr=0008b0b8 vaddr=3ffb0858 size=01cc4h (  7364) load[0m
[0;32mI (285) esp_image: segment 4: paddr=0008cd84 vaddr=40080000 size=0edf4h ( 60916) load[0m
[0;32mI (320) boot: Loaded app from partition at offset 0x10000[0m
[0;32mI (320) boot: Disabling RNG early entropy source...[0m
[0;32mI (332) cpu_start: Multicore app[0m
[0;32mI (340) cpu_start: Pro cpu start user code[0m
[0;32mI (340) cpu_start: cpu freq: 160000000 Hz[0m
[0;32mI (340) app_init: Application information:[0m
[0;32mI (343) app_init: Project name:     TEST1[0m
[0;32mI (348) app_init: App version:      1[0m
[0;32mI (352) app_init: Compile time:     Dec  2 2024 12:21:10[0m
[0;32mI (358) app_init: ELF file SHA256:  35df6dee4...[0m
[0;32mI (363) app_init: ESP-IDF:          v5.3.1-dirty[0m
[0;32mI (369) efuse_init: Min chip rev:     v0.0[0m
[0;32mI (373) efuse_init: Max chip rev:     v3.99 [0m
[0;32mI (378) efuse_init: Chip rev:         v3.1[0m
[0;32mI (383) heap_init: Initializing. RAM available for dynamic allocation:[0m
[0;32mI (390) heap_init: At 3FFAE6E0 len 00001920 (6 KiB): DRAM[0m
[0;32mI (396) heap_init: At 3FFB3E08 len 0002C1F8 (176 KiB): DRAM[0m
[0;32mI (403) heap_init: At 3FFE0440 len 00003AE0 (14 KiB): D/IRAM[0m
[0;32mI (409) heap_init: At 3FFE4350 len 0001BCB0 (111 KiB): D/IRAM[0m
[0;32mI (415) heap_init: At 4008EDF4 len 0001120C (68 KiB): IRAM[0m
[0;32mI (423) spi_flash: detected chip: generic[0m
[0;32mI (426) spi_flash: flash io: dio[0m
[0;33mW (430) spi_flash: Detected size(4096k) larger than the size in the binary image header(2048k). Using the size in the binary image header.[0m
[0;32mI (444) main_task: Started on CPU0[0m
[0;32mI (454) main_task: Calling app_main()[0m
[0;32mI (454) UART SIMSOM: [APP] Startup..[0m
[0;32mI (454) UART SIMSOM: [APP] Free memory: 300416 bytes[0m
[0;32mI (454) UART SIMSOM: [APP] IDF version: v5.3.1-dirty[0m
[0;32mI (464) UART SIMSOM: Enable GPS.[0m
[0;32mI (464) UART SIMSOM: GPS location.[0m
[0;32mI (474) UART SIMSOM: [APP] Startup..[0m
[0;32mI (474) UART SIMSOM: [APP] Free memory: 291516 bytes[0m
[0;32mI (484) UART SIMSOM: [APP] IDF version: v5.3.1-dirty[0m
[0;32mI (514) mqtts_example: [APP] Free memory: 280828 bytes[0m
[0;32mI (514) mqtts_example: Other event id:7[0m
[0;31mE (514) esp-tls: couldn't get hostname for :mqtt.eclipseprojects.io: getaddrinfo() returns 202, addrinfo=0x0[0m
[0;31mE (524) esp-tls: Failed to open new connection[0m
[0;31mE (534) transport_base: Failed to open a new connection[0m
[0;31mE (534) mqtt_client: Error transport connect[0m
[0;32mI (544) mqtts_example: MQTT_EVENT_ERROR[0m
[0;32mI (544) mqtts_example: Last error code reported from esp-tls: 0x8001[0m
[0;32mI (554) mqtts_example: Last tls stack error number: 0x0[0m
[0;32mI (554) mqtts_example: Last captured errno : 0 (Success)[0m
[0;32mI (564) mqtts_example: MQTT_EVENT_DISCONNECTED[0m
[0;32mI (574) main_task: Returned from app_main()[0m
[0;32mI (984) UART SIMSOM: lat is 102 and long is 106?`yï¿½?102[0m
[0;32mI (984) UART SIMSOM: lat is 102.877083 and long is 106.808815[0m
[0;32mI (984) UART SIMSOM: GPS Data1: 
AT+QGPSLOC=0
+QGPSLOC: 101324.00,1052.6250N,10648.5290E,1.09,68.6,3,,0.113,0.062,010125,26

OK
[0m
