ets Jul 29 2019 12:21:46

rst:0x1 (POWERON_RESET),boot:0x13 (SPI_FAST_FLASH_BOOT)
configsip: 0, SPIWP:0xee
clk_drv:0x00,q_drv:0x00,d_drv:0x00,cs0_drv:0x00,hd_drv:0x00,wp_drv:0x00
mode:DIO, clock div:2
load:0x3fff0030,len:7176
load:0x40078000,len:15564
ho 0 tail 12 room 4
load:0x40080400,len:4
load:0x40080404,len:3904
entry 0x40080640
[0;32mI (31) boot: ESP-IDF v5.3.1-dirty 2nd stage bootloader[0m
[0;32mI (31) boot: compile time Dec 14 2024 11:22:02[0m
[0;32mI (31) boot: Multicore bootloader[0m
[0;32mI (36) boot: chip revision: v3.1[0m
[0;32mI (40) boot.esp32: SPI Speed      : 40MHz[0m
[0;32mI (44) boot.esp32: SPI Mode       : DIO[0m
[0;32mI (49) boot.esp32: SPI Flash Size : 4MB[0m
[0;32mI (53) boot: Enabling RNG early entropy source...[0m
[0;32mI (59) boot: Partition Table:[0m
[0;32mI (62) boot: ## Label            Usage          Type ST Offset   Length[0m
[0;32mI (70) boot:  0 nvs              WiFi data        01 02 00009000 00006000[0m
[0;32mI (77) boot:  1 phy_init         RF data          01 01 0000f000 00001000[0m
[0;32mI (85) boot:  2 factory          factory app      00 00 00010000 00100000[0m
[0;32mI (92) boot: End of partition table[0m
[0;32mI (96) esp_image: segment 0: paddr=00010020 vaddr=3f400020 size=2738ch (160652) map[0m
[0;32mI (160) esp_image: segment 1: paddr=000373b4 vaddr=3ffb0000 size=03f38h ( 16184) load[0m
[0;32mI (166) esp_image: segment 2: paddr=0003b2f4 vaddr=40080000 size=04d24h ( 19748) load[0m
[0;32mI (174) esp_image: segment 3: paddr=00040020 vaddr=400d0020 size=a34e4h (668900) map[0m
[0;32mI (404) esp_image: segment 4: paddr=000e350c vaddr=40084d24 size=136c4h ( 79556) load[0m
[0;32mI (447) boot: Loaded app from partition at offset 0x10000[0m
[0;32mI (447) boot: Disabling RNG early entropy source...[0m
[0;32mI (459) cpu_start: Multicore app[0m
[0;32mI (467) cpu_start: Pro cpu start user code[0m
[0;32mI (468) cpu_start: cpu freq: 160000000 Hz[0m
[0;32mI (468) app_init: Application information:[0m
[0;32mI (470) app_init: Project name:     TEST2[0m
[0;32mI (475) app_init: App version:      1[0m
[0;32mI (480) app_init: Compile time:     Dec 17 2024 17:16:46[0m
[0;32mI (486) app_init: ELF file SHA256:  af97d2afb...[0m
[0;32mI (491) app_init: ESP-IDF:          v5.3.1-dirty[0m
[0;32mI (496) efuse_init: Min chip rev:     v0.0[0m
[0;32mI (501) efuse_init: Max chip rev:     v3.99 [0m
[0;32mI (506) efuse_init: Chip rev:         v3.1[0m
[0;32mI (511) heap_init: Initializing. RAM available for dynamic allocation:[0m
[0;32mI (518) heap_init: At 3FFAE6E0 len 00001920 (6 KiB): DRAM[0m
[0;32mI (524) heap_init: At 3FFB8848 len 000277B8 (157 KiB): DRAM[0m
[0;32mI (530) heap_init: At 3FFE0440 len 00003AE0 (14 KiB): D/IRAM[0m
[0;32mI (536) heap_init: At 3FFE4350 len 0001BCB0 (111 KiB): D/IRAM[0m
[0;32mI (543) heap_init: At 400983E8 len 00007C18 (31 KiB): IRAM[0m
[0;32mI (551) spi_flash: detected chip: generic[0m
[0;32mI (554) spi_flash: flash io: dio[0m
[0;32mI (559) main_task: Started on CPU0[0m
[0;32mI (569) main_task: Calling app_main()[0m
I (599) wifi:wifi driver task: 3ffc07d4, prio:23, stack:6656, core=0
I (609) wifi:wifi firmware version: ccaebfa
I (609) wifi:wifi certification version: v7.0
I (609) wifi:config NVS flash: enabled
I (609) wifi:config nano formating: disabled
I (609) wifi:Init data frame dynamic rx buffer num: 32
I (619) wifi:Init static rx mgmt buffer num: 5
I (619) wifi:Init management short buffer num: 32
I (629) wifi:Init dynamic tx buffer num: 32
I (629) wifi:Init static rx buffer size: 1600
I (639) wifi:Init static rx buffer num: 10
I (639) wifi:Init dynamic rx buffer num: 32
[0;32mI (639) wifi_init: rx ba win: 6[0m
[0;32mI (649) wifi_init: accept mbox: 6[0m
[0;32mI (649) wifi_init: tcpip mbox: 32[0m
[0;32mI (659) wifi_init: udp mbox: 6[0m
[0;32mI (659) wifi_init: tcp mbox: 6[0m
[0;32mI (659) wifi_init: tcp tx win: 5760[0m
[0;32mI (669) wifi_init: tcp rx win: 5760[0m
[0;32mI (669) wifi_init: tcp mss: 1440[0m
[0;32mI (669) wifi_init: WiFi IRAM OP enabled[0m
[0;32mI (679) wifi_init: WiFi RX IRAM OP enabled[0m
[0;32mI (729) phy_init: phy_version 4830,54550f7,Jun 20 2024,14:22:08[0m
[0;33mW (809) phy_init: saving new calibration data because of checksum failure, mode(0)[0m
I (849) wifi:mode : sta (cc:7b:5c:27:b1:54)
I (849) wifi:enable tsf
I (1969) wifi:new:<8,0>, old:<1,0>, ap:<255,255>, sta:<8,0>, prof:1, snd_ch_cfg:0x0
I (1969) wifi:state: init -> auth (0xb0)
[0;32mI (1979) UART SIMSOM: Enable GPS.[0m
[0;32mI (1979) mqtts_example: [APP] Free memory: 226900 bytes[0m
[0;32mI (1979) mqtts_example: Other event id:7[0m
[0;31mE (1989) esp-tls: couldn't get hostname for :mqtt.thingsboard.cloud: getaddrinfo() returns 202, addrinfo=0x0[0m
[0;31mE (1999) transport_base: Failed to open a new connection: 32769[0m
[0;31mE (2009) mqtt_client: Error transport connect[0m
[0;32mI (2009) mqtts_example: Other event id:0[0m
[0;32mI (2019) mqtts_example: MQTT_EVENT_DISCONNECTED[0m
I (2009) wifi:state: auth -> assoc (0x0)
I (2079) wifi:state: assoc -> run (0x10)
[0;32mI (2129) mqtts_example: lat is 0.000000 and long is 0.000000[0m
[0;32mI (2129) mqtts_example: GPS Data: 
AT+QGPS=1ï¿½Bï¿½Dï¿½ï¿½`ï¿½oÔ‘:ï¿½aÎŒYï¿½ï¿½|ï¿½"ï¿½ï¿½ï¿½}ï¿½ï¿½#ï¿½6ï¿½DVï¿½ï¿½Mï¿½ï¿½:uï¿½ï¿½ï¿½?ï¿½4#ï¿½ï¿½ï¿½oÎ»ï¿½CC@ï¿½3ï¿½ï¿½ï¿½ï¿½f\ï¿½^'}xMï¿½ï¿½ï¿½1ï¿½ï¿½kï¿½tdKï¿½~*Fï¿½Tï¿½ï¿½ï¿½pï¿½ï¿½Hï¿½ï¿½ï¿½Sï¿½ï¿½è­¡2tï¿½ï¿½ï¿½ï¿½ï¿½ï¿½Tï¿½.ï¿½ï¿½Gï¿½ï¿½ï¿½ï¿½ct"ï¿½ï¿½ï¿½ï¿½<Suï¿½ï¿½[0m
[0;32mI (2139) mqtts_example: GPS json: 
{"latitude": "0.000000", "longtitude": "0.000000"}[0m
I (2189) wifi:connected with VNPT_Hanh, aid = 5, channel 8, BW20, bssid = 4c:12:e8:76:17:60
I (2189) wifi:security: WPA2-PSK, phy: bgn, rssi: -70
I (2219) wifi:pm start, type: 1

I (2219) wifi:dp: 1, bi: 102400, li: 3, scale listen interval from 307200 us to 307200 us
I (2219) wifi:AP's beacon interval = 102400 us, DTIM period = 1
[0;32mI (2589) mqtts_example: lat is 0.000000 and long is 0.000000[0m
[0;32mI (2589) mqtts_example: GPS Data: 

OK
AT+QGPSLOC=0
+CME ERROR: 516
ï¿½ï¿½ï¿½}ï¿½ï¿½#ï¿½6ï¿½DVï¿½ï¿½Mï¿½ï¿½:uï¿½ï¿½ï¿½?ï¿½4#ï¿½ï¿½ï¿½oÎ»ï¿½CC@ï¿½3ï¿½ï¿½ï¿½ï¿½f\ï¿½^'}xMï¿½ï¿½ï¿½1ï¿½ï¿½kï¿½tdKï¿½~*Fï¿½Tï¿½ï¿½ï¿½pï¿½ï¿½Hï¿½ï¿½ï¿½Sï¿½ï¿½è­¡2tï¿½ï¿½ï¿½ï¿½ï¿½ï¿½Tï¿½.ï¿½ï¿½Gï¿½ï¿½ï¿½ï¿½ct"ï¿½ï¿½ï¿½ï¿½<Suï¿½ï¿½[0m
[0;32mI (2599) mqtts_example: GPS json: 
{"latitude": "0.000000", "longtitude": "0.000000"}[0m
[0;32mI (2909) main_task: Returned from app_main()[0m
[0;32mI (3219) esp_netif_handlers: sta ip: 192.168.1.7, mask: 255.255.255.0, gw: 192.168.1.1[0m
[0;32mI (3219) WiFi: Got IP: 192.168.1.7[0m
[0;32mI (17019) mqtts_example: Other event id:7[0m
I (17029) wifi:<ba-add>idx:0 (ifx:0, 4c:12:e8:76:17:60), tid:0, ssn:5, winSize:64
I (17079) wifi:<ba-add>idx:1 (ifx:0, 4c:12:e8:76:17:60), tid:4, ssn:1, winSize:64
[0;32mI (17679) mqtts_example: MQTT_EVENT_CONNECTED[0m
[0;32mI (17679) mqtts_example: sent subscribe successful, msg_id=37206[0m
[0;32mI (17989) mqtts_example: MQTT_EVENT_SUBSCRIBED, msg_id=37206[0m
[0;32mI (18099) mqtts_example: lat is 0.000000 and long is 0.000000[0m
[0;32mI (18099) mqtts_example: GPS Data: 
AT+QGPSLOC=0
+CME ERROR: 516
[0m
[0;32mI (18099) mqtts_example: GPS json: 
{"latitude": "0.000000", "longtitude": "0.000000"}[0m
[0;32mI (18709) mqtts_example: sent publish successful, msg_id=9786[0m
[0;32mI (19009) mqtts_example: MQTT_EVENT_PUBLISHED, msg_id=9786[0m
