ets Jul 29 2019 12:21:46

rst:0x1 (POWERON_RESET),boot:0x13 (SPI_FAST_FLASH_BOOT)
configsip: 0, SPIWP:0xee
clk_drv:0x00,q_drv:0x00,d_drv:0x00,cs0_drv:0x00,hd_drv:0x00,wp_drv:0x00
mode:DIO, clock div:2
load:0x3fff0030,len:7176
load:0x40078000,len:15564
ho 0 tail 12 room 4
load:0x40080400,len:4
load:0x40080404,len:3904
entry 0x40080640
[0;32mI (31) boot: ESP-IDF v5.3.1-dirty 2nd stage bootloader[0m
[0;32mI (31) boot: compile time Dec 14 2024 11:22:02[0m
[0;32mI (31) boot: Multicore bootloader[0m
[0;32mI (36) boot: chip revision: v3.1[0m
[0;32mI (40) boot.esp32: SPI Speed      : 40MHz[0m
[0;32mI (44) boot.esp32: SPI Mode       : DIO[0m
[0;32mI (49) boot.esp32: SPI Flash Size : 4MB[0m
[0;32mI (53) boot: Enabling RNG early entropy source...[0m
[0;32mI (59) boot: Partition Table:[0m
[0;32mI (62) boot: ## Label            Usage          Type ST Offset   Length[0m
[0;32mI (70) boot:  0 nvs              WiFi data        01 02 00009000 00006000[0m
[0;32mI (77) boot:  1 phy_init         RF data          01 01 0000f000 00001000[0m
[0;32mI (85) boot:  2 factory          factory app      00 00 00010000 00100000[0m
[0;32mI (92) boot: End of partition table[0m
[0;32mI (96) esp_image: segment 0: paddr=00010020 vaddr=3f400020 size=270cch (159948) map[0m
[0;32mI (160) esp_image: segment 1: paddr=000370f4 vaddr=3ffb0000 size=03f38h ( 16184) load[0m
[0;32mI (166) esp_image: segment 2: paddr=0003b034 vaddr=40080000 size=04fe4h ( 20452) load[0m
[0;32mI (174) esp_image: segment 3: paddr=00040020 vaddr=400d0020 size=a2b78h (666488) map[0m
[0;32mI (403) esp_image: segment 4: paddr=000e2ba0 vaddr=40084fe4 size=13404h ( 78852) load[0m
[0;32mI (446) boot: Loaded app from partition at offset 0x10000[0m
[0;32mI (446) boot: Disabling RNG early entropy source...[0m
[0;32mI (458) cpu_start: Multicore app[0m
[0;32mI (466) cpu_start: Pro cpu start user code[0m
[0;32mI (466) cpu_start: cpu freq: 160000000 Hz[0m
[0;32mI (467) app_init: Application information:[0m
[0;32mI (469) app_init: Project name:     TEST2[0m
[0;32mI (474) app_init: App version:      1[0m
[0;32mI (478) app_init: Compile time:     Dec 17 2024 17:16:46[0m
[0;32mI (484) app_init: ELF file SHA256:  9186773c5...[0m
[0;32mI (490) app_init: ESP-IDF:          v5.3.1-dirty[0m
[0;32mI (495) efuse_init: Min chip rev:     v0.0[0m
[0;32mI (500) efuse_init: Max chip rev:     v3.99 [0m
[0;32mI (505) efuse_init: Chip rev:         v3.1[0m
[0;32mI (510) heap_init: Initializing. RAM available for dynamic allocation:[0m
[0;32mI (517) heap_init: At 3FFAE6E0 len 00001920 (6 KiB): DRAM[0m
[0;32mI (523) heap_init: At 3FFB8750 len 000278B0 (158 KiB): DRAM[0m
[0;32mI (529) heap_init: At 3FFE0440 len 00003AE0 (14 KiB): D/IRAM[0m
[0;32mI (535) heap_init: At 3FFE4350 len 0001BCB0 (111 KiB): D/IRAM[0m
[0;32mI (542) heap_init: At 400983E8 len 00007C18 (31 KiB): IRAM[0m
[0;32mI (550) spi_flash: detected chip: generic[0m
[0;32mI (553) spi_flash: flash io: dio[0m
[0;32mI (558) main_task: Started on CPU0[0m
[0;32mI (568) main_task: Calling app_main()[0m
I (598) wifi:wifi driver task: 3ffc0760, prio:23, stack:6656, core=0
I (608) wifi:wifi firmware version: ccaebfa
I (608) wifi:wifi certification version: v7.0
I (608) wifi:config NVS flash: enabled
I (608) wifi:config nano formating: disabled
I (608) wifi:Init data frame dynamic rx buffer num: 32
I (618) wifi:Init static rx mgmt buffer num: 5
I (618) wifi:Init management short buffer num: 32
I (628) wifi:Init dynamic tx buffer num: 32
I (628) wifi:Init static rx buffer size: 1600
I (638) wifi:Init static rx buffer num: 10
I (638) wifi:Init dynamic rx buffer num: 32
[0;32mI (638) wifi_init: rx ba win: 6[0m
[0;32mI (648) wifi_init: accept mbox: 6[0m
[0;32mI (648) wifi_init: tcpip mbox: 32[0m
[0;32mI (658) wifi_init: udp mbox: 6[0m
[0;32mI (658) wifi_init: tcp mbox: 6[0m
[0;32mI (658) wifi_init: tcp tx win: 5760[0m
[0;32mI (668) wifi_init: tcp rx win: 5760[0m
[0;32mI (668) wifi_init: tcp mss: 1440[0m
[0;32mI (668) wifi_init: WiFi IRAM OP enabled[0m
[0;32mI (678) wifi_init: WiFi RX IRAM OP enabled[0m
[0;32mI (688) phy_init: phy_version 4830,54550f7,Jun 20 2024,14:22:08[0m
I (768) wifi:mode : sta (cc:7b:5c:27:b1:54)
I (768) wifi:enable tsf
I (788) wifi:new:<8,0>, old:<1,0>, ap:<255,255>, sta:<8,0>, prof:1, snd_ch_cfg:0x0
I (788) wifi:state: init -> auth (0xb0)
I (828) wifi:state: auth -> assoc (0x0)
I (878) wifi:state: assoc -> run (0x10)
I (988) wifi:connected with VNPT_Hanh, aid = 6, channel 8, BW20, bssid = 4c:12:e8:76:17:60
I (988) wifi:security: WPA2-PSK, phy: bgn, rssi: -73
I (998) wifi:pm start, type: 1

I (998) wifi:dp: 1, bi: 102400, li: 3, scale listen interval from 307200 us to 307200 us
I (1088) wifi:AP's beacon interval = 102400 us, DTIM period = 1
[0;32mI (1778) mqtts_example: [APP] Free memory: 229924 bytes[0m
[0;32mI (1778) mqtts_example: Other event id:7[0m
[0;32mI (1778) UART SIMSOM: Enable GPS.[0m
[0;32mI (1778) UART SIMSOM: GPS location.[0m
[0;32mI (2008) esp_netif_handlers: sta ip: 192.168.1.6, mask: 255.255.255.0, gw: 192.168.1.1[0m
[0;32mI (2008) WiFi: Got IP: 192.168.1.6[0m
I (2798) wifi:<ba-add>idx:0 (ifx:0, 4c:12:e8:76:17:60), tid:0, ssn:5, winSize:64
I (2838) wifi:<ba-add>idx:1 (ifx:0, 4c:12:e8:76:17:60), tid:4, ssn:1, winSize:64
[0;32mI (3458) mqtts_example: MQTT_EVENT_CONNECTED[0m
[0;32mI (3458) mqtts_example: sent subscribe successful, msg_id=28453[0m
[0;32mI (3868) mqtts_example: Other event id:3[0m
[0;32mI (7378) UART SIMSOM: GPS location.[0m
[0;32mI (12978) UART SIMSOM: GPS location.[0m
[0;32mI (18578) UART SIMSOM: GPS location.[0m
[0;32mI (24178) UART SIMSOM: GPS location.[0m
[0;32mI (29778) UART SIMSOM: GPS location.[0m
[0;32mI (35378) UART SIMSOM: GPS location.[0m
[0;32mI (40978) UART SIMSOM: GPS location.[0m
[0;32mI (46578) UART SIMSOM: GPS location.[0m
[0;32mI (52178) UART SIMSOM: GPS location.[0m
[0;32mI (57778) UART SIMSOM: GPS location.[0m
[0;32mI (63378) UART SIMSOM: GPS location.[0m
[0;32mI (68978) UART SIMSOM: GPS location.[0m
[0;32mI (74578) UART SIMSOM: GPS location.[0m
[0;32mI (80178) UART SIMSOM: GPS location.[0m
[0;32mI (85778) UART SIMSOM: GPS location.[0m
[0;32mI (91378) UART SIMSOM: GPS location.[0m
[0;32mI (96978) UART SIMSOM: GPS location.[0m
[0;32mI (102578) UART SIMSOM: GPS location.[0m
