ets Jul 29 2019 12:21:46

rst:0x1 (POWERON_RESET),boot:0x13 (SPI_FAST_FLASH_BOOT)
configsip: 0, SPIWP:0xee
clk_drv:0x00,q_drv:0x00,d_drv:0x00,cs0_drv:0x00,hd_drv:0x00,wp_drv:0x00
mode:DIO, clock div:2
load:0x3fff0030,len:7176
load:0x40078000,len:15564
ho 0 tail 12 room 4
load:0x40080400,len:4
load:0x40080404,len:3904
entry 0x40080640
[0;32mI (31) boot: ESP-IDF v5.3.1-dirty 2nd stage bootloader[0m
[0;32mI (31) boot: compile time Dec 14 2024 11:22:02[0m
[0;32mI (31) boot: Multicore bootloader[0m
[0;32mI (36) boot: chip revision: v3.1[0m
[0;32mI (40) boot.esp32: SPI Speed      : 40MHz[0m
[0;32mI (44) boot.esp32: SPI Mode       : DIO[0m
[0;32mI (49) boot.esp32: SPI Flash Size : 4MB[0m
[0;32mI (53) boot: Enabling RNG early entropy source...[0m
[0;32mI (59) boot: Partition Table:[0m
[0;32mI (62) boot: ## Label            Usage          Type ST Offset   Length[0m
[0;32mI (70) boot:  0 nvs              WiFi data        01 02 00009000 00006000[0m
[0;32mI (77) boot:  1 phy_init         RF data          01 01 0000f000 00001000[0m
[0;32mI (85) boot:  2 factory          factory app      00 00 00010000 00100000[0m
[0;32mI (92) boot: End of partition table[0m
[0;32mI (96) esp_image: segment 0: paddr=00010020 vaddr=3f400020 size=2739ch (160668) map[0m
[0;32mI (160) esp_image: segment 1: paddr=000373c4 vaddr=3ffb0000 size=03f38h ( 16184) load[0m
[0;32mI (166) esp_image: segment 2: paddr=0003b304 vaddr=40080000 size=04d14h ( 19732) load[0m
[0;32mI (174) esp_image: segment 3: paddr=00040020 vaddr=400d0020 size=a3518h (668952) map[0m
[0;32mI (404) esp_image: segment 4: paddr=000e3540 vaddr=40084d14 size=136d4h ( 79572) load[0m
[0;32mI (447) boot: Loaded app from partition at offset 0x10000[0m
[0;32mI (447) boot: Disabling RNG early entropy source...[0m
[0;32mI (459) cpu_start: Multicore app[0m
[0;32mI (467) cpu_start: Pro cpu start user code[0m
[0;32mI (467) cpu_start: cpu freq: 160000000 Hz[0m
[0;32mI (468) app_init: Application information:[0m
[0;32mI (470) app_init: Project name:     TEST2[0m
[0;32mI (475) app_init: App version:      1[0m
[0;32mI (479) app_init: Compile time:     Dec 17 2024 17:16:46[0m
[0;32mI (485) app_init: ELF file SHA256:  5822721de...[0m
[0;32mI (491) app_init: ESP-IDF:          v5.3.1-dirty[0m
[0;32mI (496) efuse_init: Min chip rev:     v0.0[0m
[0;32mI (501) efuse_init: Max chip rev:     v3.99 [0m
[0;32mI (506) efuse_init: Chip rev:         v3.1[0m
[0;32mI (511) heap_init: Initializing. RAM available for dynamic allocation:[0m
[0;32mI (518) heap_init: At 3FFAE6E0 len 00001920 (6 KiB): DRAM[0m
[0;32mI (524) heap_init: At 3FFB8748 len 000278B8 (158 KiB): DRAM[0m
[0;32mI (530) heap_init: At 3FFE0440 len 00003AE0 (14 KiB): D/IRAM[0m
[0;32mI (536) heap_init: At 3FFE4350 len 0001BCB0 (111 KiB): D/IRAM[0m
[0;32mI (543) heap_init: At 400983E8 len 00007C18 (31 KiB): IRAM[0m
[0;32mI (551) spi_flash: detected chip: generic[0m
[0;32mI (554) spi_flash: flash io: dio[0m
[0;32mI (559) main_task: Started on CPU0[0m
[0;32mI (569) main_task: Calling app_main()[0m
I (599) wifi:wifi driver task: 3ffc06d4, prio:23, stack:6656, core=0
I (609) wifi:wifi firmware version: ccaebfa
I (609) wifi:wifi certification version: v7.0
I (609) wifi:config NVS flash: enabled
I (609) wifi:config nano formating: disabled
I (609) wifi:Init data frame dynamic rx buffer num: 32
I (619) wifi:Init static rx mgmt buffer num: 5
I (619) wifi:Init management short buffer num: 32
I (629) wifi:Init dynamic tx buffer num: 32
I (629) wifi:Init static rx buffer size: 1600
I (639) wifi:Init static rx buffer num: 10
I (639) wifi:Init dynamic rx buffer num: 32
[0;32mI (639) wifi_init: rx ba win: 6[0m
[0;32mI (649) wifi_init: accept mbox: 6[0m
[0;32mI (649) wifi_init: tcpip mbox: 32[0m
[0;32mI (659) wifi_init: udp mbox: 6[0m
[0;32mI (659) wifi_init: tcp mbox: 6[0m
[0;32mI (659) wifi_init: tcp tx win: 5760[0m
[0;32mI (669) wifi_init: tcp rx win: 5760[0m
[0;32mI (669) wifi_init: tcp mss: 1440[0m
[0;32mI (669) wifi_init: WiFi IRAM OP enabled[0m
[0;32mI (679) wifi_init: WiFi RX IRAM OP enabled[0m
[0;32mI (689) phy_init: phy_version 4830,54550f7,Jun 20 2024,14:22:08[0m
[0;33mW (769) phy_init: saving new calibration data because of checksum failure, mode(0)[0m
I (799) wifi:mode : sta (cc:7b:5c:27:b1:54)
I (799) wifi:enable tsf
I (819) wifi:new:<7,0>, old:<1,0>, ap:<255,255>, sta:<7,0>, prof:1, snd_ch_cfg:0x0
I (819) wifi:state: init -> auth (0xb0)
I (849) wifi:state: auth -> assoc (0x0)
I (929) wifi:state: assoc -> run (0x10)
I (1049) wifi:connected with VNPT_Hanh, aid = 5, channel 7, BW20, bssid = 4c:12:e8:76:17:60
I (1049) wifi:security: WPA2-PSK, phy: bgn, rssi: -64
I (1049) wifi:pm start, type: 1

I (1049) wifi:dp: 1, bi: 102400, li: 3, scale listen interval from 307200 us to 307200 us
I (1119) wifi:AP's beacon interval = 102400 us, DTIM period = 1
[0;32mI (1799) mqtts_example: [APP] Free memory: 229932 bytes[0m
[0;32mI (1799) mqtts_example: Other event id:7[0m
[0;32mI (1799) UART SIMSOM: Enable GPS.[0m
[0;32mI (1799) main_task: Returned from app_main()[0m
[0;32mI (1909) mqtts_example: lat is 0.000000 and long is 0.000000[0m
[0;32mI (1909) mqtts_example: GPS Data: 
AT+QGPS=1ï¿½ï¿½ï¿½*ï¿½n0ï¿½ï¿½%Bï¿½Æ‡ï¿½^ï¿½9;ï¿½ï¿½Diï¿½ï¿½bï¿½ï¿½ï¿½ï¿½#%ï¿½ï¿½ï¿½ï¿½DQï¿½ï¿½B[0m
[0;32mI (1909) mqtts_example: GPS json: 
{"latitude": "0.000000", "longtitude": "0.000000"}[0m
[0;31mE (1919) mqtt_client: Client was not initialized[0m
[0;32mI (2059) esp_netif_handlers: sta ip: 192.168.1.7, mask: 255.255.255.0, gw: 192.168.1.1[0m
[0;32mI (2059) WiFi: Got IP: 192.168.1.7[0m
[0;32mI (2419) mqtts_example: lat is 0.000000 and long is 0.000000[0m
[0;32mI (2419) mqtts_example: GPS Data: 

OK
AT+QGPSLOC=0
+CME ERROR: 516
ï¿½ï¿½bï¿½ï¿½Ë°#%ï¿½ï¿½ï¿½ï¿½DQï¿½ï¿½B[0m
[0;32mI (2419) mqtts_example: GPS json: 
{"latitude": "0.000000", "longtitude": "0.000000"}[0m
[0;31mE (2429) mqtt_client: Client was not initialized[0m
[0;31mE (2629) FreeRTOS: FreeRTOS Task "gps_mqtt" should not return, Aborting now![0m

abort() was called at PC 0x4008af2f on core 0


Backtrace: 0x40081b52:0x3ffcabe0 0x4008a349:0x3ffcac00 0x40092081:0x3ffcac20 0x4008af2f:0x3ffcac90




ELF file SHA256: 5822721de

Rebooting...
ets Jul 29 2019 12:21:46

rst:0xc (SW_CPU_RESET),boot:0x13 (SPI_FAST_FLASH_BOOT)
configsip: 0, SPIWP:0xee
clk_drv:0x00,q_drv:0x00,d_drv:0x00,cs0_drv:0x00,hd_drv:0x00,wp_drv:0x00
mode:DIO, clock div:2
load:0x3fff0030,len:7176
load:0x40078000,len:15564
ho 0 tail 12 room 4
load:0x40080400,len:4
load:0x40080404,len:3904
entry 0x40080640
[0;32mI (31) boot: ESP-IDF v5.3.1-dirty 2nd stage bootloader[0m
[0;32mI (31) boot: compile time Dec 14 2024 11:22:02[0m
[0;32mI (31) boot: Multicore bootloader[0m
[0;32mI (36) boot: chip revision: v3.1[0m
[0;32mI (40) boot.esp32: SPI Speed      : 40MHz[0m
[0;32mI (44) boot.esp32: SPI Mode       : DIO[0m
[0;32mI (49) boot.esp32: SPI Flash Size : 4MB[0m
[0;32mI (53) boot: Enabling RNG early entropy source...[0m
[0;32mI (59) boot: Partition Table:[0m
[0;32mI (62) boot: ## Label            Usage          Type ST Offset   Length[0m
[0;32mI (70) boot:  0 nvs              WiFi data        01 02 00009000 00006000[0m
[0;32mI (77) boot:  1 phy_init         RF data          01 01 0000f000 00001000[0m
[0;32mI (85) boot:  2 factory          factory app      00 00 00010000 00100000[0m
[0;32mI (92) boot: End of partition table[0m
[0;32mI (96) esp_image: segment 0: paddr=00010020 vaddr=3f400020 size=2739ch (160668) map[0m
[0;32mI (160) esp_image: segment 1: paddr=000373c4 vaddr=3ffb0000 size=03f38h ( 16184) load[0m
[0;32mI (166) esp_image: segment 2: paddr=0003b304 vaddr=40080000 size=04d14h ( 19732) load[0m
[0;32mI (174) esp_image: segment 3: paddr=00040020 vaddr=400d0020 size=a3518h (668952) map[0m
[0;32mI (403) esp_image: segment 4: paddr=000e3540 vaddr=40084d14 size=136d4h ( 79572) load[0m
[0;32mI (447) boot: Loaded app from partition at offset 0x10000[0m
[0;32mI (447) boot: Disabling RNG early entropy source...[0m
[0;32mI (459) cpu_start: Multicore app[0m
[0;32mI (467) cpu_start: Pro cpu start user code[0m
[0;32mI (467) cpu_start: cpu freq: 160000000 Hz[0m
[0;32mI (467) app_init: Application information:[0m
[0;32mI (470) app_init: Project name:     TEST2[0m
[0;32mI (475) app_init: App version:      1[0m
[0;32mI (479) app_init: Compile time:     Dec 17 2024 17:16:46[0m
[0;32mI (485) app_init: ELF file SHA256:  5822721de...[0m
[0;32mI (491) app_init: ESP-IDF:          v5.3.1-dirty[0m
[0;32mI (496) efuse_init: Min chip rev:     v0.0[0m
[0;32mI (501) efuse_init: Max chip rev:     v3.99 [0m
[0;32mI (506) efuse_init: Chip rev:         v3.1[0m
[0;32mI (511) heap_init: Initializing. RAM available for dynamic allocation:[0m
[0;32mI (518) heap_init: At 3FFAE6E0 len 00001920 (6 KiB): DRAM[0m
[0;32mI (524) heap_init: At 3FFB8748 len 000278B8 (158 KiB): DRAM[0m
[0;32mI (530) heap_init: At 3FFE0440 len 00003AE0 (14 KiB): D/IRAM[0m
[0;32mI (536) heap_init: At 3FFE4350 len 0001BCB0 (111 KiB): D/IRAM[0m
[0;32mI (543) heap_init: At 400983E8 len 00007C18 (31 KiB): IRAM[0m
[0;32mI (551) spi_flash: detected chip: generic[0m
[0;32mI (554) spi_flash: flash io: dio[0m
[0;32mI (559) main_task: Started on CPU0[0m
[0;32mI (569) main_task: Calling app_main()[0m
I (599) wifi:wifi driver task: 3ffc0758, prio:23, stack:6656, core=0
I (609) wifi:wifi firmware version: ccaebfa
I (609) wifi:wifi certification version: v7.0
I (609) wifi:config NVS flash: enabled
I (609) wifi:config nano formating: disabled
I (609) wifi:Init data frame dynamic rx buffer num: 32
I (619) wifi:Init static rx mgmt buffer num: 5
I (619) wifi:Init management short buffer num: 32
I (629) wifi:Init dynamic tx buffer num: 32
I (629) wifi:Init static rx buffer size: 1600
I (639) wifi:Init static rx buffer num: 10
I (639) wifi:Init dynamic rx buffer num: 32
[0;32mI (639) wifi_init: rx ba win: 6[0m
[0;32mI (649) wifi_init: accept mbox: 6[0m
[0;32mI (649) wifi_init: tcpip mbox: 32[0m
[0;32mI (649) wifi_init: udp mbox: 6[0m
[0;32mI (659) wifi_init: tcp mbox: 6[0m
[0;32mI (659) wifi_init: tcp tx win: 5760[0m
[0;32mI (669) wifi_init: tcp rx win: 5760[0m
[0;32mI (669) wifi_init: tcp mss: 1440[0m
[0;32mI (669) wifi_init: WiFi IRAM OP enabled[0m
[0;32mI (679) wifi_init: WiFi RX IRAM OP enabled[0m
[0;32mI (689) phy_init: phy_version 4830,54550f7,Jun 20 2024,14:22:08[0m
I (769) wifi:mode : sta (cc:7b:5c:27:b1:54)
I (769) wifi:enable tsf
I (789) wifi:new:<7,0>, old:<1,0>, ap:<255,255>, sta:<7,0>, prof:1, snd_ch_cfg:0x0
I (789) wifi:state: init -> auth (0xb0)
I (819) wifi:state: auth -> assoc (0x0)
I (879) wifi:state: assoc -> run (0x10)
I (999) wifi:connected with VNPT_Hanh, aid = 5, channel 7, BW20, bssid = 4c:12:e8:76:17:60
I (999) wifi:security: WPA2-PSK, phy: bgn, rssi: -65
I (999) wifi:pm start, type: 1

I (999) wifi:dp: 1, bi: 102400, li: 3, scale listen interval from 307200 us to 307200 us
I (1029) wifi:AP's beacon interval = 102400 us, DTIM period = 1
[0;32mI (1779) mqtts_example: [APP] Free memory: 229932 bytes[0m
[0;32mI (1779) mqtts_example: Other event id:7[0m
[0;32mI (1779) UART SIMSOM: Enable GPS.[0m
[0;32mI (1779) main_task: Returned from app_main()[0m
[0;32mI (1889) mqtts_example: lat is 0.000000 and long is 0.000000[0m
[0;32mI (1889) mqtts_example: GPS Data: 
AT+QGPS=1
+CME ERROR: 504
AT+QGPSLOC=0
+CME ERROR: 516
ï¿½Y
ï¿½ï¿½EMrXï¿½ï¿½ï¿½<{ï¿½|ï¿½ï¿½ï¿½+ï¿½E[ï¿½Yï¿½ï¿½I8L#u	9ï¿½ï¿½ï¿½qï¿½^?ï¿½ï¿½ï¿½ê¼¶ï¿½Wï¿½ï¿½]ï¿½

ï¿½ï¿½ï¿½ï¿½ï¿½ï¿½ï¿½ï¿½O}ï¿½ï¿½~jï¿½asï¿½ï¿½7ï¿½ï¿½&Eï¿½R7ï¿½im#
AqH{ï¿½Gï¿½Uï¿½|1ï¿½Wï¿½ï¿½ï¿½Y-lï¿½ï¿½^xï¿½ï¿½#	ï¿½KN4ï¿½ï¿½X*\ï¿½Mï¿½wDï¿½nï¿½ï¿½ï¿½Qï¿½ï¿½1ï¿½_ï¿½ï¿½9Lï¿½6ï¿½ï¿½ï¿½]ï¿½8 +ï¿½ï¿½rï¿½ï¿½Ý‚ï¿½ï¿½ï¿½wï¿½'[0m
[0;32mI (1909) mqtts_example: GPS json: 
{"latitude": "0.000000", "longtitude": "0.000000"}[0m
[0;31mE (1919) mqtt_client: Client was not initialized[0m
[0;32mI (2009) esp_netif_handlers: sta ip: 192.168.1.7, mask: 255.255.255.0, gw: 192.168.1.1[0m
[0;32mI (2009) WiFi: Got IP: 192.168.1.7[0m
[0;31mE (2519) FreeRTOS: FreeRTOS Task "gps_mqtt" should not return, Aborting now![0m

abort() was called at PC 0x4008af2f on core 0


Backtrace: 0x40081b52:0x3ffcabe0 0x4008a349:0x3ffcac00 0x40092081:0x3ffcac20 0x4008af2f:0x3ffcac90




ELF file SHA256: 5822721de

Rebooting...
ets Jul 29 2019 12:21:46

rst:0xc (SW_CPU_RESET),boot:0x13 (SPI_FAST_FLASH_BOOT)
configsip: 0, SPIWP:0xee
clk_drv:0x00,q_drv:0x00,d_drv:0x00,cs0_drv:0x00,hd_drv:0x00,wp_drv:0x00
mode:DIO, clock div:2
load:0x3fff0030,len:7176
load:0x40078000,len:15564
ho 0 tail 12 room 4
load:0x40080400,len:4
load:0x40080404,len:3904
entry 0x40080640
[0;32mI (31) boot: ESP-IDF v5.3.1-dirty 2nd stage bootloader[0m
[0;32mI (31) boot: compile time Dec 14 2024 11:22:02[0m
[0;32mI (31) boot: Multicore bootloader[0m
[0;32mI (36) boot: chip revision: v3.1[0m
[0;32mI (40) boot.esp32: SPI Speed      : 40MHz[0m
[0;32mI (44) boot.esp32: SPI Mode       : DIO[0m
[0;32mI (49) boot.esp32: SPI Flash Size : 4MB[0m
[0;32mI (53) boot: Enabling RNG early entropy source...[0m
[0;32mI (59) boot: Partition Table:[0m
[0;32mI (62) boot: ## Label            Usage          Type ST Offset   Length[0m
[0;32mI (70) boot:  0 nvs              WiFi data        01 02 00009000 00006000[0m
[0;32mI (77) boot:  1 phy_init         RF data          01 01 0000f000 00001000[0m
[0;32mI (85) boot:  2 factory          factory app      00 00 00010000 00100000[0m
[0;32mI (92) boot: End of partition table[0m
[0;32mI (96) esp_image: segment 0: paddr=00010020 vaddr=3f400020 size=2739ch (160668) map[0m
[0;32mI (160) esp_image: segment 1: paddr=000373c4 vaddr=3ffb0000 size=03f38h ( 16184) load[0m
[0;32mI (166) esp_image: segment 2: paddr=0003b304 vaddr=40080000 size=04d14h ( 19732) load[0m
[0;32mI (174) esp_image: segment 3: paddr=00040020 vaddr=400d0020 size=a3518h (668952) map[0m
[0;32mI (403) esp_image: segment 4: paddr=000e3540 vaddr=40084d14 size=136d4h ( 79572) load[0m
[0;32mI (447) boot: Loaded app from partition at offset 0x10000[0m
[0;32mI (447) boot: Disabling RNG early entropy source...[0m
[0;32mI (459) cpu_start: Multicore app[0m
[0;32mI (467) cpu_start: Pro cpu start user code[0m
[0;32mI (467) cpu_start: cpu freq: 160000000 Hz[0m
[0;32mI (467) app_init: Application information:[0m
[0;32mI (470) app_init: Project name:     TEST2[0m
[0;32mI (475) app_init: App version:      1[0m
[0;32mI (479) app_init: Compile time:     Dec 17 2024 17:16:46[0m
[0;32mI (485) app_init: ELF file SHA256:  5822721de...[0m
[0;32mI (491) app_init: ESP-IDF:          v5.3.1-dirty[0m
[0;32mI (496) efuse_init: Min chip rev:     v0.0[0m
[0;32mI (501) efuse_init: Max chip rev:     v3.99 [0m
[0;32mI (506) efuse_init: Chip rev:         v3.1[0m
[0;32mI (511) heap_init: Initializing. RAM available for dynamic allocation:[0m
[0;32mI (518) heap_init: At 3FFAE6E0 len 00001920 (6 KiB): DRAM[0m
[0;32mI (524) heap_init: At 3FFB8748 len 000278B8 (158 KiB): DRAM[0m
[0;32mI (530) heap_init: At 3FFE0440 len 00003AE0 (14 KiB): D/IRAM[0m
[0;32mI (536) heap_init: At 3FFE4350 len 0001BCB0 (111 KiB): D/IRAM[0m
[0;32mI (543) heap_init: At 400983E8 len 00007C18 (31 KiB): IRAM[0m
[0;32mI (551) spi_flash: detected chip: generic[0m
[0;32mI (554) spi_flash: flash io: dio[0m
[0;32mI (559) main_task: Started on CPU0[0m
[0;32mI (569) main_task: Calling app_main()[0m
I (599) wifi:wifi driver task: 3ffc0758, prio:23, stack:6656, core=0
I (609) wifi:wifi firmware version: ccaebfa
I (609) wifi:wifi certification version: v7.0
I (609) wifi:config NVS flash: enabled
I (609) wifi:config nano formating: disabled
I (609) wifi:Init data frame dynamic rx buffer num: 32
I (619) wifi:Init static rx mgmt buffer num: 5
I (619) wifi:Init management short buffer num: 32
I (629) wifi:Init dynamic tx buffer num: 32
I (629) wifi:Init static rx buffer size: 1600
I (639) wifi:Init static rx buffer num: 10
I (639) wifi:Init dynamic rx buffer num: 32
[0;32mI (639) wifi_init: rx ba win: 6[0m
[0;32mI (649) wifi_init: accept mbox: 6[0m
[0;32mI (649) wifi_init: tcpip mbox: 32[0m
[0;32mI (649) wifi_init: udp mbox: 6[0m
[0;32mI (659) wifi_init: tcp mbox: 6[0m
[0;32mI (659) wifi_init: tcp tx win: 5760[0m
[0;32mI (669) wifi_init: tcp rx win: 5760[0m
[0;32mI (669) wifi_init: tcp mss: 1440[0m
[0;32mI (669) wifi_init: WiFi IRAM OP enabled[0m
[0;32mI (679) wifi_init: WiFi RX IRAM OP enabled[0m
[0;32mI (689) phy_init: phy_version 4830,54550f7,Jun 20 2024,14:22:08[0m
I (769) wifi:mode : sta (cc:7b:5c:27:b1:54)
I (779) wifi:enable tsf
I (789) wifi:new:<7,0>, old:<1,0>, ap:<255,255>, sta:<7,0>, prof:1, snd_ch_cfg:0x0
I (789) wifi:state: init -> auth (0xb0)
I (809) wifi:state: auth -> assoc (0x0)
I (879) wifi:state: assoc -> run (0x10)
I (989) wifi:connected with VNPT_Hanh, aid = 5, channel 7, BW20, bssid = 4c:12:e8:76:17:60
I (989) wifi:security: WPA2-PSK, phy: bgn, rssi: -65
I (989) wifi:pm start, type: 1

I (989) wifi:dp: 1, bi: 102400, li: 3, scale listen interval from 307200 us to 307200 us
I (1039) wifi:AP's beacon interval = 102400 us, DTIM period = 1
[0;32mI (1779) mqtts_example: [APP] Free memory: 229932 bytes[0m
[0;32mI (1779) mqtts_example: Other event id:7[0m
[0;32mI (1779) UART SIMSOM: Enable GPS.[0m
[0;32mI (1779) main_task: Returned from app_main()[0m
[0;32mI (1889) mqtts_example: lat is 0.000000 and long is 0.000000[0m
[0;32mI (1889) mqtts_example: GPS Data: 
AT+QGPS=1
+CME ERROR: 504
AT+QGPSLOC=0
+CME ERROR: 516
ï¿½Y
ï¿½ï¿½EMrXï¿½ï¿½ï¿½<{ï¿½|ï¿½ï¿½ï¿½+ï¿½E[ï¿½Yï¿½ï¿½I8L#u	9ï¿½ï¿½ï¿½qï¿½^?ï¿½ï¿½ï¿½ê¼¶ï¿½Wï¿½ï¿½]ï¿½

ï¿½ï¿½ï¿½ï¿½ï¿½ï¿½ï¿½ï¿½O}ï¿½ï¿½~jï¿½asï¿½ï¿½7ï¿½ï¿½&Eï¿½R7ï¿½im#
AqH{ï¿½Gï¿½Uï¿½|1ï¿½Wï¿½ï¿½ï¿½Y-lï¿½ï¿½^xï¿½ï¿½#	ï¿½KN4ï¿½ï¿½X*\ï¿½Mï¿½wDï¿½nï¿½ï¿½ï¿½Qï¿½ï¿½1ï¿½_ï¿½ï¿½9Lï¿½6ï¿½ï¿½ï¿½]ï¿½8 +ï¿½ï¿½rï¿½ï¿½Ý‚ï¿½ï¿½ï¿½wï¿½'[0m
[0;32mI (1909) mqtts_example: GPS json: 
{"latitude": "0.000000", "longtitude": "0.000000"}[0m
[0;31mE (1919) mqtt_client: Client was not initialized[0m
[0;32mI (1999) esp_netif_handlers: sta ip: 192.168.1.7, mask: 255.255.255.0, gw: 192.168.1.1[0m
[0;32mI (1999) WiFi: Got IP: 192.168.1.7[0m
[0;31mE (2519) FreeRTOS: FreeRTOS Task "gps_mqtt" should not return, Aborting now![0m

abort() was called at PC 0x4008af2f on core 0


Backtrace: 0x40081b52:0x3ffcabe0 0x4008a349:0x3ffcac00 0x40092081:0x3ffcac20 0x4008af2f:0x3ffcac90




ELF file SHA256: 5822721de

Rebooting...
ets Jul 29 2019 12:21:46

rst:0xc (SW_CPU_RESET),boot:0x13 (SPI_FAST_FLASH_BOOT)
configsip: 0, SPIWP:0xee
clk_drv:0x00,q_drv:0x00,d_drv:0x00,cs0_drv:0x00,hd_drv:0x00,wp_drv:0x00
mode:DIO, clock div:2
load:0x3fff0030,len:7176
load:0x40078000,len:15564
ho 0 tail 12 room 4
load:0x40080400,len:4
load:0x40080404,len:3904
entry 0x40080640
[0;32mI (31) boot: ESP-IDF v5.3.1-dirty 2nd stage bootloader[0m
[0;32mI (31) boot: compile time Dec 14 2024 11:22:02[0m
[0;32mI (31) boot: Multicore bootloader[0m
[0;32mI (36) boot: chip revision: v3.1[0m
[0;32mI (40) boot.esp32: SPI Speed      : 40MHz[0m
[0;32mI (44) boot.esp32: SPI Mode       : DIO[0m
[0;32mI (49) boot.esp32: SPI Flash Size : 4MB[0m
[0;32mI (53) boot: Enabling RNG early entropy source...[0m
[0;32mI (59) boot: Partition Table:[0m
[0;32mI (62) boot: ## Label            Usage          Type ST Offset   Length[0m
[0;32mI (70) boot:  0 nvs              WiFi data        01 02 00009000 00006000[0m
[0;32mI (77) boot:  1 phy_init         RF data          01 01 0000f000 00001000[0m
[0;32mI (85) boot:  2 factory          factory app      00 00 00010000 00100000[0m
[0;32mI (92) boot: End of partition table[0m
[0;32mI (96) esp_image: segment 0: paddr=00010020 vaddr=3f400020 size=2739ch (160668) map[0m
[0;32mI (160) esp_image: segment 1: paddr=000373c4 vaddr=3ffb0000 size=03f38h ( 16184) load[0m
[0;32mI (166) esp_image: segment 2: paddr=0003b304 vaddr=40080000 size=04d14h ( 19732) load[0m
[0;32mI (174) esp_image: segment 3: paddr=00040020 vaddr=400d0020 size=a3518h (668952) map[0m
[0;32mI (403) esp_image: segment 4: paddr=000e3540 vaddr=40084d14 size=136d4h ( 79572) load[0m
[0;32mI (447) boot: Loaded app from partition at offset 0x10000[0m
[0;32mI (447) boot: Disabling RNG early entropy source...[0m
[0;32mI (459) cpu_start: Multicore app[0m
[0;32mI (467) cpu_start: Pro cpu start user code[0m
[0;32mI (467) cpu_start: cpu freq: 160000000 Hz[0m
[0;32mI (467) app_init: Application information:[0m
[0;32mI (470) app_init: Project name:     TEST2[0m
[0;32mI (475) app_init: App version:      1[0m
[0;32mI (479) app_init: Compile time:     Dec 17 2024 17:16:46[0m
[0;32mI (485) app_init: ELF file SHA256:  5822721de...[0m
[0;32mI (491) app_init: ESP-IDF:          v5.3.1-dirty[0m
[0;32mI (496) efuse_init: Min chip rev:     v0.0[0m
[0;32mI (501) efuse_init: Max chip rev:     v3.99 [0m
[0;32mI (506) efuse_init: Chip rev:         v3.1[0m
[0;32mI (511) heap_init: Initializing. RAM available for dynamic allocation:[0m
[0;32mI (518) heap_init: At 3FFAE6E0 len 00001920 (6 KiB): DRAM[0m
[0;32mI (524) heap_init: At 3FFB8748 len 000278B8 (158 KiB): DRAM[0m
[0;32mI (530) heap_init: At 3FFE0440 len 00003AE0 (14 KiB): D/IRAM[0m
[0;32mI (536) heap_init: At 3FFE4350 len 0001BCB0 (111 KiB): D/IRAM[0m
[0;32mI (543) heap_init: At 400983E8 len 00007C18 (31 KiB): IRAM[0m
[0;32mI (551) spi_flash: detected chip: generic[0m
[0;32mI (554) spi_flash: flash io: dio[0m
[0;32mI (559) main_task: Started on CPU0[0m
[0;32mI (569) main_task: Calling app_main()[0m
I (599) wifi:wifi driver task: 3ffc0758, prio:23, stack:6656, core=0
I (609) wifi:wifi firmware version: ccaebfa
I (609) wifi:wifi certification version: v7.0
I (609) wifi:config NVS flash: enabled
I (609) wifi:config nano formating: disabled
I (609) wifi:Init data frame dynamic rx buffer num: 32
I (619) wifi:Init static rx mgmt buffer num: 5
I (619) wifi:Init management short buffer num: 32
I (629) wifi:Init dynamic tx buffer num: 32
I (629) wifi:Init static rx buffer size: 1600
I (639) wifi:Init static rx buffer num: 10
I (639) wifi:Init dynamic rx buffer num: 32
[0;32mI (639) wifi_init: rx ba win: 6[0m
[0;32mI (649) wifi_init: accept mbox: 6[0m
[0;32mI (649) wifi_init: tcpip mbox: 32[0m
[0;32mI (649) wifi_init: udp mbox: 6[0m
[0;32mI (659) wifi_init: tcp mbox: 6[0m
[0;32mI (659) wifi_init: tcp tx win: 5760[0m
[0;32mI (669) wifi_init: tcp rx win: 5760[0m
[0;32mI (669) wifi_init: tcp mss: 1440[0m
[0;32mI (669) wifi_init: WiFi IRAM OP enabled[0m
[0;32mI (679) wifi_init: WiFi RX IRAM OP enabled[0m
[0;32mI (689) phy_init: phy_version 4830,54550f7,Jun 20 2024,14:22:08[0m
[0;33mW (769) phy_init: saving new calibration data because of checksum failure, mode(0)[0m
I (799) wifi:mode : sta (cc:7b:5c:27:b1:54)
I (799) wifi:enable tsf
I (819) wifi:new:<7,0>, old:<1,0>, ap:<255,255>, sta:<7,0>, prof:1, snd_ch_cfg:0x0
I (819) wifi:state: init -> auth (0xb0)
I (879) wifi:state: auth -> assoc (0x0)
I (939) wifi:state: assoc -> run (0x10)
I (1049) wifi:connected with VNPT_Hanh, aid = 5, channel 7, BW20, bssid = 4c:12:e8:76:17:60
I (1049) wifi:security: WPA2-PSK, phy: bgn, rssi: -64
I (1059) wifi:pm start, type: 1

I (1059) wifi:dp: 1, bi: 102400, li: 3, scale listen interval from 307200 us to 307200 us
I (1069) wifi:AP's beacon interval = 102400 us, DTIM period = 1
[0;32mI (1799) mqtts_example: [APP] Free memory: 229932 bytes[0m
[0;32mI (1799) mqtts_example: Other event id:7[0m
[0;32mI (1799) UART SIMSOM: Enable GPS.[0m
[0;32mI (1799) main_task: Returned from app_main()[0m
[0;32mI (1909) mqtts_example: lat is 0.000000 and long is 0.000000[0m
[0;32mI (1909) mqtts_example: GPS Data: 
AT+QGPS=1
+CME ERROR: 504
AT+QGPSLOC=0
+CME ERROR: 516
ï¿½Y
ï¿½ï¿½EMrXï¿½ï¿½ï¿½<{ï¿½|ï¿½ï¿½ï¿½+ï¿½E[ï¿½Yï¿½ï¿½I8L#u	9ï¿½ï¿½ï¿½qï¿½^?ï¿½ï¿½ï¿½ê¼¶ï¿½Wï¿½ï¿½]ï¿½

ï¿½ï¿½ï¿½ï¿½ï¿½ï¿½ï¿½ï¿½O}ï¿½ï¿½~jï¿½asï¿½ï¿½7ï¿½ï¿½&Eï¿½R7ï¿½im#
AqH{ï¿½Gï¿½Uï¿½|1ï¿½Wï¿½ï¿½ï¿½Y-lï¿½ï¿½^xï¿½ï¿½#	ï¿½KN4ï¿½ï¿½X*\ï¿½Mï¿½wDï¿½nï¿½ï¿½ï¿½Qï¿½ï¿½1ï¿½_ï¿½ï¿½9Lï¿½6ï¿½ï¿½ï¿½]ï¿½8 +ï¿½ï¿½rï¿½ï¿½Ý‚ï¿½ï¿½ï¿½wï¿½'[0m
[0;32mI (1929) mqtts_example: GPS json: 
{"latitude": "0.000000", "longtitude": "0.000000"}[0m
[0;31mE (1939) mqtt_client: Client was not initialized[0m
[0;32mI (2069) esp_netif_handlers: sta ip: 192.168.1.7, mask: 255.255.255.0, gw: 192.168.1.1[0m
[0;32mI (2069) WiFi: Got IP: 192.168.1.7[0m
[0;31mE (2539) FreeRTOS: FreeRTOS Task "gps_mqtt" should not return, Aborting now![0m

abort() was called at PC 0x4008af2f on core 0


Backtrace: 0x40081b52:0x3ffcabe0 0x4008a349:0x3ffcac00 0x40092081:0x3ffcac20 0x4008af2f:0x3ffcac90




ELF file SHA256: 5822721de

Rebooting...
ets Jul 29 2019 12:21:46

rst:0xc (SW_CPU_RESET),boot:0x13 (SPI_FAST_FLASH_BOOT)
configsip: 0, SPIWP:0xee
clk_drv:0x00,q_drv:0x00,d_drv:0x00,cs0_drv:0x00,hd_drv:0x00,wp_drv:0x00
mode:DIO, clock div:2
load:0x3fff0030,len:7176
load:0x40078000,len:15564
ho 0 tail 12 room 4
load:0x40080400,len:4
load:0x40080404,len:3904
entry 0x40080640
[0;32mI (31) boot: ESP-IDF v5.3.1-dirty 2nd stage bootloader[0m
[0;32mI (31) boot: compile time Dec 14 2024 11:22:02[0m
[0;32mI (31) boot: Multicore bootloader[0m
[0;32mI (36) boot: chip revision: v3.1[0m
[0;32mI (40) boot.esp32: SPI Speed      : 40MHz[0m
[0;32mI (44) boot.esp32: SPI Mode       : DIO[0m
[0;32mI (49) boot.esp32: SPI Flash Size : 4MB[0m
[0;32mI (53) boot: Enabling RNG early entropy source...[0m
[0;32mI (59) boot: Partition Table:[0m
[0;32mI (62) boot: ## Label            Usage          Type ST Offset   Length[0m
[0;32mI (70) boot:  0 nvs              WiFi data        01 02 00009000 00006000[0m
[0;32mI (77) boot:  1 phy_init         RF data          01 01 0000f000 00001000[0m
[0;32mI (85) boot:  2 factory          factory app      00 00 00010000 00100000[0m
[0;32mI (92) boot: End of partition table[0m
[0;32mI (96) esp_image: segment 0: paddr=00010020 vaddr=3f400020 size=2739ch (160668) map[0m
[0;32mI (160) esp_image: segment 1: paddr=000373c4 vaddr=3ffb0000 size=03f38h ( 16184) load[0m
[0;32mI (166) esp_image: segment 2: paddr=0003b304 vaddr=40080000 size=04d14h ( 19732) load[0m
[0;32mI (174) esp_image: segment 3: paddr=00040020 vaddr=400d0020 size=a3518h (668952) map[0m
[0;32mI (403) esp_image: segment 4: paddr=000e3540 vaddr=40084d14 size=136d4h ( 79572) load[0m
[0;32mI (447) boot: Loaded app from partition at offset 0x10000[0m
[0;32mI (447) boot: Disabling RNG early entropy source...[0m
[0;32mI (459) cpu_start: Multicore app[0m
[0;32mI (467) cpu_start: Pro cpu start user code[0m
[0;32mI (467) cpu_start: cpu freq: 160000000 Hz[0m
[0;32mI (467) app_init: Application information:[0m
[0;32mI (470) app_init: Project name:     TEST2[0m
[0;32mI (475) app_init: App version:      1[0m
[0;32mI (479) app_init: Compile time:     Dec 17 2024 17:16:46[0m
[0;32mI (485) app_init: ELF file SHA256:  5822721de...[0m
[0;32mI (491) app_init: ESP-IDF:          v5.3.1-dirty[0m
[0;32mI (496) efuse_init: Min chip rev:     v0.0[0m
[0;32mI (501) efuse_init: Max chip rev:     v3.99 [0m
[0;32mI (506) efuse_init: Chip rev:         v3.1[0m
[0;32mI (511) heap_init: Initializing. RAM available for dynamic allocation:[0m
[0;32mI (518) heap_init: At 3FFAE6E0 len 00001920 (6 KiB): DRAM[0m
[0;32mI (524) heap_init: At 3FFB8748 len 000278B8 (158 KiB): DRAM[0m
[0;32mI (530) heap_init: At 3FFE0440 len 00003AE0 (14 KiB): D/IRAM[0m
[0;32mI (536) heap_init: At 3FFE4350 len 0001BCB0 (111 KiB): D/IRAM[0m
[0;32mI (543) heap_init: At 400983E8 len 00007C18 (31 KiB): IRAM[0m
[0;32mI (551) spi_flash: detected chip: generic[0m
[0;32mI (554) spi_flash: flash io: dio[0m
[0;32mI (559) main_task: Started on CPU0[0m
[0;32mI (569) main_task: Calling app_main()[0m
I (599) wifi:wifi driver task: 3ffc0758, prio:23, stack:6656, core=0
I (609) wifi:wifi firmware version: ccaebfa
I (609) wifi:wifi certification version: v7.0
I (609) wifi:config NVS flash: enabled
I (609) wifi:config nano formating: disabled
I (609) wifi:Init data frame dynamic rx buffer num: 32
I (619) wifi:Init static rx mgmt buffer num: 5
I (619) wifi:Init management short buffer num: 32
I (629) wifi:Init dynamic tx buffer num: 32
I (629) wifi:Init static rx buffer size: 1600
I (639) wifi:Init static rx buffer num: 10
I (639) wifi:Init dynamic rx buffer num: 32
[0;32mI (639) wifi_init: rx ba win: 6[0m
[0;32mI (649) wifi_init: accept mbox: 6[0m
[0;32mI (649) wifi_init: tcpip mbox: 32[0m
[0;32mI (649) wifi_init: udp mbox: 6[0m
[0;32mI (659) wifi_init: tcp mbox: 6[0m
[0;32mI (659) wifi_init: tcp tx win: 5760[0m
[0;32mI (669) wifi_init: tcp rx win: 5760[0m
[0;32mI (669) wifi_init: tcp mss: 1440[0m
[0;32mI (669) wifi_init: WiFi IRAM OP enabled[0m
[0;32mI (679) wifi_init: WiFi RX IRAM OP enabled[0m
[0;32mI (689) phy_init: phy_version 4830,54550f7,Jun 20 2024,14:22:08[0m
[0;33mW (769) phy_init: saving new calibration data because of checksum failure, mode(0)[0m
I (809) wifi:mode : sta (cc:7b:5c:27:b1:54)
I (809) wifi:enable tsf
I (829) wifi:new:<7,0>, old:<1,0>, ap:<255,255>, sta:<7,0>, prof:1, snd_ch_cfg:0x0
I (829) wifi:state: init -> auth (0xb0)
I (859) wifi:state: auth -> assoc (0x0)
I (909) wifi:state: assoc -> run (0x10)
I (1009) wifi:connected with VNPT_Hanh, aid = 6, channel 7, BW20, bssid = 4c:12:e8:76:17:60
I (1009) wifi:security: WPA2-PSK, phy: bgn, rssi: -65
I (1009) wifi:pm start, type: 1

I (1009) wifi:dp: 1, bi: 102400, li: 3, scale listen interval from 307200 us to 307200 us
I (1049) wifi:AP's beacon interval = 102400 us, DTIM period = 1
[0;32mI (1809) mqtts_example: [APP] Free memory: 229952 bytes[0m
[0;32mI (1809) mqtts_example: Other event id:7[0m
[0;32mI (1809) UART SIMSOM: Enable GPS.[0m
[0;32mI (1809) main_task: Returned from app_main()[0m
[0;32mI (1919) mqtts_example: lat is 0.000000 and long is 0.000000[0m
[0;32mI (1919) mqtts_example: GPS Data: 
AT+QGPS=1
+CME ERROR: 504
AT+QGPSLOC=0
+CME ERROR: 516
GPSLOC=0
+CME ERROR: 516
ï¿½Y
ï¿½ï¿½EMrXï¿½ï¿½ï¿½<{ï¿½|ï¿½ï¿½ï¿½+ï¿½E[ï¿½Yï¿½ï¿½I8L#u	9ï¿½ï¿½ï¿½qï¿½^?ï¿½ï¿½ï¿½ê¼¶ï¿½Wï¿½ï¿½]ï¿½

ï¿½ï¿½ï¿½ï¿½ï¿½ï¿½ï¿½ï¿½O}ï¿½ï¿½~jï¿½asï¿½ï¿½7ï¿½ï¿½&Eï¿½R7ï¿½im#
AqH{ï¿½Gï¿½Uï¿½|1ï¿½Wï¿½ï¿½ï¿½Y-lï¿½ï¿½^xï¿½ï¿½#	ï¿½KN4ï¿½ï¿½X*\ï¿½Mï¿½wDï¿½nï¿½ï¿½ï¿½Qï¿½ï¿½1ï¿½_ï¿½ï¿½9Lï¿½6ï¿½ï¿½ï¿½]ï¿½8 +ï¿½ï¿½rï¿½ï¿½Ý‚ï¿½ï¿½ï¿½wï¿½'[0m
[0;32mI (1939) mqtts_example: GPS json: 
{"latitude": "0.000000", "longtitude": "0.000000"}[0m
[0;31mE (1949) mqtt_client: Client was not initialized[0m
[0;32mI (2019) esp_netif_handlers: sta ip: 192.168.1.7, mask: 255.255.255.0, gw: 192.168.1.1[0m
[0;32mI (2019) WiFi: Got IP: 192.168.1.7[0m
[0;31mE (2549) FreeRTOS: FreeRTOS Task "gps_mqtt" should not return, Aborting now![0m

abort() was called at PC 0x4008af2f on core 0


Backtrace: 0x40081b52:0x3ffcabd0 0x4008a349:0x3ffcabf0 0x40092081:0x3ffcac10 0x4008af2f:0x3ffcac80




ELF file SHA256: 5822721de

Rebooting...
ets Jul 29 2019 12:21:46

rst:0xc (SW_CPU_RESET),boot:0x13 (SPI_FAST_FLASH_BOOT)
configsip: 0, SPIWP:0xee
clk_drv:0x00,q_drv:0x00,d_drv:0x00,cs0_drv:0x00,hd_drv:0x00,wp_drv:0x00
mode:DIO, clock div:2
load:0x3fff0030,len:7176
load:0x40078000,len:15564
ho 0 tail 12 room 4
load:0x40080400,len:4
load:0x40080404,len:3904
entry 0x40080640
[0;32mI (31) boot: ESP-IDF v5.3.1-dirty 2nd stage bootloader[0m
[0;32mI (31) boot: compile time Dec 14 2024 11:22:02[0m
[0;32mI (31) boot: Multicore bootloader[0m
[0;32mI (36) boot: chip revision: v3.1[0m
[0;32mI (40) boot.esp32: SPI Speed      : 40MHz[0m
[0;32mI (44) boot.esp32: SPI Mode       : DIO[0m
[0;32mI (49) boot.esp32: SPI Flash Size : 4MB[0m
[0;32mI (53) boot: Enabling RNG early entropy source...[0m
[0;32mI (59) boot: Partition Table:[0m
[0;32mI (62) boot: ## Label            Usage          Type ST Offset   Length[0m
[0;32mI (70) boot:  0 nvs              WiFi data        01 02 00009000 00006000[0m
[0;32mI (77) boot:  1 phy_init         RF data          01 01 0000f000 00001000[0m
[0;32mI (85) boot:  2 factory          factory app      00 00 00010000 00100000[0m
[0;32mI (92) boot: End of partition table[0m
[0;32mI (96) esp_image: segment 0: paddr=00010020 vaddr=3f400020 size=2739ch (160668) map[0m
[0;32mI (160) esp_image: segment 1: paddr=000373c4 vaddr=3ffb0000 size=03f38h ( 16184) load[0m
[0;32mI (166) esp_image: segment 2: paddr=0003b304 vaddr=40080000 size=04d14h ( 19732) load[0m
[0;32mI (174) esp_image: segment 3: paddr=00040020 vaddr=400d0020 size=a3518h (668952) map[0m
[0;32mI (403) esp_image: segment 4: paddr=000e3540 vaddr=40084d14 size=136d4h ( 79572) load[0m
[0;32mI (447) boot: Loaded app from partition at offset 0x10000[0m
[0;32mI (447) boot: Disabling RNG early entropy source...[0m
[0;32mI (459) cpu_start: Multicore app[0m
[0;32mI (467) cpu_start: Pro cpu start user code[0m
[0;32mI (467) cpu_start: cpu freq: 160000000 Hz[0m
[0;32mI (467) app_init: Application information:[0m
[0;32mI (470) app_init: Project name:     TEST2[0m
[0;32mI (475) app_init: App version:      1[0m
[0;32mI (479) app_init: Compile time:     Dec 17 2024 17:16:46[0m
[0;32mI (485) app_init: ELF file SHA256:  5822721de...[0m
[0;32mI (491) app_init: ESP-IDF:          v5.3.1-dirty[0m
[0;32mI (496) efuse_init: Min chip rev:     v0.0[0m
[0;32mI (501) efuse_init: Max chip rev:     v3.99 [0m
[0;32mI (506) efuse_init: Chip rev:         v3.1[0m
[0;32mI (511) heap_init: Initializing. RAM available for dynamic allocation:[0m
[0;32mI (518) heap_init: At 3FFAE6E0 len 00001920 (6 KiB): DRAM[0m
[0;32mI (524) heap_init: At 3FFB8748 len 000278B8 (158 KiB): DRAM[0m
[0;32mI (530) heap_init: At 3FFE0440 len 00003AE0 (14 KiB): D/IRAM[0m
[0;32mI (536) heap_init: At 3FFE4350 len 0001BCB0 (111 KiB): D/IRAM[0m
[0;32mI (543) heap_init: At 400983E8 len 00007C18 (31 KiB): IRAM[0m
[0;32mI (551) spi_flash: detected chip: generic[0m
[0;32mI (554) spi_flash: flash io: dio[0m
[0;32mI (559) main_task: Started on CPU0[0m
[0;32mI (569) main_task: Calling app_main()[0m
I (599) wifi:wifi driver task: 3ffc0758, prio:23, stack:6656, core=0
I (609) wifi:wifi firmware version: ccaebfa
I (609) wifi:wifi certification version: v7.0
I (609) wifi:config NVS flash: enabled
I (609) wifi:config nano formating: disabled
I (609) wifi:Init data frame dynamic rx buffer num: 32
I (619) wifi:Init static rx mgmt buffer num: 5
I (619) wifi:Init management short buffer num: 32
I (629) wifi:Init dynamic tx buffer num: 32
I (629) wifi:Init static rx buffer size: 1600
I (639) wifi:Init static rx buffer num: 10
I (639) wifi:Init dynamic rx buffer num: 32
[0;32mI (639) wifi_init: rx ba win: 6[0m
[0;32mI (649) wifi_init: accept mbox: 6[0m
[0;32mI (649) wifi_init: tcpip mbox: 32[0m
[0;32mI (649) wifi_init: udp mbox: 6[0m
[0;32mI (659) wifi_init: tcp mbox: 6[0m
[0;32mI (659) wifi_init: tcp tx win: 5760[0m
[0;32mI (669) wifi_init: tcp rx win: 5760[0m
[0;32mI (669) wifi_init: tcp mss: 1440[0m
[0;32mI (669) wifi_init: WiFi IRAM OP enabled[0m
[0;32mI (679) wifi_init: WiFi RX IRAM OP enabled[0m
[0;32mI (689) phy_init: phy_version 4830,54550f7,Jun 20 2024,14:22:08[0m
[0;33mW (769) phy_init: saving new calibration data because of checksum failure, mode(0)[0m
I (799) wifi:mode : sta (cc:7b:5c:27:b1:54)
I (799) wifi:enable tsf
I (809) wifi:new:<7,0>, old:<1,0>, ap:<255,255>, sta:<7,0>, prof:1, snd_ch_cfg:0x0
I (819) wifi:state: init -> auth (0xb0)
I (839) wifi:state: auth -> assoc (0x0)
I (919) wifi:state: assoc -> run (0x10)
I (1039) wifi:connected with VNPT_Hanh, aid = 5, channel 7, BW20, bssid = 4c:12:e8:76:17:60
I (1039) wifi:security: WPA2-PSK, phy: bgn, rssi: -65
I (1049) wifi:pm start, type: 1

I (1049) wifi:dp: 1, bi: 102400, li: 3, scale listen interval from 307200 us to 307200 us
I (1139) wifi:AP's beacon interval = 102400 us, DTIM period = 1
[0;32mI (1799) mqtts_example: [APP] Free memory: 230060 bytes[0m
[0;32mI (1799) mqtts_example: Other event id:7[0m
[0;32mI (1799) UART SIMSOM: Enable GPS.[0m
[0;32mI (1799) main_task: Returned from app_main()[0m
[0;32mI (1909) mqtts_example: lat is 0.000000 and long is 0.000000[0m
[0;32mI (1909) mqtts_example: GPS Data: 
AT+QGPS=1
+CME ERROR: 504
AT+QGPSLOC=0
+CME ERROR: 516
[0m
[0;32mI (1909) mqtts_example: GPS json: 
{"latitude": "0.000000", "longtitude": "0.000000"}[0m
[0;31mE (1919) mqtt_client: Client was not initialized[0m
[0;32mI (2059) esp_netif_handlers: sta ip: 192.168.1.7, mask: 255.255.255.0, gw: 192.168.1.1[0m
[0;32mI (2059) WiFi: Got IP: 192.168.1.7[0m
[0;31mE (2529) FreeRTOS: FreeRTOS Task "gps_mqtt" should not return, Aborting now![0m

abort() was called at PC 0x4008af2f on core 0


Backtrace: 0x40081b52:0x3ffcab60 0x4008a349:0x3ffcab80 0x40092081:0x3ffcaba0 0x4008af2f:0x3ffcac10




ELF file SHA256: 5822721de

Rebooting...
ets Jul 29 2019 12:21:46

rst:0xc (SW_CPU_RESET),boot:0x13 (SPI_FAST_FLASH_BOOT)
configsip: 0, SPIWP:0xee
clk_drv:0x00,q_drv:0x00,d_drv:0x00,cs0_drv:0x00,hd_drv:0x00,wp_drv:0x00
mode:DIO, clock div:2
load:0x3fff0030,len:7176
load:0x40078000,len:15564
ho 0 tail 12 room 4
load:0x40080400,len:4
load:0x40080404,len:3904
entry 0x40080640
[0;32mI (31) boot: ESP-IDF v5.3.1-dirty 2nd stage bootloader[0m
[0;32mI (31) boot: compile time Dec 14 2024 11:22:02[0m
[0;32mI (31) boot: Multicore bootloader[0m
[0;32mI (36) boot: chip revision: v3.1[0m
[0;32mI (40) boot.esp32: SPI Speed      : 40MHz[0m
[0;32mI (44) boot.esp32: SPI Mode       : DIO[0m
[0;32mI (49) boot.esp32: SPI Flash Size : 4MB[0m
[0;32mI (53) boot: Enabling RNG early entropy source...[0m
[0;32mI (59) boot: Partition Table:[0m
[0;32mI (62) boot: ## Label            Usage          Type ST Offset   Length[0m
[0;32mI (70) boot:  0 nvs              WiFi data        01 02 00009000 00006000[0m
[0;32mI (77) boot:  1 phy_init         RF data          01 01 0000f000 00001000[0m
[0;32mI (85) boot:  2 factory          factory app      00 00 00010000 00100000[0m
[0;32mI (92) boot: End of partition table[0m
[0;32mI (96) esp_image: segment 0: paddr=00010020 vaddr=3f400020 size=2739ch (160668) map[0m
[0;32mI (160) esp_image: segment 1: paddr=000373c4 vaddr=3ffb0000 size=03f38h ( 16184) load[0m
[0;32mI (166) esp_image: segment 2: paddr=0003b304 vaddr=40080000 size=04d14h ( 19732) load[0m
[0;32mI (174) esp_image: segment 3: paddr=00040020 vaddr=400d0020 size=a3518h (668952) map[0m
[0;32mI (403) esp_image: segment 4: paddr=000e3540 vaddr=40084d14 size=136d4h ( 79572) load[0m
[0;32mI (447) boot: Loaded app from partition at offset 0x10000[0m
[0;32mI (447) boot: Disabling RNG early entropy source...[0m
[0;32mI (459) cpu_start: Multicore app[0m
[0;32mI (467) cpu_start: Pro cpu start user code[0m
[0;32mI (467) cpu_start: cpu freq: 160000000 Hz[0m
[0;32mI (467) app_init: Application information:[0m
[0;32mI (470) app_init: Project name:     TEST2[0m
[0;32mI (475) app_init: App version:      1[0m
[0;32mI (479) app_init: Compile time:     Dec 17 2024 17:16:46[0m
[0;32mI (485) app_init: ELF file SHA256:  5822721de...[0m
[0;32mI (491) app_init: ESP-IDF:          v5.3.1-dirty[0m
[0;32mI (496) efuse_init: Min chip rev:     v0.0[0m
[0;32mI (501) efuse_init: Max chip rev:     v3.99 [0m
[0;32mI (506) efuse_init: Chip rev:         v3.1[0m
[0;32mI (511) heap_init: Initializing. RAM available for dynamic allocation:[0m
[0;32mI (518) heap_init: At 3FFAE6E0 len 00001920 (6 KiB): DRAM[0m
[0;32mI (524) heap_init: At 3FFB8748 len 000278B8 (158 KiB): DRAM[0m
[0;32mI (530) heap_init: At 3FFE0440 len 00003AE0 (14 KiB): D/IRAM[0m
[0;32mI (536) heap_init: At 3FFE4350 len 0001BCB0 (111 KiB): D/IRAM[0m
[0;32mI (543) heap_init: At 400983E8 len 00007C18 (31 KiB): IRAM[0m
[0;32mI (551) spi_flash: detected chip: generic[0m
[0;32mI (554) spi_flash: flash io: dio[0m
[0;32mI (559) main_task: Started on CPU0[0m
[0;32mI (569) main_task: Calling app_main()[0m
I (599) wifi:wifi driver task: 3ffc06d4, prio:23, stack:6656, core=0
I (609) wifi:wifi firmware version: ccaebfa
I (609) wifi:wifi certification version: v7.0
I (609) wifi:config NVS flash: enabled
I (609) wifi:config nano formating: disabled
I (609) wifi:Init data frame dynamic rx buffer num: 32
I (619) wifi:Init static rx mgmt buffer num: 5
I (619) wifi:Init management short buffer num: 32
I (629) wifi:Init dynamic tx buffer num: 32
I (629) wifi:Init static rx buffer size: 1600
I (639) wifi:Init static rx buffer num: 10
I (639) wifi:Init dynamic rx buffer num: 32
[0;32mI (639) wifi_init: rx ba win: 6[0m
[0;32mI (649) wifi_init: accept mbox: 6[0m
[0;32mI (649) wifi_init: tcpip mbox: 32[0m
[0;32mI (649) wifi_init: udp mbox: 6[0m
[0;32mI (659) wifi_init: tcp mbox: 6[0m
[0;32mI (659) wifi_init: tcp tx win: 5760[0m
[0;32mI (669) wifi_init: tcp rx win: 5760[0m
[0;32mI (669) wifi_init: tcp mss: 1440[0m
[0;32mI (669) wifi_init: WiFi IRAM OP enabled[0m
[0;32mI (679) wifi_init: WiFi RX IRAM OP enabled[0m
[0;32mI (689) phy_init: phy_version 4830,54550f7,Jun 20 2024,14:22:08[0m
I (769) wifi:mode : sta (cc:7b:5c:27:b1:54)
I (769) wifi:enable tsf
I (789) wifi:new:<7,0>, old:<1,0>, ap:<255,255>, sta:<7,0>, prof:1, snd_ch_cfg:0x0
I (789) wifi:state: init -> auth (0xb0)
I (809) wifi:state: auth -> assoc (0x0)
I (879) wifi:state: assoc -> run (0x10)
I (969) wifi:connected with VNPT_Hanh, aid = 5, channel 7, BW20, bssid = 4c:12:e8:76:17:60
I (979) wifi:security: WPA2-PSK, phy: bgn, rssi: -64
I (979) wifi:pm start, type: 1

I (979) wifi:dp: 1, bi: 102400, li: 3, scale listen interval from 307200 us to 307200 us
I (1039) wifi:AP's beacon interval = 102400 us, DTIM period = 1
[0;32mI (1779) mqtts_example: [APP] Free memory: 230064 bytes[0m
[0;32mI (1779) mqtts_example: Other event id:7[0m
[0;32mI (1779) UART SIMSOM: Enable GPS.[0m
[0;32mI (1779) main_task: Returned from app_main()[0m
[0;32mI (1889) mqtts_example: lat is 0.000000 and long is 0.000000[0m
[0;32mI (1889) mqtts_example: GPS Data: 
AT+QGPS=1
+CME ERROR: 504
AT+QGPSLOC=0
+CME ERROR: 516
16
[0m
[0;32mI (1889) mqtts_example: GPS json: 
{"latitude": "0.000000", "longtitude": "0.000000"}[0m
[0;31mE (1899) mqtt_client: Client was not initialized[0m
[0;32mI (1989) esp_netif_handlers: sta ip: 192.168.1.7, mask: 255.255.255.0, gw: 192.168.1.1[0m
[0;32mI (1989) WiFi: Got IP: 192.168.1.7[0m
[0;31mE (2509) FreeRTOS: FreeRTOS Task "gps_mqtt" should not return, Aborting now![0m

abort() was called at PC 0x4008af2f on core 0


Backtrace: 0x40081b52:0x3ffcab60 0x4008a349:0x3ffcab80 0x40092081:0x3ffcaba0 0x4008af2f:0x3ffcac10




ELF file SHA256: 5822721de

Rebooting...
ets Jul 29 2019 12:21:46

rst:0xc (SW_CPU_RESET),boot:0x13 (SPI_FAST_FLASH_BOOT)
configsip: 0, SPIWP:0xee
clk_drv:0x00,q_drv:0x00,d_drv:0x00,cs0_drv:0x00,hd_drv:0x00,wp_drv:0x00
mode:DIO, clock div:2
load:0x3fff0030,len:7176
load:0x40078000,len:15564
ho 0 tail 12 room 4
load:0x40080400,len:4
load:0x40080404,len:3904
entry 0x40080640
[0;32mI (31) boot: ESP-IDF v5.3.1-dirty 2nd stage bootloader[0m
[0;32mI (31) boot: compile time Dec 14 2024 11:22:02[0m
[0;32mI (31) boot: Multicore bootloader[0m
[0;32mI (36) boot: chip revision: v3.1[0m
[0;32mI (40) boot.esp32: SPI Speed      : 40MHz[0m
[0;32mI (44) boot.esp32: SPI Mode       : DIO[0m
[0;32mI (49) boot.esp32: SPI Flash Size : 4MB[0m
[0;32mI (53) boot: Enabling RNG early entropy source...[0m
[0;32mI (59) boot: Partition Table:[0m
[0;32mI (62) boot: ## Label            Usage          Type ST Offset   Length[0m
[0;32mI (70) boot:  0 nvs              WiFi data        01 02 00009000 00006000[0m
[0;32mI (77) boot:  1 phy_init         RF data          01 01 0000f000 00001000[0m
[0;32mI (85) boot:  2 factory          factory app      00 00 00010000 00100000[0m
[0;32mI (92) boot: End of partition table[0m
[0;32mI (96) esp_image: segment 0: paddr=00010020 vaddr=3f400020 size=2739ch (160668) map[0m
[0;32mI (160) esp_image: segment 1: paddr=000373c4 vaddr=3ffb0000 size=03f38h ( 16184) load[0m
[0;32mI (166) esp_image: segment 2: paddr=0003b304 vaddr=40080000 size=04d14h ( 19732) load[0m
[0;32mI (174) esp_image: segment 3: paddr=00040020 vaddr=400d0020 size=a3518h (668952) map[0m
[0;32mI (403) esp_image: segment 4: paddr=000e3540 vaddr=40084d14 size=136d4h ( 79572) load[0m
[0;32mI (447) boot: Loaded app from partition at offset 0x10000[0m
[0;32mI (447) boot: Disabling RNG early entropy source...[0m
[0;32mI (459) cpu_start: Multicore app[0m
[0;32mI (467) cpu_start: Pro cpu start user code[0m
[0;32mI (467) cpu_start: cpu freq: 160000000 Hz[0m
[0;32mI (467) app_init: Application information:[0m
[0;32mI (470) app_init: Project name:     TEST2[0m
[0;32mI (475) app_init: App version:      1[0m
[0;32mI (479) app_init: Compile time:     Dec 17 2024 17:16:46[0m
[0;32mI (485) app_init: ELF file SHA256:  5822721de...[0m
[0;32mI (491) app_init: ESP-IDF:          v5.3.1-dirty[0m
[0;32mI (496) efuse_init: Min chip rev:     v0.0[0m
[0;32mI (501) efuse_init: Max chip rev:     v3.99 [0m
[0;32mI (506) efuse_init: Chip rev:         v3.1[0m
[0;32mI (511) heap_init: Initializing. RAM available for dynamic allocation:[0m
[0;32mI (518) heap_init: At 3FFAE6E0 len 00001920 (6 KiB): DRAM[0m
[0;32mI (524) heap_init: At 3FFB8748 len 000278B8 (158 KiB): DRAM[0m
[0;32mI (530) heap_init: At 3FFE0440 len 00003AE0 (14 KiB): D/IRAM[0m
[0;32mI (536) heap_init: At 3FFE4350 len 0001BCB0 (111 KiB): D/IRAM[0m
[0;32mI (543) heap_init: At 400983E8 len 00007C18 (31 KiB): IRAM[0m
[0;32mI (551) spi_flash: detected chip: generic[0m
[0;32mI (554) spi_flash: flash io: dio[0m
[0;32mI (559) main_task: Started on CPU0[0m
[0;32mI (569) main_task: Calling app_main()[0m
I (599) wifi:wifi driver task: 3ffc06d4, prio:23, stack:6656, core=0
I (609) wifi:wifi firmware version: ccaebfa
I (609) wifi:wifi certification version: v7.0
I (609) wifi:config NVS flash: enabled
I (609) wifi:config nano formating: disabled
I (609) wifi:Init data frame dynamic rx buffer num: 32
I (619) wifi:Init static rx mgmt buffer num: 5
I (619) wifi:Init management short buffer num: 32
I (629) wifi:Init dynamic tx buffer num: 32
I (629) wifi:Init static rx buffer size: 1600
I (639) wifi:Init static rx buffer num: 10
I (639) wifi:Init dynamic rx buffer num: 32
[0;32mI (639) wifi_init: rx ba win: 6[0m
[0;32mI (649) wifi_init: accept mbox: 6[0m
[0;32mI (649) wifi_init: tcpip mbox: 32[0m
[0;32mI (649) wifi_init: udp mbox: 6[0m
[0;32mI (659) wifi_init: tcp mbox: 6[0m
[0;32mI (659) wifi_init: tcp tx win: 5760[0m
[0;32mI (669) wifi_init: tcp rx win: 5760[0m
[0;32mI (669) wifi_init: tcp mss: 1440[0m
[0;32mI (669) wifi_init: WiFi IRAM OP enabled[0m
[0;32mI (679) wifi_init: WiFi RX IRAM OP enabled[0m
[0;32mI (689) phy_init: phy_version 4830,54550f7,Jun 20 2024,14:22:08[0m
I (769) wifi:mode : sta (cc:7b:5c:27:b1:54)
I (769) wifi:enable tsf
I (789) wifi:new:<7,0>, old:<1,0>, ap:<255,255>, sta:<7,0>, prof:1, snd_ch_cfg:0x0
I (789) wifi:state: init -> auth (0xb0)
I (829) wifi:state: auth -> assoc (0x0)
I (879) wifi:state: assoc -> run (0x10)
I (979) wifi:connected with VNPT_Hanh, aid = 5, channel 7, BW20, bssid = 4c:12:e8:76:17:60
I (989) wifi:security: WPA2-PSK, phy: bgn, rssi: -65
I (989) wifi:pm start, type: 1

I (989) wifi:dp: 1, bi: 102400, li: 3, scale listen interval from 307200 us to 307200 us
I (1069) wifi:AP's beacon interval = 102400 us, DTIM period = 1
[0;32mI (1779) mqtts_example: [APP] Free memory: 230064 bytes[0m
[0;32mI (1779) mqtts_example: Other event id:7[0m
[0;32mI (1779) UART SIMSOM: Enable GPS.[0m
[0;32mI (1779) main_task: Returned from app_main()[0m
[0;32mI (1899) mqtts_example: lat is 0.000000 and long is 0.000000[0m
[0;32mI (1899) mqtts_example: GPS Data: 
AT+QGPS=1
+CME ERROR: 504
AT+QGPSLOC=0
+CME ERROR: 516
16
[0m
[0;32mI (1899) mqtts_example: GPS json: 
{"latitude": "0.000000", "longtitude": "0.000000"}[0m
[0;31mE (1909) mqtt_client: Client was not initialized[0m
[0;32mI (1999) esp_netif_handlers: sta ip: 192.168.1.7, mask: 255.255.255.0, gw: 192.168.1.1[0m
[0;32mI (1999) WiFi: Got IP: 192.168.1.7[0m
[0;31mE (2519) FreeRTOS: FreeRTOS Task "gps_mqtt" should not return, Aborting now![0m

abort() was called at PC 0x4008af2f on core 0


Backtrace: 0x40081b52:0x3ffcab60 0x4008a349:0x3ffcab80 0x40092081:0x3ffcaba0 0x4008af2f:0x3ffcac10




ELF file SHA256: 5822721de

Rebooting...
ets Jul 29 2019 12:21:46

rst:0xc (SW_CPU_RESET),boot:0x13 (SPI_FAST_FLASH_BOOT)
configsip: 0, SPIWP:0xee
clk_drv:0x00,q_drv:0x00,d_drv:0x00,cs0_drv:0x00,hd_drv:0x00,wp_drv:0x00
mode:DIO, clock div:2
load:0x3fff0030,len:7176
load:0x40078000,len:15564
ho 0 tail 12 room 4
load:0x40080400,len:4
load:0x40080404,len:3904
entry 0x40080640
[0;32mI (31) boot: ESP-IDF v5.3.1-dirty 2nd stage bootloader[0m
[0;32mI (31) boot: compile time Dec 14 2024 11:22:02[0m
[0;32mI (31) boot: Multicore bootloader[0m
[0;32mI (36) boot: chip revision: v3.1[0m
[0;32mI (40) boot.esp32: SPI Speed      : 40MHz[0m
[0;32mI (44) boot.esp32: SPI Mode       : DIO[0m
[0;32mI (49) boot.esp32: SPI Flash Size : 4MB[0m
[0;32mI (53) boot: Enabling RNG early entropy source...[0m
[0;32mI (59) boot: Partition Table:[0m
[0;32mI (62) boot: ## Label            Usage          Type ST Offset   Length[0m
[0;32mI (70) boot:  0 nvs              WiFi data        01 02 00009000 00006000[0m
[0;32mI (77) boot:  1 phy_init         RF data          01 01 0000f000 00001000[0m
[0;32mI (85) boot:  2 factory          factory app      00 00 00010000 00100000[0m
[0;32mI (92) boot: End of partition table[0m
[0;32mI (96) esp_image: segment 0: paddr=00010020 vaddr=3f400020 size=2739ch (160668) map[0m
[0;32mI (160) esp_image: segment 1: paddr=000373c4 vaddr=3ffb0000 size=03f38h ( 16184) load[0m
[0;32mI (166) esp_image: segment 2: paddr=0003b304 vaddr=40080000 size=04d14h ( 19732) load[0m
[0;32mI (174) esp_image: segment 3: paddr=00040020 vaddr=400d0020 size=a3518h (668952) map[0m
[0;32mI (403) esp_image: segment 4: paddr=000e3540 vaddr=40084d14 size=136d4h ( 79572) load[0m
[0;32mI (447) boot: Loaded app from partition at offset 0x10000[0m
[0;32mI (447) boot: Disabling RNG early entropy source...[0m
[0;32mI (459) cpu_start: Multicore app[0m
[0;32mI (467) cpu_start: Pro cpu start user code[0m
[0;32mI (467) cpu_start: cpu freq: 160000000 Hz[0m
[0;32mI (467) app_init: Application information:[0m
[0;32mI (470) app_init: Project name:     TEST2[0m
[0;32mI (475) app_init: App version:      1[0m
[0;32mI (479) app_init: Compile time:     Dec 17 2024 17:16:46[0m
[0;32mI (485) app_init: ELF file SHA256:  5822721de...[0m
[0;32mI (491) app_init: ESP-IDF:          v5.3.1-dirty[0m
[0;32mI (496) efuse_init: Min chip rev:     v0.0[0m
[0;32mI (501) efuse_init: Max chip rev:     v3.99 [0m
[0;32mI (506) efuse_init: Chip rev:         v3.1[0m
[0;32mI (511) heap_init: Initializing. RAM available for dynamic allocation:[0m
[0;32mI (518) heap_init: At 3FFAE6E0 len 00001920 (6 KiB): DRAM[0m
[0;32mI (524) heap_init: At 3FFB8748 len 000278B8 (158 KiB): DRAM[0m
[0;32mI (530) heap_init: At 3FFE0440 len 00003AE0 (14 KiB): D/IRAM[0m
[0;32mI (536) heap_init: At 3FFE4350 len 0001BCB0 (111 KiB): D/IRAM[0m
[0;32mI (543) heap_init: At 400983E8 len 00007C18 (31 KiB): IRAM[0m
[0;32mI (551) spi_flash: detected chip: generic[0m
[0;32mI (554) spi_flash: flash io: dio[0m
[0;32mI (559) main_task: Started on CPU0[0m
[0;32mI (569) main_task: Calling app_main()[0m
I (599) wifi:wifi driver task: 3ffc06d4, prio:23, stack:6656, core=0
I (609) wifi:wifi firmware version: ccaebfa
I (609) wifi:wifi certification version: v7.0
I (609) wifi:config NVS flash: enabled
I (609) wifi:config nano formating: disabled
I (609) wifi:Init data frame dynamic rx buffer num: 32
I (619) wifi:Init static rx mgmt buffer num: 5
I (619) wifi:Init management short buffer num: 32
I (629) wifi:Init dynamic tx buffer num: 32
I (629) wifi:Init static rx buffer size: 1600
I (639) wifi:Init static rx buffer num: 10
I (639) wifi:Init dynamic rx buffer num: 32
[0;32mI (639) wifi_init: rx ba win: 6[0m
[0;32mI (649) wifi_init: accept mbox: 6[0m
[0;32mI (649) wifi_init: tcpip mbox: 32[0m
[0;32mI (649) wifi_init: udp mbox: 6[0m
[0;32mI (659) wifi_init: tcp mbox: 6[0m
[0;32mI (659) wifi_init: tcp tx win: 5760[0m
[0;32mI (669) wifi_init: tcp rx win: 5760[0m
[0;32mI (669) wifi_init: tcp mss: 1440[0m
[0;32mI (669) wifi_init: WiFi IRAM OP enabled[0m
[0;32mI (679) wifi_init: WiFi RX IRAM OP enabled[0m
[0;32mI (689) phy_init: phy_version 4830,54550f7,Jun 20 2024,14:22:08[0m
[0;33mW (769) phy_init: saving new calibration data because of checksum failure, mode(0)[0m
I (809) wifi:mode : sta (cc:7b:5c:27:b1:54)
I (809) wifi:enable tsf
I (829) wifi:new:<7,0>, old:<1,0>, ap:<255,255>, sta:<7,0>, prof:1, snd_ch_cfg:0x0
I (829) wifi:state: init -> auth (0xb0)
I (849) wifi:state: auth -> assoc (0x0)
I (919) wifi:state: assoc -> run (0x10)
I (1029) wifi:connected with VNPT_Hanh, aid = 5, channel 7, BW20, bssid = 4c:12:e8:76:17:60
I (1029) wifi:security: WPA2-PSK, phy: bgn, rssi: -64
I (1029) wifi:pm start, type: 1

I (1029) wifi:dp: 1, bi: 102400, li: 3, scale listen interval from 307200 us to 307200 us
I (1079) wifi:AP's beacon interval = 102400 us, DTIM period = 1
[0;32mI (1809) mqtts_example: [APP] Free memory: 229932 bytes[0m
[0;32mI (1809) mqtts_example: Other event id:7[0m
[0;32mI (1809) UART SIMSOM: Enable GPS.[0m
[0;32mI (1809) main_task: Returned from app_main()[0m
[0;32mI (1919) mqtts_example: lat is 0.000000 and long is 0.000000[0m
[0;32mI (1919) mqtts_example: GPS Data: 
AT+QGPS=1
+CME ERROR: 504
AT+QGPSLOC=0
+CME ERROR: 516
ï¿½Y
ï¿½ï¿½EMrXï¿½ï¿½ï¿½<{ï¿½|ï¿½ï¿½ï¿½+ï¿½E[ï¿½Yï¿½ï¿½I8L#u	9ï¿½ï¿½ï¿½qï¿½^?ï¿½ï¿½ï¿½ê¼¶ï¿½Wï¿½ï¿½]ï¿½

ï¿½ï¿½ï¿½ï¿½ï¿½ï¿½ï¿½ï¿½O}ï¿½ï¿½~jï¿½asï¿½ï¿½7ï¿½ï¿½&Eï¿½R7ï¿½im#
AqH{ï¿½Gï¿½Uï¿½|1ï¿½Wï¿½ï¿½ï¿½Y-lï¿½ï¿½^xï¿½ï¿½#	ï¿½KN4ï¿½ï¿½X*\ï¿½Mï¿½wDï¿½nï¿½ï¿½ï¿½Qï¿½ï¿½1ï¿½_ï¿½ï¿½9Lï¿½6ï¿½ï¿½ï¿½]ï¿½8 +ï¿½ï¿½rï¿½ï¿½Ý‚ï¿½ï¿½ï¿½wï¿½'[0m
[0;32mI (1939) mqtts_example: GPS json: 
{"latitude": "0.000000", "longtitude": "0.000000"}[0m
[0;31mE (1949) mqtt_client: Client was not initialized[0m
[0;32mI (2039) esp_netif_handlers: sta ip: 192.168.1.7, mask: 255.255.255.0, gw: 192.168.1.1[0m
[0;32mI (2039) WiFi: Got IP: 192.168.1.7[0m
[0;31mE (2549) FreeRTOS: FreeRTOS Task "gps_mqtt" should not return, Aborting now![0m

abort() was called at PC 0x4008af2f on core 0


Backtrace: 0x40081b52:0x3ffcabe0 0x4008a349:0x3ffcac00 0x40092081:0x3ffcac20 0x4008af2f:0x3ffcac90




ELF file SHA256: 5822721de

Rebooting...
ets Jul 29 2019 12:21:46

rst:0xc (SW_CPU_RESET),boot:0x13 (SPI_FAST_FLASH_BOOT)
configsip: 0, SPIWP:0xee
clk_drv:0x00,q_drv:0x00,d_drv:0x00,cs0_drv:0x00,hd_drv:0x00,wp_drv:0x00
mode:DIO, clock div:2
load:0x3fff0030,len:7176
load:0x40078000,len:15564
ho 0 tail 12 room 4
load:0x40080400,len:4
load:0x40080404,len:3904
entry 0x40080640
[0;32mI (31) boot: ESP-IDF v5.3.1-dirty 2nd stage bootloader[0m
[0;32mI (31) boot: compile time Dec 14 2024 11:22:02[0m
[0;32mI (31) boot: Multicore bootloader[0m
[0;32mI (36) boot: chip revision: v3.1[0m
[0;32mI (40) boot.esp32: SPI Speed      : 40MHz[0m
[0;32mI (44) boot.esp32: SPI Mode       : DIO[0m
[0;32mI (49) boot.esp32: SPI Flash Size : 4MB[0m
[0;32mI (53) boot: Enabling RNG early entropy source...[0m
[0;32mI (59) boot: Partition Table:[0m
[0;32mI (62) boot: ## Label            Usage          Type ST Offset   Length[0m
[0;32mI (70) boot:  0 nvs              WiFi data        01 02 00009000 00006000[0m
[0;32mI (77) boot:  1 phy_init         RF data          01 01 0000f000 00001000[0m
[0;32mI (85) boot:  2 factory          factory app      00 00 00010000 00100000[0m
[0;32mI (92) boot: End of partition table[0m
[0;32mI (96) esp_image: segment 0: paddr=00010020 vaddr=3f400020 size=2739ch (160668) map[0m
[0;32mI (160) esp_image: segment 1: paddr=000373c4 vaddr=3ffb0000 size=03f38h ( 16184) load[0m
[0;32mI (166) esp_image: segment 2: paddr=0003b304 vaddr=40080000 size=04d14h ( 19732) load[0m
[0;32mI (174) esp_image: segment 3: paddr=00040020 vaddr=400d0020 size=a3518h (668952) map[0m
[0;32mI (403) esp_image: segment 4: paddr=000e3540 vaddr=40084d14 size=136d4h ( 79572) load[0m
[0;32mI (447) boot: Loaded app from partition at offset 0x10000[0m
[0;32mI (447) boot: Disabling RNG early entropy source...[0m
[0;32mI (459) cpu_start: Multicore app[0m
[0;32mI (467) cpu_start: Pro cpu start user code[0m
[0;32mI (467) cpu_start: cpu freq: 160000000 Hz[0m
[0;32mI (467) app_init: Application information:[0m
[0;32mI (470) app_init: Project name:     TEST2[0m
[0;32mI (475) app_init: App version:      1[0m
[0;32mI (479) app_init: Compile time:     Dec 17 2024 17:16:46[0m
[0;32mI (485) app_init: ELF file SHA256:  5822721de...[0m
[0;32mI (491) app_init: ESP-IDF:          v5.3.1-dirty[0m
[0;32mI (496) efuse_init: Min chip rev:     v0.0[0m
[0;32mI (501) efuse_init: Max chip rev:     v3.99 [0m
[0;32mI (506) efuse_init: Chip rev:         v3.1[0m
[0;32mI (511) heap_init: Initializing. RAM available for dynamic allocation:[0m
[0;32mI (518) heap_init: At 3FFAE6E0 len 00001920 (6 KiB): DRAM[0m
[0;32mI (524) heap_init: At 3FFB8748 len 000278B8 (158 KiB): DRAM[0m
[0;32mI (530) heap_init: At 3FFE0440 len 00003AE0 (14 KiB): D/IRAM[0m
[0;32mI (536) heap_init: At 3FFE4350 len 0001BCB0 (111 KiB): D/IRAM[0m
[0;32mI (543) heap_init: At 400983E8 len 00007C18 (31 KiB): IRAM[0m
[0;32mI (551) spi_flash: detected chip: generic[0m
[0;32mI (554) spi_flash: flash io: dio[0m
[0;32mI (559) main_task: Started on CPU0[0m
[0;32mI (569) main_task: Calling app_main()[0m
I (599) wifi:wifi driver task: 3ffc0758, prio:23, stack:6656, core=0
I (609) wifi:wifi firmware version: ccaebfa
I (609) wifi:wifi certification version: v7.0
I (609) wifi:config NVS flash: enabled
I (609) wifi:config nano formating: disabled
I (609) wifi:Init data frame dynamic rx buffer num: 32
I (619) wifi:Init static rx mgmt buffer num: 5
I (619) wifi:Init management short buffer num: 32
I (629) wifi:Init dynamic tx buffer num: 32
I (629) wifi:Init static rx buffer size: 1600
I (639) wifi:Init static rx buffer num: 10
I (639) wifi:Init dynamic rx buffer num: 32
[0;32mI (639) wifi_init: rx ba win: 6[0m
[0;32mI (649) wifi_init: accept mbox: 6[0m
[0;32mI (649) wifi_init: tcpip mbox: 32[0m
[0;32mI (649) wifi_init: udp mbox: 6[0m
[0;32mI (659) wifi_init: tcp mbox: 6[0m
[0;32mI (659) wifi_init: tcp tx win: 5760[0m
[0;32mI (669) wifi_init: tcp rx win: 5760[0m
[0;32mI (669) wifi_init: tcp mss: 1440[0m
[0;32mI (669) wifi_init: WiFi IRAM OP enabled[0m
[0;32mI (679) wifi_init: WiFi RX IRAM OP enabled[0m
[0;32mI (689) phy_init: phy_version 4830,54550f7,Jun 20 2024,14:22:08[0m
[0;33mW (769) phy_init: saving new calibration data because of checksum failure, mode(0)[0m
I (799) wifi:mode : sta (cc:7b:5c:27:b1:54)
I (799) wifi:enable tsf
I (819) wifi:new:<7,0>, old:<1,0>, ap:<255,255>, sta:<7,0>, prof:1, snd_ch_cfg:0x0
I (819) wifi:state: init -> auth (0xb0)
I (839) wifi:state: auth -> assoc (0x0)
I (899) wifi:state: assoc -> run (0x10)
I (1019) wifi:connected with VNPT_Hanh, aid = 5, channel 7, BW20, bssid = 4c:12:e8:76:17:60
I (1019) wifi:security: WPA2-PSK, phy: bgn, rssi: -65
I (1029) wifi:pm start, type: 1

I (1029) wifi:dp: 1, bi: 102400, li: 3, scale listen interval from 307200 us to 307200 us
I (1059) wifi:AP's beacon interval = 102400 us, DTIM period = 1
[0;32mI (1799) mqtts_example: [APP] Free memory: 229932 bytes[0m
[0;32mI (1799) mqtts_example: Other event id:7[0m
[0;32mI (1799) UART SIMSOM: Enable GPS.[0m
[0;32mI (1799) main_task: Returned from app_main()[0m
[0;32mI (1909) mqtts_example: lat is 0.000000 and long is 0.000000[0m
[0;32mI (1909) mqtts_example: GPS Data: 
AT+QGPS=1
+CME ERROR: 504
AT+QGPSLOC=0
+CME ERROR: 516
ï¿½Y
ï¿½ï¿½EMrXï¿½ï¿½ï¿½<{ï¿½|ï¿½ï¿½ï¿½+ï¿½E[ï¿½Yï¿½ï¿½I8L#u	9ï¿½ï¿½ï¿½qï¿½^?ï¿½ï¿½ï¿½ê¼¶ï¿½Wï¿½ï¿½]ï¿½

ï¿½ï¿½ï¿½ï¿½ï¿½ï¿½ï¿½ï¿½O}ï¿½ï¿½~jï¿½asï¿½ï¿½7ï¿½ï¿½&Eï¿½R7ï¿½im#
AqH{ï¿½Gï¿½Uï¿½|1ï¿½Wï¿½ï¿½ï¿½Y-lï¿½ï¿½^xï¿½ï¿½#	ï¿½KN4ï¿½ï¿½X*\ï¿½Mï¿½wDï¿½nï¿½ï¿½ï¿½Qï¿½ï¿½1ï¿½_ï¿½ï¿½9Lï¿½6ï¿½ï¿½ï¿½]ï¿½8 +ï¿½ï¿½rï¿½ï¿½Ý‚ï¿½ï¿½ï¿½wï¿½'[0m
[0;32mI (1929) mqtts_example: GPS json: 
{"latitude": "0.000000", "longtitude": "0.000000"}[0m
[0;31mE (1939) mqtt_client: Client was not initialized[0m
[0;32mI (2039) esp_netif_handlers: sta ip: 192.168.1.7, mask: 255.255.255.0, gw: 192.168.1.1[0m
[0;32mI (2039) WiFi: Got IP: 192.168.1.7[0m
[0;31mE (2539) FreeRTOS: FreeRTOS Task "gps_mqtt" should not return, Aborting now![0m

abort() was called at PC 0x4008af2f on core 0


Backtrace: 0x40081b52:0x3ffcabe0 0x4008a349:0x3ffcac00 0x40092081:0x3ffcac20 0x4008af2f:0x3ffcac90




ELF file SHA256: 5822721de

Rebooting...
ets Jul 29 2019 12:21:46

rst:0xc (SW_CPU_RESET),boot:0x13 (SPI_FAST_FLASH_BOOT)
configsip: 0, SPIWP:0xee
clk_drv:0x00,q_drv:0x00,d_drv:0x00,cs0_drv:0x00,hd_drv:0x00,wp_drv:0x00
mode:DIO, clock div:2
load:0x3fff0030,len:7176
load:0x40078000,len:15564
ho 0 tail 12 room 4
load:0x40080400,len:4
load:0x40080404,len:3904
entry 0x40080640
[0;32mI (31) boot: ESP-IDF v5.3.1-dirty 2nd stage bootloader[0m
[0;32mI (31) boot: compile time Dec 14 2024 11:22:02[0m
[0;32mI (31) boot: Multicore bootloader[0m
[0;32mI (36) boot: chip revision: v3.1[0m
[0;32mI (40) boot.esp32: SPI Speed      : 40MHz[0m
[0;32mI (44) boot.esp32: SPI Mode       : DIO[0m
[0;32mI (49) boot.esp32: SPI Flash Size : 4MB[0m
[0;32mI (53) boot: Enabling RNG early entropy source...[0m
[0;32mI (59) boot: Partition Table:[0m
[0;32mI (62) boot: ## Label            Usage          Type ST Offset   Length[0m
[0;32mI (70) boot:  0 nvs              WiFi data        01 02 00009000 00006000[0m
[0;32mI (77) boot:  1 phy_init         RF data          01 01 0000f000 00001000[0m
[0;32mI (85) boot:  2 factory          factory app      00 00 00010000 00100000[0m
[0;32mI (92) boot: End of partition table[0m
[0;32mI (96) esp_image: segment 0: paddr=00010020 vaddr=3f400020 size=2739ch (160668) map[0m
[0;32mI (160) esp_image: segment 1: paddr=000373c4 vaddr=3ffb0000 size=03f38h ( 16184) load[0m
[0;32mI (166) esp_image: segment 2: paddr=0003b304 vaddr=40080000 size=04d14h ( 19732) load[0m
[0;32mI (174) esp_image: segment 3: paddr=00040020 vaddr=400d0020 size=a3518h (668952) map[0m
[0;32mI (403) esp_image: segment 4: paddr=000e3540 vaddr=40084d14 size=136d4h ( 79572) load[0m
[0;32mI (447) boot: Loaded app from partition at offset 0x10000[0m
[0;32mI (447) boot: Disabling RNG early entropy source...[0m
[0;32mI (459) cpu_start: Multicore app[0m
[0;32mI (467) cpu_start: Pro cpu start user code[0m
[0;32mI (467) cpu_start: cpu freq: 160000000 Hz[0m
[0;32mI (467) app_init: Application information:[0m
[0;32mI (470) app_init: Project name:     TEST2[0m
[0;32mI (475) app_init: App version:      1[0m
[0;32mI (479) app_init: Compile time:     Dec 17 2024 17:16:46[0m
[0;32mI (485) app_init: ELF file SHA256:  5822721de...[0m
[0;32mI (491) app_init: ESP-IDF:          v5.3.1-dirty[0m
[0;32mI (496) efuse_init: Min chip rev:     v0.0[0m
[0;32mI (501) efuse_init: Max chip rev:     v3.99 [0m
[0;32mI (506) efuse_init: Chip rev:         v3.1[0m
[0;32mI (511) heap_init: Initializing. RAM available for dynamic allocation:[0m
[0;32mI (518) heap_init: At 3FFAE6E0 len 00001920 (6 KiB): DRAM[0m
[0;32mI (524) heap_init: At 3FFB8748 len 000278B8 (158 KiB): DRAM[0m
[0;32mI (530) heap_init: At 3FFE0440 len 00003AE0 (14 KiB): D/IRAM[0m
[0;32mI (536) heap_init: At 3FFE4350 len 0001BCB0 (111 KiB): D/IRAM[0m
[0;32mI (543) heap_init: At 400983E8 len 00007C18 (31 KiB): IRAM[0m
[0;32mI (551) spi_flash: detected chip: generic[0m
[0;32mI (554) spi_flash: flash io: dio[0m
[0;32mI (559) main_task: Started on CPU0[0m
[0;32mI (569) main_task: Calling app_main()[0m
I (599) wifi:wifi driver task: 3ffc0758, prio:23, stack:6656, core=0
I (609) wifi:wifi firmware version: ccaebfa
I (609) wifi:wifi certification version: v7.0
I (609) wifi:config NVS flash: enabled
I (609) wifi:config nano formating: disabled
I (609) wifi:Init data frame dynamic rx buffer num: 32
I (619) wifi:Init static rx mgmt buffer num: 5
I (619) wifi:Init management short buffer num: 32
I (629) wifi:Init dynamic tx buffer num: 32
I (629) wifi:Init static rx buffer size: 1600
I (639) wifi:Init static rx buffer num: 10
I (639) wifi:Init dynamic rx buffer num: 32
[0;32mI (639) wifi_init: rx ba win: 6[0m
[0;32mI (649) wifi_init: accept mbox: 6[0m
[0;32mI (649) wifi_init: tcpip mbox: 32[0m
[0;32mI (649) wifi_init: udp mbox: 6[0m
[0;32mI (659) wifi_init: tcp mbox: 6[0m
[0;32mI (659) wifi_init: tcp tx win: 5760[0m
[0;32mI (669) wifi_init: tcp rx win: 5760[0m
[0;32mI (669) wifi_init: tcp mss: 1440[0m
[0;32mI (669) wifi_init: WiFi IRAM OP enabled[0m
[0;32mI (679) wifi_init: WiFi RX IRAM OP enabled[0m
[0;32mI (689) phy_init: phy_version 4830,54550f7,Jun 20 2024,14:22:08[0m
[0;33mW (769) phy_init: saving new calibration data because of checksum failure, mode(0)[0m
I (809) wifi:mode : sta (cc:7b:5c:27:b1:54)
I (809) wifi:enable tsf
I (819) wifi:new:<7,0>, old:<1,0>, ap:<255,255>, sta:<7,0>, prof:1, snd_ch_cfg:0x0
I (829) wifi:state: init -> auth (0xb0)
I (849) wifi:state: auth -> assoc (0x0)
I (919) wifi:state: assoc -> run (0x10)
I (1019) wifi:connected with VNPT_Hanh, aid = 5, channel 7, BW20, bssid = 4c:12:e8:76:17:60
I (1029) wifi:security: WPA2-PSK, phy: bgn, rssi: -65
I (1029) wifi:pm start, type: 1

I (1029) wifi:dp: 1, bi: 102400, li: 3, scale listen interval from 307200 us to 307200 us
I (1059) wifi:AP's beacon interval = 102400 us, DTIM period = 1
[0;32mI (1809) mqtts_example: [APP] Free memory: 229952 bytes[0m
[0;32mI (1809) mqtts_example: Other event id:7[0m
[0;32mI (1809) UART SIMSOM: Enable GPS.[0m
[0;32mI (1809) main_task: Returned from app_main()[0m
[0;32mI (1919) mqtts_example: lat is 0.000000 and long is 0.000000[0m
[0;32mI (1919) mqtts_example: GPS Data: 
AT+QGPS=1
+CME ERROR: 504
AT+QGPSLOC=0
+CME ERROR: 516
GPSLOC=0
+CME ERROR: 516
ï¿½Y
ï¿½ï¿½EMrXï¿½ï¿½ï¿½<{ï¿½|ï¿½ï¿½ï¿½+ï¿½E[ï¿½Yï¿½ï¿½I8L#u	9ï¿½ï¿½ï¿½qï¿½^?ï¿½ï¿½ï¿½ê¼¶ï¿½Wï¿½ï¿½]ï¿½

ï¿½ï¿½ï¿½ï¿½ï¿½ï¿½ï¿½ï¿½O}ï¿½ï¿½~jï¿½asï¿½ï¿½7ï¿½ï¿½&Eï¿½R7ï¿½im#
AqH{ï¿½Gï¿½Uï¿½|1ï¿½Wï¿½ï¿½ï¿½Y-lï¿½ï¿½^xï¿½ï¿½#	ï¿½KN4ï¿½ï¿½X*\ï¿½Mï¿½wDï¿½nï¿½ï¿½ï¿½Qï¿½ï¿½1ï¿½_ï¿½ï¿½9Lï¿½6ï¿½ï¿½ï¿½]ï¿½8 +ï¿½ï¿½rï¿½ï¿½Ý‚ï¿½ï¿½ï¿½wï¿½'[0m
[0;32mI (1939) mqtts_example: GPS json: 
{"latitude": "0.000000", "longtitude": "0.000000"}[0m
[0;31mE (1949) mqtt_client: Client was not initialized[0m
[0;32mI (2039) esp_netif_handlers: sta ip: 192.168.1.7, mask: 255.255.255.0, gw: 192.168.1.1[0m
[0;32mI (2039) WiFi: Got IP: 192.168.1.7[0m
[0;31mE (2549) FreeRTOS: FreeRTOS Task "gps_mqtt" should not return, Aborting now![0m

abort() was called at PC 0x4008af2f on core 0


Backtrace: 0x40081b52:0x3ffcabd0 0x4008a349:0x3ffcabf0 0x40092081:0x3ffcac10 0x4008af2f:0x3ffcac80




ELF file SHA256: 5822721de

Rebooting...
ets Jul 29 2019 12:21:46

rst:0xc (SW_CPU_RESET),boot:0x13 (SPI_FAST_FLASH_BOOT)
configsip: 0, SPIWP:0xee
clk_drv:0x00,q_drv:0x00,d_drv:0x00,cs0_drv:0x00,hd_drv:0x00,wp_drv:0x00
mode:DIO, clock div:2
load:0x3fff0030,len:7176
load:0x40078000,len:15564
ho 0 tail 12 room 4
load:0x40080400,len:4
load:0x40080404,len:3904
entry 0x40080640
[0;32mI (31) boot: ESP-IDF v5.3.1-dirty 2nd stage bootloader[0m
[0;32mI (31) boot: compile time Dec 14 2024 11:22:02[0m
[0;32mI (31) boot: Multicore bootloader[0m
[0;32mI (36) boot: chip revision: v3.1[0m
[0;32mI (40) boot.esp32: SPI Speed      : 40MHz[0m
[0;32mI (44) boot.esp32: SPI Mode       : DIO[0m
[0;32mI (49) boot.esp32: SPI Flash Size : 4MB[0m
[0;32mI (53) boot: Enabling RNG early entropy source...[0m
[0;32mI (59) boot: Partition Table:[0m
[0;32mI (62) boot: ## Label            Usage          Type ST Offset   Length[0m
[0;32mI (70) boot:  0 nvs              WiFi data        01 02 00009000 00006000[0m
[0;32mI (77) boot:  1 phy_init         RF data          01 01 0000f000 00001000[0m
[0;32mI (85) boot:  2 factory          factory app      00 00 00010000 00100000[0m
[0;32mI (92) boot: End of partition table[0m
[0;32mI (96) esp_image: segment 0: paddr=00010020 vaddr=3f400020 size=2739ch (160668) map[0m
[0;32mI (160) esp_image: segment 1: paddr=000373c4 vaddr=3ffb0000 size=03f38h ( 16184) load[0m
[0;32mI (166) esp_image: segment 2: paddr=0003b304 vaddr=40080000 size=04d14h ( 19732) load[0m
[0;32mI (174) esp_image: segment 3: paddr=00040020 vaddr=400d0020 size=a3518h (668952) map[0m
[0;32mI (403) esp_image: segment 4: paddr=000e3540 vaddr=40084d14 size=136d4h ( 79572) load[0m
[0;32mI (447) boot: Loaded app from partition at offset 0x10000[0m
[0;32mI (447) boot: Disabling RNG early entropy source...[0m
[0;32mI (459) cpu_start: Multicore app[0m
[0;32mI (467) cpu_start: Pro cpu start user code[0m
[0;32mI (467) cpu_start: cpu freq: 160000000 Hz[0m
[0;32mI (467) app_init: Application information:[0m
[0;32mI (470) app_init: Project name:     TEST2[0m
[0;32mI (475) app_init: App version:      1[0m
[0;32mI (479) app_init: Compile time:     Dec 17 2024 17:16:46[0m
[0;32mI (485) app_init: ELF file SHA256:  5822721de...[0m
[0;32mI (491) app_init: ESP-IDF:          v5.3.1-dirty[0m
[0;32mI (496) efuse_init: Min chip rev:     v0.0[0m
[0;32mI (501) efuse_init: Max chip rev:     v3.99 [0m
[0;32mI (506) efuse_init: Chip rev:         v3.1[0m
[0;32mI (511) heap_init: Initializing. RAM available for dynamic allocation:[0m
[0;32mI (518) heap_init: At 3FFAE6E0 len 00001920 (6 KiB): DRAM[0m
[0;32mI (524) heap_init: At 3FFB8748 len 000278B8 (158 KiB): DRAM[0m
[0;32mI (530) heap_init: At 3FFE0440 len 00003AE0 (14 KiB): D/IRAM[0m
[0;32mI (536) heap_init: At 3FFE4350 len 0001BCB0 (111 KiB): D/IRAM[0m
[0;32mI (543) heap_init: At 400983E8 len 00007C18 (31 KiB): IRAM[0m
[0;32mI (551) spi_flash: detected chip: generic[0m
[0;32mI (554) spi_flash: flash io: dio[0m
[0;32mI (559) main_task: Started on CPU0[0m
[0;32mI (569) main_task: Calling app_main()[0m
I (599) wifi:wifi driver task: 3ffc0758, prio:23, stack:6656, core=0
I (609) wifi:wifi firmware version: ccaebfa
I (609) wifi:wifi certification version: v7.0
I (609) wifi:config NVS flash: enabled
I (609) wifi:config nano formating: disabled
I (609) wifi:Init data frame dynamic rx buffer num: 32
I (619) wifi:Init static rx mgmt buffer num: 5
I (619) wifi:Init management short buffer num: 32
I (629) wifi:Init dynamic tx buffer num: 32
I (629) wifi:Init static rx buffer size: 1600
I (639) wifi:Init static rx buffer num: 10
I (639) wifi:Init dynamic rx buffer num: 32
[0;32mI (639) wifi_init: rx ba win: 6[0m
[0;32mI (649) wifi_init: accept mbox: 6[0m
[0;32mI (649) wifi_init: tcpip mbox: 32[0m
[0;32mI (649) wifi_init: udp mbox: 6[0m
[0;32mI (659) wifi_init: tcp mbox: 6[0m
[0;32mI (659) wifi_init: tcp tx win: 5760[0m
[0;32mI (669) wifi_init: tcp rx win: 5760[0m
[0;32mI (669) wifi_init: tcp mss: 1440[0m
[0;32mI (669) wifi_init: WiFi IRAM OP enabled[0m
[0;32mI (679) wifi_init: WiFi RX IRAM OP enabled[0m
[0;32mI (689) phy_init: phy_version 4830,54550f7,Jun 20 2024,14:22:08[0m
I (769) wifi:mode : sta (cc:7b:5c:27:b1:54)
I (769) wifi:enable tsf
I (789) wifi:new:<7,0>, old:<1,0>, ap:<255,255>, sta:<7,0>, prof:1, snd_ch_cfg:0x0
I (789) wifi:state: init -> auth (0xb0)
I (819) wifi:state: auth -> assoc (0x0)
I (879) wifi:state: assoc -> run (0x10)
I (979) wifi:connected with VNPT_Hanh, aid = 5, channel 7, BW20, bssid = 4c:12:e8:76:17:60
I (979) wifi:security: WPA2-PSK, phy: bgn, rssi: -65
I (979) wifi:pm start, type: 1

I (979) wifi:dp: 1, bi: 102400, li: 3, scale listen interval from 307200 us to 307200 us
I (1039) wifi:AP's beacon interval = 102400 us, DTIM period = 1
[0;32mI (1779) mqtts_example: [APP] Free memory: 229932 bytes[0m
[0;32mI (1779) mqtts_example: Other event id:7[0m
[0;32mI (1779) UART SIMSOM: Enable GPS.[0m
[0;32mI (1779) main_task: Returned from app_main()[0m
[0;32mI (1889) mqtts_example: lat is 0.000000 and long is 0.000000[0m
[0;32mI (1889) mqtts_example: GPS Data: 
AT+QGPS=1
+CME ERROR: 504
AT+QGPSLOC=0
+CME ERROR: 516
ï¿½Y
ï¿½ï¿½EMrXï¿½ï¿½ï¿½<{ï¿½|ï¿½ï¿½ï¿½+ï¿½E[ï¿½Yï¿½ï¿½I8L#u	9ï¿½ï¿½ï¿½qï¿½^?ï¿½ï¿½ï¿½ê¼¶ï¿½Wï¿½ï¿½]ï¿½

ï¿½ï¿½ï¿½ï¿½ï¿½ï¿½ï¿½ï¿½O}ï¿½ï¿½~jï¿½asï¿½ï¿½7ï¿½ï¿½&Eï¿½R7ï¿½im#
AqH{ï¿½Gï¿½Uï¿½|1ï¿½Wï¿½ï¿½ï¿½Y-lï¿½ï¿½^xï¿½ï¿½#	ï¿½KN4ï¿½ï¿½X*\ï¿½Mï¿½wDï¿½nï¿½ï¿½ï¿½Qï¿½ï¿½1ï¿½_ï¿½ï¿½9Lï¿½6ï¿½ï¿½ï¿½]ï¿½8 +ï¿½ï¿½rï¿½ï¿½Ý‚ï¿½ï¿½ï¿½wï¿½'[0m
[0;32mI (1909) mqtts_example: GPS json: 
{"latitude": "0.000000", "longtitude": "0.000000"}[0m
[0;31mE (1919) mqtt_client: Client was not initialized[0m
[0;32mI (1989) esp_netif_handlers: sta ip: 192.168.1.7, mask: 255.255.255.0, gw: 192.168.1.1[0m
[0;32mI (1989) WiFi: Got IP: 192.168.1.7[0m
[0;31mE (2519) FreeRTOS: FreeRTOS Task "gps_mqtt" should not return, Aborting now![0m

abort() was called at PC 0x4008af2f on core 0


Backtrace: 0x40081b52:0x3ffcabe0 0x4008a349:0x3ffcac00 0x40092081:0x3ffcac20 0x4008af2f:0x3ffcac90




ELF file SHA256: 5822721de

Rebooting...
ets Jul 29 2019 12:21:46

rst:0xc (SW_CPU_RESET),boot:0x13 (SPI_FAST_FLASH_BOOT)
configsip: 0, SPIWP:0xee
clk_drv:0x00,q_drv:0x00,d_drv:0x00,cs0_drv:0x00,hd_drv:0x00,wp_drv:0x00
mode:DIO, clock div:2
load:0x3fff0030,len:7176
load:0x40078000,len:15564
ho 0 tail 12 room 4
load:0x40080400,len:4
load:0x40080404,len:3904
entry 0x40080640
[0;32mI (31) boot: ESP-IDF v5.3.1-dirty 2nd stage bootloader[0m
[0;32mI (31) boot: compile time Dec 14 2024 11:22:02[0m
[0;32mI (31) boot: Multicore bootloader[0m
[0;32mI (36) boot: chip revision: v3.1[0m
[0;32mI (40) boot.esp32: SPI Speed      : 40MHz[0m
[0;32mI (44) boot.esp32: SPI Mode       : DIO[0m
[0;32mI (49) boot.esp32: SPI Flash Size : 4MB[0m
[0;32mI (53) boot: Enabling RNG early entropy source...[0m
[0;32mI (59) boot: Partition Table:[0m
[0;32mI (62) boot: ## Label            Usage          Type ST Offset   Length[0m
[0;32mI (70) boot:  0 nvs              WiFi data        01 02 00009000 00006000[0m
[0;32mI (77) boot:  1 phy_init         RF data          01 01 0000f000 00001000[0m
[0;32mI (85) boot:  2 factory          factory app      00 00 00010000 00100000[0m
[0;32mI (92) boot: End of partition table[0m
[0;32mI (96) esp_image: segment 0: paddr=00010020 vaddr=3f400020 size=2739ch (160668) map[0m
[0;32mI (160) esp_image: segment 1: paddr=000373c4 vaddr=3ffb0000 size=03f38h ( 16184) load[0m
[0;32mI (166) esp_image: segment 2: paddr=0003b304 vaddr=40080000 size=04d14h ( 19732) load[0m
[0;32mI (174) esp_image: segment 3: paddr=00040020 vaddr=400d0020 size=a3518h (668952) map[0m
[0;32mI (403) esp_image: segment 4: paddr=000e3540 vaddr=40084d14 size=136d4h ( 79572) load[0m
[0;32mI (447) boot: Loaded app from partition at offset 0x10000[0m
[0;32mI (447) boot: Disabling RNG early entropy source...[0m
[0;32mI (459) cpu_start: Multicore app[0m
[0;32mI (467) cpu_start: Pro cpu start user code[0m
[0;32mI (467) cpu_start: cpu freq: 160000000 Hz[0m
[0;32mI (467) app_init: Application information:[0m
[0;32mI (470) app_init: Project name:     TEST2[0m
[0;32mI (475) app_init: App version:      1[0m
[0;32mI (479) app_init: Compile time:     Dec 17 2024 17:16:46[0m
[0;32mI (485) app_init: ELF file SHA256:  5822721de...[0m
[0;32mI (491) app_init: ESP-IDF:          v5.3.1-dirty[0m
[0;32mI (496) efuse_init: Min chip rev:     v0.0[0m
[0;32mI (501) efuse_init: Max chip rev:     v3.99 [0m
[0;32mI (506) efuse_init: Chip rev:         v3.1[0m
[0;32mI (511) heap_init: Initializing. RAM available for dynamic allocation:[0m
[0;32mI (518) heap_init: At 3FFAE6E0 len 00001920 (6 KiB): DRAM[0m
[0;32mI (524) heap_init: At 3FFB8748 len 000278B8 (158 KiB): DRAM[0m
[0;32mI (530) heap_init: At 3FFE0440 len 00003AE0 (14 KiB): D/IRAM[0m
[0;32mI (536) heap_init: At 3FFE4350 len 0001BCB0 (111 KiB): D/IRAM[0m
[0;32mI (543) heap_init: At 400983E8 len 00007C18 (31 KiB): IRAM[0m
[0;32mI (551) spi_flash: detected chip: generic[0m
[0;32mI (554) spi_flash: flash io: dio[0m
[0;32mI (559) main_task: Started on CPU0[0m
[0;32mI (569) main_task: Calling app_main()[0m
I (599) wifi:wifi driver task: 3ffc0758, prio:23, stack:6656, core=0
I (609) wifi:wifi firmware version: ccaebfa
I (609) wifi:wifi certification version: v7.0
I (609) wifi:config NVS flash: enabled
I (609) wifi:config nano formating: disabled
I (609) wifi:Init data frame dynamic rx buffer num: 32
I (619) wifi:Init static rx mgmt buffer num: 5
I (619) wifi:Init management short buffer num: 32
I (629) wifi:Init dynamic tx buffer num: 32
I (629) wifi:Init static rx buffer size: 1600
I (639) wifi:Init static rx buffer num: 10
I (639) wifi:Init dynamic rx buffer num: 32
[0;32mI (639) wifi_init: rx ba win: 6[0m
[0;32mI (649) wifi_init: accept mbox: 6[0m
[0;32mI (649) wifi_init: tcpip mbox: 32[0m
[0;32mI (649) wifi_init: udp mbox: 6[0m
[0;32mI (659) wifi_init: tcp mbox: 6[0m
[0;32mI (659) wifi_init: tcp tx win: 5760[0m
[0;32mI (669) wifi_init: tcp rx win: 5760[0m
[0;32mI (669) wifi_init: tcp mss: 1440[0m
[0;32mI (669) wifi_init: WiFi IRAM OP enabled[0m
[0;32mI (679) wifi_init: WiFi RX IRAM OP enabled[0m
[0;32mI (689) phy_init: phy_version 4830,54550f7,Jun 20 2024,14:22:08[0m
I (769) wifi:mode : sta (cc:7b:5c:27:b1:54)
I (779) wifi:enable tsf
I (789) wifi:new:<7,0>, old:<1,0>, ap:<255,255>, sta:<7,0>, prof:1, snd_ch_cfg:0x0
I (789) wifi:state: init -> auth (0xb0)
I (829) wifi:state: auth -> assoc (0x0)
I (889) wifi:state: assoc -> run (0x10)
I (989) wifi:connected with VNPT_Hanh, aid = 6, channel 7, BW20, bssid = 4c:12:e8:76:17:60
I (999) wifi:security: WPA2-PSK, phy: bgn, rssi: -64
I (999) wifi:pm start, type: 1

I (999) wifi:dp: 1, bi: 102400, li: 3, scale listen interval from 307200 us to 307200 us
I (1059) wifi:AP's beacon interval = 102400 us, DTIM period = 1
[0;32mI (1779) mqtts_example: [APP] Free memory: 229932 bytes[0m
[0;32mI (1779) mqtts_example: Other event id:7[0m
[0;32mI (1779) UART SIMSOM: Enable GPS.[0m
[0;32mI (1779) main_task: Returned from app_main()[0m
[0;32mI (1889) mqtts_example: lat is 0.000000 and long is 0.000000[0m
[0;32mI (1889) mqtts_example: GPS Data: 
AT+QGPS=1
+CME ERROR: 504
AT+QGPSLOC=0
+CME ERROR: 516
ï¿½Y
ï¿½ï¿½EMrXï¿½ï¿½ï¿½<{ï¿½|ï¿½ï¿½ï¿½+ï¿½E[ï¿½Yï¿½ï¿½I8L#u	9ï¿½ï¿½ï¿½qï¿½^?ï¿½ï¿½ï¿½ê¼¶ï¿½Wï¿½ï¿½]ï¿½

ï¿½ï¿½ï¿½ï¿½ï¿½ï¿½ï¿½ï¿½O}ï¿½ï¿½~jï¿½asï¿½ï¿½7ï¿½ï¿½&Eï¿½R7ï¿½im#
AqH{ï¿½Gï¿½Uï¿½|1ï¿½Wï¿½ï¿½ï¿½Y-lï¿½ï¿½^xï¿½ï¿½#	ï¿½KN4ï¿½ï¿½X*\ï¿½Mï¿½wDï¿½nï¿½ï¿½ï¿½Qï¿½ï¿½1ï¿½_ï¿½ï¿½9Lï¿½6ï¿½ï¿½ï¿½]ï¿½8 +ï¿½ï¿½rï¿½ï¿½Ý‚ï¿½ï¿½ï¿½wï¿½'[0m
[0;32mI (1909) mqtts_example: GPS json: 
{"latitude": "0.000000", "longtitude": "0.000000"}[0m
[0;31mE (1919) mqtt_client: Client was not initialized[0m
[0;32mI (2009) esp_netif_handlers: sta ip: 192.168.1.7, mask: 255.255.255.0, gw: 192.168.1.1[0m
[0;32mI (2009) WiFi: Got IP: 192.168.1.7[0m
[0;31mE (2519) FreeRTOS: FreeRTOS Task "gps_mqtt" should not return, Aborting now![0m

abort() was called at PC 0x4008af2f on core 0


Backtrace: 0x40081b52:0x3ffcabe0 0x4008a349:0x3ffcac00 0x40092081:0x3ffcac20 0x4008af2f:0x3ffcac90




ELF file SHA256: 5822721de

Rebooting...
ets Jul 29 2019 12:21:46

rst:0xc (SW_CPU_RESET),boot:0x13 (SPI_FAST_FLASH_BOOT)
configsip: 0, SPIWP:0xee
clk_drv:0x00,q_drv:0x00,d_drv:0x00,cs0_drv:0x00,hd_drv:0x00,wp_drv:0x00
mode:DIO, clock div:2
load:0x3fff0030,len:7176
load:0x40078000,len:15564
ho 0 tail 12 room 4
load:0x40080400,len:4
load:0x40080404,len:3904
entry 0x40080640
[0;32mI (31) boot: ESP-IDF v5.3.1-dirty 2nd stage bootloader[0m
[0;32mI (31) boot: compile time Dec 14 2024 11:22:02[0m
[0;32mI (31) boot: Multicore bootloader[0m
[0;32mI (36) boot: chip revision: v3.1[0m
[0;32mI (40) boot.esp32: SPI Speed      : 40MHz[0m
[0;32mI (44) boot.esp32: SPI Mode       : DIO[0m
[0;32mI (49) boot.esp32: SPI Flash Size : 4MB[0m
[0;32mI (53) boot: Enabling RNG early entropy source...[0m
[0;32mI (59) boot: Partition Table:[0m
[0;32mI (62) boot: ## Label            Usage          Type ST Offset   Length[0m
[0;32mI (70) boot:  0 nvs              WiFi data        01 02 00009000 00006000[0m
[0;32mI (77) boot:  1 phy_init         RF data          01 01 0000f000 00001000[0m
[0;32mI (85) boot:  2 factory          factory app      00 00 00010000 00100000[0m
[0;32mI (92) boot: End of partition table[0m
[0;32mI (96) esp_image: segment 0: paddr=00010020 vaddr=3f400020 size=2739ch (160668) map[0m
[0;32mI (160) esp_image: segment 1: paddr=000373c4 vaddr=3ffb0000 size=03f38h ( 16184) load[0m
[0;32mI (166) esp_image: segment 2: paddr=0003b304 vaddr=40080000 size=04d14h ( 19732) load[0m
[0;32mI (174) esp_image: segment 3: paddr=00040020 vaddr=400d0020 size=a3518h (668952) map[0m
[0;32mI (403) esp_image: segment 4: paddr=000e3540 vaddr=40084d14 size=136d4h ( 79572) load[0m
[0;32mI (447) boot: Loaded app from partition at offset 0x10000[0m
[0;32mI (447) boot: Disabling RNG early entropy source...[0m
[0;32mI (459) cpu_start: Multicore app[0m
[0;32mI (467) cpu_start: Pro cpu start user code[0m
[0;32mI (467) cpu_start: cpu freq: 160000000 Hz[0m
[0;32mI (467) app_init: Application information:[0m
[0;32mI (470) app_init: Project name:     TEST2[0m
[0;32mI (475) app_init: App version:      1[0m
[0;32mI (479) app_init: Compile time:     Dec 17 2024 17:16:46[0m
[0;32mI (485) app_init: ELF file SHA256:  5822721de...[0m
[0;32mI (491) app_init: ESP-IDF:          v5.3.1-dirty[0m
[0;32mI (496) efuse_init: Min chip rev:     v0.0[0m
[0;32mI (501) efuse_init: Max chip rev:     v3.99 [0m
[0;32mI (506) efuse_init: Chip rev:         v3.1[0m
[0;32mI (511) heap_init: Initializing. RAM available for dynamic allocation:[0m
[0;32mI (518) heap_init: At 3FFAE6E0 len 00001920 (6 KiB): DRAM[0m
[0;32mI (524) heap_init: At 3FFB8748 len 000278B8 (158 KiB): DRAM[0m
[0;32mI (530) heap_init: At 3FFE0440 len 00003AE0 (14 KiB): D/IRAM[0m
[0;32mI (536) heap_init: At 3FFE4350 len 0001BCB0 (111 KiB): D/IRAM[0m
[0;32mI (543) heap_init: At 400983E8 len 00007C18 (31 KiB): IRAM[0m
[0;32mI (551) spi_flash: detected chip: generic[0m
[0;32mI (554) spi_flash: flash io: dio[0m
[0;32mI (559) main_task: Started on CPU0[0m
[0;32mI (569) main_task: Calling app_main()[0m
I (599) wifi:wifi driver task: 3ffc0758, prio:23, stack:6656, core=0
I (609) wifi:wifi firmware version: ccaebfa
I (609) wifi:wifi certification version: v7.0
I (609) wifi:config NVS flash: enabled
I (609) wifi:config nano formating: disabled
I (609) wifi:Init data frame dynamic rx buffer num: 32
I (619) wifi:Init static rx mgmt buffer num: 5
I (619) wifi:Init management short buffer num: 32
I (629) wifi:Init dynamic tx buffer num: 32
I (629) wifi:Init static rx buffer size: 1600
I (639) wifi:Init static rx buffer num: 10
I (639) wifi:Init dynamic rx buffer num: 32
[0;32mI (639) wifi_init: rx ba win: 6[0m
[0;32mI (649) wifi_init: accept mbox: 6[0m
[0;32mI (649) wifi_init: tcpip mbox: 32[0m
[0;32mI (649) wifi_init: udp mbox: 6[0m
[0;32mI (659) wifi_init: tcp mbox: 6[0m
[0;32mI (659) wifi_init: tcp tx win: 5760[0m
[0;32mI (669) wifi_init: tcp rx win: 5760[0m
[0;32mI (669) wifi_init: tcp mss: 1440[0m
[0;32mI (669) wifi_init: WiFi IRAM OP enabled[0m
[0;32mI (679) wifi_init: WiFi RX IRAM OP enabled[0m
[0;32mI (689) phy_init: phy_version 4830,54550f7,Jun 20 2024,14:22:08[0m
[0;33mW (769) phy_init: saving new calibration data because of checksum failure, mode(0)[0m
I (799) wifi:mode : sta (cc:7b:5c:27:b1:54)
I (799) wifi:enable tsf
I (819) wifi:new:<7,0>, old:<1,0>, ap:<255,255>, sta:<7,0>, prof:1, snd_ch_cfg:0x0
I (819) wifi:state: init -> auth (0xb0)
I (859) wifi:state: auth -> assoc (0x0)
I (909) wifi:state: assoc -> run (0x10)
I (1019) wifi:connected with VNPT_Hanh, aid = 5, channel 7, BW20, bssid = 4c:12:e8:76:17:60
I (1019) wifi:security: WPA2-PSK, phy: bgn, rssi: -64
I (1029) wifi:pm start, type: 1

I (1029) wifi:dp: 1, bi: 102400, li: 3, scale listen interval from 307200 us to 307200 us
I (1069) wifi:AP's beacon interval = 102400 us, DTIM period = 1
[0;32mI (1799) mqtts_example: [APP] Free memory: 230060 bytes[0m
[0;32mI (1799) mqtts_example: Other event id:7[0m
[0;32mI (1799) UART SIMSOM: Enable GPS.[0m
[0;32mI (1799) main_task: Returned from app_main()[0m
[0;32mI (1909) mqtts_example: lat is 0.000000 and long is 0.000000[0m
[0;32mI (1909) mqtts_example: GPS Data: 
AT+QGPS=1
+CME ERROR: 504
AT+QGPSLOC=0
+CME ERROR: 516
[0m
[0;32mI (1909) mqtts_example: GPS json: 
{"latitude": "0.000000", "longtitude": "0.000000"}[0m
[0;31mE (1919) mqtt_client: Client was not initialized[0m
[0;32mI (2039) esp_netif_handlers: sta ip: 192.168.1.7, mask: 255.255.255.0, gw: 192.168.1.1[0m
[0;32mI (2039) WiFi: Got IP: 192.168.1.7[0m
[0;31mE (2529) FreeRTOS: FreeRTOS Task "gps_mqtt" should not return, Aborting now![0m

abort() was called at PC 0x4008af2f on core 0


Backtrace: 0x40081b52:0x3ffcab60 0x4008a349:0x3ffcab80 0x40092081:0x3ffcaba0 0x4008af2f:0x3ffcac10




ELF file SHA256: 5822721de

Rebooting...
ets Jul 29 2019 12:21:46

rst:0xc (SW_CPU_RESET),boot:0x13 (SPI_FAST_FLASH_BOOT)
configsip: 0, SPIWP:0xee
clk_drv:0x00,q_drv:0x00,d_drv:0x00,cs0_drv:0x00,hd_drv:0x00,wp_drv:0x00
mode:DIO, clock div:2
load:0x3fff0030,len:7176
load:0x40078000,len:15564
ho 0 tail 12 room 4
load:0x40080400,len:4
load:0x40080404,len:3904
entry 0x40080640
[0;32mI (31) boot: ESP-IDF v5.3.1-dirty 2nd stage bootloader[0m
[0;32mI (31) boot: compile time Dec 14 2024 11:22:02[0m
[0;32mI (31) boot: Multicore bootloader[0m
[0;32mI (36) boot: chip revision: v3.1[0m
[0;32mI (40) boot.esp32: SPI Speed      : 40MHz[0m
[0;32mI (44) boot.esp32: SPI Mode       : DIO[0m
[0;32mI (49) boot.esp32: SPI Flash Size : 4MB[0m
[0;32mI (53) boot: Enabling RNG early entropy source...[0m
[0;32mI (59) boot: Partition Table:[0m
[0;32mI (62) boot: ## Label            Usage          Type ST Offset   Length[0m
[0;32mI (70) boot:  0 nvs              WiFi data        01 02 00009000 00006000[0m
[0;32mI (77) boot:  1 phy_init         RF data          01 01 0000f000 00001000[0m
[0;32mI (85) boot:  2 factory          factory app      00 00 00010000 00100000[0m
[0;32mI (92) boot: End of partition table[0m
[0;32mI (96) esp_image: segment 0: paddr=00010020 vaddr=3f400020 size=2739ch (160668) map[0m
[0;32mI (160) esp_image: segment 1: paddr=000373c4 vaddr=3ffb0000 size=03f38h ( 16184) load[0m
[0;32mI (166) esp_image: segment 2: paddr=0003b304 vaddr=40080000 size=04d14h ( 19732) load[0m
[0;32mI (174) esp_image: segment 3: paddr=00040020 vaddr=400d0020 size=a3518h (668952) map[0m
[0;32mI (403) esp_image: segment 4: paddr=000e3540 vaddr=40084d14 size=136d4h ( 79572) load[0m
[0;32mI (447) boot: Loaded app from partition at offset 0x10000[0m
[0;32mI (447) boot: Disabling RNG early entropy source...[0m
[0;32mI (459) cpu_start: Multicore app[0m
[0;32mI (467) cpu_start: Pro cpu start user code[0m
[0;32mI (467) cpu_start: cpu freq: 160000000 Hz[0m
[0;32mI (467) app_init: Application information:[0m
[0;32mI (470) app_init: Project name:     TEST2[0m
[0;32mI (475) app_init: App version:      1[0m
[0;32mI (479) app_init: Compile time:     Dec 17 2024 17:16:46[0m
[0;32mI (485) app_init: ELF file SHA256:  5822721de...[0m
[0;32mI (491) app_init: ESP-IDF:          v5.3.1-dirty[0m
[0;32mI (496) efuse_init: Min chip rev:     v0.0[0m
[0;32mI (501) efuse_init: Max chip rev:     v3.99 [0m
[0;32mI (506) efuse_init: Chip rev:         v3.1[0m
[0;32mI (511) heap_init: Initializing. RAM available for dynamic allocation:[0m
[0;32mI (518) heap_init: At 3FFAE6E0 len 00001920 (6 KiB): DRAM[0m
[0;32mI (524) heap_init: At 3FFB8748 len 000278B8 (158 KiB): DRAM[0m
[0;32mI (530) heap_init: At 3FFE0440 len 00003AE0 (14 KiB): D/IRAM[0m
[0;32mI (536) heap_init: At 3FFE4350 len 0001BCB0 (111 KiB): D/IRAM[0m
[0;32mI (543) heap_init: At 400983E8 len 00007C18 (31 KiB): IRAM[0m
[0;32mI (551) spi_flash: detected chip: generic[0m
[0;32mI (554) spi_flash: flash io: dio[0m
[0;32mI (559) main_task: Started on CPU0[0m
[0;32mI (569) main_task: Calling app_main()[0m
I (599) wifi:wifi driver task: 3ffc06d4, prio:23, stack:6656, core=0
I (609) wifi:wifi firmware version: ccaebfa
I (609) wifi:wifi certification version: v7.0
I (609) wifi:config NVS flash: enabled
I (609) wifi:config nano formating: disabled
I (609) wifi:Init data frame dynamic rx buffer num: 32
I (619) wifi:Init static rx mgmt buffer num: 5
I (619) wifi:Init management short buffer num: 32
I (629) wifi:Init dynamic tx buffer num: 32
I (629) wifi:Init static rx buffer size: 1600
I (639) wifi:Init static rx buffer num: 10
I (639) wifi:Init dynamic rx buffer num: 32
[0;32mI (639) wifi_init: rx ba win: 6[0m
[0;32mI (649) wifi_init: accept mbox: 6[0m
[0;32mI (649) wifi_init: tcpip mbox: 32[0m
[0;32mI (649) wifi_init: udp mbox: 6[0m
[0;32mI (659) wifi_init: tcp mbox: 6[0m
[0;32mI (659) wifi_init: tcp tx win: 5760[0m
[0;32mI (669) wifi_init: tcp rx win: 5760[0m
[0;32mI (669) wifi_init: tcp mss: 1440[0m
[0;32mI (669) wifi_init: WiFi IRAM OP enabled[0m
[0;32mI (679) wifi_init: WiFi RX IRAM OP enabled[0m
[0;32mI (689) phy_init: phy_version 4830,54550f7,Jun 20 2024,14:22:08[0m
[0;33mW (769) phy_init: saving new calibration data because of checksum failure, mode(0)[0m
I (809) wifi:mode : sta (cc:7b:5c:27:b1:54)
I (809) wifi:enable tsf
I (829) wifi:new:<7,0>, old:<1,0>, ap:<255,255>, sta:<7,0>, prof:1, snd_ch_cfg:0x0
I (829) wifi:state: init -> auth (0xb0)
I (839) wifi:state: auth -> assoc (0x0)
I (889) wifi:state: assoc -> run (0x10)
I (999) wifi:connected with VNPT_Hanh, aid = 6, channel 7, BW20, bssid = 4c:12:e8:76:17:60
I (999) wifi:security: WPA2-PSK, phy: bgn, rssi: -64
I (999) wifi:pm start, type: 1

I (999) wifi:dp: 1, bi: 102400, li: 3, scale listen interval from 307200 us to 307200 us
I (1079) wifi:AP's beacon interval = 102400 us, DTIM period = 1
[0;32mI (1809) mqtts_example: [APP] Free memory: 229932 bytes[0m
[0;32mI (1809) mqtts_example: Other event id:7[0m
[0;32mI (1809) UART SIMSOM: Enable GPS.[0m
[0;32mI (1809) main_task: Returned from app_main()[0m
[0;32mI (1919) mqtts_example: lat is 0.000000 and long is 0.000000[0m
[0;32mI (1919) mqtts_example: GPS Data: 
AT+QGPS=1
+CME ERROR: 504
AT+QGPSLOC=0
+CME ERROR: 516
ï¿½Y
ï¿½ï¿½EMrXï¿½ï¿½ï¿½<{ï¿½|ï¿½ï¿½ï¿½+ï¿½E[ï¿½Yï¿½ï¿½I8L#u	9ï¿½ï¿½ï¿½qï¿½^?ï¿½ï¿½ï¿½ê¼¶ï¿½Wï¿½ï¿½]ï¿½

ï¿½ï¿½ï¿½ï¿½ï¿½ï¿½ï¿½ï¿½O}ï¿½ï¿½~jï¿½asï¿½ï¿½7ï¿½ï¿½&Eï¿½R7ï¿½im#
AqH{ï¿½Gï¿½Uï¿½|1ï¿½Wï¿½ï¿½ï¿½Y-lï¿½ï¿½^xï¿½ï¿½#	ï¿½KN4ï¿½ï¿½X*\ï¿½Mï¿½wDï¿½nï¿½ï¿½ï¿½Qï¿½ï¿½1ï¿½_ï¿½ï¿½9Lï¿½6ï¿½ï¿½ï¿½]ï¿½8 +ï¿½ï¿½rï¿½ï¿½Ý‚ï¿½ï¿½ï¿½wï¿½'[0m
[0;32mI (1939) mqtts_example: GPS json: 
{"latitude": "0.000000", "longtitude": "0.000000"}[0m
[0;31mE (1949) mqtt_client: Client was not initialized[0m
[0;32mI (2009) esp_netif_handlers: sta ip: 192.168.1.7, mask: 255.255.255.0, gw: 192.168.1.1[0m
[0;32mI (2009) WiFi: Got IP: 192.168.1.7[0m
[0;31mE (2549) FreeRTOS: FreeRTOS Task "gps_mqtt" should not return, Aborting now![0m

abort() was called at PC 0x4008af2f on core 0


Backtrace: 0x40081b52:0x3ffcabe0 0x4008a349:0x3ffcac00 0x40092081:0x3ffcac20 0x4008af2f:0x3ffcac90




ELF file SHA256: 5822721de

Rebooting...
ets Jul 29 2019 12:21:46

rst:0xc (SW_CPU_RESET),boot:0x13 (SPI_FAST_FLASH_BOOT)
configsip: 0, SPIWP:0xee
clk_drv:0x00,q_drv:0x00,d_drv:0x00,cs0_drv:0x00,hd_drv:0x00,wp_drv:0x00
mode:DIO, clock div:2
load:0x3fff0030,len:7176
load:0x40078000,len:15564
ho 0 tail 12 room 4
load:0x40080400,len:4
load:0x40080404,len:3904
entry 0x40080640
[0;32mI (31) boot: ESP-IDF v5.3.1-dirty 2nd stage bootloader[0m
[0;32mI (31) boot: compile time Dec 14 2024 11:22:02[0m
[0;32mI (31) boot: Multicore bootloader[0m
[0;32mI (36) boot: chip revision: v3.1[0m
[0;32mI (40) boot.esp32: SPI Speed      : 40MHz[0m
[0;32mI (44) boot.esp32: SPI Mode       : DIO[0m
[0;32mI (49) boot.esp32: SPI Flash Size : 4MB[0m
[0;32mI (53) boot: Enabling RNG early entropy source...[0m
[0;32mI (59) boot: Partition Table:[0m
[0;32mI (62) boot: ## Label            Usage          Type ST Offset   Length[0m
[0;32mI (70) boot:  0 nvs              WiFi data        01 02 00009000 00006000[0m
[0;32mI (77) boot:  1 phy_init         RF data          01 01 0000f000 00001000[0m
[0;32mI (85) boot:  2 factory          factory app      00 00 00010000 00100000[0m
[0;32mI (92) boot: End of partition table[0m
[0;32mI (96) esp_image: segment 0: paddr=00010020 vaddr=3f400020 size=2739ch (160668) map[0m
[0;32mI (160) esp_image: segment 1: paddr=000373c4 vaddr=3ffb0000 size=03f38h ( 16184) load[0m
[0;32mI (166) esp_image: segment 2: paddr=0003b304 vaddr=40080000 size=04d14h ( 19732) load[0m
[0;32mI (174) esp_image: segment 3: paddr=00040020 vaddr=400d0020 size=a3518h (668952) map[0m
[0;32mI (403) esp_image: segment 4: paddr=000e3540 vaddr=40084d14 size=136d4h ( 79572) load[0m
