ets Jul 29 2019 12:21:46

rst:0x1 (POWERON_RESET),boot:0x13 (SPI_FAST_FLASH_BOOT)
configsip: 0, SPIWP:0xee
clk_drv:0x00,q_drv:0x00,d_drv:0x00,cs0_drv:0x00,hd_drv:0x00,wp_drv:0x00
mode:DIO, clock div:2
load:0x3fff0030,len:7176
load:0x40078000,len:15564
ho 0 tail 12 room 4
load:0x40080400,len:4
load:0x40080404,len:3904
entry 0x40080640
[0;32mI (31) boot: ESP-IDF v5.3.1-dirty 2nd stage bootloader[0m
[0;32mI (31) boot: compile time Dec 14 2024 11:22:02[0m
[0;32mI (31) boot: Multicore bootloader[0m
[0;32mI (36) boot: chip revision: v3.1[0m
[0;32mI (40) boot.esp32: SPI Speed      : 40MHz[0m
[0;32mI (44) boot.esp32: SPI Mode       : DIO[0m
[0;32mI (49) boot.esp32: SPI Flash Size : 4MB[0m
[0;32mI (53) boot: Enabling RNG early entropy source...[0m
[0;32mI (59) boot: Partition Table:[0m
[0;32mI (62) boot: ## Label            Usage          Type ST Offset   Length[0m
[0;32mI (70) boot:  0 nvs              WiFi data        01 02 00009000 00006000[0m
[0;32mI (77) boot:  1 phy_init         RF data          01 01 0000f000 00001000[0m
[0;32mI (85) boot:  2 factory          factory app      00 00 00010000 00100000[0m
[0;32mI (92) boot: End of partition table[0m
[0;32mI (96) esp_image: segment 0: paddr=00010020 vaddr=3f400020 size=2736ch (160620) map[0m
[0;32mI (160) esp_image: segment 1: paddr=00037394 vaddr=3ffb0000 size=03f38h ( 16184) load[0m
[0;32mI (166) esp_image: segment 2: paddr=0003b2d4 vaddr=40080000 size=04d44h ( 19780) load[0m
[0;32mI (174) esp_image: segment 3: paddr=00040020 vaddr=400d0020 size=a34e4h (668900) map[0m
[0;32mI (404) esp_image: segment 4: paddr=000e350c vaddr=40084d44 size=136a4h ( 79524) load[0m
[0;32mI (447) boot: Loaded app from partition at offset 0x10000[0m
[0;32mI (447) boot: Disabling RNG early entropy source...[0m
[0;32mI (459) cpu_start: Multicore app[0m
[0;32mI (467) cpu_start: Pro cpu start user code[0m
[0;32mI (468) cpu_start: cpu freq: 160000000 Hz[0m
[0;32mI (468) app_init: Application information:[0m
[0;32mI (470) app_init: Project name:     TEST2[0m
[0;32mI (475) app_init: App version:      1[0m
[0;32mI (480) app_init: Compile time:     Dec 17 2024 17:16:46[0m
[0;32mI (486) app_init: ELF file SHA256:  4a59bc65b...[0m
[0;32mI (491) app_init: ESP-IDF:          v5.3.1-dirty[0m
[0;32mI (496) efuse_init: Min chip rev:     v0.0[0m
[0;32mI (501) efuse_init: Max chip rev:     v3.99 [0m
[0;32mI (506) efuse_init: Chip rev:         v3.1[0m
[0;32mI (511) heap_init: Initializing. RAM available for dynamic allocation:[0m
[0;32mI (518) heap_init: At 3FFAE6E0 len 00001920 (6 KiB): DRAM[0m
[0;32mI (524) heap_init: At 3FFB8750 len 000278B0 (158 KiB): DRAM[0m
[0;32mI (530) heap_init: At 3FFE0440 len 00003AE0 (14 KiB): D/IRAM[0m
[0;32mI (536) heap_init: At 3FFE4350 len 0001BCB0 (111 KiB): D/IRAM[0m
[0;32mI (543) heap_init: At 400983E8 len 00007C18 (31 KiB): IRAM[0m
[0;32mI (551) spi_flash: detected chip: generic[0m
[0;32mI (554) spi_flash: flash io: dio[0m
[0;32mI (559) main_task: Started on CPU0[0m
[0;32mI (569) main_task: Calling app_main()[0m
I (599) wifi:wifi driver task: 3ffc0760, prio:23, stack:6656, core=0
I (609) wifi:wifi firmware version: ccaebfa
I (609) wifi:wifi certification version: v7.0
I (609) wifi:config NVS flash: enabled
I (609) wifi:config nano formating: disabled
I (609) wifi:Init data frame dynamic rx buffer num: 32
I (619) wifi:Init static rx mgmt buffer num: 5
I (619) wifi:Init management short buffer num: 32
I (629) wifi:Init dynamic tx buffer num: 32
I (629) wifi:Init static rx buffer size: 1600
I (639) wifi:Init static rx buffer num: 10
I (639) wifi:Init dynamic rx buffer num: 32
[0;32mI (639) wifi_init: rx ba win: 6[0m
[0;32mI (649) wifi_init: accept mbox: 6[0m
[0;32mI (649) wifi_init: tcpip mbox: 32[0m
[0;32mI (659) wifi_init: udp mbox: 6[0m
[0;32mI (659) wifi_init: tcp mbox: 6[0m
[0;32mI (659) wifi_init: tcp tx win: 5760[0m
[0;32mI (669) wifi_init: tcp rx win: 5760[0m
[0;32mI (669) wifi_init: tcp mss: 1440[0m
[0;32mI (669) wifi_init: WiFi IRAM OP enabled[0m
[0;32mI (679) wifi_init: WiFi RX IRAM OP enabled[0m
[0;32mI (689) phy_init: phy_version 4830,54550f7,Jun 20 2024,14:22:08[0m
I (769) wifi:mode : sta (cc:7b:5c:27:b1:54)
I (779) wifi:enable tsf
I (789) wifi:new:<6,0>, old:<1,0>, ap:<255,255>, sta:<6,0>, prof:1, snd_ch_cfg:0x0
I (789) wifi:state: init -> auth (0xb0)
[0;32mI (1779) mqtts_example: [APP] Free memory: 230712 bytes[0m
[0;32mI (1779) mqtts_example: Other event id:7[0m
[0;31mE (1779) esp-tls: couldn't get hostname for :mqtt.thingsboard.cloud: getaddrinfo() returns 202, addrinfo=0x0[0m
[0;31mE (1789) transport_base: Failed to open a new connection: 32769[0m
[0;31mE (1789) mqtt_client: Error transport connect[0m
[0;32mI (1799) mqtts_example: Other event id:0[0m
[0;32mI (1799) mqtts_example: MQTT_EVENT_DISCONNECTED[0m
I (1789) wifi:state: auth -> init (0x200)
[0;32mI (1809) UART SIMSOM: Enable GPS.[0m
I (1819) wifi:new:<6,0>, old:<6,0>, ap:<255,255>, sta:<6,0>, prof:1, snd_ch_cfg:0x0
[0;32mI (1819) WiFi: Disconnected. Reconnecting...[0m
[0;32mI (1829) main_task: Returned from app_main()[0m
[0;32mI (2839) mqtts_example: Bytes received: 129[0m
[0;32mI (2839) mqtts_example: GPS Data: 
AT+QGPS=1
+CME ERROR: 504
AT+QGPSLOC=0
+QGPSLOC: 080417.00,1052.6137N,10648.5408E,1.25,32.0,3,,0.093,0.051,301224,24

OK
ï¿½ï¿½ï¿½}J6h.~ï¿½ï¿½oï¿½Û¨Vï¿½>,ï¿½,ï¿½Rï¿½ï¿½ï¿½-ï¿½BONï¿½ï¿½.ï¿½4ï¿½ï¿½ï¿½ï¿½iï¿½ï¿½ï¿½jï¿½ï¿½ï¿½ï¿½ï¿½Dï¿½ï¿½ï¿½	ï¿½`mJwEï¿½^!ï¿½ï¿½ï¿½rï¿½(Ù£V'Kï¿½ï¿½Ç€ï¿½ï¿½[Eï¿½ï¿½ï¿½~q=ï¿½ï¿½YpXï¿½ï¿½-ï¿½ï¿½aï¿½rï¿½4ï¿½tï¿½ï¿½wq1ï¿½	m8w*ï¿½ï¿½ï¿½bï¿½ï¿½ï¿½ï¿½ï¿½ï¿½`ï¿½ï¿½{s_ï¿½eVï¿½ï¿½ï¿½|ï¿½ï¿½LBTï¿½ï¿½*%ï¿½,ï¿½f_ÒJxï¿½ILFXÚŽvÍž(ï¿½6Cï¿½gï¿½ï¿½'ï¿½ï¿½ï¿½ï¿½3*ï¿½DhI	cï¿½ï¿½ï¿½a7Û»%ï¿½mPï¿½)Ê™jï¿½qï¿½ï¿½ï¿½ï¿½X_pn>*ï¿½ï¿½]ï¿½ï¿½@Fï¿½Mï¿½,WKï¿½ï¿½<ï¿½Tmï¿½vÇ›ï¿½ï¿½]Cï¿½ï¿½ï¿½ï¿½"ï¿½Gï¿½ï¿½nï¿½Do\ï¿½*ï¿½'ï¿½$ï¿½ï¿½{ï¿½uï¿½Nï¿½ï¿½ï¿½ï¿½ï¿½ï¿½Tï¿½Vï¿½ï¿½ï¿½ï¿½^ï¿½ï¿½ï¿½ï¿½ï¿½ï¿½ï¿½ï¿½ï¿½L5ï¿½
[0;32mI (2879) UART SIMSOM: lat is 10 and long is 106[0m
[0;32mI (2879) mqtts_example: lat is 10.876895 and long is 106.809013[0m
[0;32mI (2889) mqtts_example: GPS Data: 
AT+QGPS=1
+CME ERROR: 504
AT+QGPSLOC=0
+QGPSLOC: 080417.00,1052.6137N,10648.5408E,1.25,32.0,3,,0.093,0.051,301224,24

OK
[0m
[0;32mI (2899) mqtts_example: GPS json: 
{"latitude": "10.876895", "longtitude": "106.809013"} 
 
 
[0m
[0;32mI (4239) WiFi: Disconnected. Reconnecting...[0m
I (4259) wifi:new:<6,0>, old:<6,0>, ap:<255,255>, sta:<6,0>, prof:1, snd_ch_cfg:0x0
I (4259) wifi:state: init -> auth (0xb0)
I (4319) wifi:state: auth -> assoc (0x0)
I (4329) wifi:state: assoc -> run (0x10)
I (4379) wifi:connected with Galaxy A05s 6247, aid = 6, channel 6, BW20, bssid = 2e:94:d7:57:2c:81
I (4379) wifi:security: WPA2-PSK, phy: bgn, rssi: -56
I (4389) wifi:pm start, type: 1

I (4389) wifi:dp: 1, bi: 102400, li: 3, scale listen interval from 307200 us to 307200 us
I (4469) wifi:dp: 2, bi: 102400, li: 4, scale listen interval from 307200 us to 409600 us
I (4469) wifi:AP's beacon interval = 102400 us, DTIM period = 2
[0;32mI (5399) esp_netif_handlers: sta ip: 192.168.51.207, mask: 255.255.255.0, gw: 192.168.51.190[0m
[0;32mI (5399) WiFi: Got IP: 192.168.51.207[0m
[0;32mI (8909) mqtts_example: Bytes received: 0[0m
[0;32mI (8909) mqtts_example: GPS Data: 
AT+QGPS=1
+CME ERROR: 504
AT+QGPSLOC=0
+QGPSLOC: 080417.00,1052.6137N,10648.5408E,1.25,32.0,3,,0.093,0.051,301224,24

OK
[0m
[0;32mI (8919) mqtts_example: No data received from UART[0m
[0;32mI (8919) mqtts_example: GPS Data: 
AT+QGPS=1
+CME ERROR: 504
AT+QGPSLOC=0
+QGPSLOC: 080417.00,1052.6137N,10648.5408E,1.25,32.0,3,,0.093,0.051,301224,24

OK

[0m
[0;32mI (11809) mqtts_example: Other event id:7[0m
I (12149) wifi:<ba-add>idx:0 (ifx:0, 2e:94:d7:57:2c:81), tid:0, ssn:3, winSize:64
[0;32mI (13229) mqtts_example: MQTT_EVENT_CONNECTED[0m
[0;32mI (13239) mqtts_example: sent subscribe successful, msg_id=58882[0m
[0;32mI (13799) mqtts_example: Other event id:3[0m
[0;32mI (14409) mqtts_example: Other event id:5[0m
[0;32mI (14939) mqtts_example: Bytes received: 0[0m
[0;32mI (14939) mqtts_example: GPS Data: 
AT+QGPS=1
+CME ERROR: 504
AT+QGPSLOC=0
+QGPSLOC: 080417.00,1052.6137N,10648.5408E,1.25,32.0,3,,0.093,0.051,301224,24

OK
[0m
[0;32mI (14949) mqtts_example: No data received from UART[0m
[0;32mI (14949) mqtts_example: GPS Data: 
AT+QGPS=1
+CME ERROR: 504
AT+QGPSLOC=0
+QGPSLOC: 080417.00,1052.6137N,10648.5408E,1.25,32.0,3,,0.093,0.051,301224,24

OK

[0m
[0;32mI (20969) mqtts_example: Bytes received: 0[0m
[0;32mI (20969) mqtts_example: GPS Data: 
AT+QGPS=1
+CME ERROR: 504
AT+QGPSLOC=0
+QGPSLOC: 080417.00,1052.6137N,10648.5408E,1.25,32.0,3,,0.093,0.051,301224,24

OK
[0m
[0;32mI (20979) mqtts_example: No data received from UART[0m
[0;32mI (20979) mqtts_example: GPS Data: 
AT+QGPS=1
+CME ERROR: 504
AT+QGPSLOC=0
+QGPSLOC: 080417.00,1052.6137N,10648.5408E,1.25,32.0,3,,0.093,0.051,301224,24

OK

[0m
[0;32mI (26999) mqtts_example: Bytes received: 0[0m
[0;32mI (26999) mqtts_example: GPS Data: 
AT+QGPS=1
+CME ERROR: 504
AT+QGPSLOC=0
+QGPSLOC: 080417.00,1052.6137N,10648.5408E,1.25,32.0,3,,0.093,0.051,301224,24

OK
[0m
[0;32mI (27009) mqtts_example: No data received from UART[0m
[0;32mI (27009) mqtts_example: GPS Data: 
AT+QGPS=1
+CME ERROR: 504
AT+QGPSLOC=0
+QGPSLOC: 080417.00,1052.6137N,10648.5408E,1.25,32.0,3,,0.093,0.051,301224,24

OK

[0m
[0;32mI (33029) mqtts_example: Bytes received: 0[0m
[0;32mI (33029) mqtts_example: GPS Data: 
AT+QGPS=1
+CME ERROR: 504
AT+QGPSLOC=0
+QGPSLOC: 080417.00,1052.6137N,10648.5408E,1.25,32.0,3,,0.093,0.051,301224,24

OK
[0m
[0;32mI (33039) mqtts_example: No data received from UART[0m
[0;32mI (33039) mqtts_example: GPS Data: 
AT+QGPS=1
+CME ERROR: 504
AT+QGPSLOC=0
+QGPSLOC: 080417.00,1052.6137N,10648.5408E,1.25,32.0,3,,0.093,0.051,301224,24

OK

[0m
[0;32mI (39059) mqtts_example: Bytes received: 0[0m
[0;32mI (39059) mqtts_example: GPS Data: 
AT+QGPS=1
+CME ERROR: 504
AT+QGPSLOC=0
+QGPSLOC: 080417.00,1052.6137N,10648.5408E,1.25,32.0,3,,0.093,0.051,301224,24

OK
[0m
[0;32mI (39069) mqtts_example: No data received from UART[0m
[0;32mI (39069) mqtts_example: GPS Data: 
AT+QGPS=1
+CME ERROR: 504
AT+QGPSLOC=0
+QGPSLOC: 080417.00,1052.6137N,10648.5408E,1.25,32.0,3,,0.093,0.051,301224,24

OK

[0m
