ets Jul 29 2019 12:21:46

rst:0x1 (POWERON_RESET),boot:0x13 (SPI_FAST_FLASH_BOOT)
configsip: 0, SPIWP:0xee
clk_drv:0x00,q_drv:0x00,d_drv:0x00,cs0_drv:0x00,hd_drv:0x00,wp_drv:0x00
mode:DIO, clock div:2
load:0x3fff0030,len:7176
load:0x40078000,len:15564
ho 0 tail 12 room 4
load:0x40080400,len:4
load:0x40080404,len:3904
entry 0x40080640
[0;32mI (31) boot: ESP-IDF v5.3.1-dirty 2nd stage bootloader[0m
[0;32mI (31) boot: compile time Dec 14 2024 11:22:02[0m
[0;32mI (31) boot: Multicore bootloader[0m
[0;32mI (36) boot: chip revision: v3.1[0m
[0;32mI (40) boot.esp32: SPI Speed      : 40MHz[0m
[0;32mI (44) boot.esp32: SPI Mode       : DIO[0m
[0;32mI (49) boot.esp32: SPI Flash Size : 4MB[0m
[0;32mI (53) boot: Enabling RNG early entropy source...[0m
[0;32mI (59) boot: Partition Table:[0m
[0;32mI (62) boot: ## Label            Usage          Type ST Offset   Length[0m
[0;32mI (70) boot:  0 nvs              WiFi data        01 02 00009000 00006000[0m
[0;32mI (77) boot:  1 phy_init         RF data          01 01 0000f000 00001000[0m
[0;32mI (85) boot:  2 factory          factory app      00 00 00010000 00100000[0m
[0;32mI (92) boot: End of partition table[0m
[0;32mI (96) esp_image: segment 0: paddr=00010020 vaddr=3f400020 size=25afch (154364) map[0m
[0;32mI (158) esp_image: segment 1: paddr=00035b24 vaddr=3ffb0000 size=03ee0h ( 16096) load[0m
[0;32mI (164) esp_image: segment 2: paddr=00039a0c vaddr=40080000 size=0660ch ( 26124) load[0m
[0;32mI (174) esp_image: segment 3: paddr=00040020 vaddr=400d0020 size=a0424h (656420) map[0m
[0;32mI (400) esp_image: segment 4: paddr=000e044c vaddr=4008660c size=10eech ( 69356) load[0m
[0;32mI (439) boot: Loaded app from partition at offset 0x10000[0m
[0;32mI (439) boot: Disabling RNG early entropy source...[0m
[0;32mI (451) cpu_start: Multicore app[0m
[0;32mI (459) cpu_start: Pro cpu start user code[0m
[0;32mI (459) cpu_start: cpu freq: 160000000 Hz[0m
[0;32mI (459) app_init: Application information:[0m
[0;32mI (462) app_init: Project name:     TEST2[0m
[0;32mI (467) app_init: App version:      1[0m
[0;32mI (471) app_init: Compile time:     Dec 17 2024 17:16:46[0m
[0;32mI (477) app_init: ELF file SHA256:  afbd7d618...[0m
[0;32mI (482) app_init: ESP-IDF:          v5.3.1-dirty[0m
[0;32mI (488) efuse_init: Min chip rev:     v0.0[0m
[0;32mI (492) efuse_init: Max chip rev:     v3.99 [0m
[0;32mI (497) efuse_init: Chip rev:         v3.1[0m
[0;32mI (503) heap_init: Initializing. RAM available for dynamic allocation:[0m
[0;32mI (510) heap_init: At 3FFAE6E0 len 00001920 (6 KiB): DRAM[0m
[0;32mI (516) heap_init: At 3FFB87F0 len 00027810 (158 KiB): DRAM[0m
[0;32mI (522) heap_init: At 3FFE0440 len 00003AE0 (14 KiB): D/IRAM[0m
[0;32mI (528) heap_init: At 3FFE4350 len 0001BCB0 (111 KiB): D/IRAM[0m
[0;32mI (535) heap_init: At 400974F8 len 00008B08 (34 KiB): IRAM[0m
[0;32mI (542) spi_flash: detected chip: generic[0m
[0;32mI (545) spi_flash: flash io: dio[0m
[0;32mI (550) main_task: Started on CPU0[0m
[0;32mI (560) main_task: Calling app_main()[0m
I (590) wifi:wifi driver task: 3ffc077c, prio:23, stack:6656, core=0
I (600) wifi:wifi firmware version: ccaebfa
I (600) wifi:wifi certification version: v7.0
I (600) wifi:config NVS flash: enabled
I (600) wifi:config nano formating: disabled
I (610) wifi:Init data frame dynamic rx buffer num: 32
I (610) wifi:Init static rx mgmt buffer num: 5
I (610) wifi:Init management short buffer num: 32
I (620) wifi:Init dynamic tx buffer num: 32
I (620) wifi:Init static rx buffer size: 1600
I (630) wifi:Init static rx buffer num: 10
I (630) wifi:Init dynamic rx buffer num: 32
[0;32mI (640) wifi_init: rx ba win: 6[0m
[0;32mI (640) wifi_init: accept mbox: 6[0m
[0;32mI (640) wifi_init: tcpip mbox: 32[0m
[0;32mI (650) wifi_init: udp mbox: 6[0m
[0;32mI (650) wifi_init: tcp mbox: 6[0m
[0;32mI (650) wifi_init: tcp tx win: 5760[0m
[0;32mI (660) wifi_init: tcp rx win: 5760[0m
[0;32mI (660) wifi_init: tcp mss: 1440[0m
[0;32mI (670) wifi_init: WiFi IRAM OP enabled[0m
[0;32mI (670) wifi_init: WiFi RX IRAM OP enabled[0m
[0;32mI (680) phy_init: phy_version 4830,54550f7,Jun 20 2024,14:22:08[0m
I (770) wifi:mode : sta (cc:7b:5c:27:b1:54)
I (770) wifi:enable tsf
I (800) wifi:new:<6,0>, old:<1,0>, ap:<255,255>, sta:<6,0>, prof:1, snd_ch_cfg:0x0
I (800) wifi:state: init -> auth (0xb0)
I (860) wifi:state: auth -> assoc (0x0)
I (880) wifi:state: assoc -> run (0x10)
I (940) wifi:connected with 9999, aid = 1, channel 6, BW20, bssid = 00:c8:96:7e:b6:21
I (940) wifi:security: WPA2-PSK, phy: bgn, rssi: -53
I (940) wifi:pm start, type: 1

I (940) wifi:dp: 1, bi: 102400, li: 3, scale listen interval from 307200 us to 307200 us
I (950) wifi:AP's beacon interval = 102400 us, DTIM period = 1
I (980) wifi:<ba-add>idx:0 (ifx:0, 00:c8:96:7e:b6:21), tid:7, ssn:0, winSize:64
[0;32mI (1770) mqtts_example: [APP] Free memory: 229828 bytes[0m
[0;32mI (1770) mqtts_example: Other event id:7[0m
[0;32mI (1770) mqtts_example: [APP] Free memory: 221792 bytes[0m
[0;32mI (1770) mqtts_example: Other event id:7[0m
[0;32mI (1780) mqtts_example: [APP] Free memory: 213868 bytes[0m
[0;32mI (1780) mqtts_example: Other event id:7[0m
[0;32mI (1790) mqtts_example: [APP] Free memory: 205944 bytes[0m
[0;32mI (1790) mqtts_example: Other event id:7[0m
[0;32mI (1800) mqtts_example: [APP] Free memory: 198020 bytes[0m
[0;32mI (1800) mqtts_example: Other event id:7[0m
[0;31mE (1810) esp-tls: couldn't get hostname for :mqtt.thingsboard.cloud: getaddrinfo() returns 202, addrinfo=0x0[0m
[0;31mE (1820) transport_base: Failed to open a new connection: 32769[0m
[0;31mE (1820) mqtt_client: Error transport connect[0m
[0;32mI (1830) mqtts_example: Other event id:0[0m
[0;32mI (1830) mqtts_example: MQTT_EVENT_DISCONNECTED[0m
[0;32mI (1840) mqtts_example: [APP] Free memory: 190124 bytes[0m
[0;32mI (1850) mqtts_example: Other event id:7[0m
[0;31mE (1850) esp-tls: couldn't get hostname for :mqtt.thingsboard.cloud: getaddrinfo() returns 202, addrinfo=0x0[0m
[0;31mE (1860) transport_base: Failed to open a new connection: 32769[0m
[0;31mE (1870) mqtt_client: Error transport connect[0m
[0;32mI (1870) mqtts_example: Other event id:0[0m
[0;32mI (1880) mqtts_example: MQTT_EVENT_DISCONNECTED[0m
[0;32mI (1880) mqtts_example: [APP] Free memory: 182228 bytes[0m
[0;32mI (1890) mqtts_example: Other event id:7[0m
[0;31mE (1890) esp-tls: couldn't get hostname for :mqtt.thingsboard.cloud: getaddrinfo() returns 202, addrinfo=0x0[0m
[0;31mE (1900) transport_base: Failed to open a new connection: 32769[0m
[0;31mE (1910) mqtt_client: Error transport connect[0m
[0;32mI (1910) mqtts_example: Other event id:0[0m
[0;32mI (1920) mqtts_example: MQTT_EVENT_DISCONNECTED[0m
[0;32mI (1920) mqtts_example: [APP] Free memory: 174332 bytes[0m

***ERROR*** A stack overflow in task main has been detected.


Backtrace: 0x40081a52:0x3ffb9fb0 0x40089535:0x3ffb9fd0 0x4008a42e:0x3ffb9ff0 0x4008b767:0x3ffba070 0x4008a538:0x3ffba090 0x4008a4ea:0x3ffba0b0 0x00060f1d:0x00000000 |<-CORRUPTED




ELF file SHA256: afbd7d618

Rebooting...
ets Jul 29 2019 12:21:46

rst:0xc (SW_CPU_RESET),boot:0x13 (SPI_FAST_FLASH_BOOT)
configsip: 0, SPIWP:0xee
clk_drv:0x00,q_drv:0x00,d_drv:0x00,cs0_drv:0x00,hd_drv:0x00,wp_drv:0x00
mode:DIO, clock div:2
load:0x3fff0030,len:7176
load:0x40078000,len:15564
ho 0 tail 12 room 4
load:0x40080400,len:4
load:0x40080404,len:3904
entry 0x40080640
[0;32mI (31) boot: ESP-IDF v5.3.1-dirty 2nd stage bootloader[0m
[0;32mI (31) boot: compile time Dec 14 2024 11:22:02[0m
[0;32mI (31) boot: Multicore bootloader[0m
[0;32mI (36) boot: chip revision: v3.1[0m
[0;32mI (40) boot.esp32: SPI Speed      : 40MHz[0m
[0;32mI (44) boot.esp32: SPI Mode       : DIO[0m
[0;32mI (49) boot.esp32: SPI Flash Size : 4MB[0m
[0;32mI (53) boot: Enabling RNG early entropy source...[0m
[0;32mI (59) boot: Partition Table:[0m
[0;32mI (62) boot: ## Label            Usage          Type ST Offset   Length[0m
[0;32mI (70) boot:  0 nvs              WiFi data        01 02 00009000 00006000[0m
[0;32mI (77) boot:  1 phy_init         RF data          01 01 0000f000 00001000[0m
[0;32mI (85) boot:  2 factory          factory app      00 00 00010000 00100000[0m
[0;32mI (92) boot: End of partition table[0m
[0;32mI (96) esp_image: segment 0: paddr=00010020 vaddr=3f400020 size=25afch (154364) map[0m
[0;32mI (158) esp_image: segment 1: paddr=00035b24 vaddr=3ffb0000 size=03ee0h ( 16096) load[0m
[0;32mI (164) esp_image: segment 2: paddr=00039a0c vaddr=40080000 size=0660ch ( 26124) load[0m
[0;32mI (174) esp_image: segment 3: paddr=00040020 vaddr=400d0020 size=a0424h (656420) map[0m
[0;32mI (399) esp_image: segment 4: paddr=000e044c vaddr=4008660c size=10eech ( 69356) load[0m
[0;32mI (439) boot: Loaded app from partition at offset 0x10000[0m
[0;32mI (439) boot: Disabling RNG early entropy source...[0m
[0;32mI (451) cpu_start: Multicore app[0m
[0;32mI (459) cpu_start: Pro cpu start user code[0m
[0;32mI (459) cpu_start: cpu freq: 160000000 Hz[0m
[0;32mI (459) app_init: Application information:[0m
[0;32mI (462) app_init: Project name:     TEST2[0m
[0;32mI (467) app_init: App version:      1[0m
[0;32mI (471) app_init: Compile time:     Dec 17 2024 17:16:46[0m
[0;32mI (477) app_init: ELF file SHA256:  afbd7d618...[0m
[0;32mI (482) app_init: ESP-IDF:          v5.3.1-dirty[0m
[0;32mI (488) efuse_init: Min chip rev:     v0.0[0m
[0;32mI (492) efuse_init: Max chip rev:     v3.99 [0m
[0;32mI (497) efuse_init: Chip rev:         v3.1[0m
[0;32mI (502) heap_init: Initializing. RAM available for dynamic allocation:[0m
[0;32mI (510) heap_init: At 3FFAE6E0 len 00001920 (6 KiB): DRAM[0m
[0;32mI (515) heap_init: At 3FFB87F0 len 00027810 (158 KiB): DRAM[0m
[0;32mI (522) heap_init: At 3FFE0440 len 00003AE0 (14 KiB): D/IRAM[0m
[0;32mI (528) heap_init: At 3FFE4350 len 0001BCB0 (111 KiB): D/IRAM[0m
[0;32mI (534) heap_init: At 400974F8 len 00008B08 (34 KiB): IRAM[0m
[0;32mI (542) spi_flash: detected chip: generic[0m
[0;32mI (545) spi_flash: flash io: dio[0m
[0;32mI (550) main_task: Started on CPU0[0m
[0;32mI (560) main_task: Calling app_main()[0m
I (590) wifi:wifi driver task: 3ffc077c, prio:23, stack:6656, core=0
I (600) wifi:wifi firmware version: ccaebfa
I (600) wifi:wifi certification version: v7.0
I (600) wifi:config NVS flash: enabled
I (600) wifi:config nano formating: disabled
I (610) wifi:Init data frame dynamic rx buffer num: 32
I (610) wifi:Init static rx mgmt buffer num: 5
I (610) wifi:Init management short buffer num: 32
I (620) wifi:Init dynamic tx buffer num: 32
I (620) wifi:Init static rx buffer size: 1600
I (630) wifi:Init static rx buffer num: 10
I (630) wifi:Init dynamic rx buffer num: 32
[0;32mI (640) wifi_init: rx ba win: 6[0m
[0;32mI (640) wifi_init: accept mbox: 6[0m
[0;32mI (640) wifi_init: tcpip mbox: 32[0m
[0;32mI (650) wifi_init: udp mbox: 6[0m
[0;32mI (650) wifi_init: tcp mbox: 6[0m
[0;32mI (650) wifi_init: tcp tx win: 5760[0m
[0;32mI (660) wifi_init: tcp rx win: 5760[0m
[0;32mI (660) wifi_init: tcp mss: 1440[0m
[0;32mI (670) wifi_init: WiFi IRAM OP enabled[0m
[0;32mI (670) wifi_init: WiFi RX IRAM OP enabled[0m
[0;32mI (680) phy_init: phy_version 4830,54550f7,Jun 20 2024,14:22:08[0m
[0;33mW (760) phy_init: saving new calibration data because of checksum failure, mode(0)[0m
I (800) wifi:mode : sta (cc:7b:5c:27:b1:54)
I (800) wifi:enable tsf
I (820) wifi:new:<6,0>, old:<1,0>, ap:<255,255>, sta:<6,0>, prof:1, snd_ch_cfg:0x0
I (820) wifi:state: init -> auth (0xb0)
I (860) wifi:state: auth -> assoc (0x0)
I (890) wifi:state: assoc -> run (0x10)
I (940) wifi:connected with 9999, aid = 1, channel 6, BW20, bssid = 00:c8:96:7e:b6:21
I (940) wifi:security: WPA2-PSK, phy: bgn, rssi: -53
I (940) wifi:pm start, type: 1

I (940) wifi:dp: 1, bi: 102400, li: 3, scale listen interval from 307200 us to 307200 us
I (960) wifi:<ba-add>idx:0 (ifx:0, 00:c8:96:7e:b6:21), tid:7, ssn:0, winSize:64
I (1020) wifi:AP's beacon interval = 102400 us, DTIM period = 1
[0;32mI (1800) mqtts_example: [APP] Free memory: 229692 bytes[0m
[0;32mI (1800) mqtts_example: Other event id:7[0m
[0;32mI (1800) mqtts_example: [APP] Free memory: 221660 bytes[0m
[0;32mI (1800) mqtts_example: Other event id:7[0m
[0;32mI (1810) mqtts_example: [APP] Free memory: 213736 bytes[0m
[0;32mI (1810) mqtts_example: Other event id:7[0m
[0;32mI (1820) mqtts_example: [APP] Free memory: 205812 bytes[0m
[0;32mI (1820) mqtts_example: Other event id:7[0m
[0;32mI (1830) mqtts_example: [APP] Free memory: 197888 bytes[0m
[0;32mI (1830) mqtts_example: Other event id:7[0m
[0;31mE (1840) esp-tls: couldn't get hostname for :mqtt.thingsboard.cloud: getaddrinfo() returns 202, addrinfo=0x0[0m
[0;31mE (1850) transport_base: Failed to open a new connection: 32769[0m
[0;31mE (1850) mqtt_client: Error transport connect[0m
[0;32mI (1860) mqtts_example: Other event id:0[0m
[0;32mI (1860) mqtts_example: MQTT_EVENT_DISCONNECTED[0m
[0;32mI (1870) mqtts_example: [APP] Free memory: 189992 bytes[0m
[0;32mI (1880) mqtts_example: Other event id:7[0m
[0;31mE (1880) esp-tls: couldn't get hostname for :mqtt.thingsboard.cloud: getaddrinfo() returns 202, addrinfo=0x0[0m
[0;31mE (1890) transport_base: Failed to open a new connection: 32769[0m
[0;31mE (1900) mqtt_client: Error transport connect[0m
[0;32mI (1900) mqtts_example: Other event id:0[0m
[0;32mI (1910) mqtts_example: MQTT_EVENT_DISCONNECTED[0m
[0;32mI (1910) mqtts_example: [APP] Free memory: 182096 bytes[0m
[0;32mI (1920) mqtts_example: Other event id:7[0m
[0;31mE (1920) esp-tls: couldn't get hostname for :mqtt.thingsboard.cloud: getaddrinfo() returns 202, addrinfo=0x0[0m
[0;31mE (1930) transport_base: Failed to open a new connection: 32769[0m
[0;31mE (1940) mqtt_client: Error transport connect[0m
[0;32mI (1940) mqtts_example: Other event id:0[0m
[0;32mI (1950) esp_netif_handlers: sta ip: 192.168.1.179, mask: 255.255.255.0, gw: 192.168.1.1[0m
[0;32mI (1950) mqtts_example: MQTT_EVENT_DISCONNECTED[0m
[0;32mI (1960) WiFi: Got IP: 192.168.1.179[0m
[0;32mI (1950) mqtts_example: [APP] Free memory: 173952 bytes[0m

***ERROR*** A stack overflow in task main has been detected.


Backtrace: 0x40081a52:0x3ffb9fb0 0x40089535:0x3ffb9fd0 0x4008a42e:0x3ffb9ff0 0x4008b767:0x3ffba070 0x4008a538:0x3ffba090 0x4008a4ea:0x3ffba0b0 0x00060d1d:0x00000000 |<-CORRUPTED




ELF file SHA256: afbd7d618

Rebooting...
ets Jul 29 2019 12:21:46

rst:0xc (SW_CPU_RESET),boot:0x13 (SPI_FAST_FLASH_BOOT)
configsip: 0, SPIWP:0xee
clk_drv:0x00,q_drv:0x00,d_drv:0x00,cs0_drv:0x00,hd_drv:0x00,wp_drv:0x00
mode:DIO, clock div:2
load:0x3fff0030,len:7176
load:0x40078000,len:15564
ho 0 tail 12 room 4
load:0x40080400,len:4
load:0x40080404,len:3904
entry 0x40080640
[0;32mI (31) boot: ESP-IDF v5.3.1-dirty 2nd stage bootloader[0m
[0;32mI (31) boot: compile time Dec 14 2024 11:22:02[0m
[0;32mI (31) boot: Multicore bootloader[0m
[0;32mI (36) boot: chip revision: v3.1[0m
[0;32mI (40) boot.esp32: SPI Speed      : 40MHz[0m
[0;32mI (44) boot.esp32: SPI Mode       : DIO[0m
[0;32mI (49) boot.esp32: SPI Flash Size : 4MB[0m
[0;32mI (53) boot: Enabling RNG early entropy source...[0m
[0;32mI (59) boot: Partition Table:[0m
[0;32mI (62) boot: ## Label            Usage          Type ST Offset   Length[0m
[0;32mI (70) boot:  0 nvs              WiFi data        01 02 00009000 00006000[0m
[0;32mI (77) boot:  1 phy_init         RF data          01 01 0000f000 00001000[0m
[0;32mI (85) boot:  2 factory          factory app      00 00 00010000 00100000[0m
[0;32mI (92) boot: End of partition table[0m
[0;32mI (96) esp_image: segment 0: paddr=00010020 vaddr=3f400020 size=25afch (154364) map[0m
[0;32mI (158) esp_image: segment 1: paddr=00035b24 vaddr=3ffb0000 size=03ee0h ( 16096) load[0m
[0;32mI (164) esp_image: segment 2: paddr=00039a0c vaddr=40080000 size=0660ch ( 26124) load[0m
[0;32mI (174) esp_image: segment 3: paddr=00040020 vaddr=400d0020 size=a0424h (656420) map[0m
[0;32mI (399) esp_image: segment 4: paddr=000e044c vaddr=4008660c size=10eech ( 69356) load[0m
[0;32mI (439) boot: Loaded app from partition at offset 0x10000[0m
[0;32mI (439) boot: Disabling RNG early entropy source...[0m
[0;32mI (451) cpu_start: Multicore app[0m
[0;32mI (459) cpu_start: Pro cpu start user code[0m
[0;32mI (459) cpu_start: cpu freq: 160000000 Hz[0m
[0;32mI (459) app_init: Application information:[0m
[0;32mI (462) app_init: Project name:     TEST2[0m
[0;32mI (467) app_init: App version:      1[0m
[0;32mI (471) app_init: Compile time:     Dec 17 2024 17:16:46[0m
[0;32mI (477) app_init: ELF file SHA256:  afbd7d618...[0m
[0;32mI (482) app_init: ESP-IDF:          v5.3.1-dirty[0m
[0;32mI (488) efuse_init: Min chip rev:     v0.0[0m
[0;32mI (492) efuse_init: Max chip rev:     v3.99 [0m
[0;32mI (497) efuse_init: Chip rev:         v3.1[0m
[0;32mI (502) heap_init: Initializing. RAM available for dynamic allocation:[0m
[0;32mI (510) heap_init: At 3FFAE6E0 len 00001920 (6 KiB): DRAM[0m
[0;32mI (515) heap_init: At 3FFB87F0 len 00027810 (158 KiB): DRAM[0m
[0;32mI (522) heap_init: At 3FFE0440 len 00003AE0 (14 KiB): D/IRAM[0m
[0;32mI (528) heap_init: At 3FFE4350 len 0001BCB0 (111 KiB): D/IRAM[0m
[0;32mI (534) heap_init: At 400974F8 len 00008B08 (34 KiB): IRAM[0m
[0;32mI (542) spi_flash: detected chip: generic[0m
[0;32mI (545) spi_flash: flash io: dio[0m
[0;32mI (550) main_task: Started on CPU0[0m
[0;32mI (560) main_task: Calling app_main()[0m
I (590) wifi:wifi driver task: 3ffc0800, prio:23, stack:6656, core=0
I (600) wifi:wifi firmware version: ccaebfa
I (600) wifi:wifi certification version: v7.0
I (600) wifi:config NVS flash: enabled
I (600) wifi:config nano formating: disabled
I (610) wifi:Init data frame dynamic rx buffer num: 32
I (610) wifi:Init static rx mgmt buffer num: 5
I (610) wifi:Init management short buffer num: 32
I (620) wifi:Init dynamic tx buffer num: 32
I (620) wifi:Init static rx buffer size: 1600
I (630) wifi:Init static rx buffer num: 10
I (630) wifi:Init dynamic rx buffer num: 32
[0;32mI (640) wifi_init: rx ba win: 6[0m
[0;32mI (640) wifi_init: accept mbox: 6[0m
[0;32mI (640) wifi_init: tcpip mbox: 32[0m
[0;32mI (650) wifi_init: udp mbox: 6[0m
[0;32mI (650) wifi_init: tcp mbox: 6[0m
[0;32mI (650) wifi_init: tcp tx win: 5760[0m
[0;32mI (660) wifi_init: tcp rx win: 5760[0m
[0;32mI (660) wifi_init: tcp mss: 1440[0m
[0;32mI (670) wifi_init: WiFi IRAM OP enabled[0m
[0;32mI (670) wifi_init: WiFi RX IRAM OP enabled[0m
[0;32mI (680) phy_init: phy_version 4830,54550f7,Jun 20 2024,14:22:08[0m
[0;33mW (760) phy_init: saving new calibration data because of checksum failure, mode(0)[0m
I (790) wifi:mode : sta (cc:7b:5c:27:b1:54)
I (790) wifi:enable tsf
I (810) wifi:new:<6,0>, old:<1,0>, ap:<255,255>, sta:<6,0>, prof:1, snd_ch_cfg:0x0
I (810) wifi:state: init -> auth (0xb0)
I (860) wifi:state: auth -> assoc (0x0)
I (890) wifi:state: assoc -> run (0x10)
I (930) wifi:connected with 9999, aid = 1, channel 6, BW20, bssid = 00:c8:96:7e:b6:21
I (930) wifi:security: WPA2-PSK, phy: bgn, rssi: -55
I (930) wifi:pm start, type: 1

I (930) wifi:dp: 1, bi: 102400, li: 3, scale listen interval from 307200 us to 307200 us
I (950) wifi:AP's beacon interval = 102400 us, DTIM period = 1
I (960) wifi:<ba-add>idx:0 (ifx:0, 00:c8:96:7e:b6:21), tid:7, ssn:0, winSize:64
[0;32mI (1790) mqtts_example: [APP] Free memory: 229696 bytes[0m
[0;32mI (1790) mqtts_example: Other event id:7[0m
[0;32mI (1790) mqtts_example: [APP] Free memory: 221660 bytes[0m
[0;32mI (1790) mqtts_example: Other event id:7[0m
[0;32mI (1800) mqtts_example: [APP] Free memory: 213736 bytes[0m
[0;32mI (1800) mqtts_example: Other event id:7[0m
[0;32mI (1810) mqtts_example: [APP] Free memory: 205812 bytes[0m
[0;32mI (1810) mqtts_example: Other event id:7[0m
[0;32mI (1820) mqtts_example: [APP] Free memory: 197888 bytes[0m
[0;32mI (1820) mqtts_example: Other event id:7[0m
[0;31mE (1830) esp-tls: couldn't get hostname for :mqtt.thingsboard.cloud: getaddrinfo() returns 202, addrinfo=0x0[0m
[0;31mE (1840) transport_base: Failed to open a new connection: 32769[0m
[0;31mE (1840) mqtt_client: Error transport connect[0m
[0;32mI (1850) mqtts_example: Other event id:0[0m
[0;32mI (1850) mqtts_example: MQTT_EVENT_DISCONNECTED[0m
[0;32mI (1860) mqtts_example: [APP] Free memory: 189992 bytes[0m
[0;32mI (1870) mqtts_example: Other event id:7[0m
[0;31mE (1870) esp-tls: couldn't get hostname for :mqtt.thingsboard.cloud: getaddrinfo() returns 202, addrinfo=0x0[0m
[0;32mI (1880) mqtts_example: [APP] Free memory: 182068 bytes[0m
[0;31mE (1880) transport_base: Failed to open a new connection: 32769[0m
[0;31mE (1890) mqtt_client: Error transport connect[0m
[0;32mI (1900) mqtts_example: Other event id:0[0m
[0;32mI (1900) mqtts_example: MQTT_EVENT_DISCONNECTED[0m
[0;32mI (1910) mqtts_example: Other event id:7[0m
[0;31mE (1910) esp-tls: couldn't get hostname for :mqtt.thingsboard.cloud: getaddrinfo() returns 202, addrinfo=0x0[0m
[0;31mE (1920) transport_base: Failed to open a new connection: 32769[0m
[0;31mE (1930) mqtt_client: Error transport connect[0m
[0;32mI (1930) mqtts_example: Other event id:0[0m
[0;32mI (1940) esp_netif_handlers: sta ip: 192.168.1.179, mask: 255.255.255.0, gw: 192.168.1.1[0m
[0;32mI (1940) mqtts_example: MQTT_EVENT_DISCONNECTED[0m
[0;32mI (1950) WiFi: Got IP: 192.168.1.179[0m
[0;32mI (1940) mqtts_example: [APP] Free memory: 174124 bytes[0m

***ERROR*** A stack overflow in task main has been detected.


Backtrace: 0x40081a52:0x3ffb9fb0 0x40089535:0x3ffb9fd0 0x4008a42e:0x3ffb9ff0 0x4008b767:0x3ffba070 0x4008a538:0x3ffba090 0x4008a4ea:0x3ffba0b0 0x00060f1d:0x00000000 |<-CORRUPTED




ELF file SHA256: afbd7d618

Rebooting...
ets Jul 29 2019 12:21:46

rst:0xc (SW_CPU_RESET),boot:0x13 (SPI_FAST_FLASH_BOOT)
configsip: 0, SPIWP:0xee
clk_drv:0x00,q_drv:0x00,d_drv:0x00,cs0_drv:0x00,hd_drv:0x00,wp_drv:0x00
mode:DIO, clock div:2
load:0x3fff0030,len:7176
load:0x40078000,len:15564
ho 0 tail 12 room 4
load:0x40080400,len:4
load:0x40080404,len:3904
entry 0x40080640
[0;32mI (31) boot: ESP-IDF v5.3.1-dirty 2nd stage bootloader[0m
[0;32mI (31) boot: compile time Dec 14 2024 11:22:02[0m
[0;32mI (31) boot: Multicore bootloader[0m
[0;32mI (36) boot: chip revision: v3.1[0m
[0;32mI (40) boot.esp32: SPI Speed      : 40MHz[0m
[0;32mI (44) boot.esp32: SPI Mode       : DIO[0m
[0;32mI (49) boot.esp32: SPI Flash Size : 4MB[0m
[0;32mI (53) boot: Enabling RNG early entropy source...[0m
[0;32mI (59) boot: Partition Table:[0m
[0;32mI (62) boot: ## Label            Usage          Type ST Offset   Length[0m
[0;32mI (70) boot:  0 nvs              WiFi data        01 02 00009000 00006000[0m
[0;32mI (77) boot:  1 phy_init         RF data          01 01 0000f000 00001000[0m
[0;32mI (85) boot:  2 factory          factory app      00 00 00010000 00100000[0m
[0;32mI (92) boot: End of partition table[0m
[0;32mI (96) esp_image: segment 0: paddr=00010020 vaddr=3f400020 size=25afch (154364) map[0m
[0;32mI (158) esp_image: segment 1: paddr=00035b24 vaddr=3ffb0000 size=03ee0h ( 16096) load[0m
[0;32mI (164) esp_image: segment 2: paddr=00039a0c vaddr=40080000 size=0660ch ( 26124) load[0m
[0;32mI (174) esp_image: segment 3: paddr=00040020 vaddr=400d0020 size=a0424h (656420) map[0m
[0;32mI (399) esp_image: segment 4: paddr=000e044c vaddr=4008660c size=10eech ( 69356) load[0m
[0;32mI (439) boot: Loaded app from partition at offset 0x10000[0m
[0;32mI (439) boot: Disabling RNG early entropy source...[0m
[0;32mI (451) cpu_start: Multicore app[0m
[0;32mI (459) cpu_start: Pro cpu start user code[0m
[0;32mI (459) cpu_start: cpu freq: 160000000 Hz[0m
[0;32mI (459) app_init: Application information:[0m
[0;32mI (462) app_init: Project name:     TEST2[0m
[0;32mI (467) app_init: App version:      1[0m
[0;32mI (471) app_init: Compile time:     Dec 17 2024 17:16:46[0m
[0;32mI (477) app_init: ELF file SHA256:  afbd7d618...[0m
[0;32mI (482) app_init: ESP-IDF:          v5.3.1-dirty[0m
[0;32mI (488) efuse_init: Min chip rev:     v0.0[0m
[0;32mI (492) efuse_init: Max chip rev:     v3.99 [0m
[0;32mI (497) efuse_init: Chip rev:         v3.1[0m
[0;32mI (502) heap_init: Initializing. RAM available for dynamic allocation:[0m
[0;32mI (510) heap_init: At 3FFAE6E0 len 00001920 (6 KiB): DRAM[0m
[0;32mI (515) heap_init: At 3FFB87F0 len 00027810 (158 KiB): DRAM[0m
[0;32mI (522) heap_init: At 3FFE0440 len 00003AE0 (14 KiB): D/IRAM[0m
[0;32mI (528) heap_init: At 3FFE4350 len 0001BCB0 (111 KiB): D/IRAM[0m
[0;32mI (534) heap_init: At 400974F8 len 00008B08 (34 KiB): IRAM[0m
[0;32mI (542) spi_flash: detected chip: generic[0m
[0;32mI (545) spi_flash: flash io: dio[0m
[0;32mI (550) main_task: Started on CPU0[0m
[0;32mI (560) main_task: Calling app_main()[0m
I (590) wifi:wifi driver task: 3ffc0800, prio:23, stack:6656, core=0
I (600) wifi:wifi firmware version: ccaebfa
I (600) wifi:wifi certification version: v7.0
I (600) wifi:config NVS flash: enabled
I (600) wifi:config nano formating: disabled
I (610) wifi:Init data frame dynamic rx buffer num: 32
I (610) wifi:Init static rx mgmt buffer num: 5
I (610) wifi:Init management short buffer num: 32
I (620) wifi:Init dynamic tx buffer num: 32
I (620) wifi:Init static rx buffer size: 1600
I (630) wifi:Init static rx buffer num: 10
I (630) wifi:Init dynamic rx buffer num: 32
[0;32mI (640) wifi_init: rx ba win: 6[0m
[0;32mI (640) wifi_init: accept mbox: 6[0m
[0;32mI (640) wifi_init: tcpip mbox: 32[0m
[0;32mI (650) wifi_init: udp mbox: 6[0m
[0;32mI (650) wifi_init: tcp mbox: 6[0m
[0;32mI (650) wifi_init: tcp tx win: 5760[0m
[0;32mI (660) wifi_init: tcp rx win: 5760[0m
[0;32mI (660) wifi_init: tcp mss: 1440[0m
[0;32mI (670) wifi_init: WiFi IRAM OP enabled[0m
[0;32mI (670) wifi_init: WiFi RX IRAM OP enabled[0m
[0;32mI (680) phy_init: phy_version 4830,54550f7,Jun 20 2024,14:22:08[0m
I (770) wifi:mode : sta (cc:7b:5c:27:b1:54)
I (770) wifi:enable tsf
I (780) wifi:new:<6,0>, old:<1,0>, ap:<255,255>, sta:<6,0>, prof:1, snd_ch_cfg:0x0
I (790) wifi:state: init -> auth (0xb0)
I (830) wifi:state: auth -> assoc (0x0)
I (870) wifi:state: assoc -> run (0x10)
I (920) wifi:connected with 9999, aid = 1, channel 6, BW20, bssid = 00:c8:96:7e:b6:21
I (920) wifi:security: WPA2-PSK, phy: bgn, rssi: -52
I (920) wifi:pm start, type: 1

I (920) wifi:dp: 1, bi: 102400, li: 3, scale listen interval from 307200 us to 307200 us
I (940) wifi:<ba-add>idx:0 (ifx:0, 00:c8:96:7e:b6:21), tid:7, ssn:0, winSize:64
I (1000) wifi:AP's beacon interval = 102400 us, DTIM period = 1
[0;32mI (1770) mqtts_example: [APP] Free memory: 229696 bytes[0m
[0;32mI (1770) mqtts_example: Other event id:7[0m
[0;32mI (1770) mqtts_example: [APP] Free memory: 221660 bytes[0m
[0;32mI (1770) mqtts_example: Other event id:7[0m
[0;32mI (1780) mqtts_example: [APP] Free memory: 213736 bytes[0m
[0;32mI (1780) mqtts_example: Other event id:7[0m
[0;32mI (1790) mqtts_example: [APP] Free memory: 205812 bytes[0m
[0;32mI (1790) mqtts_example: Other event id:7[0m
[0;32mI (1800) mqtts_example: [APP] Free memory: 197888 bytes[0m
[0;32mI (1800) mqtts_example: Other event id:7[0m
[0;31mE (1810) esp-tls: couldn't get hostname for :mqtt.thingsboard.cloud: getaddrinfo() returns 202, addrinfo=0x0[0m
[0;31mE (1820) transport_base: Failed to open a new connection: 32769[0m
[0;31mE (1820) mqtt_client: Error transport connect[0m
[0;32mI (1830) mqtts_example: Other event id:0[0m
[0;32mI (1830) mqtts_example: MQTT_EVENT_DISCONNECTED[0m
[0;32mI (1840) mqtts_example: [APP] Free memory: 189992 bytes[0m
[0;32mI (1850) mqtts_example: Other event id:7[0m
[0;31mE (1850) esp-tls: couldn't get hostname for :mqtt.thingsboard.cloud: getaddrinfo() returns 202, addrinfo=0x0[0m
[0;31mE (1860) transport_base: Failed to open a new connection: 32769[0m
[0;31mE (1870) mqtt_client: Error transport connect[0m
[0;32mI (1870) mqtts_example: Other event id:0[0m
[0;32mI (1880) mqtts_example: MQTT_EVENT_DISCONNECTED[0m
[0;32mI (1880) mqtts_example: [APP] Free memory: 182096 bytes[0m
[0;32mI (1890) mqtts_example: Other event id:7[0m
[0;31mE (1890) esp-tls: couldn't get hostname for :mqtt.thingsboard.cloud: getaddrinfo() returns 202, addrinfo=0x0[0m
[0;31mE (1900) transport_base: Failed to open a new connection: 32769[0m
[0;31mE (1910) mqtt_client: Error transport connect[0m
[0;32mI (1910) mqtts_example: Other event id:0[0m
[0;32mI (1920) mqtts_example: MQTT_EVENT_DISCONNECTED[0m
[0;32mI (
***ERROR*** A stack overflow in task main has been detected.


Backtrace: 0x40081a52:0x3ffb9ae0 0x40089535:0x3ffb9b00 0x4008a42e:0x3ffb9b20 0x4008b767:0x3ffb9ba0 0x4008a538:0x3ffb9bc0 0x4008a4ea:0xa5a5a5a5 |<-CORRUPTED




ELF file SHA256: afbd7d618

Rebooting...
ets Jul 29 2019 12:21:46

rst:0xc (SW_CPU_RESET),boot:0x13 (SPI_FAST_FLASH_BOOT)
configsip: 0, SPIWP:0xee
clk_drv:0x00,q_drv:0x00,d_drv:0x00,cs0_drv:0x00,hd_drv:0x00,wp_drv:0x00
mode:DIO, clock div:2
load:0x3fff0030,len:7176
load:0x40078000,len:15564
ho 0 tail 12 room 4
load:0x40080400,len:4
load:0x40080404,len:3904
entry 0x40080640
[0;32mI (31) boot: ESP-IDF v5.3.1-dirty 2nd stage bootloader[0m
[0;32mI (31) boot: compile time Dec 14 2024 11:22:02[0m
[0;32mI (31) boot: Multicore bootloader[0m
[0;32mI (36) boot: chip revision: v3.1[0m
[0;32mI (40) boot.esp32: SPI Speed      : 40MHz[0m
[0;32mI (44) boot.esp32: SPI Mode       : DIO[0m
[0;32mI (49) boot.esp32: SPI Flash Size : 4MB[0m
[0;32mI (53) boot: Enabling RNG early entropy source...[0m
[0;32mI (59) boot: Partition Table:[0m
[0;32mI (62) boot: ## Label            Usage          Type ST Offset   Length[0m
[0;32mI (70) boot:  0 nvs              WiFi data        01 02 00009000 00006000[0m
[0;32mI (77) boot:  1 phy_init         RF data          01 01 0000f000 00001000[0m
[0;32mI (85) boot:  2 factory          factory app      00 00 00010000 00100000[0m
[0;32mI (92) boot: End of partition table[0m
[0;32mI (96) esp_image: segment 0: paddr=00010020 vaddr=3f400020 size=25afch (154364) map[0m
[0;32mI (158) esp_image: segment 1: paddr=00035b24 vaddr=3ffb0000 size=03ee0h ( 16096) load[0m
[0;32mI (164) esp_image: segment 2: paddr=00039a0c vaddr=40080000 size=0660ch ( 26124) load[0m
[0;32mI (174) esp_image: segment 3: paddr=00040020 vaddr=400d0020 size=a0424h (656420) map[0m
[0;32mI (399) esp_image: segment 4: paddr=000e044c vaddr=4008660c size=10eech ( 69356) load[0m
[0;32mI (439) boot: Loaded app from partition at offset 0x10000[0m
[0;32mI (439) boot: Disabling RNG early entropy source...[0m
[0;32mI (451) cpu_start: Multicore app[0m
[0;32mI (459) cpu_start: Pro cpu start user code[0m
[0;32mI (459) cpu_start: cpu freq: 160000000 Hz[0m
[0;32mI (459) app_init: Application information:[0m
[0;32mI (462) app_init: Project name:     TEST2[0m
[0;32mI (467) app_init: App version:      1[0m
[0;32mI (471) app_init: Compile time:     Dec 17 2024 17:16:46[0m
[0;32mI (477) app_init: ELF file SHA256:  afbd7d618...[0m
[0;32mI (482) app_init: ESP-IDF:          v5.3.1-dirty[0m
[0;32mI (488) efuse_init: Min chip rev:     v0.0[0m
[0;32mI (492) efuse_init: Max chip rev:     v3.99 [0m
[0;32mI (497) efuse_init: Chip rev:         v3.1[0m
[0;32mI (502) heap_init: Initializing. RAM available for dynamic allocation:[0m
[0;32mI (510) heap_init: At 3FFAE6E0 len 00001920 (6 KiB): DRAM[0m
[0;32mI (515) heap_init: At 3FFB87F0 len 00027810 (158 KiB): DRAM[0m
[0;32mI (522) heap_init: At 3FFE0440 len 00003AE0 (14 KiB): D/IRAM[0m
[0;32mI (528) heap_init: At 3FFE4350 len 0001BCB0 (111 KiB): D/IRAM[0m
[0;32mI (534) heap_init: At 400974F8 len 00008B08 (34 KiB): IRAM[0m
[0;32mI (542) spi_flash: detected chip: generic[0m
[0;32mI (545) spi_flash: flash io: dio[0m
[0;32mI (550) main_task: Started on CPU0[0m
[0;32mI (560) main_task: Calling app_main()[0m
I (590) wifi:wifi driver task: 3ffc0800, prio:23, stack:6656, core=0
I (600) wifi:wifi firmware version: ccaebfa
I (600) wifi:wifi certification version: v7.0
I (600) wifi:config NVS flash: enabled
I (600) wifi:config nano formating: disabled
I (610) wifi:Init data frame dynamic rx buffer num: 32
I (610) wifi:Init static rx mgmt buffer num: 5
I (610) wifi:Init management short buffer num: 32
I (620) wifi:Init dynamic tx buffer num: 32
I (620) wifi:Init static rx buffer size: 1600
I (630) wifi:Init static rx buffer num: 10
I (630) wifi:Init dynamic rx buffer num: 32
[0;32mI (640) wifi_init: rx ba win: 6[0m
[0;32mI (640) wifi_init: accept mbox: 6[0m
[0;32mI (640) wifi_init: tcpip mbox: 32[0m
[0;32mI (650) wifi_init: udp mbox: 6[0m
[0;32mI (650) wifi_init: tcp mbox: 6[0m
[0;32mI (650) wifi_init: tcp tx win: 5760[0m
[0;32mI (660) wifi_init: tcp rx win: 5760[0m
[0;32mI (660) wifi_init: tcp mss: 1440[0m
[0;32mI (670) wifi_init: WiFi IRAM OP enabled[0m
[0;32mI (670) wifi_init: WiFi RX IRAM OP enabled[0m
[0;32mI (680) phy_init: phy_version 4830,54550f7,Jun 20 2024,14:22:08[0m
I (770) wifi:mode : sta (cc:7b:5c:27:b1:54)
I (770) wifi:enable tsf
I (810) wifi:new:<6,0>, old:<1,0>, ap:<255,255>, sta:<6,0>, prof:1, snd_ch_cfg:0x0
I (810) wifi:state: init -> auth (0xb0)
I (900) wifi:state: auth -> assoc (0x0)
I (920) wifi:state: assoc -> run (0x10)
I (990) wifi:connected with 9999, aid = 1, channel 6, BW20, bssid = 00:c8:96:7e:b6:21
I (990) wifi:security: WPA2-PSK, phy: bgn, rssi: -52
I (990) wifi:pm start, type: 1

I (990) wifi:dp: 1, bi: 102400, li: 3, scale listen interval from 307200 us to 307200 us
I (1010) wifi:<ba-add>idx:0 (ifx:0, 00:c8:96:7e:b6:21), tid:7, ssn:0, winSize:64
I (1080) wifi:AP's beacon interval = 102400 us, DTIM period = 1
[0;32mI (1770) mqtts_example: [APP] Free memory: 229696 bytes[0m
[0;32mI (1770) mqtts_example: Other event id:7[0m
[0;32mI (1770) mqtts_example: [APP] Free memory: 221660 bytes[0m
[0;32mI (1770) mqtts_example: Other event id:7[0m
[0;32mI (1780) mqtts_example: [APP] Free memory: 213736 bytes[0m
[0;32mI (1780) mqtts_example: Other event id:7[0m
[0;32mI (1790) mqtts_example: [APP] Free memory: 205812 bytes[0m
[0;32mI (1790) mqtts_example: Other event id:7[0m
[0;32mI (1800) mqtts_example: [APP] Free memory: 197888 bytes[0m
[0;32mI (1800) mqtts_example: Other event id:7[0m
[0;31mE (1810) esp-tls: couldn't get hostname for :mqtt.thingsboard.cloud: getaddrinfo() returns 202, addrinfo=0x0[0m
[0;31mE (1820) transport_base: Failed to open a new connection: 32769[0m
[0;31mE (1820) mqtt_client: Error transport connect[0m
[0;32mI (1830) mqtts_example: Other event id:0[0m
[0;32mI (1830) mqtts_example: MQTT_EVENT_DISCONNECTED[0m
[0;32mI (1840) mqtts_example: [APP] Free memory: 189992 bytes[0m
[0;32mI (1850) mqtts_example: Other event id:7[0m
[0;31mE (1850) esp-tls: couldn't get hostname for :mqtt.thingsboard.cloud: getaddrinfo() returns 202, addrinfo=0x0[0m
[0;31mE (1860) transport_base: Failed to open a new connection: 32769[0m
[0;31mE (1870) mqtt_client: Error transport connect[0m
[0;32mI (1870) mqtts_example: Other event id:0[0m
[0;32mI (1880) mqtts_example: MQTT_EVENT_DISCONNECTED[0m
[0;32mI (1880) mqtts_example: [APP] Free memory: 182096 bytes[0m
[0;32mI (1890) mqtts_example: Other event id:7[0m
[0;31mE (1890) esp-tls: couldn't get hostname for :mqtt.thingsboard.cloud: getaddrinfo() returns 202, addrinfo=0x0[0m
[0;31mE (1900) transport_base: Failed to open a new connection: 32769[0m
[0;31mE (1910) mqtt_client: Error transport connect[0m
[0;32mI (1910) mqtts_example: Other event id:0[0m
[0;32mI (1920) mqtts_example: MQTT_EVENT_DISCONNECTED[0m
[0;32mI (1920) mqtts_example: [APP] Free memory: 174200 bytes[0m

***ERROR*** A stack overflow in task main has been detected.


Backtrace: 0x40081a52:0x3ffb9fb0 0x40089535:0x3ffb9fd0 0x4008a42e:0x3ffb9ff0 0x4008b767:0x3ffba070 0x4008a538:0x3ffba090 0x4008a4ea:0x3ffba0b0 0x00060f1d:0x00000000 |<-CORRUPTED




ELF file SHA256: afbd7d618

Rebooting...
ets Jul 29 2019 12:21:46

rst:0xc (SW_CPU_RESET),boot:0x13 (SPI_FAST_FLASH_BOOT)
configsip: 0, SPIWP:0xee
clk_drv:0x00,q_drv:0x00,d_drv:0x00,cs0_drv:0x00,hd_drv:0x00,wp_drv:0x00
mode:DIO, clock div:2
load:0x3fff0030,len:7176
load:0x40078000,len:15564
ho 0 tail 12 room 4
load:0x40080400,len:4
load:0x40080404,len:3904
entry 0x40080640
[0;32mI (31) boot: ESP-IDF v5.3.1-dirty 2nd stage bootloader[0m
[0;32mI (31) boot: compile time Dec 14 2024 11:22:02[0m
[0;32mI (31) boot: Multicore bootloader[0m
[0;32mI (36) boot: chip revision: v3.1[0m
[0;32mI (40) boot.esp32: SPI Speed      : 40MHz[0m
[0;32mI (44) boot.esp32: SPI Mode       : DIO[0m
[0;32mI (49) boot.esp32: SPI Flash Size : 4MB[0m
[0;32mI (53) boot: Enabling RNG early entropy source...[0m
[0;32mI (59) boot: Partition Table:[0m
[0;32mI (62) boot: ## Label            Usage          Type ST Offset   Length[0m
[0;32mI (70) boot:  0 nvs              WiFi data        01 02 00009000 00006000[0m
[0;32mI (77) boot:  1 phy_init         RF data          01 01 0000f000 00001000[0m
[0;32mI (85) boot:  2 factory          factory app      00 00 00010000 00100000[0m
[0;32mI (92) boot: End of partition table[0m
[0;32mI (96) esp_image: segment 0: paddr=00010020 vaddr=3f400020 size=25afch (154364) map[0m
[0;32mI (158) esp_image: segment 1: paddr=00035b24 vaddr=3ffb0000 size=03ee0h ( 16096) load[0m
[0;32mI (164) esp_image: segment 2: paddr=00039a0c vaddr=40080000 size=0660ch ( 26124) load[0m
[0;32mI (174) esp_image: segment 3: paddr=00040020 vaddr=400d0020 size=a0424h (656420) map[0m
[0;32mI (399) esp_image: segment 4: paddr=000e044c vaddr=4008660c size=10eech ( 69356) load[0m
[0;32mI (439) boot: Loaded app from partition at offset 0x10000[0m
[0;32mI (439) boot: Disabling RNG early entropy source...[0m
[0;32mI (451) cpu_start: Multicore app[0m
[0;32mI (459) cpu_start: Pro cpu start user code[0m
[0;32mI (459) cpu_start: cpu freq: 160000000 Hz[0m
[0;32mI (459) app_init: Application information:[0m
[0;32mI (462) app_init: Project name:     TEST2[0m
[0;32mI (467) app_init: App version:      1[0m
[0;32mI (471) app_init: Compile time:     Dec 17 2024 17:16:46[0m
[0;32mI (477) app_init: ELF file SHA256:  afbd7d618...[0m
[0;32mI (482) app_init: ESP-IDF:          v5.3.1-dirty[0m
[0;32mI (488) efuse_init: Min chip rev:     v0.0[0m
[0;32mI (492) efuse_init: Max chip rev:     v3.99 [0m
[0;32mI (497) efuse_init: Chip rev:         v3.1[0m
[0;32mI (502) heap_init: Initializing. RAM available for dynamic allocation:[0m
[0;32mI (510) heap_init: At 3FFAE6E0 len 00001920 (6 KiB): DRAM[0m
[0;32mI (515) heap_init: At 3FFB87F0 len 00027810 (158 KiB): DRAM[0m
[0;32mI (522) heap_init: At 3FFE0440 len 00003AE0 (14 KiB): D/IRAM[0m
[0;32mI (528) heap_init: At 3FFE4350 len 0001BCB0 (111 KiB): D/IRAM[0m
[0;32mI (534) heap_init: At 400974F8 len 00008B08 (34 KiB): IRAM[0m
[0;32mI (542) spi_flash: detected chip: generic[0m
[0;32mI (545) spi_flash: flash io: dio[0m
[0;32mI (550) main_task: Started on CPU0[0m
[0;32mI (560) main_task: Calling app_main()[0m
I (590) wifi:wifi driver task: 3ffc0800, prio:23, stack:6656, core=0
I (600) wifi:wifi firmware version: ccaebfa
I (600) wifi:wifi certification version: v7.0
I (600) wifi:config NVS flash: enabled
I (600) wifi:config nano formating: disabled
I (610) wifi:Init data frame dynamic rx buffer num: 32
I (610) wifi:Init static rx mgmt buffer num: 5
I (610) wifi:Init management short buffer num: 32
I (620) wifi:Init dynamic tx buffer num: 32
I (620) wifi:Init static rx buffer size: 1600
I (630) wifi:Init static rx buffer num: 10
I (630) wifi:Init dynamic rx buffer num: 32
[0;32mI (640) wifi_init: rx ba win: 6[0m
[0;32mI (640) wifi_init: accept mbox: 6[0m
[0;32mI (640) wifi_init: tcpip mbox: 32[0m
[0;32mI (650) wifi_init: udp mbox: 6[0m
[0;32mI (650) wifi_init: tcp mbox: 6[0m
[0;32mI (650) wifi_init: tcp tx win: 5760[0m
[0;32mI (660) wifi_init: tcp rx win: 5760[0m
[0;32mI (660) wifi_init: tcp mss: 1440[0m
[0;32mI (670) wifi_init: WiFi IRAM OP enabled[0m
[0;32mI (670) wifi_init: WiFi RX IRAM OP enabled[0m
[0;32mI (680) phy_init: phy_version 4830,54550f7,Jun 20 2024,14:22:08[0m
I (770) wifi:mode : sta (cc:7b:5c:27:b1:54)
I (770) wifi:enable tsf
I (790) wifi:new:<6,0>, old:<1,0>, ap:<255,255>, sta:<6,0>, prof:1, snd_ch_cfg:0x0
I (790) wifi:state: init -> auth (0xb0)
I (820) wifi:state: auth -> assoc (0x0)
I (850) wifi:state: assoc -> run (0x10)
I (890) wifi:connected with 9999, aid = 1, channel 6, BW20, bssid = 00:c8:96:7e:b6:21
I (890) wifi:security: WPA2-PSK, phy: bgn, rssi: -52
I (900) wifi:pm start, type: 1

I (900) wifi:dp: 1, bi: 102400, li: 3, scale listen interval from 307200 us to 307200 us
I (920) wifi:<ba-add>idx:0 (ifx:0, 00:c8:96:7e:b6:21), tid:7, ssn:0, winSize:64
I (950) wifi:AP's beacon interval = 102400 us, DTIM period = 1
[0;32mI (1770) mqtts_example: [APP] Free memory: 229696 bytes[0m
[0;32mI (1770) mqtts_example: Other event id:7[0m
[0;32mI (1770) mqtts_example: [APP] Free memory: 221660 bytes[0m
[0;32mI (1770) mqtts_example: Other event id:7[0m
[0;32mI (1780) mqtts_example: [APP] Free memory: 213736 bytes[0m
[0;32mI (1780) mqtts_example: Other event id:7[0m
[0;32mI (1790) mqtts_example: [APP] Free memory: 205812 bytes[0m
[0;32mI (1790) mqtts_example: Other event id:7[0m
[0;32mI (1800) mqtts_example: [APP] Free memory: 197888 bytes[0m
[0;32mI (1800) mqtts_example: Other event id:7[0m
[0;31mE (1810) esp-tls: couldn't get hostname for :mqtt.thingsboard.cloud: getaddrinfo() returns 202, addrinfo=0x0[0m
[0;31mE (1820) transport_base: Failed to open a new connection: 32769[0m
[0;31mE (1820) mqtt_client: Error transport connect[0m
[0;32mI (1830) mqtts_example: Other event id:0[0m
[0;32mI (1830) mqtts_example: MQTT_EVENT_DISCONNECTED[0m
[0;32mI (1840) mqtts_example: [APP] Free memory: 189992 bytes[0m
[0;32mI (1850) mqtts_example: Other event id:7[0m
[0;31mE (1850) esp-tls: couldn't get hostname for :mqtt.thingsboard.cloud: getaddrinfo() returns 202, addrinfo=0x0[0m
[0;31mE (1860) transport_base: Failed to open a new connection: 32769[0m
[0;31mE (1870) mqtt_client: Error transport connect[0m
[0;32mI (1870) mqtts_example: Other event id:0[0m
[0;32mI (1880) mqtts_example: MQTT_EVENT_DISCONNECTED[0m
[0;32mI (1880) mqtts_example: [APP] Free memory: 182096 bytes[0m
[0;32mI (1890) mqtts_example: Other event id:7[0m
[0;31mE (1890) esp-tls: couldn't get hostname for :mqtt.thingsboard.cloud: getaddrinfo() returns 202, addrinfo=0x0[0m
[0;31mE (1900) transport_base: Failed to open a new connection: 32769[0m
[0;32mI (1910) esp_netif_handlers: sta ip: 192.168.1.179, mask: 255.255.255.0, gw: 192.168.1.1[0m
[0;31mE (1910) mqtt_client: Error transport connect[0m
[0;32mI (1920) WiFi: Got IP: 192.168.1.179[0m
[0;32mI (1920) mqtts_example: Other event id:0[0m
[0;32mI (1910) mqtts_example: [APP] Free memory: 174012 bytes[0m

***ERROR*** A stack overflow in task main has been detected.


Backtrace: 0x40081a52:0x3ffb9b90 0x40089535:0x3ffb9bb0 0x4008a42e:0x3ffb9bd0 0x4008b767:0x3ffb9c50 0x4008a538:0x3ffb9c70 0x4008a4ea:0xa5a5a5a5 |<-CORRUPTED




ELF file SHA256: afbd7d618

Rebooting...
ets Jul 29 2019 12:21:46

rst:0xc (SW_CPU_RESET),boot:0x13 (SPI_FAST_FLASH_BOOT)
configsip: 0, SPIWP:0xee
clk_drv:0x00,q_drv:0x00,d_drv:0x00,cs0_drv:0x00,hd_drv:0x00,wp_drv:0x00
mode:DIO, clock div:2
load:0x3fff0030,len:7176
load:0x40078000,len:15564
ho 0 tail 12 room 4
load:0x40080400,len:4
load:0x40080404,len:3904
entry 0x40080640
[0;32mI (31) boot: ESP-IDF v5.3.1-dirty 2nd stage bootloader[0m
[0;32mI (31) boot: compile time Dec 14 2024 11:22:02[0m
[0;32mI (31) boot: Multicore bootloader[0m
[0;32mI (36) boot: chip revision: v3.1[0m
[0;32mI (40) boot.esp32: SPI Speed      : 40MHz[0m
[0;32mI (44) boot.esp32: SPI Mode       : DIO[0m
[0;32mI (49) boot.esp32: SPI Flash Size : 4MB[0m
[0;32mI (53) boot: Enabling RNG early entropy source...[0m
[0;32mI (59) boot: Partition Table:[0m
[0;32mI (62) boot: ## Label            Usage          Type ST Offset   Length[0m
[0;32mI (70) boot:  0 nvs              WiFi data        01 02 00009000 00006000[0m
[0;32mI (77) boot:  1 phy_init         RF data          01 01 0000f000 00001000[0m
[0;32mI (85) boot:  2 factory          factory app      00 00 00010000 00100000[0m
[0;32mI (92) boot: End of partition table[0m
[0;32mI (96) esp_image: segment 0: paddr=00010020 vaddr=3f400020 size=25afch (154364) map[0m
[0;32mI (158) esp_image: segment 1: paddr=00035b24 vaddr=3ffb0000 size=03ee0h ( 16096) load[0m
[0;32mI (164) esp_image: segment 2: paddr=00039a0c vaddr=40080000 size=0660ch ( 26124) load[0m
[0;32mI (174) esp_image: segment 3: paddr=00040020 vaddr=400d0020 size=a0424h (656420) map[0m
[0;32mI (399) esp_image: segment 4: paddr=000e044c vaddr=4008660c size=10eech ( 69356) load[0m
[0;32mI (439) boot: Loaded app from partition at offset 0x10000[0m
[0;32mI (439) boot: Disabling RNG early entropy source...[0m
[0;32mI (451) cpu_start: Multicore app[0m
[0;32mI (459) cpu_start: Pro cpu start user code[0m
[0;32mI (459) cpu_start: cpu freq: 160000000 Hz[0m
[0;32mI (459) app_init: Application information:[0m
[0;32mI (462) app_init: Project name:     TEST2[0m
[0;32mI (467) app_init: App version:      1[0m
[0;32mI (471) app_init: Compile time:     Dec 17 2024 17:16:46[0m
[0;32mI (477) app_init: ELF file SHA256:  afbd7d618...[0m
[0;32mI (482) app_init: ESP-IDF:          v5.3.1-dirty[0m
[0;32mI (488) efuse_init: Min chip rev:     v0.0[0m
[0;32mI (492) efuse_init: Max chip rev:     v3.99 [0m
[0;32mI (497) efuse_init: Chip rev:         v3.1[0m
[0;32mI (502) heap_init: Initializing. RAM available for dynamic allocation:[0m
[0;32mI (510) heap_init: At 3FFAE6E0 len 00001920 (6 KiB): DRAM[0m
[0;32mI (515) heap_init: At 3FFB87F0 len 00027810 (158 KiB): DRAM[0m
[0;32mI (522) heap_init: At 3FFE0440 len 00003AE0 (14 KiB): D/IRAM[0m
[0;32mI (528) heap_init: At 3FFE4350 len 0001BCB0 (111 KiB): D/IRAM[0m
[0;32mI (534) heap_init: At 400974F8 len 00008B08 (34 KiB): IRAM[0m
[0;32mI (542) spi_flash: detected chip: generic[0m
[0;32mI (545) spi_flash: flash io: dio[0m
[0;32mI (550) main_task: Started on CPU0[0m
[0;32mI (560) main_task: Calling app_main()[0m
I (590) wifi:wifi driver task: 3ffc0800, prio:23, stack:6656, core=0
I (600) wifi:wifi firmware version: ccaebfa
I (600) wifi:wifi certification version: v7.0
I (600) wifi:config NVS flash: enabled
I (600) wifi:config nano formating: disabled
I (610) wifi:Init data frame dynamic rx buffer num: 32
I (610) wifi:Init static rx mgmt buffer num: 5
I (610) wifi:Init management short buffer num: 32
I (620) wifi:Init dynamic tx buffer num: 32
I (620) wifi:Init static rx buffer size: 1600
I (630) wifi:Init static rx buffer num: 10
I (630) wifi:Init dynamic rx buffer num: 32
[0;32mI (640) wifi_init: rx ba win: 6[0m
[0;32mI (640) wifi_init: accept mbox: 6[0m
[0;32mI (640) wifi_init: tcpip mbox: 32[0m
[0;32mI (650) wifi_init: udp mbox: 6[0m
[0;32mI (650) wifi_init: tcp mbox: 6[0m
[0;32mI (650) wifi_init: tcp tx win: 5760[0m
[0;32mI (660) wifi_init: tcp rx win: 5760[0m
[0;32mI (660) wifi_init: tcp mss: 1440[0m
[0;32mI (670) wifi_init: WiFi IRAM OP enabled[0m
[0;32mI (670) wifi_init: WiFi RX IRAM OP enabled[0m
[0;32mI (680) phy_init: phy_version 4830,54550f7,Jun 20 2024,14:22:08[0m
[0;33mW (760) phy_init: saving new calibration data because of checksum failure, mode(0)[0m
I (800) wifi:mode : sta (cc:7b:5c:27:b1:54)
I (800) wifi:enable tsf
I (820) wifi:new:<6,0>, old:<1,0>, ap:<255,255>, sta:<6,0>, prof:1, snd_ch_cfg:0x0
I (820) wifi:state: init -> auth (0xb0)
I (880) wifi:state: auth -> assoc (0x0)
I (920) wifi:state: assoc -> run (0x10)
I (970) wifi:connected with 9999, aid = 1, channel 6, BW20, bssid = 00:c8:96:7e:b6:21
I (970) wifi:security: WPA2-PSK, phy: bgn, rssi: -53
I (970) wifi:pm start, type: 1

I (970) wifi:dp: 1, bi: 102400, li: 3, scale listen interval from 307200 us to 307200 us
I (990) wifi:<ba-add>idx:0 (ifx:0, 00:c8:96:7e:b6:21), tid:7, ssn:0, winSize:64
I (1020) wifi:AP's beacon interval = 102400 us, DTIM period = 1
[0;32mI (1800) mqtts_example: [APP] Free memory: 229704 bytes[0m
[0;32mI (1800) mqtts_example: Other event id:7[0m
[0;32mI (1800) mqtts_example: [APP] Free memory: 221668 bytes[0m
[0;32mI (1800) mqtts_example: Other event id:7[0m
[0;32mI (1810) mqtts_example: [APP] Free memory: 213744 bytes[0m
[0;32mI (1810) mqtts_example: Other event id:7[0m
[0;32mI (1820) mqtts_example: [APP] Free memory: 205820 bytes[0m
[0;32mI (1820) mqtts_example: Other event id:7[0m
[0;32mI (1830) mqtts_example: [APP] Free memory: 197896 bytes[0m
[0;32mI (1830) mqtts_example: Other event id:7[0m
[0;32mI (1840) mqtts_example: [APP] Free memory: 190316 bytes[0m
[0;31mE (1840) esp-tls: couldn't get hostname for :mqtt.thingsboard.cloud: getaddrinfo() returns 202, addrinfo=0x0[0m
[0;31mE (1850) transport_base: Failed to open a new connection: 32769[0m
[0;31mE (1860) mqtt_client: Error transport connect[0m
[0;32mI (1870) mqtts_example: Other event id:0[0m
[0;32mI (1870) mqtts_example: MQTT_EVENT_DISCONNECTED[0m
[0;32mI (1880) mqtts_example: Other event id:7[0m
[0;31mE (1880) esp-tls: couldn't get hostname for :mqtt.thingsboard.cloud: getaddrinfo() returns 202, addrinfo=0x0[0m
[0;31mE (1890) transport_base: Failed to open a new connection: 32769[0m
[0;31mE (1900) mqtt_client: Error transport connect[0m
[0;32mI (1900) mqtts_example: Other event id:0[0m
[0;32mI (1910) mqtts_example: MQTT_EVENT_DISCONNECTED[0m
[0;32mI (1910) mqtts_example: [APP] Free memory: 182104 bytes[0m
[0;32mI (1920) mqtts_example: Other event id:7[0m
[0;31mE (1920) esp-tls: couldn't get hostname for :mqtt.thingsboard.cloud: getaddrinfo() returns 202, addrinfo=0x0[0m
[0;31mE (1930) transport_base: Failed to open a new connection: 32769[0m
[0;31mE (1940) mqtt_client: Error transport connect[0m
[0;32mI (1940) mqtts_example: Other event id:0[0m
[0;32mI (1950) mqtts_example: MQTT_EVENT_DISCONNECTED[0m
[0;32mI (1950) mqtts_example: [APP] Free memory: 174208 bytes[0m

***ERROR*** A stack overflow in task main has been detected.


Backtrace: 0x40081a52:0x3ffb9fb0 0x40089535:0x3ffb9fd0 0x4008a42e:0x3ffb9ff0 0x4008b767:0x3ffba070 0x4008a538:0x3ffba090 0x4008a4ea:0x3ffba0b0 0x00060b1d:0x00000000 |<-CORRUPTED




ELF file SHA256: afbd7d618

Rebooting...
ets Jul 29 2019 12:21:46

rst:0xc (SW_CPU_RESET),boot:0x13 (SPI_FAST_FLASH_BOOT)
configsip: 0, SPIWP:0xee
clk_drv:0x00,q_drv:0x00,d_drv:0x00,cs0_drv:0x00,hd_drv:0x00,wp_drv:0x00
mode:DIO, clock div:2
load:0x3fff0030,len:7176
load:0x40078000,len:15564
ho 0 tail 12 room 4
load:0x40080400,len:4
load:0x40080404,len:3904
entry 0x40080640
[0;32mI (31) boot: ESP-IDF v5.3.1-dirty 2nd stage bootloader[0m
[0;32mI (31) boot: compile time Dec 14 2024 11:22:02[0m
[0;32mI (31) boot: Multicore bootloader[0m
[0;32mI (36) boot: chip revision: v3.1[0m
[0;32mI (40) boot.esp32: SPI Speed      : 40MHz[0m
[0;32mI (44) boot.esp32: SPI Mode       : DIO[0m
[0;32mI (49) boot.esp32: SPI Flash Size : 4MB[0m
[0;32mI (53) boot: Enabling RNG early entropy source...[0m
[0;32mI (59) boot: Partition Table:[0m
[0;32mI (62) boot: ## Label            Usage          Type ST Offset   Length[0m
[0;32mI (70) boot:  0 nvs              WiFi data        01 02 00009000 00006000[0m
[0;32mI (77) boot:  1 phy_init         RF data          01 01 0000f000 00001000[0m
[0;32mI (85) boot:  2 factory          factory app      00 00 00010000 00100000[0m
[0;32mI (92) boot: End of partition table[0m
[0;32mI (96) esp_image: segment 0: paddr=00010020 vaddr=3f400020 size=25afch (154364) map[0m
[0;32mI (158) esp_image: segment 1: paddr=00035b24 vaddr=3ffb0000 size=03ee0h ( 16096) load[0m
[0;32mI (164) esp_image: segment 2: paddr=00039a0c vaddr=40080000 size=0660ch ( 26124) load[0m
[0;32mI (174) esp_image: segment 3: paddr=00040020 vaddr=400d0020 size=a0424h (656420) map[0m
[0;32mI (399) esp_image: segment 4: paddr=000e044c vaddr=4008660c size=10eech ( 69356) load[0m
[0;32mI (439) boot: Loaded app from partition at offset 0x10000[0m
[0;32mI (439) boot: Disabling RNG early entropy source...[0m
[0;32mI (451) cpu_start: Multicore app[0m
[0;32mI (459) cpu_start: Pro cpu start user code[0m
[0;32mI (459) cpu_start: cpu freq: 160000000 Hz[0m
[0;32mI (459) app_init: Application information:[0m
[0;32mI (462) app_init: Project name:     TEST2[0m
[0;32mI (467) app_init: App version:      1[0m
[0;32mI (471) app_init: Compile time:     Dec 17 2024 17:16:46[0m
[0;32mI (477) app_init: ELF file SHA256:  afbd7d618...[0m
[0;32mI (482) app_init: ESP-IDF:          v5.3.1-dirty[0m
[0;32mI (488) efuse_init: Min chip rev:     v0.0[0m
[0;32mI (492) efuse_init: Max chip rev:     v3.99 [0m
[0;32mI (497) efuse_init: Chip rev:         v3.1[0m
[0;32mI (502) heap_init: Initializing. RAM available for dynamic allocation:[0m
[0;32mI (510) heap_init: At 3FFAE6E0 len 00001920 (6 KiB): DRAM[0m
[0;32mI (515) heap_init: At 3FFB87F0 len 00027810 (158 KiB): DRAM[0m
[0;32mI (522) heap_init: At 3FFE0440 len 00003AE0 (14 KiB): D/IRAM[0m
[0;32mI (528) heap_init: At 3FFE4350 len 0001BCB0 (111 KiB): D/IRAM[0m
[0;32mI (534) heap_init: At 400974F8 len 00008B08 (34 KiB): IRAM[0m
[0;32mI (542) spi_flash: detected chip: generic[0m
[0;32mI (545) spi_flash: flash io: dio[0m
[0;32mI (550) main_task: Started on CPU0[0m
[0;32mI (560) main_task: Calling app_main()[0m
I (590) wifi:wifi driver task: 3ffc0800, prio:23, stack:6656, core=0
I (600) wifi:wifi firmware version: ccaebfa
I (600) wifi:wifi certification version: v7.0
I (600) wifi:config NVS flash: enabled
I (600) wifi:config nano formating: disabled
I (610) wifi:Init data frame dynamic rx buffer num: 32
I (610) wifi:Init static rx mgmt buffer num: 5
I (610) wifi:Init management short buffer num: 32
I (620) wifi:Init dynamic tx buffer num: 32
I (620) wifi:Init static rx buffer size: 1600
I (630) wifi:Init static rx buffer num: 10
I (630) wifi:Init dynamic rx buffer num: 32
[0;32mI (640) wifi_init: rx ba win: 6[0m
[0;32mI (640) wifi_init: accept mbox: 6[0m
[0;32mI (640) wifi_init: tcpip mbox: 32[0m
[0;32mI (650) wifi_init: udp mbox: 6[0m
[0;32mI (650) wifi_init: tcp mbox: 6[0m
[0;32mI (650) wifi_init: tcp tx win: 5760[0m
[0;32mI (660) wifi_init: tcp rx win: 5760[0m
[0;32mI (660) wifi_init: tcp mss: 1440[0m
[0;32mI (670) wifi_init: WiFi IRAM OP enabled[0m
[0;32mI (670) wifi_init: WiFi RX IRAM OP enabled[0m
[0;32mI (680) phy_init: phy_version 4830,54550f7,Jun 20 2024,14:22:08[0m
I (770) wifi:mode : sta (cc:7b:5c:27:b1:54)
I (770) wifi:enable tsf
I (780) wifi:new:<6,0>, old:<1,0>, ap:<255,255>, sta:<6,0>, prof:1, snd_ch_cfg:0x0
I (790) wifi:state: init -> auth (0xb0)
I (820) wifi:state: auth -> assoc (0x0)
I (850) wifi:state: assoc -> run (0x10)
I (890) wifi:connected with 9999, aid = 1, channel 6, BW20, bssid = 00:c8:96:7e:b6:21
I (890) wifi:security: WPA2-PSK, phy: bgn, rssi: -52
I (900) wifi:pm start, type: 1

I (900) wifi:dp: 1, bi: 102400, li: 3, scale listen interval from 307200 us to 307200 us
I (920) wifi:<ba-add>idx:0 (ifx:0, 00:c8:96:7e:b6:21), tid:7, ssn:0, winSize:64
I (960) wifi:AP's beacon interval = 102400 us, DTIM period = 1
[0;32mI (1770) mqtts_example: [APP] Free memory: 229696 bytes[0m
[0;32mI (1770) mqtts_example: Other event id:7[0m
[0;32mI (1770) mqtts_example: [APP] Free memory: 221660 bytes[0m
[0;32mI (1770) mqtts_example: Other event id:7[0m
[0;32mI (1780) mqtts_example: [APP] Free memory: 213736 bytes[0m
[0;32mI (1780) mqtts_example: Other event id:7[0m
[0;32mI (1790) mqtts_example: [APP] Free memory: 205812 bytes[0m
[0;32mI (1790) mqtts_example: Other event id:7[0m
[0;32mI (1800) mqtts_example: [APP] Free memory: 197888 bytes[0m
[0;32mI (1800) mqtts_example: Other event id:7[0m
[0;31mE (1810) esp-tls: couldn't get hostname for :mqtt.thingsboard.cloud: getaddrinfo() returns 202, addrinfo=0x0[0m
[0;31mE (1820) transport_base: Failed to open a new connection: 32769[0m
[0;31mE (1820) mqtt_client: Error transport connect[0m
[0;32mI (1830) mqtts_example: Other event id:0[0m
[0;32mI (1830) mqtts_example: MQTT_EVENT_DISCONNECTED[0m
[0;32mI (1840) mqtts_example: [APP] Free memory: 189992 bytes[0m
[0;32mI (1850) mqtts_example: Other event id:7[0m
[0;31mE (1850) esp-tls: couldn't get hostname for :mqtt.thingsboard.cloud: getaddrinfo() returns 202, addrinfo=0x0[0m
[0;31mE (1860) transport_base: Failed to open a new connection: 32769[0m
[0;31mE (1870) mqtt_client: Error transport connect[0m
[0;32mI (1870) mqtts_example: Other event id:0[0m
[0;32mI (1880) mqtts_example: MQTT_EVENT_DISCONNECTED[0m
[0;32mI (1880) mqtts_example: [APP] Free memory: 182096 bytes[0m
[0;32mI (1890) mqtts_example: Other event id:7[0m
[0;31mE (1890) esp-tls: couldn't get hostname for :mqtt.thingsboard.cloud: getaddrinfo() returns 202, addrinfo=0x0[0m
[0;31mE (1900) transport_base: Failed to open a new connection: 32769[0m
[0;32mI (1910) esp_netif_handlers: sta ip: 192.168.1.179, mask: 255.255.255.0, gw: 192.168.1.1[0m
[0;31mE (1910) mqtt_client: Error transport connect[0m
[0;32mI (1920) WiFi: Got IP: 192.168.1.179[0m
[0;32mI (1920) mqtts_example: Other event id:0[0m
[0;32mI (1910) mqtts_example: [APP] Free memory: 174012 bytes[0m

***ERROR*** A stack overflow in task main has been detected.


Backtrace: 0x40081a52:0x3ffb9b90 0x40089535:0x3ffb9bb0 0x4008a42e:0x3ffb9bd0 0x4008b767:0x3ffb9c50 0x4008a538:0x3ffb9c70 0x4008a4ea:0xa5a5a5a5 |<-CORRUPTED




ELF file SHA256: afbd7d618

Rebooting...
ets Jul 29 2019 12:21:46

rst:0xc (SW_CPU_RESET),boot:0x13 (SPI_FAST_FLASH_BOOT)
configsip: 0, SPIWP:0xee
clk_drv:0x00,q_drv:0x00,d_drv:0x00,cs0_drv:0x00,hd_drv:0x00,wp_drv:0x00
mode:DIO, clock div:2
load:0x3fff0030,len:7176
load:0x40078000,len:15564
ho 0 tail 12 room 4
load:0x40080400,len:4
load:0x40080404,len:3904
entry 0x40080640
[0;32mI (31) boot: ESP-IDF v5.3.1-dirty 2nd stage bootloader[0m
[0;32mI (31) boot: compile time Dec 14 2024 11:22:02[0m
[0;32mI (31) boot: Multicore bootloader[0m
[0;32mI (36) boot: chip revision: v3.1[0m
[0;32mI (40) boot.esp32: SPI Speed      : 40MHz[0m
[0;32mI (44) boot.esp32: SPI Mode       : DIO[0m
[0;32mI (49) boot.esp32: SPI Flash Size : 4MB[0m
[0;32mI (53) boot: Enabling RNG early entropy source...[0m
[0;32mI (59) boot: Partition Table:[0m
[0;32mI (62) boot: ## Label            Usage          Type ST Offset   Length[0m
[0;32mI (70) boot:  0 nvs              WiFi data        01 02 00009000 00006000[0m
[0;32mI (77) boot:  1 phy_init         RF data          01 01 0000f000 00001000[0m
[0;32mI (85) boot:  2 factory          factory app      00 00 00010000 00100000[0m
[0;32mI (92) boot: End of partition table[0m
[0;32mI (96) esp_image: segment 0: paddr=00010020 vaddr=3f400020 size=25afch (154364) map[0m
[0;32mI (158) esp_image: segment 1: paddr=00035b24 vaddr=3ffb0000 size=03ee0h ( 16096) load[0m
[0;32mI (164) esp_image: segment 2: paddr=00039a0c vaddr=40080000 size=0660ch ( 26124) load[0m
[0;32mI (174) esp_image: segment 3: paddr=00040020 vaddr=400d0020 size=a0424h (656420) map[0m
[0;32mI (399) esp_image: segment 4: paddr=000e044c vaddr=4008660c size=10eech ( 69356) load[0m
[0;32mI (439) boot: Loaded app from partition at offset 0x10000[0m
[0;32mI (439) boot: Disabling RNG early entropy source...[0m
[0;32mI (451) cpu_start: Multicore app[0m
[0;32mI (459) cpu_start: Pro cpu start user code[0m
[0;32mI (459) cpu_start: cpu freq: 160000000 Hz[0m
[0;32mI (459) app_init: Application information:[0m
[0;32mI (462) app_init: Project name:     TEST2[0m
[0;32mI (467) app_init: App version:      1[0m
[0;32mI (471) app_init: Compile time:     Dec 17 2024 17:16:46[0m
[0;32mI (477) app_init: ELF file SHA256:  afbd7d618...[0m
[0;32mI (482) app_init: ESP-IDF:          v5.3.1-dirty[0m
[0;32mI (488) efuse_init: Min chip rev:     v0.0[0m
[0;32mI (492) efuse_init: Max chip rev:     v3.99 [0m
[0;32mI (497) efuse_init: Chip rev:         v3.1[0m
[0;32mI (502) heap_init: Initializing. RAM available for dynamic allocation:[0m
[0;32mI (510) heap_init: At 3FFAE6E0 len 00001920 (6 KiB): DRAM[0m
[0;32mI (515) heap_init: At 3FFB87F0 len 00027810 (158 KiB): DRAM[0m
[0;32mI (522) heap_init: At 3FFE0440 len 00003AE0 (14 KiB): D/IRAM[0m
[0;32mI (528) heap_init: At 3FFE4350 len 0001BCB0 (111 KiB): D/IRAM[0m
[0;32mI (534) heap_init: At 400974F8 len 00008B08 (34 KiB): IRAM[0m
[0;32mI (542) spi_flash: detected chip: generic[0m
[0;32mI (545) spi_flash: flash io: dio[0m
[0;32mI (550) main_task: Started on CPU0[0m
[0;32mI (560) main_task: Calling app_main()[0m
I (590) wifi:wifi driver task: 3ffc0800, prio:23, stack:6656, core=0
I (600) wifi:wifi firmware version: ccaebfa
I (600) wifi:wifi certification version: v7.0
I (600) wifi:config NVS flash: enabled
I (600) wifi:config nano formating: disabled
I (610) wifi:Init data frame dynamic rx buffer num: 32
I (610) wifi:Init static rx mgmt buffer num: 5
I (610) wifi:Init management short buffer num: 32
I (620) wifi:Init dynamic tx buffer num: 32
I (620) wifi:Init static rx buffer size: 1600
I (630) wifi:Init static rx buffer num: 10
I (630) wifi:Init dynamic rx buffer num: 32
[0;32mI (640) wifi_init: rx ba win: 6[0m
[0;32mI (640) wifi_init: accept mbox: 6[0m
[0;32mI (640) wifi_init: tcpip mbox: 32[0m
[0;32mI (650) wifi_init: udp mbox: 6[0m
[0;32mI (650) wifi_init: tcp mbox: 6[0m
[0;32mI (650) wifi_init: tcp tx win: 5760[0m
[0;32mI (660) wifi_init: tcp rx win: 5760[0m
[0;32mI (660) wifi_init: tcp mss: 1440[0m
[0;32mI (670) wifi_init: WiFi IRAM OP enabled[0m
[0;32mI (670) wifi_init: WiFi RX IRAM OP enabled[0m
[0;32mI (680) phy_init: phy_version 4830,54550f7,Jun 20 2024,14:22:08[0m
[0;33mW (760) phy_init: saving new calibration data because of checksum failure, mode(0)[0m
I (790) wifi:mode : sta (cc:7b:5c:27:b1:54)
I (790) wifi:enable tsf
I (810) wifi:new:<6,0>, old:<1,0>, ap:<255,255>, sta:<6,0>, prof:1, snd_ch_cfg:0x0
I (810) wifi:state: init -> auth (0xb0)
I (850) wifi:state: auth -> assoc (0x0)
I (880) wifi:state: assoc -> run (0x10)
I (950) wifi:connected with 9999, aid = 1, channel 6, BW20, bssid = 00:c8:96:7e:b6:21
I (950) wifi:security: WPA2-PSK, phy: bgn, rssi: -52
I (950) wifi:pm start, type: 1

I (950) wifi:dp: 1, bi: 102400, li: 3, scale listen interval from 307200 us to 307200 us
I (970) wifi:<ba-add>idx:0 (ifx:0, 00:c8:96:7e:b6:21), tid:7, ssn:0, winSize:64
I (1030) wifi:AP's beacon interval = 102400 us, DTIM period = 1
[0;32mI (1790) mqtts_example: [APP] Free memory: 229824 bytes[0m
[0;32mI (1790) mqtts_example: Other event id:7[0m
[0;32mI (1790) mqtts_example: [APP] Free memory: 221788 bytes[0m
[0;32mI (1790) mqtts_example: Other event id:7[0m
[0;32mI (1800) mqtts_example: [APP] Free memory: 213864 bytes[0m
[0;32mI (1800) mqtts_example: Other event id:7[0m
[0;32mI (1810) mqtts_example: [APP] Free memory: 205940 bytes[0m
[0;32mI (1810) mqtts_example: Other event id:7[0m
[0;32mI (1820) mqtts_example: [APP] Free memory: 198016 bytes[0m
[0;32mI (1820) mqtts_example: Other event id:7[0m
[0;31mE (1830) esp-tls: couldn't get hostname for :mqtt.thingsboard.cloud: getaddrinfo() returns 202, addrinfo=0x0[0m
[0;31mE (1840) transport_base: Failed to open a new connection: 32769[0m
[0;31mE (1840) mqtt_client: Error transport connect[0m
[0;32mI (1850) mqtts_example: Other event id:0[0m
[0;32mI (1850) mqtts_example: MQTT_EVENT_DISCONNECTED[0m
[0;32mI (1860) mqtts_example: [APP] Free memory: 190120 bytes[0m
[0;32mI (1870) mqtts_example: Other event id:7[0m
[0;31mE (1870) esp-tls: couldn't get hostname for :mqtt.thingsboard.cloud: getaddrinfo() returns 202, addrinfo=0x0[0m
[0;31mE (1880) transport_base: Failed to open a new connection: 32769[0m
[0;31mE (1890) mqtt_client: Error transport connect[0m
[0;32mI (1890) mqtts_example: Other event id:0[0m
[0;32mI (1900) mqtts_example: MQTT_EVENT_DISCONNECTED[0m
[0;32mI (1900) mqtts_example: [APP] Free memory: 182224 bytes[0m
[0;32mI (1910) mqtts_example: Other event id:7[0m
[0;31mE (1910) esp-tls: couldn't get hostname for :mqtt.thingsboard.cloud: getaddrinfo() returns 202, addrinfo=0x0[0m
[0;31mE (1920) transport_base: Failed to open a new connection: 32769[0m
[0;31mE (1930) mqtt_client: Error transport connect[0m
[0;32mI (1930) mqtts_example: Other event id:0[0m
[0;32mI (1940) mqtts_example: MQTT_EVENT_DISCONNECTED[0m
[0;32mI (1940) mqtts_example: [APP] Free memory: 174328 bytes[0
***ERROR*** A stack overflow in task main has been detected.


Backtrace: 0x40081a52:0x3ffb9ae0 0x40089535:0x3ffb9b00 0x4008a42e:0x3ffb9b20 0x4008b767:0x3ffb9ba0 0x4008a538:0x3ffb9bc0 0x4008a4ea:0xa5a5a5a5 |<-CORRUPTED




ELF file SHA256: afbd7d618

Rebooting...
ets Jul 29 2019 12:21:46

rst:0xc (SW_CPU_RESET),boot:0x13 (SPI_FAST_FLASH_BOOT)
configsip: 0, SPIWP:0xee
clk_drv:0x00,q_drv:0x00,d_drv:0x00,cs0_drv:0x00,hd_drv:0x00,wp_drv:0x00
mode:DIO, clock div:2
load:0x3fff0030,len:7176
load:0x40078000,len:15564
ho 0 tail 12 room 4
load:0x40080400,len:4
load:0x40080404,len:3904
entry 0x40080640
[0;32mI (31) boot: ESP-IDF v5.3.1-dirty 2nd stage bootloader[0m
[0;32mI (31) boot: compile time Dec 14 2024 11:22:02[0m
[0;32mI (31) boot: Multicore bootloader[0m
[0;32mI (36) boot: chip revision: v3.1[0m
[0;32mI (40) boot.esp32: SPI Speed      : 40MHz[0m
[0;32mI (44) boot.esp32: SPI Mode       : DIO[0m
[0;32mI (49) boot.esp32: SPI Flash Size : 4MB[0m
[0;32mI (53) boot: Enabling RNG early entropy source...[0m
[0;32mI (59) boot: Partition Table:[0m
[0;32mI (62) boot: ## Label            Usage          Type ST Offset   Length[0m
[0;32mI (70) boot:  0 nvs              WiFi data        01 02 00009000 00006000[0m
[0;32mI (77) boot:  1 phy_init         RF data          01 01 0000f000 00001000[0m
[0;32mI (85) boot:  2 factory          factory app      00 00 00010000 00100000[0m
[0;32mI (92) boot: End of partition table[0m
[0;32mI (96) esp_image: segment 0: paddr=00010020 vaddr=3f400020 size=25afch (154364) map[0m
[0;32mI (158) esp_image: segment 1: paddr=00035b24 vaddr=3ffb0000 size=03ee0h ( 16096) load[0m
[0;32mI (164) esp_image: segment 2: paddr=00039a0c vaddr=40080000 size=0660ch ( 26124) load[0m
[0;32mI (174) esp_image: segment 3: paddr=00040020 vaddr=400d0020 size=a0424h (656420) map[0m
[0;32mI (399) esp_image: segment 4: paddr=000e044c vaddr=4008660c size=10eech ( 69356) load[0m
[0;32mI (439) boot: Loaded app from partition at offset 0x10000[0m
[0;32mI (439) boot: Disabling RNG early entropy source...[0m
[0;32mI (451) cpu_start: Multicore app[0m
[0;32mI (459) cpu_start: Pro cpu start user code[0m
[0;32mI (459) cpu_start: cpu freq: 160000000 Hz[0m
[0;32mI (459) app_init: Application information:[0m
[0;32mI (462) app_init: Project name:     TEST2[0m
[0;32mI (467) app_init: App version:      1[0m
[0;32mI (471) app_init: Compile time:     Dec 17 2024 17:16:46[0m
[0;32mI (477) app_init: ELF file SHA256:  afbd7d618...[0m
[0;32mI (482) app_init: ESP-IDF:          v5.3.1-dirty[0m
[0;32mI (488) efuse_init: Min chip rev:     v0.0[0m
[0;32mI (492) efuse_init: Max chip rev:     v3.99 [0m
[0;32mI (497) efuse_init: Chip rev:         v3.1[0m
[0;32mI (502) heap_init: Initializing. RAM available for dynamic allocation:[0m
[0;32mI (510) heap_init: At 3FFAE6E0 len 00001920 (6 KiB): DRAM[0m
[0;32mI (515) heap_init: At 3FFB87F0 len 00027810 (158 KiB): DRAM[0m
[0;32mI (522) heap_init: At 3FFE0440 len 00003AE0 (14 KiB): D/IRAM[0m
[0;32mI (528) heap_init: At 3FFE4350 len 0001BCB0 (111 KiB): D/IRAM[0m
[0;32mI (534) heap_init: At 400974F8 len 00008B08 (34 KiB): IRAM[0m
[0;32mI (542) spi_flash: detected chip: generic[0m
[0;32mI (545) spi_flash: flash io: dio[0m
[0;32mI (550) main_task: Started on CPU0[0m
[0;32mI (560) main_task: Calling app_main()[0m
I (590) wifi:wifi driver task: 3ffc077c, prio:23, stack:6656, core=0
I (600) wifi:wifi firmware version: ccaebfa
I (600) wifi:wifi certification version: v7.0
I (600) wifi:config NVS flash: enabled
I (600) wifi:config nano formating: disabled
I (610) wifi:Init data frame dynamic rx buffer num: 32
I (610) wifi:Init static rx mgmt buffer num: 5
I (610) wifi:Init management short buffer num: 32
I (620) wifi:Init dynamic tx buffer num: 32
I (620) wifi:Init static rx buffer size: 1600
I (630) wifi:Init static rx buffer num: 10
I (630) wifi:Init dynamic rx buffer num: 32
[0;32mI (640) wifi_init: rx ba win: 6[0m
[0;32mI (640) wifi_init: accept mbox: 6[0m
[0;32mI (640) wifi_init: tcpip mbox: 32[0m
[0;32mI (650) wifi_init: udp mbox: 6[0m
[0;32mI (650) wifi_init: tcp mbox: 6[0m
[0;32mI (650) wifi_init: tcp tx win: 5760[0m
[0;32mI (660) wifi_init: tcp rx win: 5760[0m
[0;32mI (660) wifi_init: tcp mss: 1440[0m
[0;32mI (670) wifi_init: WiFi IRAM OP enabled[0m
[0;32mI (670) wifi_init: WiFi RX IRAM OP enabled[0m
[0;32mI (680) phy_init: phy_version 4830,54550f7,Jun 20 2024,14:22:08[0m
[0;33mW (760) phy_init: saving new calibration data because of checksum failure, mode(0)[0m
I (800) wifi:mode : sta (cc:7b:5c:27:b1:54)
I (800) wifi:enable tsf
I (820) wifi:new:<6,0>, old:<1,0>, ap:<255,255>, sta:<6,0>, prof:1, snd_ch_cfg:0x0
I (820) wifi:state: init -> auth (0xb0)
I (860) wifi:state: auth -> assoc (0x0)
I (890) wifi:state: assoc -> run (0x10)
I (930) wifi:connected with 9999, aid = 1, channel 6, BW20, bssid = 00:c8:96:7e:b6:21
I (930) wifi:security: WPA2-PSK, phy: bgn, rssi: -52
I (930) wifi:pm start, type: 1

I (930) wifi:dp: 1, bi: 102400, li: 3, scale listen interval from 307200 us to 307200 us
I (950) wifi:<ba-add>idx:0 (ifx:0, 00:c8:96:7e:b6:21), tid:7, ssn:0, winSize:64
I (980) wifi:AP's beacon interval = 102400 us, DTIM period = 1
[0;32mI (1800) mqtts_example: [APP] Free memory: 229692 bytes[0m
[0;32mI (1800) mqtts_example: Other event id:7[0m
[0;32mI (1800) mqtts_example: [APP] Free memory: 221660 bytes[0m
[0;32mI (1800) mqtts_example: Other event id:7[0m
[0;32mI (1810) mqtts_example: [APP] Free memory: 213736 bytes[0m
[0;32mI (1810) mqtts_example: Other event id:7[0m
[0;32mI (1820) mqtts_example: [APP] Free memory: 205812 bytes[0m
[0;32mI (1820) mqtts_example: Other event id:7[0m
[0;32mI (1830) mqtts_example: [APP] Free memory: 197888 bytes[0m
[0;32mI (1830) mqtts_example: Other event id:7[0m
[0;31mE (1840) esp-tls: couldn't get hostname for :mqtt.thingsboard.cloud: getaddrinfo() returns 202, addrinfo=0x0[0m
[0;31mE (1850) transport_base: Failed to open a new connection: 32769[0m
[0;31mE (1860) mqtt_client: Error transport connect[0m
[0;32mI (1860) mqtts_example: Other event id:0[0m
[0;32mI (1870) mqtts_example: MQTT_EVENT_DISCONNECTED[0m
[0;32mI (1870) mqtts_example: [APP] Free memory: 189992 bytes[0m
[0;32mI (1880) mqtts_example: Other event id:7[0m
[0;31mE (1880) esp-tls: couldn't get hostname for :mqtt.thingsboard.cloud: getaddrinfo() returns 202, addrinfo=0x0[0m
[0;31mE (1890) transport_base: Failed to open a new connection: 32769[0m
[0;31mE (1900) mqtt_client: Error transport connect[0m
[0;32mI (1900) mqtts_example: Other event id:0[0m
[0;32mI (1910) mqtts_example: [APP] Free memory: 182028 bytes[0m
[0;32mI (1910) mqtts_example: MQTT_EVENT_DISCONNECTED[0m
[0;32mI (1920) mqtts_example: Other event id:7[0m
[0;31mE (1920) esp-tls: couldn't get hostname for :mqtt.thingsboard.cloud: getaddrinfo() returns 202, addrinfo=0x0[0m
[0;31mE (1930) transport_base: Failed to open a new connection: 32769[0m
[0;32mI (1940) esp_netif_handlers: sta ip: 192.168.1.179, mask: 255.255.255.0, gw: 192.168.1.1[0m
[0;31mE (1940) mqtt_client: Error transport connect[0m
[0;32mI (1950) WiFi: Got IP: 192.168.1.179[0m
[0;32mI (1950) mqtts_example: Other event id:0[0m
[0;32mI (1940) mqtts_example: [APP] Free memory: 174020 bytes[0m

***ERROR*** A stack overflow in task main has been detected.


Backtrace: 0x40081a52:0x3ffb9b90 0x40089535:0x3ffb9bb0 0x4008a42e:0x3ffb9bd0 0x4008b767:0x3ffb9c50 0x4008a538:0x3ffb9c70 0x4008a4ea:0xa5a5a5a5 |<-CORRUPTED




ELF file SHA256: afbd7d618

Rebooting...
ets Jul 29 2019 12:21:46

rst:0xc (SW_CPU_RESET),boot:0x13 (SPI_FAST_FLASH_BOOT)
configsip: 0, SPIWP:0xee
clk_drv:0x00,q_drv:0x00,d_drv:0x00,cs0_drv:0x00,hd_drv:0x00,wp_drv:0x00
mode:DIO, clock div:2
load:0x3fff0030,len:7176
load:0x40078000,len:15564
ho 0 tail 12 room 4
load:0x40080400,len:4
load:0x40080404,len:3904
entry 0x40080640
[0;32mI (31) boot: ESP-IDF v5.3.1-dirty 2nd stage bootloader[0m
[0;32mI (31) boot: compile time Dec 14 2024 11:22:02[0m
[0;32mI (31) boot: Multicore bootloader[0m
[0;32mI (36) boot: chip revision: v3.1[0m
[0;32mI (40) boot.esp32: SPI Speed      : 40MHz[0m
[0;32mI (44) boot.esp32: SPI Mode       : DIO[0m
[0;32mI (49) boot.esp32: SPI Flash Size : 4MB[0m
[0;32mI (53) boot: Enabling RNG early entropy source...[0m
[0;32mI (59) boot: Partition Table:[0m
[0;32mI (62) boot: ## Label            Usage          Type ST Offset   Length[0m
[0;32mI (70) boot:  0 nvs              WiFi data        01 02 00009000 00006000[0m
[0;32mI (77) boot:  1 phy_init         RF data          01 01 0000f000 00001000[0m
[0;32mI (85) boot:  2 factory          factory app      00 00 00010000 00100000[0m
[0;32mI (92) boot: End of partition table[0m
[0;32mI (96) esp_image: segment 0: paddr=00010020 vaddr=3f400020 size=25afch (154364) map[0m
[0;32mI (158) esp_image: segment 1: paddr=00035b24 vaddr=3ffb0000 size=03ee0h ( 16096) load[0m
[0;32mI (164) esp_image: segment 2: paddr=00039a0c vaddr=40080000 size=0660ch ( 26124) load[0m
[0;32mI (174) esp_image: segment 3: paddr=00040020 vaddr=400d0020 size=a0424h (656420) map[0m
[0;32mI (399) esp_image: segment 4: paddr=000e044c vaddr=4008660c size=10eech ( 69356) load[0m
[0;32mI (439) boot: Loaded app from partition at offset 0x10000[0m
[0;32mI (439) boot: Disabling RNG early entropy source...[0m
[0;32mI (451) cpu_start: Multicore app[0m
[0;32mI (459) cpu_start: Pro cpu start user code[0m
[0;32mI (459) cpu_start: cpu freq: 160000000 Hz[0m
[0;32mI (459) app_init: Application information:[0m
[0;32mI (462) app_init: Project name:     TEST2[0m
[0;32mI (467) app_init: App version:      1[0m
[0;32mI (471) app_init: Compile time:     Dec 17 2024 17:16:46[0m
[0;32mI (477) app_init: ELF file SHA256:  afbd7d618...[0m
[0;32mI (482) app_init: ESP-IDF:          v5.3.1-dirty[0m
[0;32mI (488) efuse_init: Min chip rev:     v0.0[0m
[0;32mI (492) efuse_init: Max chip rev:     v3.99 [0m
[0;32mI (497) efuse_init: Chip rev:         v3.1[0m
[0;32mI (502) heap_init: Initializing. RAM available for dynamic allocation:[0m
[0;32mI (510) heap_init: At 3FFAE6E0 len 00001920 (6 KiB): DRAM[0m
[0;32mI (515) heap_init: At 3FFB87F0 len 00027810 (158 KiB): DRAM[0m
[0;32mI (522) heap_init: At 3FFE0440 len 00003AE0 (14 KiB): D/IRAM[0m
[0;32mI (528) heap_init: At 3FFE4350 len 0001BCB0 (111 KiB): D/IRAM[0m
[0;32mI (534) heap_init: At 400974F8 len 00008B08 (34 KiB): IRAM[0m
[0;32mI (542) spi_flash: detected chip: generic[0m
[0;32mI (545) spi_flash: flash io: dio[0m
[0;32mI (550) main_task: Started on CPU0[0m
[0;32mI (560) main_task: Calling app_main()[0m
I (590) wifi:wifi driver task: 3ffc0800, prio:23, stack:6656, core=0
I (600) wifi:wifi firmware version: ccaebfa
I (600) wifi:wifi certification version: v7.0
I (600) wifi:config NVS flash: enabled
I (600) wifi:config nano formating: disabled
I (610) wifi:Init data frame dynamic rx buffer num: 32
I (610) wifi:Init static rx mgmt buffer num: 5
I (610) wifi:Init management short buffer num: 32
I (620) wifi:Init dynamic tx buffer num: 32
I (620) wifi:Init static rx buffer size: 1600
I (630) wifi:Init static rx buffer num: 10
I (630) wifi:Init dynamic rx buffer num: 32
[0;32mI (640) wifi_init: rx ba win: 6[0m
[0;32mI (640) wifi_init: accept mbox: 6[0m
[0;32mI (640) wifi_init: tcpip mbox: 32[0m
[0;32mI (650) wifi_init: udp mbox: 6[0m
[0;32mI (650) wifi_init: tcp mbox: 6[0m
[0;32mI (650) wifi_init: tcp tx win: 5760[0m
[0;32mI (660) wifi_init: tcp rx win: 5760[0m
[0;32mI (660) wifi_init: tcp mss: 1440[0m
[0;32mI (670) wifi_init: WiFi IRAM OP enabled[0m
[0;32mI (670) wifi_init: WiFi RX IRAM OP enabled[0m
[0;32mI (680) phy_init: phy_version 4830,54550f7,Jun 20 2024,14:22:08[0m
[0;33mW (760) phy_init: saving new calibration data because of checksum failure, mode(0)[0m
I (790) wifi:mode : sta (cc:7b:5c:27:b1:54)
I (790) wifi:enable tsf
I (810) wifi:new:<6,0>, old:<1,0>, ap:<255,255>, sta:<6,0>, prof:1, snd_ch_cfg:0x0
I (810) wifi:state: init -> auth (0xb0)
I (860) wifi:state: auth -> assoc (0x0)
I (890) wifi:state: assoc -> run (0x10)
I (940) wifi:connected with 9999, aid = 1, channel 6, BW20, bssid = 00:c8:96:7e:b6:21
I (940) wifi:security: WPA2-PSK, phy: bgn, rssi: -52
I (950) wifi:pm start, type: 1

I (950) wifi:dp: 1, bi: 102400, li: 3, scale listen interval from 307200 us to 307200 us
I (990) wifi:<ba-add>idx:0 (ifx:0, 00:c8:96:7e:b6:21), tid:7, ssn:0, winSize:64
I (1020) wifi:AP's beacon interval = 102400 us, DTIM period = 1
[0;32mI (1790) mqtts_example: [APP] Free memory: 229696 bytes[0m
[0;32mI (1790) mqtts_example: Other event id:7[0m
[0;32mI (1790) mqtts_example: [APP] Free memory: 221660 bytes[0m
[0;32mI (1790) mqtts_example: Other event id:7[0m
[0;32mI (1800) mqtts_example: [APP] Free memory: 213736 bytes[0m
[0;32mI (1800) mqtts_example: Other event id:7[0m
[0;32mI (1810) mqtts_example: [APP] Free memory: 205812 bytes[0m
[0;32mI (1810) mqtts_example: Other event id:7[0m
[0;32mI (1820) mqtts_example: [APP] Free memory: 197888 bytes[0m
[0;32mI (1820) mqtts_example: Other event id:7[0m
[0;31mE (1830) esp-tls: couldn't get hostname for :mqtt.thingsboard.cloud: getaddrinfo() returns 202, addrinfo=0x0[0m
[0;31mE (1840) transport_base: Failed to open a new connection: 32769[0m
[0;31mE (1840) mqtt_client: Error transport connect[0m
[0;32mI (1850) mqtts_example: Other event id:0[0m
[0;32mI (1850) mqtts_example: MQTT_EVENT_DISCONNECTED[0m
[0;32mI (1860) mqtts_example: [APP] Free memory: 189992 bytes[0m
[0;32mI (1870) mqtts_example: Other event id:7[0m
[0;31mE (1870) esp-tls: couldn't get hostname for :mqtt.thingsboard.cloud: getaddrinfo() returns 202, addrinfo=0x0[0m
[0;31mE (1880) transport_base: Failed to open a new connection: 32769[0m
[0;31mE (1890) mqtt_client: Error transport connect[0m
[0;32mI (1890) mqtts_example: Other event id:0[0m
[0;32mI (1900) mqtts_example: MQTT_EVENT_DISCONNECTED[0m
[0;32mI (1900) mqtts_example: [APP] Free memory: 182096 bytes[0m
[0;32mI (1910) mqtts_example: Other event id:7[0m
[0;31mE (1910) esp-tls: couldn't get hostname for :mqtt.thingsboard.cloud: getaddrinfo() returns 202, addrinfo=0x0[0m
[0;31mE (1920) transport_base: Failed to open a new connection: 32769[0m
[0;31mE (1930) mqtt_client: Error transport connect[0m
[0;32mI (1930) mqtts_example: Other event id:0[0m
[0;32mI (1940) mqtts_example: MQTT_EVENT_DISCONNECTED[0m
[0;32mI (1940) mqtts_example: [APP] Free memory: 174200 bytes[0m

***ERROR*** A stack overflow in task main has been detected.


Backtrace: 0x40081a52:0x3ffb9fb0 0x40089535:0x3ffb9fd0 0x4008a42e:0x3ffb9ff0 0x4008b767:0x3ffba070 0x4008a538:0x3ffba090 0x4008a4ea:0x3ffba0b0 0x00060f1d:0x00000000 |<-CORRUPTED




ELF file SHA256: afbd7d618

Rebooting...
ets Jul 29 2019 12:21:46

rst:0xc (SW_CPU_RESET),boot:0x13 (SPI_FAST_FLASH_BOOT)
configsip: 0, SPIWP:0xee
clk_drv:0x00,q_drv:0x00,d_drv:0x00,cs0_drv:0x00,hd_drv:0x00,wp_drv:0x00
mode:DIO, clock div:2
load:0x3fff0030,len:7176
load:0x40078000,len:15564
ho 0 tail 12 room 4
load:0x40080400,len:4
load:0x40080404,len:3904
entry 0x40080640
[0;32mI (31) boot: ESP-IDF v5.3.1-dirty 2nd stage bootloader[0m
[0;32mI (31) boot: compile time Dec 14 2024 11:22:02[0m
[0;32mI (31) boot: Multicore bootloader[0m
[0;32mI (36) boot: chip revision: v3.1[0m
[0;32mI (40) boot.esp32: SPI Speed      : 40MHz[0m
[0;32mI (44) boot.esp32: SPI Mode       : DIO[0m
[0;32mI (49) boot.esp32: SPI Flash Size : 4MB[0m
[0;32mI (53) boot: Enabling RNG early entropy source...[0m
[0;32mI (59) boot: Partition Table:[0m
[0;32mI (62) boot: ## Label            Usage          Type ST Offset   Length[0m
[0;32mI (70) boot:  0 nvs              WiFi data        01 02 00009000 00006000[0m
[0;32mI (77) boot:  1 phy_init         RF data          01 01 0000f000 00001000[0m
[0;32mI (85) boot:  2 factory          factory app      00 00 00010000 00100000[0m
[0;32mI (92) boot: End of partition table[0m
[0;32mI (96) esp_image: segment 0: paddr=00010020 vaddr=3f400020 size=25afch (154364) map[0m
[0;32mI (158) esp_image: segment 1: paddr=00035b24 vaddr=3ffb0000 size=03ee0h ( 16096) load[0m
[0;32mI (164) esp_image: segment 2: paddr=00039a0c vaddr=40080000 size=0660ch ( 26124) load[0m
[0;32mI (174) esp_image: segment 3: paddr=00040020 vaddr=400d0020 size=a0424h (656420) map[0m
[0;32mI (399) esp_image: segment 4: paddr=000e044c vaddr=4008660c size=10eech ( 69356) load[0m
[0;32mI (439) boot: Loaded app from partition at offset 0x10000[0m
[0;32mI (439) boot: Disabling RNG early entropy source...[0m
[0;32mI (451) cpu_start: Multicore app[0m
[0;32mI (459) cpu_start: Pro cpu start user code[0m
[0;32mI (459) cpu_start: cpu freq: 160000000 Hz[0m
[0;32mI (459) app_init: Application information:[0m
[0;32mI (462) app_init: Project name:     TEST2[0m
[0;32mI (467) app_init: App version:      1[0m
[0;32mI (471) app_init: Compile time:     Dec 17 2024 17:16:46[0m
[0;32mI (477) app_init: ELF file SHA256:  afbd7d618...[0m
[0;32mI (482) app_init: ESP-IDF:          v5.3.1-dirty[0m
[0;32mI (488) efuse_init: Min chip rev:     v0.0[0m
[0;32mI (492) efuse_init: Max chip rev:     v3.99 [0m
[0;32mI (497) efuse_init: Chip rev:         v3.1[0m
[0;32mI (502) heap_init: Initializing. RAM available for dynamic allocation:[0m
[0;32mI (510) heap_init: At 3FFAE6E0 len 00001920 (6 KiB): DRAM[0m
[0;32mI (515) heap_init: At 3FFB87F0 len 00027810 (158 KiB): DRAM[0m
[0;32mI (522) heap_init: At 3FFE0440 len 00003AE0 (14 KiB): D/IRAM[0m
[0;32mI (528) heap_init: At 3FFE4350 len 0001BCB0 (111 KiB): D/IRAM[0m
[0;32mI (534) heap_init: At 400974F8 len 00008B08 (34 KiB): IRAM[0m
[0;32mI (542) spi_flash: detected chip: generic[0m
[0;32mI (545) spi_flash: flash io: dio[0m
[0;32mI (550) main_task: Started on CPU0[0m
[0;32mI (560) main_task: Calling app_main()[0m
I (590) wifi:wifi driver task: 3ffc0800, prio:23, stack:6656, core=0
I (600) wifi:wifi firmware version: ccaebfa
I (600) wifi:wifi certification version: v7.0
I (600) wifi:config NVS flash: enabled
I (600) wifi:config nano formating: disabled
I (610) wifi:Init data frame dynamic rx buffer num: 32
I (610) wifi:Init static rx mgmt buffer num: 5
I (610) wifi:Init management short buffer num: 32
I (620) wifi:Init dynamic tx buffer num: 32
I (620) wifi:Init static rx buffer size: 1600
I (630) wifi:Init static rx buffer num: 10
I (630) wifi:Init dynamic rx buffer num: 32
[0;32mI (640) wifi_init: rx ba win: 6[0m
[0;32mI (640) wifi_init: accept mbox: 6[0m
[0;32mI (640) wifi_init: tcpip mbox: 32[0m
[0;32mI (650) wifi_init: udp mbox: 6[0m
[0;32mI (650) wifi_init: tcp mbox: 6[0m
[0;32mI (650) wifi_init: tcp tx win: 5760[0m
[0;32mI (660) wifi_init: tcp rx win: 5760[0m
[0;32mI (660) wifi_init: tcp mss: 1440[0m
[0;32mI (670) wifi_init: WiFi IRAM OP enabled[0m
[0;32mI (670) wifi_init: WiFi RX IRAM OP enabled[0m
[0;32mI (680) phy_init: phy_version 4830,54550f7,Jun 20 2024,14:22:08[0m
[0;33mW (760) phy_init: saving new calibration data because of checksum failure, mode(0)[0m
I (800) wifi:mode : sta (cc:7b:5c:27:b1:54)
I (800) wifi:enable tsf
I (830) wifi:new:<6,0>, old:<1,0>, ap:<255,255>, sta:<6,0>, prof:1, snd_ch_cfg:0x0
I (840) wifi:state: init -> auth (0xb0)
I (880) wifi:state: auth -> assoc (0x0)
I (920) wifi:state: assoc -> run (0x10)
I (950) wifi:connected with 9999, aid = 1, channel 6, BW20, bssid = 00:c8:96:7e:b6:21
I (960) wifi:security: WPA2-PSK, phy: bgn, rssi: -56
I (960) wifi:pm start, type: 1

I (960) wifi:dp: 1, bi: 102400, li: 3, scale listen interval from 307200 us to 307200 us
I (970) wifi:AP's beacon interval = 102400 us, DTIM period = 1
I (1030) wifi:<ba-add>idx:0 (ifx:0, 00:c8:96:7e:b6:21), tid:7, ssn:0, winSize:64
[0;32mI (1800) mqtts_example: [APP] Free memory: 229704 bytes[0m
[0;32mI (1800) mqtts_example: Other event id:7[0m
[0;32mI (1800) mqtts_example: [APP] Free memory: 221668 bytes[0m
[0;32mI (1800) mqtts_example: Other event id:7[0m
[0;32mI (1810) mqtts_example: [APP] Free memory: 213744 bytes[0m
[0;32mI (1810) mqtts_example: Other event id:7[0m
[0;32mI (1820) mqtts_example: [APP] Free memory: 205820 bytes[0m
[0;32mI (1820) mqtts_example: Other event id:7[0m
[0;32mI (1830) mqtts_example: [APP] Free memory: 197896 bytes[0m
[0;32mI (1830) mqtts_example: Other event id:7[0m
[0;31mE (1840) esp-tls: couldn't get hostname for :mqtt.thingsboard.cloud: getaddrinfo() returns 202, addrinfo=0x0[0m
[0;31mE (1850) transport_base: Failed to open a new connection: 32769[0m
[0;31mE (1850) mqtt_client: Error transport connect[0m
[0;32mI (1860) mqtts_example: Other event id:0[0m
[0;32mI (1860) mqtts_example: MQTT_EVENT_DISCONNECTED[0m
[0;32mI (1870) mqtts_example: [APP] Free memory: 190000 bytes[0m
[0;32mI (1880) mqtts_example: Other event id:7[0m
[0;31mE (1880) esp-tls: couldn't get hostname for :mqtt.thingsboard.cloud: getaddrinfo() returns 202, addrinfo=0x0[0m
[0;31mE (1890) transport_base: Failed to open a new connection: 32769[0m
[0;32mI (1900) mqtts_example: [APP] Free memory: 182104 bytes[0m
[0;31mE (1900) mqtt_client: Error transport connect[0m
[0;32mI (1910) mqtts_example: Other event id:0[0m
[0;32mI (1910) mqtts_example: MQTT_EVENT_DISCONNECTED[0m
[0;32mI (1920) mqtts_example: Other event id:7[0m
[0;31mE (1920) esp-tls: couldn't get hostname for :mqtt.thingsboard.cloud: getaddrinfo() returns 202, addrinfo=0x0[0m
[0;31mE (1930) transport_base: Failed to open a new connection: 32769[0m
[0;31mE (1940) mqtt_client: Error transport connect[0m
[0;32mI (1940) mqtts_example: Other event id:0[0m
[0;32mI (1950) mqtts_example: MQTT_EVENT_DISCONNECTED[0m
[0;32mI (1950) mqtts_example: [APP] Free memory: 174208 bytes[0m

***ERROR*** A stack overflow in task main has been detected.


Backtrace: 0x40081a52:0x3ffb9fb0 0x40089535:0x3ffb9fd0 0x4008a42e:0x3ffb9ff0 0x4008b767:0x3ffba070 0x4008a538:0x3ffba090 0x4008a4ea:0x3ffba0b0 0x00060d1d:0x00000000 |<-CORRUPTED




ELF file SHA256: afbd7d618

Rebooting...
ets Jul 29 2019 12:21:46

rst:0xc (SW_CPU_RESET),boot:0x13 (SPI_FAST_FLASH_BOOT)
configsip: 0, SPIWP:0xee
clk_drv:0x00,q_drv:0x00,d_drv:0x00,cs0_drv:0x00,hd_drv:0x00,wp_drv:0x00
mode:DIO, clock div:2
load:0x3fff0030,len:7176
load:0x40078000,len:15564
ho 0 tail 12 room 4
load:0x40080400,len:4
load:0x40080404,len:3904
entry 0x40080640
[0;32mI (31) boot: ESP-IDF v5.3.1-dirty 2nd stage bootloader[0m
[0;32mI (31) boot: compile time Dec 14 2024 11:22:02[0m
[0;32mI (31) boot: Multicore bootloader[0m
[0;32mI (36) boot: chip revision: v3.1[0m
[0;32mI (40) boot.esp32: SPI Speed      : 40MHz[0m
[0;32mI (44) boot.esp32: SPI Mode       : DIO[0m
[0;32mI (49) boot.esp32: SPI Flash Size : 4MB[0m
[0;32mI (53) boot: Enabling RNG early entropy source...[0m
[0;32mI (59) boot: Partition Table:[0m
[0;32mI (62) boot: ## Label            Usage          Type ST Offset   Length[0m
[0;32mI (70) boot:  0 nvs              WiFi data        01 02 00009000 00006000[0m
[0;32mI (77) boot:  1 phy_init         RF data          01 01 0000f000 00001000[0m
[0;32mI (85) boot:  2 factory          factory app      00 00 00010000 00100000[0m
[0;32mI (92) boot: End of partition table[0m
[0;32mI (96) esp_image: segment 0: paddr=00010020 vaddr=3f400020 size=25afch (154364) map[0m
[0;32mI (158) esp_image: segment 1: paddr=00035b24 vaddr=3ffb0000 size=03ee0h ( 16096) load[0m
[0;32mI (164) esp_image: segment 2: paddr=00039a0c vaddr=40080000 size=0660ch ( 26124) load[0m
[0;32mI (174) esp_image: segment 3: paddr=00040020 vaddr=400d0020 size=a0424h (656420) map[0m
[0;32mI (399) esp_image: segment 4: paddr=000e044c vaddr=4008660c size=10eech ( 69356) load[0m
[0;32mI (439) boot: Loaded app from partition at offset 0x10000[0m
[0;32mI (439) boot: Disabling RNG early entropy source...[0m
[0;32mI (451) cpu_start: Multicore app[0m
[0;32mI (459) cpu_start: Pro cpu start user code[0m
[0;32mI (459) cpu_start: cpu freq: 160000000 Hz[0m
[0;32mI (459) app_init: Application information:[0m
[0;32mI (462) app_init: Project name:     TEST2[0m
[0;32mI (467) app_init: App version:      1[0m
[0;32mI (471) app_init: Compile time:     Dec 17 2024 17:16:46[0m
[0;32mI (477) app_init: ELF file SHA256:  afbd7d618...[0m
[0;32mI (482) app_init: ESP-IDF:          v5.3.1-dirty[0m
[0;32mI (488) efuse_init: Min chip rev:     v0.0[0m
[0;32mI (492) efuse_init: Max chip rev:     v3.99 [0m
[0;32mI (497) efuse_init: Chip rev:         v3.1[0m
[0;32mI (502) heap_init: Initializing. RAM available for dynamic allocation:[0m
[0;32mI (510) heap_init: At 3FFAE6E0 len 00001920 (6 KiB): DRAM[0m
[0;32mI (515) heap_init: At 3FFB87F0 len 00027810 (158 KiB): DRAM[0m
[0;32mI (522) heap_init: At 3FFE0440 len 00003AE0 (14 KiB): D/IRAM[0m
[0;32mI (528) heap_init: At 3FFE4350 len 0001BCB0 (111 KiB): D/IRAM[0m
[0;32mI (534) heap_init: At 400974F8 len 00008B08 (34 KiB): IRAM[0m
[0;32mI (542) spi_flash: detected chip: generic[0m
[0;32mI (545) spi_flash: flash io: dio[0m
[0;32mI (550) main_task: Started on CPU0[0m
[0;32mI (560) main_task: Calling app_main()[0m
I (590) wifi:wifi driver task: 3ffc0800, prio:23, stack:6656, core=0
I (600) wifi:wifi firmware version: ccaebfa
I (600) wifi:wifi certification version: v7.0
I (600) wifi:config NVS flash: enabled
I (600) wifi:config nano formating: disabled
I (610) wifi:Init data frame dynamic rx buffer num: 32
I (610) wifi:Init static rx mgmt buffer num: 5
I (610) wifi:Init management short buffer num: 32
I (620) wifi:Init dynamic tx buffer num: 32
I (620) wifi:Init static rx buffer size: 1600
I (630) wifi:Init static rx buffer num: 10
I (630) wifi:Init dynamic rx buffer num: 32
[0;32mI (640) wifi_init: rx ba win: 6[0m
[0;32mI (640) wifi_init: accept mbox: 6[0m
[0;32mI (640) wifi_init: tcpip mbox: 32[0m
[0;32mI (650) wifi_init: udp mbox: 6[0m
[0;32mI (650) wifi_init: tcp mbox: 6[0m
[0;32mI (650) wifi_init: tcp tx win: 5760[0m
[0;32mI (660) wifi_init: tcp rx win: 5760[0m
[0;32mI (660) wifi_init: tcp mss: 1440[0m
[0;32mI (670) wifi_init: WiFi IRAM OP enabled[0m
[0;32mI (670) wifi_init: WiFi RX IRAM OP enabled[0m
[0;32mI (680) phy_init: phy_version 4830,54550f7,Jun 20 2024,14:22:08[0m
I (770) wifi:mode : sta (cc:7b:5c:27:b1:54)
I (770) wifi:enable tsf
I (780) wifi:new:<6,0>, old:<1,0>, ap:<255,255>, sta:<6,0>, prof:1, snd_ch_cfg:0x0
I (780) wifi:state: init -> auth (0xb0)
I (830) wifi:state: auth -> assoc (0x0)
I (860) wifi:state: assoc -> run (0x10)
I (890) wifi:connected with 9999, aid = 1, channel 6, BW20, bssid = 00:c8:96:7e:b6:21
I (900) wifi:security: WPA2-PSK, phy: bgn, rssi: -52
I (900) wifi:pm start, type: 1

I (900) wifi:dp: 1, bi: 102400, li: 3, scale listen interval from 307200 us to 307200 us
I (920) wifi:AP's beacon interval = 102400 us, DTIM period = 1
I (930) wifi:<ba-add>idx:0 (ifx:0, 00:c8:96:7e:b6:21), tid:7, ssn:0, winSize:64
[0;32mI (1770) mqtts_example: [APP] Free memory: 229696 bytes[0m
[0;32mI (1770) mqtts_example: Other event id:7[0m
[0;32mI (1770) mqtts_example: [APP] Free memory: 221660 bytes[0m
[0;32mI (1770) mqtts_example: Other event id:7[0m
[0;32mI (1780) mqtts_example: [APP] Free memory: 213736 bytes[0m
[0;32mI (1780) mqtts_example: Other event id:7[0m
[0;32mI (1790) mqtts_example: [APP] Free memory: 205812 bytes[0m
[0;32mI (1790) mqtts_example: Other event id:7[0m
[0;32mI (1800) mqtts_example: [APP] Free memory: 197888 bytes[0m
[0;32mI (1800) mqtts_example: Other event id:7[0m
[0;31mE (1810) esp-tls: couldn't get hostname for :mqtt.thingsboard.cloud: getaddrinfo() returns 202, addrinfo=0x0[0m
[0;31mE (1820) transport_base: Failed to open a new connection: 32769[0m
[0;31mE (1820) mqtt_client: Error transport connect[0m
[0;32mI (1830) mqtts_example: Other event id:0[0m
[0;32mI (1830) mqtts_example: MQTT_EVENT_DISCONNECTED[0m
[0;32mI (1840) mqtts_example: [APP] Free memory: 189992 bytes[0m
[0;32mI (1850) mqtts_example: Other event id:7[0m
[0;31mE (1850) esp-tls: couldn't get hostname for :mqtt.thingsboard.cloud: getaddrinfo() returns 202, addrinfo=0x0[0m
[0;31mE (1860) transport_base: Failed to open a new connection: 32769[0m
[0;31mE (1870) mqtt_client: Error transport connect[0m
[0;32mI (1870) mqtts_example: Other event id:0[0m
[0;32mI (1880) mqtts_example: MQTT_EVENT_DISCONNECTED[0m
[0;32mI (1880) mqtts_example: [APP] Free memory: 182096 bytes[0m
[0;32mI (1890) mqtts_example: Other event id:7[0m
[0;31mE (1890) esp-tls: couldn't get hostname for :mqtt.thingsboard.cloud: getaddrinfo() returns 202, addrinfo=0x0[0m
[0;31mE (1900) transport_base: Failed to open a new connection: 32769[0m
[0;32mI (1910) esp_netif_handlers: sta ip: 192.168.1.179, mask: 255.255.255.0, gw: 192.168.1.1[0m
[0;31mE (1910) mqtt_client: Error transport connect[0m
[0;32mI (1920) WiFi: Got IP: 192.168.1.179[0m
[0;32mI (1920) mqtts_example: Other event id:0[0m
[0;32mI (1910) mqt
***ERROR*** A stack overflow in task main has been detected.


Backtrace: 0x40081a52:0x3ffb9ae0 0x40089535:0x3ffb9b00 0x4008a42e:0x3ffb9b20 0x4008b767:0x3ffb9ba0 0x4008a538:0x3ffb9bc0 0x4008a4ea:0xa5a5a5a5 |<-CORRUPTED




ELF file SHA256: afbd7d618

Rebooting...
ets Jul 29 2019 12:21:46

rst:0xc (SW_CPU_RESET),boot:0x13 (SPI_FAST_FLASH_BOOT)
configsip: 0, SPIWP:0xee
clk_drv:0x00,q_drv:0x00,d_drv:0x00,cs0_drv:0x00,hd_drv:0x00,wp_drv:0x00
mode:DIO, clock div:2
load:0x3fff0030,len:7176
load:0x40078000,len:15564
ho 0 tail 12 room 4
load:0x40080400,len:4
load:0x40080404,len:3904
entry 0x40080640
[0;32mI (31) boot: ESP-IDF v5.3.1-dirty 2nd stage bootloader[0m
[0;32mI (31) boot: compile time Dec 14 2024 11:22:02[0m
[0;32mI (31) boot: Multicore bootloader[0m
[0;32mI (36) boot: chip revision: v3.1[0m
[0;32mI (40) boot.esp32: SPI Speed      : 40MHz[0m
[0;32mI (44) boot.esp32: SPI Mode       : DIO[0m
[0;32mI (49) boot.esp32: SPI Flash Size : 4MB[0m
[0;32mI (53) boot: Enabling RNG early entropy source...[0m
[0;32mI (59) boot: Partition Table:[0m
[0;32mI (62) boot: ## Label            Usage          Type ST Offset   Length[0m
[0;32mI (70) boot:  0 nvs              WiFi data        01 02 00009000 00006000[0m
[0;32mI (77) boot:  1 phy_init         RF data          01 01 0000f000 00001000[0m
[0;32mI (85) boot:  2 factory          factory app      00 00 00010000 00100000[0m
[0;32mI (92) boot: End of partition table[0m
[0;32mI (96) esp_image: segment 0: paddr=00010020 vaddr=3f400020 size=25afch (154364) map[0m
[0;32mI (158) esp_image: segment 1: paddr=00035b24 vaddr=3ffb0000 size=03ee0h ( 16096) load[0m
[0;32mI (164) esp_image: segment 2: paddr=00039a0c vaddr=40080000 size=0660ch ( 26124) load[0m
[0;32mI (174) esp_image: segment 3: paddr=00040020 vaddr=400d0020 size=a0424h (656420) map[0m
[0;32mI (399) esp_image: segment 4: paddr=000e044c vaddr=4008660c size=10eech ( 69356) load[0m
[0;32mI (439) boot: Loaded app from partition at offset 0x10000[0m
[0;32mI (439) boot: Disabling RNG early entropy source...[0m
[0;32mI (451) cpu_start: Multicore app[0m
[0;32mI (459) cpu_start: Pro cpu start user code[0m
[0;32mI (459) cpu_start: cpu freq: 160000000 Hz[0m
[0;32mI (459) app_init: Application information:[0m
[0;32mI (462) app_init: Project name:     TEST2[0m
[0;32mI (467) app_init: App version:      1[0m
[0;32mI (471) app_init: Compile time:     Dec 17 2024 17:16:46[0m
[0;32mI (477) app_init: ELF file SHA256:  afbd7d618...[0m
[0;32mI (482) app_init: ESP-IDF:          v5.3.1-dirty[0m
[0;32mI (488) efuse_init: Min chip rev:     v0.0[0m
[0;32mI (492) efuse_init: Max chip rev:     v3.99 [0m
[0;32mI (497) efuse_init: Chip rev:         v3.1[0m
[0;32mI (502) heap_init: Initializing. RAM available for dynamic allocation:[0m
[0;32mI (510) heap_init: At 3FFAE6E0 len 00001920 (6 KiB): DRAM[0m
[0;32mI (515) heap_init: At 3FFB87F0 len 00027810 (158 KiB): DRAM[0m
[0;32mI (522) heap_init: At 3FFE0440 len 00003AE0 (14 KiB): D/IRAM[0m
[0;32mI (528) heap_init: At 3FFE4350 len 0001BCB0 (111 KiB): D/IRAM[0m
[0;32mI (534) heap_init: At 400974F8 len 00008B08 (34 KiB): IRAM[0m
[0;32mI (542) spi_flash: detected chip: generic[0m
[0;32mI (545) spi_flash: flash io: dio[0m
[0;32mI (550) main_task: Started on CPU0[0m
[0;32mI (560) main_task: Calling app_main()[0m
I (590) wifi:wifi driver task: 3ffc0800, prio:23, stack:6656, core=0
I (600) wifi:wifi firmware version: ccaebfa
I (600) wifi:wifi certification version: v7.0
I (600) wifi:config NVS flash: enabled
I (600) wifi:config nano formating: disabled
I (610) wifi:Init data frame dynamic rx buffer num: 32
I (610) wifi:Init static rx mgmt buffer num: 5
I (610) wifi:Init management short buffer num: 32
I (620) wifi:Init dynamic tx buffer num: 32
I (620) wifi:Init static rx buffer size: 1600
I (630) wifi:Init static rx buffer num: 10
I (630) wifi:Init dynamic rx buffer num: 32
[0;32mI (640) wifi_init: rx ba win: 6[0m
[0;32mI (640) wifi_init: accept mbox: 6[0m
[0;32mI (640) wifi_init: tcpip mbox: 32[0m
[0;32mI (650) wifi_init: udp mbox: 6[0m
[0;32mI (650) wifi_init: tcp mbox: 6[0m
[0;32mI (650) wifi_init: tcp tx win: 5760[0m
[0;32mI (660) wifi_init: tcp rx win: 5760[0m
[0;32mI (660) wifi_init: tcp mss: 1440[0m
[0;32mI (670) wifi_init: WiFi IRAM OP enabled[0m
[0;32mI (670) wifi_init: WiFi RX IRAM OP enabled[0m
[0;32mI (680) phy_init: phy_version 4830,54550f7,Jun 20 2024,14:22:08[0m
I (770) wifi:mode : sta (cc:7b:5c:27:b1:54)
I (770) wifi:enable tsf
I (780) wifi:new:<6,0>, old:<1,0>, ap:<255,255>, sta:<6,0>, prof:1, snd_ch_cfg:0x0
I (780) wifi:state: init -> auth (0xb0)
I (820) wifi:state: auth -> assoc (0x0)
I (860) wifi:state: assoc -> run (0x10)
I (900) wifi:connected with 9999, aid = 1, channel 6, BW20, bssid = 00:c8:96:7e:b6:21
I (900) wifi:security: WPA2-PSK, phy: bgn, rssi: -52
I (910) wifi:pm start, type: 1

I (910) wifi:dp: 1, bi: 102400, li: 3, scale listen interval from 307200 us to 307200 us
I (930) wifi:<ba-add>idx:0 (ifx:0, 00:c8:96:7e:b6:21), tid:7, ssn:0, winSize:64
I (990) wifi:AP's beacon interval = 102400 us, DTIM period = 1
[0;32mI (1770) mqtts_example: [APP] Free memory: 229696 bytes[0m
[0;32mI (1770) mqtts_example: Other event id:7[0m
[0;32mI (1770) mqtts_example: [APP] Free memory: 221660 bytes[0m
[0;32mI (1770) mqtts_example: Other event id:7[0m
[0;32mI (1780) mqtts_example: [APP] Free memory: 213736 bytes[0m
[0;32mI (1780) mqtts_example: Other event id:7[0m
[0;32mI (1790) mqtts_example: [APP] Free memory: 205812 bytes[0m
[0;32mI (1790) mqtts_example: Other event id:7[0m
[0;32mI (1800) mqtts_example: [APP] Free memory: 197888 bytes[0m
[0;32mI (1800) mqtts_example: Other event id:7[0m
[0;31mE (1810) esp-tls: couldn't get hostname for :mqtt.thingsboard.cloud: getaddrinfo() returns 202, addrinfo=0x0[0m
[0;32mI (1820) mqtts_example: [APP] Free memory: 189964 bytes[0m
[0;31mE (1820) transport_base: Failed to open a new connection: 32769[0m
[0;31mE (1830) mqtt_client: Error transport connect[0m
[0;32mI (1840) mqtts_example: Other event id:0[0m
[0;32mI (1840) mqtts_example: MQTT_EVENT_DISCONNECTED[0m
[0;32mI (1850) mqtts_example: Other event id:7[0m
