ets Jul 29 2019 12:21:46

rst:0x1 (POWERON_RESET),boot:0x13 (SPI_FAST_FLASH_BOOT)
configsip: 0, SPIWP:0xee
clk_drv:0x00,q_drv:0x00,d_drv:0x00,cs0_drv:0x00,hd_drv:0x00,wp_drv:0x00
mode:DIO, clock div:2
load:0x3fff0030,len:7176
load:0x40078000,len:15564
ho 0 tail 12 room 4
load:0x40080400,len:4
load:0x40080404,len:3904
entry 0x40080640
[0;32mI (31) boot: ESP-IDF v5.3.1-dirty 2nd stage bootloader[0m
[0;32mI (31) boot: compile time Dec 14 2024 11:22:02[0m
[0;32mI (31) boot: Multicore bootloader[0m
[0;32mI (36) boot: chip revision: v3.1[0m
[0;32mI (40) boot.esp32: SPI Speed      : 40MHz[0m
[0;32mI (44) boot.esp32: SPI Mode       : DIO[0m
[0;32mI (49) boot.esp32: SPI Flash Size : 4MB[0m
[0;32mI (53) boot: Enabling RNG early entropy source...[0m
[0;32mI (59) boot: Partition Table:[0m
[0;32mI (62) boot: ## Label            Usage          Type ST Offset   Length[0m
[0;32mI (70) boot:  0 nvs              WiFi data        01 02 00009000 00006000[0m
[0;32mI (77) boot:  1 phy_init         RF data          01 01 0000f000 00001000[0m
[0;32mI (85) boot:  2 factory          factory app      00 00 00010000 00100000[0m
[0;32mI (92) boot: End of partition table[0m
[0;32mI (96) esp_image: segment 0: paddr=00010020 vaddr=3f400020 size=272cch (160460) map[0m
[0;32mI (160) esp_image: segment 1: paddr=000372f4 vaddr=3ffb0000 size=03f38h ( 16184) load[0m
[0;32mI (166) esp_image: segment 2: paddr=0003b234 vaddr=40080000 size=04de4h ( 19940) load[0m
[0;32mI (174) esp_image: segment 3: paddr=00040020 vaddr=400d0020 size=a34c8h (668872) map[0m
[0;32mI (404) esp_image: segment 4: paddr=000e34f0 vaddr=40084de4 size=13604h ( 79364) load[0m
[0;32mI (447) boot: Loaded app from partition at offset 0x10000[0m
[0;32mI (447) boot: Disabling RNG early entropy source...[0m
[0;32mI (459) cpu_start: Multicore app[0m
[0;32mI (467) cpu_start: Pro cpu start user code[0m
[0;32mI (467) cpu_start: cpu freq: 160000000 Hz[0m
[0;32mI (468) app_init: Application information:[0m
[0;32mI (470) app_init: Project name:     TEST2[0m
[0;32mI (475) app_init: App version:      1[0m
[0;32mI (479) app_init: Compile time:     Dec 17 2024 17:16:46[0m
[0;32mI (485) app_init: ELF file SHA256:  5d6f5c58a...[0m
[0;32mI (491) app_init: ESP-IDF:          v5.3.1-dirty[0m
[0;32mI (496) efuse_init: Min chip rev:     v0.0[0m
[0;32mI (501) efuse_init: Max chip rev:     v3.99 [0m
[0;32mI (506) efuse_init: Chip rev:         v3.1[0m
[0;32mI (511) heap_init: Initializing. RAM available for dynamic allocation:[0m
[0;32mI (518) heap_init: At 3FFAE6E0 len 00001920 (6 KiB): DRAM[0m
[0;32mI (524) heap_init: At 3FFB8750 len 000278B0 (158 KiB): DRAM[0m
[0;32mI (530) heap_init: At 3FFE0440 len 00003AE0 (14 KiB): D/IRAM[0m
[0;32mI (536) heap_init: At 3FFE4350 len 0001BCB0 (111 KiB): D/IRAM[0m
[0;32mI (543) heap_init: At 400983E8 len 00007C18 (31 KiB): IRAM[0m
[0;32mI (551) spi_flash: detected chip: generic[0m
[0;32mI (554) spi_flash: flash io: dio[0m
[0;32mI (559) main_task: Started on CPU0[0m
[0;32mI (569) main_task: Calling app_main()[0m
I (599) wifi:wifi driver task: 3ffc0760, prio:23, stack:6656, core=0
I (609) wifi:wifi firmware version: ccaebfa
I (609) wifi:wifi certification version: v7.0
I (609) wifi:config NVS flash: enabled
I (609) wifi:config nano formating: disabled
I (609) wifi:Init data frame dynamic rx buffer num: 32
I (619) wifi:Init static rx mgmt buffer num: 5
I (619) wifi:Init management short buffer num: 32
I (629) wifi:Init dynamic tx buffer num: 32
I (629) wifi:Init static rx buffer size: 1600
I (639) wifi:Init static rx buffer num: 10
I (639) wifi:Init dynamic rx buffer num: 32
[0;32mI (639) wifi_init: rx ba win: 6[0m
[0;32mI (649) wifi_init: accept mbox: 6[0m
[0;32mI (649) wifi_init: tcpip mbox: 32[0m
[0;32mI (659) wifi_init: udp mbox: 6[0m
[0;32mI (659) wifi_init: tcp mbox: 6[0m
[0;32mI (659) wifi_init: tcp tx win: 5760[0m
[0;32mI (669) wifi_init: tcp rx win: 5760[0m
[0;32mI (669) wifi_init: tcp mss: 1440[0m
[0;32mI (669) wifi_init: WiFi IRAM OP enabled[0m
[0;32mI (679) wifi_init: WiFi RX IRAM OP enabled[0m
[0;32mI (689) phy_init: phy_version 4830,54550f7,Jun 20 2024,14:22:08[0m
[0;33mW (769) phy_init: saving new calibration data because of checksum failure, mode(0)[0m
I (799) wifi:mode : sta (cc:7b:5c:27:b1:54)
I (799) wifi:enable tsf
I (819) wifi:new:<8,0>, old:<1,0>, ap:<255,255>, sta:<8,0>, prof:1, snd_ch_cfg:0x0
I (819) wifi:state: init -> auth (0xb0)
I (839) wifi:state: auth -> assoc (0x0)
I (889) wifi:state: assoc -> run (0x10)
I (999) wifi:connected with VNPT_Hanh, aid = 6, channel 8, BW20, bssid = 4c:12:e8:76:17:60
I (999) wifi:security: WPA2-PSK, phy: bgn, rssi: -67
I (999) wifi:pm start, type: 1

I (999) wifi:dp: 1, bi: 102400, li: 3, scale listen interval from 307200 us to 307200 us
I (1079) wifi:AP's beacon interval = 102400 us, DTIM period = 1
[0;32mI (1799) mqtts_example: [APP] Free memory: 229924 bytes[0m
[0;32mI (1799) mqtts_example: Other event id:7[0m
[0;32mI (1799) UART SIMSOM: Enable GPS.[0m
[0;32mI (1799) main_task: Returned from app_main()[0m
[0;32mI (1919) mqtts_example: lat is 0.000000 and long is 0.000000[0m
[0;32mI (1919) mqtts_example: GPS Data: 
AT+QGPS=1
+CME ERROR: 504
AT+QGPSLOC=0
+QGPSLOC: 134933.00,1132.5001N,10653.8192E,0.98,95.8,3,,0.024,0.013,221224,29

OK
ï¿½G}ï¿½ï¿½jï¿½`sï¿½ï¿½ï¿½ï¿½ï¿½ï¿½&ï¿½ï¿½Zvï¿½am"ï¿½Aï¿½Hzï¿½Oï¿½Uï¿½|1Gï¿½Gï¿½ï¿½ï¿½y-lï¿½ï¿½Nxï¿½ï¿½#ï¿½KN4ï¿½ï¿½Xï¿½\ï¿½Mï¿½vDï¿½nï¿½ï¿½Qï¿½ï¿½1ï¿½^ï¿½ï¿½9È¨vï¿½ï¿½ï¿½]ï¿½:$ï¿½ï¿½ï¿½rï¿½ï¿½Ý‚ï¿½ï¿½ï¿½wï¿½'[0m
[0;32mI (1939) mqtts_example: GPS json: 
{"latitude": "0.000000", "longtitude": "0.000000"} 
 
 
[0m
[0;32mI (2009) esp_netif_handlers: sta ip: 192.168.1.6, mask: 255.255.255.0, gw: 192.168.1.1[0m
[0;32mI (2009) WiFi: Got IP: 192.168.1.6[0m
I (2829) wifi:<ba-add>idx:0 (ifx:0, 4c:12:e8:76:17:60), tid:0, ssn:5, winSize:64
I (2829) wifi:<ba-add>idx:1 (ifx:0, 4c:12:e8:76:17:60), tid:4, ssn:1, winSize:64
[0;32mI (3539) mqtts_example: MQTT_EVENT_CONNECTED[0m
[0;32mI (3539) mqtts_example: sent subscribe successful, msg_id=62324[0m
[0;32mI (3549) UART SIMSOM: GPS location.[0m
[0;32mI (3659) UART SIMSOM: lat is 11 and long is 106[0m
[0;32mI (3659) UART SIMSOM: lat is 11.541668 and long is 106.896988[0m
[0;32mI (3659) UART SIMSOM: GPS Data: 
AT+QGPSLOC=0
+QGPSLOC: 134934.00,1132.5001N,10653.8192E,0.98,95.8,3,,0.011,0.006,221224,29

OK
ï¿½
[0;32mI (3849) mqtts_example: Other event id:3[0m
[0;32mI (4159) mqtts_example: Other event id:5[0m
[0;32mI (9369) mqtts_example: lat is 0.000000 and long is 0.000000[0m
[0;32mI (9369) mqtts_example: GPS Data: 
AT+QGPS=1
+CME ERROR: 504
AT+QGPSLOC=0
+QGPSLOC: 134933.00,1132.5001N,10653.8192E,0.98,95.8,3,,0.024,0.013,221224,29

OK
ï¿½G}ï¿½ï¿½jï¿½`sï¿½ï¿½ï¿½ï¿½ï¿½ï¿½&ï¿½ï¿½Zvï¿½am"ï¿½Aï¿½Hzï¿½Oï¿½Uï¿½|1Gï¿½Gï¿½ï¿½ï¿½y-lï¿½ï¿½Nxï¿½ï¿½#ï¿½KN4ï¿½ï¿½Xï¿½\ï¿½Mï¿½vDï¿½nï¿½ï¿½Qï¿½ï¿½1ï¿½^ï¿½ï¿½9È¨vï¿½ï¿½ï¿½]ï¿½:$ï¿½ï¿½ï¿½rï¿½ï¿½Ý‚ï¿½ï¿½ï¿½wï¿½'[0m
[0;32mI (9389) mqtts_example: GPS json: 
{"latitude": "0.000000", "longtitude": "0.000000"} 
 
 
[0m
[0;32mI (9399) UART SIMSOM: GPS location.[0m
[0;32mI (9519) UART SIMSOM: lat is 11 and long is 106[0m
[0;32mI (9519) UART SIMSOM: lat is 11.541668 and long is 106.896988[0m
[0;32mI (9519) UART SIMSOM: GPS Data: 
AT+QGPSLOC=0
+QGPSLOC: 134940.00,1132.5001N,10653.8192E,0.98,95.8,3,,0.053,0.029,221224,29

OK
ï¿½ï¿½ï¿½?[0m
[0;32mI (9789) mqtts_example: Other event id:5[0m
[0;32mI (15229) mqtts_example: lat is 0.000000 and long is 0.000000[0m
[0;32mI (15229) mqtts_example: GPS Data: 
AT+QGPS=1
+CME ERROR: 504
AT+QGPSLOC=0
+QGPSLOC: 134933.00,1132.5001N,10653.8192E,0.98,95.8,3,,0.024,0.013,221224,29

OK
ï¿½G}ï¿½ï¿½jï¿½`sï¿½ï¿½ï¿½ï¿½ï¿½ï¿½&ï¿½ï¿½Zvï¿½am"ï¿½Aï¿½Hzï¿½Oï¿½Uï¿½|1Gï¿½Gï¿½ï¿½ï¿½y-lï¿½ï¿½Nxï¿½ï¿½#ï¿½KN4ï¿½ï¿½Xï¿½\ï¿½Mï¿½vDï¿½nï¿½ï¿½Qï¿½ï¿½1ï¿½^ï¿½ï¿½9È¨vï¿½ï¿½ï¿½]ï¿½:$ï¿½ï¿½ï¿½rï¿½ï¿½Ý‚ï¿½ï¿½ï¿½wï¿½'[0m
[0;32mI (15249) mqtts_example: GPS json: 
{"latitude": "0.000000", "longtitude": "0.000000"} 
 
 
[0m
[0;32mI (15259) UART SIMSOM: GPS location.[0m
[0;32mI (15379) UART SIMSOM: lat is 11 and long is 106[0m
[0;32mI (15379) UART SIMSOM: lat is 11.541668 and long is 106.896988[0m
[0;32mI (15379) UART SIMSOM: GPS Data: 
AT+QGPSLOC=0
+QGPSLOC: 134946.00,1132.5001N,10653.8192E,0.98,95.9,3,,0.013,0.007,221224,29

OK
ï¿½{\'ï¿½TLï¿½v`[0m
[0;32mI (15629) mqtts_example: Other event id:5[0m
