ets Jul 29 2019 12:21:46

rst:0x1 (POWERON_RESET),boot:0x13 (SPI_FAST_FLASH_BOOT)
configsip: 0, SPIWP:0xee
clk_drv:0x00,q_drv:0x00,d_drv:0x00,cs0_drv:0x00,hd_drv:0x00,wp_drv:0x00
mode:DIO, clock div:2
load:0x3fff0030,len:7176
load:0x40078000,len:15564
ho 0 tail 12 room 4
load:0x40080400,len:4
load:0x40080404,len:3904
entry 0x40080640
[0;32mI (31) boot: ESP-IDF v5.3.1-dirty 2nd stage bootloader[0m
[0;32mI (31) boot: compile time Dec  2 2024 22:19:22[0m
[0;32mI (31) boot: Multicore bootloader[0m
[0;32mI (36) boot: chip revision: v3.1[0m
[0;32mI (40) boot.esp32: SPI Speed      : 40MHz[0m
[0;32mI (44) boot.esp32: SPI Mode       : DIO[0m
[0;32mI (49) boot.esp32: SPI Flash Size : 4MB[0m
[0;32mI (53) boot: Enabling RNG early entropy source...[0m
[0;32mI (59) boot: Partition Table:[0m
[0;32mI (62) boot: ## Label            Usage          Type ST Offset   Length[0m
[0;32mI (70) boot:  0 nvs              WiFi data        01 02 00009000 00006000[0m
[0;32mI (77) boot:  1 phy_init         RF data          01 01 0000f000 00001000[0m
[0;32mI (85) boot:  2 factory          factory app      00 00 00010000 00100000[0m
[0;32mI (92) boot: End of partition table[0m
[0;32mI (96) esp_image: segment 0: paddr=00010020 vaddr=3f400020 size=259e4h (154084) map[0m
[0;32mI (158) esp_image: segment 1: paddr=00035a0c vaddr=3ffb0000 size=03ee0h ( 16096) load[0m
[0;32mI (164) esp_image: segment 2: paddr=000398f4 vaddr=40080000 size=06724h ( 26404) load[0m
[0;32mI (174) esp_image: segment 3: paddr=00040020 vaddr=400d0020 size=9edfch (650748) map[0m
[0;32mI (398) esp_image: segment 4: paddr=000dee24 vaddr=40086724 size=10d6ch ( 68972) load[0m
[0;32mI (437) boot: Loaded app from partition at offset 0x10000[0m
[0;32mI (437) boot: Disabling RNG early entropy source...[0m
[0;32mI (449) cpu_start: Multicore app[0m
[0;32mI (457) cpu_start: Pro cpu start user code[0m
[0;32mI (457) cpu_start: cpu freq: 160000000 Hz[0m
[0;32mI (457) app_init: Application information:[0m
[0;32mI (460) app_init: Project name:     TEST2[0m
[0;32mI (465) app_init: App version:      1[0m
[0;32mI (469) app_init: Compile time:     Dec 11 2024 17:18:27[0m
[0;32mI (475) app_init: ELF file SHA256:  03ab85f98...[0m
[0;32mI (480) app_init: ESP-IDF:          v5.3.1-dirty[0m
[0;32mI (486) efuse_init: Min chip rev:     v0.0[0m
[0;32mI (490) efuse_init: Max chip rev:     v3.99 [0m
[0;32mI (495) efuse_init: Chip rev:         v3.1[0m
[0;32mI (500) heap_init: Initializing. RAM available for dynamic allocation:[0m
[0;32mI (508) heap_init: At 3FFAE6E0 len 00001920 (6 KiB): DRAM[0m
[0;32mI (513) heap_init: At 3FFB86F0 len 00027910 (158 KiB): DRAM[0m
[0;32mI (520) heap_init: At 3FFE0440 len 00003AE0 (14 KiB): D/IRAM[0m
[0;32mI (526) heap_init: At 3FFE4350 len 0001BCB0 (111 KiB): D/IRAM[0m
[0;32mI (532) heap_init: At 40097490 len 00008B70 (34 KiB): IRAM[0m
[0;32mI (540) spi_flash: detected chip: generic[0m
[0;32mI (543) spi_flash: flash io: dio[0m
[0;32mI (548) main_task: Started on CPU0[0m
[0;32mI (558) main_task: Calling app_main()[0m
[0;32mI (558) mqtts_example: [APP] Startup..[0m
[0;32mI (558) mqtts_example: [APP] Free memory: 277204 bytes[0m
[0;32mI (558) mqtts_example: [APP] IDF version: v5.3.1-dirty[0m
[0;32mI (568) mqtts_example: [APP] Free memory: 277144 bytes[0m
[0;32mI (578) mqtts_example: Other event id:7[0m

assert failed: tcpip_send_msg_wait_sem /IDF/components/lwip/lwip/src/api/tcpip.c:449 (Invalid mbox)


Backtrace: 0x40081a4a:0x3ffbd870 0x400894cd:0x3ffbd890 0x40091265:0x3ffbd8b0 0x4012eeee:0x3ffbd9d0 0x40140f59:0x3ffbda00 0x4012c2a5:0x3ffbda40 0x400e6e11:0x3ffbda90 0x400e7126:0x3ffbdaf0 0x400e73ef:0x3ffbdb60 0x400e76dc:0x3ffbdba0 0x400e88a2:0x3ffbdbd0 0x40165cc5:0x3ffbdc00 0x400d9806:0x3ffbdc20 0x40089fd9:0x3ffbdc50




ELF file SHA256: 03ab85f98

Rebooting...
ets Jul 29 2019 12:21:46

rst:0xc (SW_CPU_RESET),boot:0x13 (SPI_FAST_FLASH_BOOT)
configsip: 0, SPIWP:0xee
clk_drv:0x00,q_drv:0x00,d_drv:0x00,cs0_drv:0x00,hd_drv:0x00,wp_drv:0x00
mode:DIO, clock div:2
load:0x3fff0030,len:7176
load:0x40078000,len:15564
ho 0 tail 12 room 4
load:0x40080400,len:4
load:0x40080404,len:3904
entry 0x40080640
[0;32mI (31) boot: ESP-IDF v5.3.1-dirty 2nd stage bootloader[0m
[0;32mI (31) boot: compile time Dec  2 2024 22:19:22[0m
[0;32mI (31) boot: Multicore bootloader[0m
[0;32mI (36) boot: chip revision: v3.1[0m
[0;32mI (40) boot.esp32: SPI Speed      : 40MHz[0m
[0;32mI (44) boot.esp32: SPI Mode       : DIO[0m
[0;32mI (49) boot.esp32: SPI Flash Size : 4MB[0m
[0;32mI (53) boot: Enabling RNG early entropy source...[0m
[0;32mI (59) boot: Partition Table:[0m
[0;32mI (62) boot: ## Label            Usage          Type ST Offset   Length[0m
[0;32mI (70) boot:  0 nvs              WiFi data        01 02 00009000 00006000[0m
[0;32mI (77) boot:  1 phy_init         RF data          01 01 0000f000 00001000[0m
[0;32mI (85) boot:  2 factory          factory app      00 00 00010000 00100000[0m
[0;32mI (92) boot: End of partition table[0m
[0;32mI (96) esp_image: segment 0: paddr=00010020 vaddr=3f400020 size=259e4h (154084) map[0m
[0;32mI (158) esp_image: segment 1: paddr=00035a0c vaddr=3ffb0000 size=03ee0h ( 16096) load[0m
[0;32mI (164) esp_image: segment 2: paddr=000398f4 vaddr=40080000 size=06724h ( 26404) load[0m
[0;32mI (174) esp_image: segment 3: paddr=00040020 vaddr=400d0020 size=9edfch (650748) map[0m
[0;32mI (398) esp_image: segment 4: paddr=000dee24 vaddr=40086724 size=10d6ch ( 68972) load[0m
[0;32mI (436) boot: Loaded app from partition at offset 0x10000[0m
[0;32mI (437) boot: Disabling RNG early entropy source...[0m
[0;32mI (449) cpu_start: Multicore app[0m
[0;32mI (457) cpu_start: Pro cpu start user code[0m
[0;32mI (457) cpu_start: cpu freq: 160000000 Hz[0m
[0;32mI (457) app_init: Application information:[0m
[0;32mI (460) app_init: Project name:     TEST2[0m
[0;32mI (465) app_init: App version:      1[0m
[0;32mI (469) app_init: Compile time:     Dec 11 2024 17:18:27[0m
[0;32mI (475) app_init: ELF file SHA256:  03ab85f98...[0m
[0;32mI (480) app_init: ESP-IDF:          v5.3.1-dirty[0m
[0;32mI (486) efuse_init: Min chip rev:     v0.0[0m
[0;32mI (490) efuse_init: Max chip rev:     v3.99 [0m
[0;32mI (495) efuse_init: Chip rev:         v3.1[0m
[0;32mI (500) heap_init: Initializing. RAM available for dynamic allocation:[0m
[0;32mI (507) heap_init: At 3FFAE6E0 len 00001920 (6 KiB): DRAM[0m
[0;32mI (513) heap_init: At 3FFB86F0 len 00027910 (158 KiB): DRAM[0m
[0;32mI (520) heap_init: At 3FFE0440 len 00003AE0 (14 KiB): D/IRAM[0m
[0;32mI (526) heap_init: At 3FFE4350 len 0001BCB0 (111 KiB): D/IRAM[0m
[0;32mI (532) heap_init: At 40097490 len 00008B70 (34 KiB): IRAM[0m
[0;32mI (540) spi_flash: detected chip: generic[0m
[0;32mI (543) spi_flash: flash io: dio[0m
[0;32mI (548) main_task: Started on CPU0[0m
[0;32mI (558) main_task: Calling app_main()[0m
[0;32mI (558) mqtts_example: [APP] Startup..[0m
[0;32mI (558) mqtts_example: [APP] Free memory: 277204 bytes[0m
[0;32mI (558) mqtts_example: [APP] IDF version: v5.3.1-dirty[0m
[0;32mI (568) mqtts_example: [APP] Free memory: 277144 bytes[0m
[0;32mI (578) mqtts_example: Other event id:7[0m

assert failed: tcpip_send_msg_wait_sem /IDF/components/lwip/lwip/src/api/tcpip.c:449 (Invalid mbox)


Backtrace: 0x40081a4a:0x3ffbd870 0x400894cd:0x3ffbd890 0x40091265:0x3ffbd8b0 0x4012eeee:0x3ffbd9d0 0x40140f59:0x3ffbda00 0x4012c2a5:0x3ffbda40 0x400e6e11:0x3ffbda90 0x400e7126:0x3ffbdaf0 0x400e73ef:0x3ffbdb60 0x400e76dc:0x3ffbdba0 0x400e88a2:0x3ffbdbd0 0x40165cc5:0x3ffbdc00 0x400d9806:0x3ffbdc20 0x40089fd9:0x3ffbdc50




ELF file SHA256: 03ab85f98

Rebooting...
ets Jul 29 2019 12:21:46

rst:0xc (SW_CPU_RESET),boot:0x13 (SPI_FAST_FLASH_BOOT)
configsip: 0, SPIWP:0xee
clk_drv:0x00,q_drv:0x00,d_drv:0x00,cs0_drv:0x00,hd_drv:0x00,wp_drv:0x00
mode:DIO, clock div:2
load:0x3fff0030,len:7176
load:0x40078000,len:15564
ho 0 tail 12 room 4
load:0x40080400,len:4
load:0x40080404,len:3904
entry 0x40080640
[0;32mI (31) boot: ESP-IDF v5.3.1-dirty 2nd stage bootloader[0m
[0;32mI (31) boot: compile time Dec  2 2024 22:19:22[0m
[0;32mI (31) boot: Multicore bootloader[0m
[0;32mI (36) boot: chip revision: v3.1[0m
[0;32mI (40) boot.esp32: SPI Speed      : 40MHz[0m
[0;32mI (44) boot.esp32: SPI Mode       : DIO[0m
[0;32mI (49) boot.esp32: SPI Flash Size : 4MB[0m
[0;32mI (53) boot: Enabling RNG early entropy source...[0m
[0;32mI (59) boot: Partition Table:[0m
[0;32mI (62) boot: ## Label            Usage          Type ST Offset   Length[0m
[0;32mI (70) boot:  0 nvs              WiFi data        01 02 00009000 00006000[0m
[0;32mI (77) boot:  1 phy_init         RF data          01 01 0000f000 00001000[0m
[0;32mI (85) boot:  2 factory          factory app      00 00 00010000 00100000[0m
[0;32mI (92) boot: End of partition table[0m
[0;32mI (96) esp_image: segment 0: paddr=00010020 vaddr=3f400020 size=259e4h (154084) map[0m
[0;32mI (158) esp_image: segment 1: paddr=00035a0c vaddr=3ffb0000 size=03ee0h ( 16096) load[0m
[0;32mI (164) esp_image: segment 2: paddr=000398f4 vaddr=40080000 size=06724h ( 26404) load[0m
[0;32mI (174) esp_image: segment 3: paddr=00040020 vaddr=400d0020 size=9edfch (650748) map[0m
[0;32mI (398) esp_image: segment 4: paddr=000dee24 vaddr=40086724 size=10d6ch ( 68972) load[0m
[0;32mI (436) boot: Loaded app from partition at offset 0x10000[0m
[0;32mI (437) boot: Disabling RNG early entropy source...[0m
[0;32mI (449) cpu_start: Multicore app[0m
[0;32mI (457) cpu_start: Pro cpu start user code[0m
[0;32mI (457) cpu_start: cpu freq: 160000000 Hz[0m
[0;32mI (457) app_init: Application information:[0m
[0;32mI (460) app_init: Project name:     TEST2[0m
[0;32mI (465) app_init: App version:      1[0m
[0;32mI (469) app_init: Compile time:     Dec 11 2024 17:18:27[0m
[0;32mI (475) app_init: ELF file SHA256:  03ab85f98...[0m
[0;32mI (480) app_init: ESP-IDF:          v5.3.1-dirty[0m
[0;32mI (486) efuse_init: Min chip rev:     v0.0[0m
[0;32mI (490) efuse_init: Max chip rev:     v3.99 [0m
[0;32mI (495) efuse_init: Chip rev:         v3.1[0m
[0;32mI (500) heap_init: Initializing. RAM available for dynamic allocation:[0m
[0;32mI (507) heap_init: At 3FFAE6E0 len 00001920 (6 KiB): DRAM[0m
[0;32mI (513) heap_init: At 3FFB86F0 len 00027910 (158 KiB): DRAM[0m
[0;32mI (520) heap_init: At 3FFE0440 len 00003AE0 (14 KiB): D/IRAM[0m
[0;32mI (526) heap_init: At 3FFE4350 len 0001BCB0 (111 KiB): D/IRAM[0m
[0;32mI (532) heap_init: At 40097490 len 00008B70 (34 KiB): IRAM[0m
[0;32mI (540) spi_flash: detected chip: generic[0m
[0;32mI (543) spi_flash: flash io: dio[0m
[0;32mI (548) main_task: Started on CPU0[0m
[0;32mI (558) main_task: Calling app_main()[0m
[0;32mI (558) mqtts_example: [APP] Startup..[0m
[0;32mI (558) mqtts_example: [APP] Free memory: 277204 bytes[0m
[0;32mI (558) mqtts_example: [APP] IDF version: v5.3.1-dirty[0m
[0;32mI (568) mqtts_example: [APP] Free memory: 277144 bytes[0m
[0;32mI (578) mqtts_example: Other event id:7[0m

assert failed: tcpip_send_msg_wait_sem /IDF/components/lwip/lwip/src/api/tcpip.c:449 (Invalid mbox)


Backtrace: 0x40081a4a:0x3ffbd870 0x400894cd:0x3ffbd890 0x40091265:0x3ffbd8b0 0x4012eeee:0x3ffbd9d0 0x40140f59:0x3ffbda00 0x4012c2a5:0x3ffbda40 0x400e6e11:0x3ffbda90 0x400e7126:0x3ffbdaf0 0x400e73ef:0x3ffbdb60 0x400e76dc:0x3ffbdba0 0x400e88a2:0x3ffbdbd0 0x40165cc5:0x3ffbdc00 0x400d9806:0x3ffbdc20 0x40089fd9:0x3ffbdc50




ELF file SHA256: 03ab85f98

Rebooting...
ets Jul 29 2019 12:21:46

rst:0xc (SW_CPU_RESET),boot:0x13 (SPI_FAST_FLASH_BOOT)
configsip: 0, SPIWP:0xee
clk_drv:0x00,q_drv:0x00,d_drv:0x00,cs0_drv:0x00,hd_drv:0x00,wp_drv:0x00
mode:DIO, clock div:2
load:0x3fff0030,len:7176
load:0x40078000,len:15564
ho 0 tail 12 room 4
load:0x40080400,len:4
load:0x40080404,len:3904
entry 0x40080640
[0;32mI (31) boot: ESP-IDF v5.3.1-dirty 2nd stage bootloader[0m
[0;32mI (31) boot: compile time Dec  2 2024 22:19:22[0m
[0;32mI (31) boot: Multicore bootloader[0m
[0;32mI (36) boot: chip revision: v3.1[0m
[0;32mI (40) boot.esp32: SPI Speed      : 40MHz[0m
[0;32mI (44) boot.esp32: SPI Mode       : DIO[0m
[0;32mI (49) boot.esp32: SPI Flash Size : 4MB[0m
[0;32mI (53) boot: Enabling RNG early entropy source...[0m
[0;32mI (59) boot: Partition Table:[0m
[0;32mI (62) boot: ## Label            Usage          Type ST Offset   Length[0m
[0;32mI (70) boot:  0 nvs              WiFi data        01 02 00009000 00006000[0m
[0;32mI (77) boot:  1 phy_init         RF data          01 01 0000f000 00001000[0m
[0;32mI (85) boot:  2 factory          factory app      00 00 00010000 00100000[0m
[0;32mI (92) boot: End of partition table[0m
[0;32mI (96) esp_image: segment 0: paddr=00010020 vaddr=3f400020 size=259e4h (154084) map[0m
[0;32mI (158) esp_image: segment 1: paddr=00035a0c vaddr=3ffb0000 size=03ee0h ( 16096) load[0m
[0;32mI (164) esp_image: segment 2: paddr=000398f4 vaddr=40080000 size=06724h ( 26404) load[0m
[0;32mI (174) esp_image: segment 3: paddr=00040020 vaddr=400d0020 size=9edfch (650748) map[0m
[0;32mI (398) esp_image: segment 4: paddr=000dee24 vaddr=40086724 size=10d6ch ( 68972) load[0m
[0;32mI (436) boot: Loaded app from partition at offset 0x10000[0m
[0;32mI (437) boot: Disabling RNG early entropy source...[0m
[0;32mI (449) cpu_start: Multicore app[0m
[0;32mI (457) cpu_start: Pro cpu start user code[0m
[0;32mI (457) cpu_start: cpu freq: 160000000 Hz[0m
[0;32mI (457) app_init: Application information:[0m
[0;32mI (460) app_init: Project name:     TEST2[0m
[0;32mI (465) app_init: App version:      1[0m
[0;32mI (469) app_init: Compile time:     Dec 11 2024 17:18:27[0m
[0;32mI (475) app_init: ELF file SHA256:  03ab85f98...[0m
[0;32mI (480) app_init: ESP-IDF:          v5.3.1-dirty[0m
[0;32mI (486) efuse_init: Min chip rev:     v0.0[0m
[0;32mI (490) efuse_init: Max chip rev:     v3.99 [0m
[0;32mI (495) efuse_init: Chip rev:         v3.1[0m
[0;32mI (500) heap_init: Initializing. RAM available for dynamic allocation:[0m
[0;32mI (507) heap_init: At 3FFAE6E0 len 00001920 (6 KiB): DRAM[0m
[0;32mI (513) heap_init: At 3FFB86F0 len 00027910 (158 KiB): DRAM[0m
[0;32mI (520) heap_init: At 3FFE0440 len 00003AE0 (14 KiB): D/IRAM[0m
[0;32mI (526) heap_init: At 3FFE4350 len 0001BCB0 (111 KiB): D/IRAM[0m
[0;32mI (532) heap_init: At 40097490 len 00008B70 (34 KiB): IRAM[0m
[0;32mI (540) spi_flash: detected chip: generic[0m
[0;32mI (543) spi_flash: flash io: dio[0m
[0;32mI (548) main_task: Started on CPU0[0m
[0;32mI (558) main_task: Calling app_main()[0m
[0;32mI (558) mqtts_example: [APP] Startup..[0m
[0;32mI (558) mqtts_example: [APP] Free memory: 277204 bytes[0m
[0;32mI (558) mqtts_example: [APP] IDF version: v5.3.1-dirty[0m
[0;32mI (568) mqtts_example: [APP] Free memory: 277144 bytes[0m
[0;32mI (578) mqtts_example: Other event id:7[0m

assert failed: tcpip_send_msg_wait_sem /IDF/components/lwip/lwip/src/api/tcpip.c:449 (Invalid mbox)


Backtrace: 0x40081a4a:0x3ffbd870 0x400894cd:0x3ffbd890 0x40091265:0x3ffbd8b0 0x4012eeee:0x3ffbd9d0 0x40140f59:0x3ffbda00 0x4012c2a5:0x3ffbda40 0x400e6e11:0x3ffbda90 0x400e7126:0x3ffbdaf0 0x400e73ef:0x3ffbdb60 0x400e76dc:0x3ffbdba0 0x400e88a2:0x3ffbdbd0 0x40165cc5:0x3ffbdc00 0x400d9806:0x3ffbdc20 0x40089fd9:0x3ffbdc50




ELF file SHA256: 03ab85f98

Rebooting...
ets Jul 29 2019 12:21:46

rst:0xc (SW_CPU_RESET),boot:0x13 (SPI_FAST_FLASH_BOOT)
configsip: 0, SPIWP:0xee
clk_drv:0x00,q_drv:0x00,d_drv:0x00,cs0_drv:0x00,hd_drv:0x00,wp_drv:0x00
mode:DIO, clock div:2
load:0x3fff0030,len:7176
load:0x40078000,len:15564
ho 0 tail 12 room 4
load:0x40080400,len:4
load:0x40080404,len:3904
entry 0x40080640
[0;32mI (31) boot: ESP-IDF v5.3.1-dirty 2nd stage bootloader[0m
[0;32mI (31) boot: compile time Dec  2 2024 22:19:22[0m
[0;32mI (31) boot: Multicore bootloader[0m
[0;32mI (36) boot: chip revision: v3.1[0m
[0;32mI (40) boot.esp32: SPI Speed      : 40MHz[0m
[0;32mI (44) boot.esp32: SPI Mode       : DIO[0m
[0;32mI (49) boot.esp32: SPI Flash Size : 4MB[0m
[0;32mI (53) boot: Enabling RNG early entropy source...[0m
[0;32mI (59) boot: Partition Table:[0m
[0;32mI (62) boot: ## Label            Usage          Type ST Offset   Length[0m
[0;32mI (70) boot:  0 nvs              WiFi data        01 02 00009000 00006000[0m
[0;32mI (77) boot:  1 phy_init         RF data          01 01 0000f000 00001000[0m
[0;32mI (85) boot:  2 factory          factory app      00 00 00010000 00100000[0m
[0;32mI (92) boot: End of partition table[0m
[0;32mI (96) esp_image: segment 0: paddr=00010020 vaddr=3f400020 size=259e4h (154084) map[0m
[0;32mI (158) esp_image: segment 1: paddr=00035a0c vaddr=3ffb0000 size=03ee0h ( 16096) load[0m
[0;32mI (164) esp_image: segment 2: paddr=000398f4 vaddr=40080000 size=06724h ( 26404) load[0m
[0;32mI (174) esp_image: segment 3: paddr=00040020 vaddr=400d0020 size=9edfch (650748) map[0m
[0;32mI (398) esp_image: segment 4: paddr=000dee24 vaddr=40086724 size=10d6ch ( 68972) load[0m
[0;32mI (436) boot: Loaded app from partition at offset 0x10000[0m
[0;32mI (437) boot: Disabling RNG early entropy source...[0m
[0;32mI (449) cpu_start: Multicore app[0m
[0;32mI (457) cpu_start: Pro cpu start user code[0m
[0;32mI (457) cpu_start: cpu freq: 160000000 Hz[0m
[0;32mI (457) app_init: Application information:[0m
[0;32mI (460) app_init: Project name:     TEST2[0m
[0;32mI (465) app_init: App version:      1[0m
[0;32mI (469) app_init: Compile time:     Dec 11 2024 17:18:27[0m
[0;32mI (475) app_init: ELF file SHA256:  03ab85f98...[0m
[0;32mI (480) app_init: ESP-IDF:          v5.3.1-dirty[0m
[0;32mI (486) efuse_init: Min chip rev:     v0.0[0m
[0;32mI (490) efuse_init: Max chip rev:     v3.99 [0m
[0;32mI (495) efuse_init: Chip rev:         v3.1[0m
[0;32mI (500) heap_init: Initializing. RAM available for dynamic allocation:[0m
[0;32mI (507) heap_init: At 3FFAE6E0 len 00001920 (6 KiB): DRAM[0m
[0;32mI (513) heap_init: At 3FFB86F0 len 00027910 (158 KiB): DRAM[0m
[0;32mI (520) heap_init: At 3FFE0440 len 00003AE0 (14 KiB): D/IRAM[0m
[0;32mI (526) heap_init: At 3FFE4350 len 0001BCB0 (111 KiB): D/IRAM[0m
[0;32mI (532) heap_init: At 40097490 len 00008B70 (34 KiB): IRAM[0m
[0;32mI (540) spi_flash: detected chip: generic[0m
[0;32mI (543) spi_flash: flash io: dio[0m
[0;32mI (548) main_task: Started on CPU0[0m
[0;32mI (558) main_task: Calling app_main()[0m
[0;32mI (558) mqtts_example: [APP] Startup..[0m
[0;32mI (558) mqtts_example: [APP] Free memory: 277204 bytes[0m
[0;32mI (558) mqtts_example: [APP] IDF version: v5.3.1-dirty[0m
[0;32mI (568) mqtts_example: [APP] Free memory: 277144 bytes[0m
[0;32mI (578) mqtts_example: Other event id:7[0m

assert failed: tcpip_send_msg_wait_sem /IDF/components/lwip/lwip/src/api/tcpip.c:449 (Invalid mbox)


Backtrace: 0x40081a4a:0x3ffbd870 0x400894cd:0x3ffbd890 0x40091265:0x3ffbd8b0 0x4012eeee:0x3ffbd9d0 0x40140f59:0x3ffbda00 0x4012c2a5:0x3ffbda40 0x400e6e11:0x3ffbda90 0x400e7126:0x3ffbdaf0 0x400e73ef:0x3ffbdb60 0x400e76dc:0x3ffbdba0 0x400e88a2:0x3ffbdbd0 0x40165cc5:0x3ffbdc00 0x400d9806:0x3ffbdc20 0x40089fd9:0x3ffbdc50




ELF file SHA256: 03ab85f98

Rebooting...
ets Jul 29 2019 12:21:46

rst:0xc (SW_CPU_RESET),boot:0x13 (SPI_FAST_FLASH_BOOT)
configsip: 0, SPIWP:0xee
clk_drv:0x00,q_drv:0x00,d_drv:0x00,cs0_drv:0x00,hd_drv:0x00,wp_drv:0x00
mode:DIO, clock div:2
load:0x3fff0030,len:7176
load:0x40078000,len:15564
ho 0 tail 12 room 4
load:0x40080400,len:4
load:0x40080404,len:3904
entry 0x40080640
[0;32mI (31) boot: ESP-IDF v5.3.1-dirty 2nd stage bootloader[0m
[0;32mI (31) boot: compile time Dec  2 2024 22:19:22[0m
[0;32mI (31) boot: Multicore bootloader[0m
[0;32mI (36) boot: chip revision: v3.1[0m
[0;32mI (40) boot.esp32: SPI Speed      : 40MHz[0m
[0;32mI (44) boot.esp32: SPI Mode       : DIO[0m
[0;32mI (49) boot.esp32: SPI Flash Size : 4MB[0m
[0;32mI (53) boot: Enabling RNG early entropy source...[0m
[0;32mI (59) boot: Partition Table:[0m
[0;32mI (62) boot: ## Label            Usage          Type ST Offset   Length[0m
[0;32mI (70) boot:  0 nvs              WiFi data        01 02 00009000 00006000[0m
[0;32mI (77) boot:  1 phy_init         RF data          01 01 0000f000 00001000[0m
[0;32mI (85) boot:  2 factory          factory app      00 00 00010000 00100000[0m
[0;32mI (92) boot: End of partition table[0m
[0;32mI (96) esp_image: segment 0: paddr=00010020 vaddr=3f400020 size=259e4h (154084) map[0m
[0;32mI (158) esp_image: segment 1: paddr=00035a0c vaddr=3ffb0000 size=03ee0h ( 16096) load[0m
[0;32mI (164) esp_image: segment 2: paddr=000398f4 vaddr=40080000 size=06724h ( 26404) load[0m
[0;32mI (174) esp_image: segment 3: paddr=00040020 vaddr=400d0020 size=9edfch (650748) map[0m
[0;32mI (398) esp_image: segment 4: paddr=000dee24 vaddr=40086724 size=10d6ch ( 68972) load[0m
[0;32mI (436) boot: Loaded app from partition at offset 0x10000[0m
[0;32mI (437) boot: Disabling RNG early entropy source...[0m
[0;32mI (449) cpu_start: Multicore app[0m
[0;32mI (457) cpu_start: Pro cpu start user code[0m
[0;32mI (457) cpu_start: cpu freq: 160000000 Hz[0m
[0;32mI (457) app_init: Application information:[0m
[0;32mI (460) app_init: Project name:     TEST2[0m
[0;32mI (465) app_init: App version:      1[0m
[0;32mI (469) app_init: Compile time:     Dec 11 2024 17:18:27[0m
[0;32mI (475) app_init: ELF file SHA256:  03ab85f98...[0m
[0;32mI (480) app_init: ESP-IDF:          v5.3.1-dirty[0m
[0;32mI (486) efuse_init: Min chip rev:     v0.0[0m
[0;32mI (490) efuse_init: Max chip rev:     v3.99 [0m
[0;32mI (495) efuse_init: Chip rev:         v3.1[0m
[0;32mI (500) heap_init: Initializing. RAM available for dynamic allocation:[0m
[0;32mI (507) heap_init: At 3FFAE6E0 len 00001920 (6 KiB): DRAM[0m
[0;32mI (513) heap_init: At 3FFB86F0 len 00027910 (158 KiB): DRAM[0m
[0;32mI (520) heap_init: At 3FFE0440 len 00003AE0 (14 KiB): D/IRAM[0m
[0;32mI (526) heap_init: At 3FFE4350 len 0001BCB0 (111 KiB): D/IRAM[0m
[0;32mI (532) heap_init: At 40097490 len 00008B70 (34 KiB): IRAM[0m
[0;32mI (540) spi_flash: detected chip: generic[0m
[0;32mI (543) spi_flash: flash io: dio[0m
[0;32mI (548) main_task: Started on CPU0[0m
[0;32mI (558) main_task: Calling app_main()[0m
[0;32mI (558) mqtts_example: [APP] Startup..[0m
[0;32mI (558) mqtts_example: [APP] Free memory: 277204 bytes[0m
[0;32mI (558) mqtts_example: [APP] IDF version: v5.3.1-dirty[0m
[0;32mI (568) mqtts_example: [APP] Free memory: 277144 bytes[0m
[0;32mI (578) mqtts_example: Other event id:7[0m

assert failed: tcpip_send_msg_wait_sem /IDF/components/lwip/lwip/src/api/tcpip.c:449 (Invalid mbox)


Backtrace: 0x40081a4a:0x3ffbd870 0x400894cd:0x3ffbd890 0x40091265:0x3ffbd8b0 0x4012eeee:0x3ffbd9d0 0x40140f59:0x3ffbda00 0x4012c2a5:0x3ffbda40 0x400e6e11:0x3ffbda90 0x400e7126:0x3ffbdaf0 0x400e73ef:0x3ffbdb60 0x400e76dc:0x3ffbdba0 0x400e88a2:0x3ffbdbd0 0x40165cc5:0x3ffbdc00 0x400d9806:0x3ffbdc20 0x40089fd9:0x3ffbdc50




ELF file SHA256: 03ab85f98

Rebooting...
ets Jul 29 2019 12:21:46

rst:0xc (SW_CPU_RESET),boot:0x13 (SPI_FAST_FLASH_BOOT)
configsip: 0, SPIWP:0xee
clk_drv:0x00,q_drv:0x00,d_drv:0x00,cs0_drv:0x00,hd_drv:0x00,wp_drv:0x00
mode:DIO, clock div:2
load:0x3fff0030,len:7176
load:0x40078000,len:15564
ho 0 tail 12 room 4
load:0x40080400,len:4
load:0x40080404,len:3904
entry 0x40080640
[0;32mI (31) boot: ESP-IDF v5.3.1-dirty 2nd stage bootloader[0m
[0;32mI (31) boot: compile time Dec  2 2024 22:19:22[0m
[0;32mI (31) boot: Multicore bootloader[0m
[0;32mI (36) boot: chip revision: v3.1[0m
[0;32mI (40) boot.esp32: SPI Speed      : 40MHz[0m
[0;32mI (44) boot.esp32: SPI Mode       : DIO[0m
[0;32mI (49) boot.esp32: SPI Flash Size : 4MB[0m
[0;32mI (53) boot: Enabling RNG early entropy source...[0m
[0;32mI (59) boot: Partition Table:[0m
[0;32mI (62) boot: ## Label            Usage          Type ST Offset   Length[0m
[0;32mI (70) boot:  0 nvs              WiFi data        01 02 00009000 00006000[0m
[0;32mI (77) boot:  1 phy_init         RF data          01 01 0000f000 00001000[0m
[0;32mI (85) boot:  2 factory          factory app      00 00 00010000 00100000[0m
[0;32mI (92) boot: End of partition table[0m
[0;32mI (96) esp_image: segment 0: paddr=00010020 vaddr=3f400020 size=259e4h (154084) map[0m
[0;32mI (158) esp_image: segment 1: paddr=00035a0c vaddr=3ffb0000 size=03ee0h ( 16096) load[0m
[0;32mI (164) esp_image: segment 2: paddr=000398f4 vaddr=40080000 size=06724h ( 26404) load[0m
[0;32mI (174) esp_image: segment 3: paddr=00040020 vaddr=400d0020 size=9edfch (650748) map[0m
[0;32mI (398) esp_image: segment 4: paddr=000dee24 vaddr=40086724 size=10d6ch ( 68972) load[0m
[0;32mI (436) boot: Loaded app from partition at offset 0x10000[0m
[0;32mI (437) boot: Disabling RNG early entropy source...[0m
[0;32mI (449) cpu_start: Multicore app[0m
[0;32mI (457) cpu_start: Pro cpu start user code[0m
[0;32mI (457) cpu_start: cpu freq: 160000000 Hz[0m
[0;32mI (457) app_init: Application information:[0m
[0;32mI (460) app_init: Project name:     TEST2[0m
[0;32mI (465) app_init: App version:      1[0m
[0;32mI (469) app_init: Compile time:     Dec 11 2024 17:18:27[0m
[0;32mI (475) app_init: ELF file SHA256:  03ab85f98...[0m
[0;32mI (480) app_init: ESP-IDF:          v5.3.1-dirty[0m
[0;32mI (486) efuse_init: Min chip rev:     v0.0[0m
[0;32mI (490) efuse_init: Max chip rev:     v3.99 [0m
[0;32mI (495) efuse_init: Chip rev:         v3.1[0m
[0;32mI (500) heap_init: Initializing. RAM available for dynamic allocation:[0m
[0;32mI (507) heap_init: At 3FFAE6E0 len 00001920 (6 KiB): DRAM[0m
[0;32mI (513) heap_init: At 3FFB86F0 len 00027910 (158 KiB): DRAM[0m
[0;32mI (520) heap_init: At 3FFE0440 len 00003AE0 (14 KiB): D/IRAM[0m
[0;32mI (526) heap_init: At 3FFE4350 len 0001BCB0 (111 KiB): D/IRAM[0m
[0;32mI (532) heap_init: At 40097490 len 00008B70 (34 KiB): IRAM[0m
[0;32mI (540) spi_flash: detected chip: generic[0m
[0;32mI (543) spi_flash: flash io: dio[0m
[0;32mI (548) main_task: Started on CPU0[0m
[0;32mI (558) main_task: Calling app_main()[0m
[0;32mI (558) mqtts_example: [APP] Startup..[0m
[0;32mI (558) mqtts_example: [APP] Free memory: 277204 bytes[0m
[0;32mI (558) mqtts_example: [APP] IDF version: v5.3.1-dirty[0m
[0;32mI (568) mqtts_example: [APP] Free memory: 277144 bytes[0m
[0;32mI (578) mqtts_example: Other event id:7[0m

assert failed: tcpip_send_msg_wait_sem /IDF/components/lwip/lwip/src/api/tcpip.c:449 (Invalid mbox)


Backtrace: 0x40081a4a:0x3ffbd870 0x400894cd:0x3ffbd890 0x40091265:0x3ffbd8b0 0x4012eeee:0x3ffbd9d0 0x40140f59:0x3ffbda00 0x4012c2a5:0x3ffbda40 0x400e6e11:0x3ffbda90 0x400e7126:0x3ffbdaf0 0x400e73ef:0x3ffbdb60 0x400e76dc:0x3ffbdba0 0x400e88a2:0x3ffbdbd0 0x40165cc5:0x3ffbdc00 0x400d9806:0x3ffbdc20 0x40089fd9:0x3ffbdc50




ELF file SHA256: 03ab85f98

Rebooting...
ets Jul 29 2019 12:21:46

rst:0xc (SW_CPU_RESET),boot:0x13 (SPI_FAST_FLASH_BOOT)
configsip: 0, SPIWP:0xee
clk_drv:0x00,q_drv:0x00,d_drv:0x00,cs0_drv:0x00,hd_drv:0x00,wp_drv:0x00
mode:DIO, clock div:2
load:0x3fff0030,len:7176
load:0x40078000,len:15564
ho 0 tail 12 room 4
load:0x40080400,len:4
load:0x40080404,len:3904
entry 0x40080640
[0;32mI (31) boot: ESP-IDF v5.3.1-dirty 2nd stage bootloader[0m
[0;32mI (31) boot: compile time Dec  2 2024 22:19:22[0m
[0;32mI (31) boot: Multicore bootloader[0m
[0;32mI (36) boot: chip revision: v3.1[0m
[0;32mI (40) boot.esp32: SPI Speed      : 40MHz[0m
[0;32mI (44) boot.esp32: SPI Mode       : DIO[0m
[0;32mI (49) boot.esp32: SPI Flash Size : 4MB[0m
[0;32mI (53) boot: Enabling RNG early entropy source...[0m
[0;32mI (59) boot: Partition Table:[0m
[0;32mI (62) boot: ## Label            Usage          Type ST Offset   Length[0m
[0;32mI (70) boot:  0 nvs              WiFi data        01 02 00009000 00006000[0m
[0;32mI (77) boot:  1 phy_init         RF data          01 01 0000f000 00001000[0m
[0;32mI (85) boot:  2 factory          factory app      00 00 00010000 00100000[0m
[0;32mI (92) boot: End of partition table[0m
[0;32mI (96) esp_image: segment 0: paddr=00010020 vaddr=3f400020 size=259e4h (154084) map[0m
[0;32mI (158) esp_image: segment 1: paddr=00035a0c vaddr=3ffb0000 size=03ee0h ( 16096) load[0m
[0;32mI (164) esp_image: segment 2: paddr=000398f4 vaddr=40080000 size=06724h ( 26404) load[0m
[0;32mI (174) esp_image: segment 3: paddr=00040020 vaddr=400d0020 size=9edfch (650748) map[0m
[0;32mI (398) esp_image: segment 4: paddr=000dee24 vaddr=40086724 size=10d6ch ( 68972) load[0m
[0;32mI (436) boot: Loaded app from partition at offset 0x10000[0m
[0;32mI (437) boot: Disabling RNG early entropy source...[0m
[0;32mI (449) cpu_start: Multicore app[0m
[0;32mI (457) cpu_start: Pro cpu start user code[0m
[0;32mI (457) cpu_start: cpu freq: 160000000 Hz[0m
[0;32mI (457) app_init: Application information:[0m
[0;32mI (460) app_init: Project name:     TEST2[0m
[0;32mI (465) app_init: App version:      1[0m
[0;32mI (469) app_init: Compile time:     Dec 11 2024 17:18:27[0m
[0;32mI (475) app_init: ELF file SHA256:  03ab85f98...[0m
[0;32mI (480) app_init: ESP-IDF:          v5.3.1-dirty[0m
[0;32mI (486) efuse_init: Min chip rev:     v0.0[0m
[0;32mI (490) efuse_init: Max chip rev:     v3.99 [0m
[0;32mI (495) efuse_init: Chip rev:         v3.1[0m
[0;32mI (500) heap_init: Initializing. RAM available for dynamic allocation:[0m
[0;32mI (507) heap_init: At 3FFAE6E0 len 00001920 (6 KiB): DRAM[0m
[0;32mI (513) heap_init: At 3FFB86F0 len 00027910 (158 KiB): DRAM[0m
[0;32mI (520) heap_init: At 3FFE0440 len 00003AE0 (14 KiB): D/IRAM[0m
[0;32mI (526) heap_init: At 3FFE4350 len 0001BCB0 (111 KiB): D/IRAM[0m
[0;32mI (532) heap_init: At 40097490 len 00008B70 (34 KiB): IRAM[0m
[0;32mI (540) spi_flash: detected chip: generic[0m
[0;32mI (543) spi_flash: flash io: dio[0m
[0;32mI (548) main_task: Started on CPU0[0m
[0;32mI (558) main_task: Calling app_main()[0m
[0;32mI (558) mqtts_example: [APP] Startup..[0m
[0;32mI (558) mqtts_example: [APP] Free memory: 277204 bytes[0m
[0;32mI (558) mqtts_example: [APP] IDF version: v5.3.1-dirty[0m
[0;32mI (568) mqtts_example: [APP] Free memory: 277144 bytes[0m
[0;32mI (578) mqtts_example: Other event id:7[0m

assert failed: tcpip_send_msg_wait_sem /IDF/components/lwip/lwip/src/api/tcpip.c:449 (Invalid mbox)


Backtrace: 0x40081a4a:0x3ffbd870 0x400894cd:0x3ffbd890 0x40091265:0x3ffbd8b0 0x4012eeee:0x3ffbd9d0 0x40140f59:0x3ffbda00 0x4012c2a5:0x3ffbda40 0x400e6e11:0x3ffbda90 0x400e7126:0x3ffbdaf0 0x400e73ef:0x3ffbdb60 0x400e76dc:0x3ffbdba0 0x400e88a2:0x3ffbdbd0 0x40165cc5:0x3ffbdc00 0x400d9806:0x3ffbdc20 0x40089fd9:0x3ffbdc50




ELF file SHA256: 03ab85f98

Rebooting...
ets Jul 29 2019 12:21:46

rst:0xc (SW_CPU_RESET),boot:0x13 (SPI_FAST_FLASH_BOOT)
configsip: 0, SPIWP:0xee
clk_drv:0x00,q_drv:0x00,d_drv:0x00,cs0_drv:0x00,hd_drv:0x00,wp_drv:0x00
mode:DIO, clock div:2
load:0x3fff0030,len:7176
load:0x40078000,len:15564
ho 0 tail 12 room 4
load:0x40080400,len:4
load:0x40080404,len:3904
entry 0x40080640
[0;32mI (31) boot: ESP-IDF v5.3.1-dirty 2nd stage bootloader[0m
[0;32mI (31) boot: compile time Dec  2 2024 22:19:22[0m
[0;32mI (31) boot: Multicore bootloader[0m
[0;32mI (36) boot: chip revision: v3.1[0m
[0;32mI (40) boot.esp32: SPI Speed      : 40MHz[0m
[0;32mI (44) boot.esp32: SPI Mode       : DIO[0m
[0;32mI (49) boot.esp32: SPI Flash Size : 4MB[0m
[0;32mI (53) boot: Enabling RNG early entropy source...[0m
[0;32mI (59) boot: Partition Table:[0m
[0;32mI (62) boot: ## Label            Usage          Type ST Offset   Length[0m
[0;32mI (70) boot:  0 nvs              WiFi data        01 02 00009000 00006000[0m
[0;32mI (77) boot:  1 phy_init         RF data          01 01 0000f000 00001000[0m
[0;32mI (85) boot:  2 factory          factory app      00 00 00010000 00100000[0m
[0;32mI (92) boot: End of partition table[0m
[0;32mI (96) esp_image: segment 0: paddr=00010020 vaddr=3f400020 size=259e4h (154084) map[0m
[0;32mI (158) esp_image: segment 1: paddr=00035a0c vaddr=3ffb0000 size=03ee0h ( 16096) load[0m
[0;32mI (164) esp_image: segment 2: paddr=000398f4 vaddr=40080000 size=06724h ( 26404) load[0m
[0;32mI (174) esp_image: segment 3: paddr=00040020 vaddr=400d0020 size=9edfch (650748) map[0m
[0;32mI (398) esp_image: segment 4: paddr=000dee24 vaddr=40086724 size=10d6ch ( 68972) load[0m
[0;32mI (436) boot: Loaded app from partition at offset 0x10000[0m
[0;32mI (437) boot: Disabling RNG early entropy source...[0m
[0;32mI (449) cpu_start: Multicore app[0m
[0;32mI (457) cpu_start: Pro cpu start user code[0m
[0;32mI (457) cpu_start: cpu freq: 160000000 Hz[0m
[0;32mI (457) app_init: Application information:[0m
[0;32mI (460) app_init: Project name:     TEST2[0m
[0;32mI (465) app_init: App version:      1[0m
[0;32mI (469) app_init: Compile time:     Dec 11 2024 17:18:27[0m
[0;32mI (475) app_init: ELF file SHA256:  03ab85f98...[0m
[0;32mI (480) app_init: ESP-IDF:          v5.3.1-dirty[0m
[0;32mI (486) efuse_init: Min chip rev:     v0.0[0m
[0;32mI (490) efuse_init: Max chip rev:     v3.99 [0m
[0;32mI (495) efuse_init: Chip rev:         v3.1[0m
[0;32mI (500) heap_init: Initializing. RAM available for dynamic allocation:[0m
[0;32mI (507) heap_init: At 3FFAE6E0 len 00001920 (6 KiB): DRAM[0m
[0;32mI (513) heap_init: At 3FFB86F0 len 00027910 (158 KiB): DRAM[0m
[0;32mI (520) heap_init: At 3FFE0440 len 00003AE0 (14 KiB): D/IRAM[0m
[0;32mI (526) heap_init: At 3FFE4350 len 0001BCB0 (111 KiB): D/IRAM[0m
[0;32mI (532) heap_init: At 40097490 len 00008B70 (34 KiB): IRAM[0m
[0;32mI (540) spi_flash: detected chip: generic[0m
[0;32mI (543) spi_flash: flash io: dio[0m
[0;32mI (548) main_task: Started on CPU0[0m
[0;32mI (558) main_task: Calling app_main()[0m
[0;32mI (558) mqtts_example: [APP] Startup..[0m
[0;32mI (558) mqtts_example: [APP] Free memory: 277204 bytes[0m
[0;32mI (558) mqtts_example: [APP] IDF version: v5.3.1-dirty[0m
[0;32mI (568) mqtts_example: [APP] Free memory: 277144 bytes[0m
[0;32mI (578) mqtts_example: Other event id:7[0m

assert failed: tcpip_send_msg_wait_sem /IDF/components/lwip/lwip/src/api/tcpip.c:449 (Invalid mbox)


Backtrace: 0x40081a4a:0x3ffbd870 0x400894cd:0x3ffbd890 0x40091265:0x3ffbd8b0 0x4012eeee:0x3ffbd9d0 0x40140f59:0x3ffbda00 0x4012c2a5:0x3ffbda40 0x400e6e11:0x3ffbda90 0x400e7126:0x3ffbdaf0 0x400e73ef:0x3ffbdb60 0x400e76dc:0x3ffbdba0 0x400e88a2:0x3ffbdbd0 0x40165cc5:0x3ffbdc00 0x400d9806:0x3ffbdc20 0x40089fd9:0x3ffbdc50




ELF file SHA256: 03ab85f98

Rebooting...
ets Jul 29 2019 12:21:46

rst:0xc (SW_CPU_RESET),boot:0x13 (SPI_FAST_FLASH_BOOT)
configsip: 0, SPIWP:0xee
clk_drv:0x00,q_drv:0x00,d_drv:0x00,cs0_drv:0x00,hd_drv:0x00,wp_drv:0x00
mode:DIO, clock div:2
load:0x3fff0030,len:7176
load:0x40078000,len:15564
ho 0 tail 12 room 4
load:0x40080400,len:4
load:0x40080404,len:3904
entry 0x40080640
[0;32mI (31) boot: ESP-IDF v5.3.1-dirty 2nd stage bootloader[0m
[0;32mI (31) boot: compile time Dec  2 2024 22:19:22[0m
[0;32mI (31) boot: Multicore bootloader[0m
[0;32mI (36) boot: chip revision: v3.1[0m
[0;32mI (40) boot.esp32: SPI Speed      : 40MHz[0m
[0;32mI (44) boot.esp32: SPI Mode       : DIO[0m
[0;32mI (49) boot.esp32: SPI Flash Size : 4MB[0m
[0;32mI (53) boot: Enabling RNG early entropy source...[0m
[0;32mI (59) boot: Partition Table:[0m
[0;32mI (62) boot: ## Label            Usage          Type ST Offset   Length[0m
[0;32mI (70) boot:  0 nvs              WiFi data        01 02 00009000 00006000[0m
[0;32mI (77) boot:  1 phy_init         RF data          01 01 0000f000 00001000[0m
[0;32mI (85) boot:  2 factory          factory app      00 00 00010000 00100000[0m
[0;32mI (92) boot: End of partition table[0m
[0;32mI (96) esp_image: segment 0: paddr=00010020 vaddr=3f400020 size=259e4h (154084) map[0m
[0;32mI (158) esp_image: segment 1: paddr=00035a0c vaddr=3ffb0000 size=03ee0h ( 16096) load[0m
[0;32mI (164) esp_image: segment 2: paddr=000398f4 vaddr=40080000 size=06724h ( 26404) load[0m
[0;32mI (174) esp_image: segment 3: paddr=00040020 vaddr=400d0020 size=9edfch (650748) map[0m
[0;32mI (398) esp_image: segment 4: paddr=000dee24 vaddr=40086724 size=10d6ch ( 68972) load[0m
[0;32mI (436) boot: Loaded app from partition at offset 0x10000[0m
[0;32mI (437) boot: Disabling RNG early entropy source...[0m
[0;32mI (449) cpu_start: Multicore app[0m
[0;32mI (457) cpu_start: Pro cpu start user code[0m
[0;32mI (457) cpu_start: cpu freq: 160000000 Hz[0m
[0;32mI (457) app_init: Application information:[0m
[0;32mI (460) app_init: Project name:     TEST2[0m
[0;32mI (465) app_init: App version:      1[0m
[0;32mI (469) app_init: Compile time:     Dec 11 2024 17:18:27[0m
[0;32mI (475) app_init: ELF file SHA256:  03ab85f98...[0m
[0;32mI (480) app_init: ESP-IDF:          v5.3.1-dirty[0m
[0;32mI (486) efuse_init: Min chip rev:     v0.0[0m
[0;32mI (490) efuse_init: Max chip rev:     v3.99 [0m
[0;32mI (495) efuse_init: Chip rev:         v3.1[0m
[0;32mI (500) heap_init: Initializing. RAM available for dynamic allocation:[0m
[0;32mI (507) heap_init: At 3FFAE6E0 len 00001920 (6 KiB): DRAM[0m
[0;32mI (513) heap_init: At 3FFB86F0 len 00027910 (158 KiB): DRAM[0m
[0;32mI (520) heap_init: At 3FFE0440 len 00003AE0 (14 KiB): D/IRAM[0m
[0;32mI (526) heap_init: At 3FFE4350 len 0001BCB0 (111 KiB): D/IRAM[0m
[0;32mI (532) heap_init: At 40097490 len 00008B70 (34 KiB): IRAM[0m
[0;32mI (540) spi_flash: detected chip: generic[0m
[0;32mI (543) spi_flash: flash io: dio[0m
[0;32mI (548) main_task: Started on CPU0[0m
[0;32mI (558) main_task: Calling app_main()[0m
[0;32mI (558) mqtts_example: [APP] Startup..[0m
[0;32mI (558) mqtts_example: [APP] Free memory: 277204 bytes[0m
[0;32mI (558) mqtts_example: [APP] IDF version: v5.3.1-dirty[0m
[0;32mI (568) mqtts_example: [APP] Free memory: 277144 bytes[0m
[0;32mI (578) mqtts_example: Other event id:7[0m

assert failed: tcpip_send_msg_wait_sem /IDF/components/lwip/lwip/src/api/tcpip.c:449 (Invalid mbox)


Backtrace: 0x40081a4a:0x3ffbd870 0x400894cd:0x3ffbd890 0x40091265:0x3ffbd8b0 0x4012eeee:0x3ffbd9d0 0x40140f59:0x3ffbda00 0x4012c2a5:0x3ffbda40 0x400e6e11:0x3ffbda90 0x400e7126:0x3ffbdaf0 0x400e73ef:0x3ffbdb60 0x400e76dc:0x3ffbdba0 0x400e88a2:0x3ffbdbd0 0x40165cc5:0x3ffbdc00 0x400d9806:0x3ffbdc20 0x40089fd9:0x3ffbdc50




ELF file SHA256: 03ab85f98

Rebooting...
ets Jul 29 2019 12:21:46

rst:0xc (SW_CPU_RESET),boot:0x13 (SPI_FAST_FLASH_BOOT)
configsip: 0, SPIWP:0xee
clk_drv:0x00,q_drv:0x00,d_drv:0x00,cs0_drv:0x00,hd_drv:0x00,wp_drv:0x00
mode:DIO, clock div:2
load:0x3fff0030,len:7176
load:0x40078000,len:15564
ho 0 tail 12 room 4
load:0x40080400,len:4
load:0x40080404,len:3904
entry 0x40080640
[0;32mI (31) boot: ESP-IDF v5.3.1-dirty 2nd stage bootloader[0m
[0;32mI (31) boot: compile time Dec  2 2024 22:19:22[0m
[0;32mI (31) boot: Multicore bootloader[0m
[0;32mI (36) boot: chip revision: v3.1[0m
[0;32mI (40) boot.esp32: SPI Speed      : 40MHz[0m
[0;32mI (44) boot.esp32: SPI Mode       : DIO[0m
[0;32mI (49) boot.esp32: SPI Flash Size : 4MB[0m
[0;32mI (53) boot: Enabling RNG early entropy source...[0m
[0;32mI (59) boot: Partition Table:[0m
[0;32mI (62) boot: ## Label            Usage          Type ST Offset   Length[0m
[0;32mI (70) boot:  0 nvs              WiFi data        01 02 00009000 00006000[0m
[0;32mI (77) boot:  1 phy_init         RF data          01 01 0000f000 00001000[0m
[0;32mI (85) boot:  2 factory          factory app      00 00 00010000 00100000[0m
[0;32mI (92) boot: End of partition table[0m
[0;32mI (96) esp_image: segment 0: paddr=00010020 vaddr=3f400020 size=259e4h (154084) map[0m
[0;32mI (158) esp_image: segment 1: paddr=00035a0c vaddr=3ffb0000 size=03ee0h ( 16096) load[0m
[0;32mI (164) esp_image: segment 2: paddr=000398f4 vaddr=40080000 size=06724h ( 26404) load[0m
[0;32mI (174) esp_image: segment 3: paddr=00040020 vaddr=400d0020 size=9edfch (650748) map[0m
[0;32mI (398) esp_image: segment 4: paddr=000dee24 vaddr=40086724 size=10d6ch ( 68972) load[0m
[0;32mI (436) boot: Loaded app from partition at offset 0x10000[0m
[0;32mI (437) boot: Disabling RNG early entropy source...[0m
[0;32mI (449) cpu_start: Multicore app[0m
[0;32mI (457) cpu_start: Pro cpu start user code[0m
[0;32mI (457) cpu_start: cpu freq: 160000000 Hz[0m
[0;32mI (457) app_init: Application information:[0m
[0;32mI (460) app_init: Project name:     TEST2[0m
[0;32mI (465) app_init: App version:      1[0m
[0;32mI (469) app_init: Compile time:     Dec 11 2024 17:18:27[0m
[0;32mI (475) app_init: ELF file SHA256:  03ab85f98...[0m
[0;32mI (480) app_init: ESP-IDF:          v5.3.1-dirty[0m
[0;32mI (486) efuse_init: Min chip rev:     v0.0[0m
[0;32mI (490) efuse_init: Max chip rev:     v3.99 [0m
[0;32mI (495) efuse_init: Chip rev:         v3.1[0m
[0;32mI (500) heap_init: Initializing. RAM available for dynamic allocation:[0m
[0;32mI (507) heap_init: At 3FFAE6E0 len 00001920 (6 KiB): DRAM[0m
[0;32mI (513) heap_init: At 3FFB86F0 len 00027910 (158 KiB): DRAM[0m
[0;32mI (520) heap_init: At 3FFE0440 len 00003AE0 (14 KiB): D/IRAM[0m
[0;32mI (526) heap_init: At 3FFE4350 len 0001BCB0 (111 KiB): D/IRAM[0m
[0;32mI (532) heap_init: At 40097490 len 00008B70 (34 KiB): IRAM[0m
[0;32mI (540) spi_flash: detected chip: generic[0m
[0;32mI (543) spi_flash: flash io: dio[0m
[0;32mI (548) main_task: Started on CPU0[0m
[0;32mI (558) main_task: Calling app_main()[0m
[0;32mI (558) mqtts_example: [APP] Startup..[0m
[0;32mI (558) mqtts_example: [APP] Free memory: 277204 bytes[0m
[0;32mI (558) mqtts_example: [APP] IDF version: v5.3.1-dirty[0m
[0;32mI (568) mqtts_example: [APP] Free memory: 277144 bytes[0m
[0;32mI (578) mqtts_example: Other event id:7[0m

assert failed: tcpip_send_msg_wait_sem /IDF/components/lwip/lwip/src/api/tcpip.c:449 (Invalid mbox)


Backtrace: 0x40081a4a:0x3ffbd870 0x400894cd:0x3ffbd890 0x40091265:0x3ffbd8b0 0x4012eeee:0x3ffbd9d0 0x40140f59:0x3ffbda00 0x4012c2a5:0x3ffbda40 0x400e6e11:0x3ffbda90 0x400e7126:0x3ffbdaf0 0x400e73ef:0x3ffbdb60 0x400e76dc:0x3ffbdba0 0x400e88a2:0x3ffbdbd0 0x40165cc5:0x3ffbdc00 0x400d9806:0x3ffbdc20 0x40089fd9:0x3ffbdc50




ELF file SHA256: 03ab85f98

Rebooting...
ets Jul 29 2019 12:21:46

rst:0xc (SW_CPU_RESET),boot:0x13 (SPI_FAST_FLASH_BOOT)
configsip: 0, SPIWP:0xee
clk_drv:0x00,q_drv:0x00,d_drv:0x00,cs0_drv:0x00,hd_drv:0x00,wp_drv:0x00
mode:DIO, clock div:2
load:0x3fff0030,len:7176
load:0x40078000,len:15564
ho 0 tail 12 room 4
load:0x40080400,len:4
load:0x40080404,len:3904
entry 0x40080640
[0;32mI (31) boot: ESP-IDF v5.3.1-dirty 2nd stage bootloader[0m
[0;32mI (31) boot: compile time Dec  2 2024 22:19:22[0m
[0;32mI (31) boot: Multicore bootloader[0m
[0;32mI (36) boot: chip revision: v3.1[0m
[0;32mI (40) boot.esp32: SPI Speed      : 40MHz[0m
[0;32mI (44) boot.esp32: SPI Mode       : DIO[0m
[0;32mI (49) boot.esp32: SPI Flash Size : 4MB[0m
[0;32mI (53) boot: Enabling RNG early entropy source...[0m
[0;32mI (59) boot: Partition Table:[0m
[0;32mI (62) boot: ## Label            Usage          Type ST Offset   Length[0m
[0;32mI (70) boot:  0 nvs              WiFi data        01 02 00009000 00006000[0m
[0;32mI (77) boot:  1 phy_init         RF data          01 01 0000f000 00001000[0m
[0;32mI (85) boot:  2 factory          factory app      00 00 00010000 00100000[0m
[0;32mI (92) boot: End of partition table[0m
[0;32mI (96) esp_image: segment 0: paddr=00010020 vaddr=3f400020 size=259e4h (154084) map[0m
[0;32mI (158) esp_image: segment 1: paddr=00035a0c vaddr=3ffb0000 size=03ee0h ( 16096) load[0m
[0;32mI (164) esp_image: segment 2: paddr=000398f4 vaddr=40080000 size=06724h ( 26404) load[0m
[0;32mI (174) esp_image: segment 3: paddr=00040020 vaddr=400d0020 size=9edfch (650748) map[0m
[0;32mI (398) esp_image: segment 4: paddr=000dee24 vaddr=40086724 size=10d6ch ( 68972) load[0m
[0;32mI (436) boot: Loaded app from partition at offset 0x10000[0m
[0;32mI (437) boot: Disabling RNG early entropy source...[0m
[0;32mI (449) cpu_start: Multicore app[0m
[0;32mI (457) cpu_start: Pro cpu start user code[0m
[0;32mI (457) cpu_start: cpu freq: 160000000 Hz[0m
[0;32mI (457) app_init: Application information:[0m
[0;32mI (460) app_init: Project name:     TEST2[0m
[0;32mI (465) app_init: App version:      1[0m
[0;32mI (469) app_init: Compile time:     Dec 11 2024 17:18:27[0m
[0;32mI (475) app_init: ELF file SHA256:  03ab85f98...[0m
[0;32mI (480) app_init: ESP-IDF:          v5.3.1-dirty[0m
[0;32mI (486) efuse_init: Min chip rev:     v0.0[0m
[0;32mI (490) efuse_init: Max chip rev:     v3.99 [0m
[0;32mI (495) efuse_init: Chip rev:         v3.1[0m
[0;32mI (500) heap_init: Initializing. RAM available for dynamic allocation:[0m
[0;32mI (507) heap_init: At 3FFAE6E0 len 00001920 (6 KiB): DRAM[0m
[0;32mI (513) heap_init: At 3FFB86F0 len 00027910 (158 KiB): DRAM[0m
[0;32mI (520) heap_init: At 3FFE0440 len 00003AE0 (14 KiB): D/IRAM[0m
[0;32mI (526) heap_init: At 3FFE4350 len 0001BCB0 (111 KiB): D/IRAM[0m
[0;32mI (532) heap_init: At 40097490 len 00008B70 (34 KiB): IRAM[0m
[0;32mI (540) spi_flash: detected chip: generic[0m
[0;32mI (543) spi_flash: flash io: dio[0m
[0;32mI (548) main_task: Started on CPU0[0m
[0;32mI (558) main_task: Calling app_main()[0m
[0;32mI (558) mqtts_example: [APP] Startup..[0m
[0;32mI (558) mqtts_example: [APP] Free memory: 277204 bytes[0m
[0;32mI (558) mqtts_example: [APP] IDF version: v5.3.1-dirty[0m
[0;32mI (568) mqtts_example: [APP] Free memory: 277144 bytes[0m
[0;32mI (578) mqtts_example: Other event id:7[0m

assert failed: tcpip_send_msg_wait_sem /IDF/components/lwip/lwip/src/api/tcpip.c:449 (Invalid mbox)


Backtrace: 0x40081a4a:0x3ffbd870 0x400894cd:0x3ffbd890 0x40091265:0x3ffbd8b0 0x4012eeee:0x3ffbd9d0 0x40140f59:0x3ffbda00 0x4012c2a5:0x3ffbda40 0x400e6e11:0x3ffbda90 0x400e7126:0x3ffbdaf0 0x400e73ef:0x3ffbdb60 0x400e76dc:0x3ffbdba0 0x400e88a2:0x3ffbdbd0 0x40165cc5:0x3ffbdc00 0x400d9806:0x3ffbdc20 0x40089fd9:0x3ffbdc50




ELF file SHA256: 03ab85f98

Rebooting...
ets Jul 29 2019 12:21:46

rst:0xc (SW_CPU_RESET),boot:0x13 (SPI_FAST_FLASH_BOOT)
configsip: 0, SPIWP:0xee
clk_drv:0x00,q_drv:0x00,d_drv:0x00,cs0_drv:0x00,hd_drv:0x00,wp_drv:0x00
mode:DIO, clock div:2
load:0x3fff0030,len:7176
load:0x40078000,len:15564
ho 0 tail 12 room 4
load:0x40080400,len:4
load:0x40080404,len:3904
entry 0x40080640
[0;32mI (31) boot: ESP-IDF v5.3.1-dirty 2nd stage bootloader[0m
[0;32mI (31) boot: compile time Dec  2 2024 22:19:22[0m
[0;32mI (31) boot: Multicore bootloader[0m
[0;32mI (36) boot: chip revision: v3.1[0m
[0;32mI (40) boot.esp32: SPI Speed      : 40MHz[0m
[0;32mI (44) boot.esp32: SPI Mode       : DIO[0m
[0;32mI (49) boot.esp32: SPI Flash Size : 4MB[0m
[0;32mI (53) boot: Enabling RNG early entropy source...[0m
[0;32mI (59) boot: Partition Table:[0m
[0;32mI (62) boot: ## Label            Usage          Type ST Offset   Length[0m
[0;32mI (70) boot:  0 nvs              WiFi data        01 02 00009000 00006000[0m
[0;32mI (77) boot:  1 phy_init         RF data          01 01 0000f000 00001000[0m
[0;32mI (85) boot:  2 factory          factory app      00 00 00010000 00100000[0m
[0;32mI (92) boot: End of partition table[0m
[0;32mI (96) esp_image: segment 0: paddr=00010020 vaddr=3f400020 size=259e4h (154084) map[0m
[0;32mI (158) esp_image: segment 1: paddr=00035a0c vaddr=3ffb0000 size=03ee0h ( 16096) load[0m
[0;32mI (164) esp_image: segment 2: paddr=000398f4 vaddr=40080000 size=06724h ( 26404) load[0m
[0;32mI (174) esp_image: segment 3: paddr=00040020 vaddr=400d0020 size=9edfch (650748) map[0m
[0;32mI (398) esp_image: segment 4: paddr=000dee24 vaddr=40086724 size=10d6ch ( 68972) load[0m
[0;32mI (436) boot: Loaded app from partition at offset 0x10000[0m
[0;32mI (437) boot: Disabling RNG early entropy source...[0m
[0;32mI (449) cpu_start: Multicore app[0m
[0;32mI (457) cpu_start: Pro cpu start user code[0m
[0;32mI (457) cpu_start: cpu freq: 160000000 Hz[0m
[0;32mI (457) app_init: Application information:[0m
[0;32mI (460) app_init: Project name:     TEST2[0m
[0;32mI (465) app_init: App version:      1[0m
[0;32mI (469) app_init: Compile time:     Dec 11 2024 17:18:27[0m
[0;32mI (475) app_init: ELF file SHA256:  03ab85f98...[0m
[0;32mI (480) app_init: ESP-IDF:          v5.3.1-dirty[0m
[0;32mI (486) efuse_init: Min chip rev:     v0.0[0m
[0;32mI (490) efuse_init: Max chip rev:     v3.99 [0m
[0;32mI (495) efuse_init: Chip rev:         v3.1[0m
[0;32mI (500) heap_init: Initializing. RAM available for dynamic allocation:[0m
[0;32mI (507) heap_init: At 3FFAE6E0 len 00001920 (6 KiB): DRAM[0m
[0;32mI (513) heap_init: At 3FFB86F0 len 00027910 (158 KiB): DRAM[0m
[0;32mI (520) heap_init: At 3FFE0440 len 00003AE0 (14 KiB): D/IRAM[0m
[0;32mI (526) heap_init: At 3FFE4350 len 0001BCB0 (111 KiB): D/IRAM[0m
[0;32mI (532) heap_init: At 40097490 len 00008B70 (34 KiB): IRAM[0m
[0;32mI (540) spi_flash: detected chip: generic[0m
[0;32mI (543) spi_flash: flash io: dio[0m
[0;32mI (548) main_task: Started on CPU0[0m
[0;32mI (558) main_task: Calling app_main()[0m
[0;32mI (558) mqtts_example: [APP] Startup..[0m
[0;32mI (558) mqtts_example: [APP] Free memory: 277204 bytes[0m
[0;32mI (558) mqtts_example: [APP] IDF version: v5.3.1-dirty[0m
[0;32mI (568) mqtts_example: [APP] Free memory: 277144 bytes[0m
[0;32mI (578) mqtts_example: Other event id:7[0m

assert failed: tcpip_send_msg_wait_sem /IDF/components/lwip/lwip/src/api/tcpip.c:449 (Invalid mbox)


Backtrace: 0x40081a4a:0x3ffbd870 0x400894cd:0x3ffbd890 0x40091265:0x3ffbd8b0 0x4012eeee:0x3ffbd9d0 0x40140f59:0x3ffbda00 0x4012c2a5:0x3ffbda40 0x400e6e11:0x3ffbda90 0x400e7126:0x3ffbdaf0 0x400e73ef:0x3ffbdb60 0x400e76dc:0x3ffbdba0 0x400e88a2:0x3ffbdbd0 0x40165cc5:0x3ffbdc00 0x400d9806:0x3ffbdc20 0x40089fd9:0x3ffbdc50




ELF file SHA256: 03ab85f98

Rebooting...
ets Jul 29 2019 12:21:46

rst:0xc (SW_CPU_RESET),boot:0x13 (SPI_FAST_FLASH_BOOT)
configsip: 0, SPIWP:0xee
clk_drv:0x00,q_drv:0x00,d_drv:0x00,cs0_drv:0x00,hd_drv:0x00,wp_drv:0x00
mode:DIO, clock div:2
load:0x3fff0030,len:7176
load:0x40078000,len:15564
ho 0 tail 12 room 4
load:0x40080400,len:4
load:0x40080404,len:3904
entry 0x40080640
[0;32mI (31) boot: ESP-IDF v5.3.1-dirty 2nd stage bootloader[0m
[0;32mI (31) boot: compile time Dec  2 2024 22:19:22[0m
[0;32mI (31) boot: Multicore bootloader[0m
[0;32mI (36) boot: chip revision: v3.1[0m
[0;32mI (40) boot.esp32: SPI Speed      : 40MHz[0m
[0;32mI (44) boot.esp32: SPI Mode       : DIO[0m
[0;32mI (49) boot.esp32: SPI Flash Size : 4MB[0m
[0;32mI (53) boot: Enabling RNG early entropy source...[0m
[0;32mI (59) boot: Partition Table:[0m
[0;32mI (62) boot: ## Label            Usage          Type ST Offset   Length[0m
[0;32mI (70) boot:  0 nvs              WiFi data        01 02 00009000 00006000[0m
[0;32mI (77) boot:  1 phy_init         RF data          01 01 0000f000 00001000[0m
[0;32mI (85) boot:  2 factory          factory app      00 00 00010000 00100000[0m
[0;32mI (92) boot: End of partition table[0m
[0;32mI (96) esp_image: segment 0: paddr=00010020 vaddr=3f400020 size=259e4h (154084) map[0m
[0;32mI (158) esp_image: segment 1: paddr=00035a0c vaddr=3ffb0000 size=03ee0h ( 16096) load[0m
[0;32mI (164) esp_image: segment 2: paddr=000398f4 vaddr=40080000 size=06724h ( 26404) load[0m
[0;32mI (174) esp_image: segment 3: paddr=00040020 vaddr=400d0020 size=9edfch (650748) map[0m
[0;32mI (398) esp_image: segment 4: paddr=000dee24 vaddr=40086724 size=10d6ch ( 68972) load[0m
[0;32mI (436) boot: Loaded app from partition at offset 0x10000[0m
[0;32mI (437) boot: Disabling RNG early entropy source...[0m
[0;32mI (449) cpu_start: Multicore app[0m
[0;32mI (457) cpu_start: Pro cpu start user code[0m
[0;32mI (457) cpu_start: cpu freq: 160000000 Hz[0m
[0;32mI (457) app_init: Application information:[0m
[0;32mI (460) app_init: Project name:     TEST2[0m
[0;32mI (465) app_init: App version:      1[0m
[0;32mI (469) app_init: Compile time:     Dec 11 2024 17:18:27[0m
[0;32mI (475) app_init: ELF file SHA256:  03ab85f98...[0m
[0;32mI (480) app_init: ESP-IDF:          v5.3.1-dirty[0m
[0;32mI (486) efuse_init: Min chip rev:     v0.0[0m
[0;32mI (490) efuse_init: Max chip rev:     v3.99 [0m
[0;32mI (495) efuse_init: Chip rev:         v3.1[0m
[0;32mI (500) heap_init: Initializing. RAM available for dynamic allocation:[0m
[0;32mI (507) heap_init: At 3FFAE6E0 len 00001920 (6 KiB): DRAM[0m
[0;32mI (513) heap_init: At 3FFB86F0 len 00027910 (158 KiB): DRAM[0m
[0;32mI (520) heap_init: At 3FFE0440 len 00003AE0 (14 KiB): D/IRAM[0m
[0;32mI (526) heap_init: At 3FFE4350 len 0001BCB0 (111 KiB): D/IRAM[0m
[0;32mI (532) heap_init: At 40097490 len 00008B70 (34 KiB): IRAM[0m
[0;32mI (540) spi_flash: detected chip: generic[0m
[0;32mI (543) spi_flash: flash io: dio[0m
[0;32mI (548) main_task: Started on CPU0[0m
[0;32mI (558) main_task: Calling app_main()[0m
[0;32mI (558) mqtts_example: [APP] Startup..[0m
[0;32mI (558) mqtts_example: [APP] Free memory: 277204 bytes[0m
[0;32mI (558) mqtts_example: [APP] IDF version: v5.3.1-dirty[0m
[0;32mI (568) mqtts_example: [APP] Free memory: 277144 bytes[0m
[0;32mI (578) mqtts_example: Other event id:7[0m

assert failed: tcpip_send_msg_wait_sem /IDF/components/lwip/lwip/src/api/tcpip.c:449 (Invalid mbox)


Backtrace: 0x40081a4a:0x3ffbd870 0x400894cd:0x3ffbd890 0x40091265:0x3ffbd8b0 0x4012eeee:0x3ffbd9d0 0x40140f59:0x3ffbda00 0x4012c2a5:0x3ffbda40 0x400e6e11:0x3ffbda90 0x400e7126:0x3ffbdaf0 0x400e73ef:0x3ffbdb60 0x400e76dc:0x3ffbdba0 0x400e88a2:0x3ffbdbd0 0x40165cc5:0x3ffbdc00 0x400d9806:0x3ffbdc20 0x40089fd9:0x3ffbdc50




ELF file SHA256: 03ab85f98

Rebooting...
ets Jul 29 2019 12:21:46

rst:0xc (SW_CPU_RESET),boot:0x13 (SPI_FAST_FLASH_BOOT)
configsip: 0, SPIWP:0xee
clk_drv:0x00,q_drv:0x00,d_drv:0x00,cs0_drv:0x00,hd_drv:0x00,wp_drv:0x00
mode:DIO, clock div:2
load:0x3fff0030,len:7176
load:0x40078000,len:15564
ho 0 tail 12 room 4
load:0x40080400,len:4
load:0x40080404,len:3904
entry 0x40080640
[0;32mI (31) boot: ESP-IDF v5.3.1-dirty 2nd stage bootloader[0m
[0;32mI (31) boot: compile time Dec  2 2024 22:19:22[0m
[0;32mI (31) boot: Multicore bootloader[0m
[0;32mI (36) boot: chip revision: v3.1[0m
[0;32mI (40) boot.esp32: SPI Speed      : 40MHz[0m
[0;32mI (44) boot.esp32: SPI Mode       : DIO[0m
[0;32mI (49) boot.esp32: SPI Flash Size : 4MB[0m
[0;32mI (53) boot: Enabling RNG early entropy source...[0m
[0;32mI (59) boot: Partition Table:[0m
[0;32mI (62) boot: ## Label            Usage          Type ST Offset   Length[0m
[0;32mI (70) boot:  0 nvs              WiFi data        01 02 00009000 00006000[0m
[0;32mI (77) boot:  1 phy_init         RF data          01 01 0000f000 00001000[0m
[0;32mI (85) boot:  2 factory          factory app      00 00 00010000 00100000[0m
[0;32mI (92) boot: End of partition table[0m
[0;32mI (96) esp_image: segment 0: paddr=00010020 vaddr=3f400020 size=259e4h (154084) map[0m
[0;32mI (158) esp_image: segment 1: paddr=00035a0c vaddr=3ffb0000 size=03ee0h ( 16096) load[0m
[0;32mI (164) esp_image: segment 2: paddr=000398f4 vaddr=40080000 size=06724h ( 26404) load[0m
[0;32mI (174) esp_image: segment 3: paddr=00040020 vaddr=400d0020 size=9edfch (650748) map[0m
[0;32mI (398) esp_image: segment 4: paddr=000dee24 vaddr=40086724 size=10d6ch ( 68972) load[0m
[0;32mI (436) boot: Loaded app from partition at offset 0x10000[0m
[0;32mI (437) boot: Disabling RNG early entropy source...[0m
[0;32mI (449) cpu_start: Multicore app[0m
[0;32mI (457) cpu_start: Pro cpu start user code[0m
[0;32mI (457) cpu_start: cpu freq: 160000000 Hz[0m
[0;32mI (457) app_init: Application information:[0m
[0;32mI (460) app_init: Project name:     TEST2[0m
[0;32mI (465) app_init: App version:      1[0m
[0;32mI (469) app_init: Compile time:     Dec 11 2024 17:18:27[0m
[0;32mI (475) app_init: ELF file SHA256:  03ab85f98...[0m
[0;32mI (480) app_init: ESP-IDF:          v5.3.1-dirty[0m
[0;32mI (486) efuse_init: Min chip rev:     v0.0[0m
[0;32mI (490) efuse_init: Max chip rev:     v3.99 [0m
[0;32mI (495) efuse_init: Chip rev:         v3.1[0m
[0;32mI (500) heap_init: Initializing. RAM available for dynamic allocation:[0m
[0;32mI (507) heap_init: At 3FFAE6E0 len 00001920 (6 KiB): DRAM[0m
[0;32mI (513) heap_init: At 3FFB86F0 len 00027910 (158 KiB): DRAM[0m
[0;32mI (520) heap_init: At 3FFE0440 len 00003AE0 (14 KiB): D/IRAM[0m
[0;32mI (526) heap_init: At 3FFE4350 len 0001BCB0 (111 KiB): D/IRAM[0m
[0;32mI (532) heap_init: At 40097490 len 00008B70 (34 KiB): IRAM[0m
[0;32mI (540) spi_flash: detected chip: generic[0m
[0;32mI (543) spi_flash: flash io: dio[0m
[0;32mI (548) main_task: Started on CPU0[0m
[0;32mI (558) main_task: Calling app_main()[0m
[0;32mI (558) mqtts_example: [APP] Startup..[0m
[0;32mI (558) mqtts_example: [APP] Free memory: 277204 bytes[0m
[0;32mI (558) mqtts_example: [APP] IDF version: v5.3.1-dirty[0m
[0;32mI (568) mqtts_example: [APP] Free memory: 277144 bytes[0m
[0;32mI (578) mqtts_example: Other event id:7[0m

assert failed: tcpip_send_msg_wait_sem /IDF/components/lwip/lwip/src/api/tcpip.c:449 (Invalid mbox)


Backtrace: 0x40081a4a:0x3ffbd870 0x400894cd:0x3ffbd890 0x40091265:0x3ffbd8b0 0x4012eeee:0x3ffbd9d0 0x40140f59:0x3ffbda00 0x4012c2a5:0x3ffbda40 0x400e6e11:0x3ffbda90 0x400e7126:0x3ffbdaf0 0x400e73ef:0x3ffbdb60 0x400e76dc:0x3ffbdba0 0x400e88a2:0x3ffbdbd0 0x40165cc5:0x3ffbdc00 0x400d9806:0x3ffbdc20 0x40089fd9:0x3ffbdc50




ELF file SHA256: 03ab85f98

Rebooting...
ets Jul 29 2019 12:21:46

rst:0xc (SW_CPU_RESET),boot:0x13 (SPI_FAST_FLASH_BOOT)
configsip: 0, SPIWP:0xee
clk_drv:0x00,q_drv:0x00,d_drv:0x00,cs0_drv:0x00,hd_drv:0x00,wp_drv:0x00
mode:DIO, clock div:2
load:0x3fff0030,len:7176
load:0x40078000,len:15564
ho 0 tail 12 room 4
load:0x40080400,len:4
load:0x40080404,len:3904
entry 0x40080640
[0;32mI (31) boot: ESP-IDF v5.3.1-dirty 2nd stage bootloader[0m
[0;32mI (31) boot: compile time Dec  2 2024 22:19:22[0m
[0;32mI (31) boot: Multicore bootloader[0m
[0;32mI (36) boot: chip revision: v3.1[0m
[0;32mI (40) boot.esp32: SPI Speed      : 40MHz[0m
[0;32mI (44) boot.esp32: SPI Mode       : DIO[0m
[0;32mI (49) boot.esp32: SPI Flash Size : 4MB[0m
[0;32mI (53) boot: Enabling RNG early entropy source...[0m
[0;32mI (59) boot: Partition Table:[0m
[0;32mI (62) boot: ## Label            Usage          Type ST Offset   Length[0m
[0;32mI (70) boot:  0 nvs              WiFi data        01 02 00009000 00006000[0m
[0;32mI (77) boot:  1 phy_init         RF data          01 01 0000f000 00001000[0m
[0;32mI (85) boot:  2 factory          factory app      00 00 00010000 00100000[0m
[0;32mI (92) boot: End of partition table[0m
[0;32mI (96) esp_image: segment 0: paddr=00010020 vaddr=3f400020 size=259e4h (154084) map[0m
[0;32mI (158) esp_image: segment 1: paddr=00035a0c vaddr=3ffb0000 size=03ee0h ( 16096) load[0m
[0;32mI (164) esp_image: segment 2: paddr=000398f4 vaddr=40080000 size=06724h ( 26404) load[0m
[0;32mI (174) esp_image: segment 3: paddr=00040020 vaddr=400d0020 size=9edfch (650748) map[0m
[0;32mI (398) esp_image: segment 4: paddr=000dee24 vaddr=40086724 size=10d6ch ( 68972) load[0m
[0;32mI (436) boot: Loaded app from partition at offset 0x10000[0m
[0;32mI (437) boot: Disabling RNG early entropy source...[0m
[0;32mI (449) cpu_start: Multicore app[0m
[0;32mI (457) cpu_start: Pro cpu start user code[0m
[0;32mI (457) cpu_start: cpu freq: 160000000 Hz[0m
[0;32mI (457) app_init: Application information:[0m
[0;32mI (460) app_init: Project name:     TEST2[0m
[0;32mI (465) app_init: App version:      1[0m
[0;32mI (469) app_init: Compile time:     Dec 11 2024 17:18:27[0m
[0;32mI (475) app_init: ELF file SHA256:  03ab85f98...[0m
[0;32mI (480) app_init: ESP-IDF:          v5.3.1-dirty[0m
[0;32mI (486) efuse_init: Min chip rev:     v0.0[0m
[0;32mI (490) efuse_init: Max chip rev:     v3.99 [0m
[0;32mI (495) efuse_init: Chip rev:         v3.1[0m
[0;32mI (500) heap_init: Initializing. RAM available for dynamic allocation:[0m
[0;32mI (507) heap_init: At 3FFAE6E0 len 00001920 (6 KiB): DRAM[0m
[0;32mI (513) heap_init: At 3FFB86F0 len 00027910 (158 KiB): DRAM[0m
[0;32mI (520) heap_init: At 3FFE0440 len 00003AE0 (14 KiB): D/IRAM[0m
[0;32mI (526) heap_init: At 3FFE4350 len 0001BCB0 (111 KiB): D/IRAM[0m
[0;32mI (532) heap_init: At 40097490 len 00008B70 (34 KiB): IRAM[0m
[0;32mI (540) spi_flash: detected chip: generic[0m
[0;32mI (543) spi_flash: flash io: dio[0m
[0;32mI (548) main_task: Started on CPU0[0m
[0;32mI (558) main_task: Calling app_main()[0m
[0;32mI (558) mqtts_example: [APP] Startup..[0m
[0;32mI (558) mqtts_example: [APP] Free memory: 277204 bytes[0m
[0;32mI (558) mqtts_example: [APP] IDF version: v5.3.1-dirty[0m
[0;32mI (568) mqtts_example: [APP] Free memory: 277144 bytes[0m
[0;32mI (578) mqtts_example: Other event id:7[0m

assert failed: tcpip_send_msg_wait_sem /IDF/components/lwip/lwip/src/api/tcpip.c:449 (Invalid mbox)


Backtrace: 0x40081a4a:0x3ffbd870 0x400894cd:0x3ffbd890 0x40091265:0x3ffbd8b0 0x4012eeee:0x3ffbd9d0 0x40140f59:0x3ffbda00 0x4012c2a5:0x3ffbda40 0x400e6e11:0x3ffbda90 0x400e7126:0x3ffbdaf0 0x400e73ef:0x3ffbdb60 0x400e76dc:0x3ffbdba0 0x400e88a2:0x3ffbdbd0 0x40165cc5:0x3ffbdc00 0x400d9806:0x3ffbdc20 0x40089fd9:0x3ffbdc50




ELF file SHA256: 03ab85f98

Rebooting...
ets Jul 29 2019 12:21:46

rst:0xc (SW_CPU_RESET),boot:0x13 (SPI_FAST_FLASH_BOOT)
configsip: 0, SPIWP:0xee
clk_drv:0x00,q_drv:0x00,d_drv:0x00,cs0_drv:0x00,hd_drv:0x00,wp_drv:0x00
mode:DIO, clock div:2
load:0x3fff0030,len:7176
load:0x40078000,len:15564
ho 0 tail 12 room 4
load:0x40080400,len:4
load:0x40080404,len:3904
entry 0x40080640
[0;32mI (31) boot: ESP-IDF v5.3.1-dirty 2nd stage bootloader[0m
[0;32mI (31) boot: compile time Dec  2 2024 22:19:22[0m
[0;32mI (31) boot: Multicore bootloader[0m
[0;32mI (36) boot: chip revision: v3.1[0m
[0;32mI (40) boot.esp32: SPI Speed      : 40MHz[0m
[0;32mI (44) boot.esp32: SPI Mode       : DIO[0m
[0;32mI (49) boot.esp32: SPI Flash Size : 4MB[0m
[0;32mI (53) boot: Enabling RNG early entropy source...[0m
[0;32mI (59) boot: Partition Table:[0m
[0;32mI (62) boot: ## Label            Usage          Type ST Offset   Length[0m
[0;32mI (70) boot:  0 nvs              WiFi data        01 02 00009000 00006000[0m
[0;32mI (77) boot:  1 phy_init         RF data          01 01 0000f000 00001000[0m
[0;32mI (85) boot:  2 factory          factory app      00 00 00010000 00100000[0m
[0;32mI (92) boot: End of partition table[0m
[0;32mI (96) esp_image: segment 0: paddr=00010020 vaddr=3f400020 size=259e4h (154084) map[0m
[0;32mI (158) esp_image: segment 1: paddr=00035a0c vaddr=3ffb0000 size=03ee0h ( 16096) load[0m
[0;32mI (164) esp_image: segment 2: paddr=000398f4 vaddr=40080000 size=06724h ( 26404) load[0m
[0;32mI (174) esp_image: segment 3: paddr=00040020 vaddr=400d0020 size=9edfch (650748) map[0m
[0;32mI (398) esp_image: segment 4: paddr=000dee24 vaddr=40086724 size=10d6ch ( 68972) load[0m
[0;32mI (436) boot: Loaded app from partition at offset 0x10000[0m
[0;32mI (437) boot: Disabling RNG early entropy source...[0m
[0;32mI (449) cpu_start: Multicore app[0m
[0;32mI (457) cpu_start: Pro cpu start user code[0m
[0;32mI (457) cpu_start: cpu freq: 160000000 Hz[0m
[0;32mI (457) app_init: Application information:[0m
[0;32mI (460) app_init: Project name:     TEST2[0m
[0;32mI (465) app_init: App version:      1[0m
[0;32mI (469) app_init: Compile time:     Dec 11 2024 17:18:27[0m
[0;32mI (475) app_init: ELF file SHA256:  03ab85f98...[0m
[0;32mI (480) app_init: ESP-IDF:          v5.3.1-dirty[0m
[0;32mI (486) efuse_init: Min chip rev:     v0.0[0m
[0;32mI (490) efuse_init: Max chip rev:     v3.99 [0m
[0;32mI (495) efuse_init: Chip rev:         v3.1[0m
[0;32mI (500) heap_init: Initializing. RAM available for dynamic allocation:[0m
[0;32mI (507) heap_init: At 3FFAE6E0 len 00001920 (6 KiB): DRAM[0m
[0;32mI (513) heap_init: At 3FFB86F0 len 00027910 (158 KiB): DRAM[0m
[0;32mI (520) heap_init: At 3FFE0440 len 00003AE0 (14 KiB): D/IRAM[0m
[0;32mI (526) heap_init: At 3FFE4350 len 0001BCB0 (111 KiB): D/IRAM[0m
[0;32mI (532) heap_init: At 40097490 len 00008B70 (34 KiB): IRAM[0m
[0;32mI (540) spi_flash: detected chip: generic[0m
[0;32mI (543) spi_flash: flash io: dio[0m
[0;32mI (548) main_task: Started on CPU0[0m
[0;32mI (558) main_task: Calling app_main()[0m
[0;32mI (558) mqtts_example: [APP] Startup..[0m
[0;32mI (558) mqtts_example: [APP] Free memory: 277204 bytes[0m
[0;32mI (558) mqtts_example: [APP] IDF version: v5.3.1-dirty[0m
[0;32mI (568) mqtts_example: [APP] Free memory: 277144 bytes[0m
[0;32mI (578) mqtts_example: Other event id:7[0m

assert failed: tcpip_send_msg_wait_sem /IDF/components/lwip/lwip/src/api/tcpip.c:449 (Invalid mbox)


Backtrace: 0x40081a4a:0x3ffbd870 0x400894cd:0x3ffbd890 0x40091265:0x3ffbd8b0 0x4012eeee:0x3ffbd9d0 0x40140f59:0x3ffbda00 0x4012c2a5:0x3ffbda40 0x400e6e11:0x3ffbda90 0x400e7126:0x3ffbdaf0 0x400e73ef:0x3ffbdb60 0x400e76dc:0x3ffbdba0 0x400e88a2:0x3ffbdbd0 0x40165cc5:0x3ffbdc00 0x400d9806:0x3ffbdc20 0x40089fd9:0x3ffbdc50




ELF file SHA256: 03ab85f98

Rebooting...
ets Jul 29 2019 12:21:46

rst:0xc (SW_CPU_RESET),boot:0x13 (SPI_FAST_FLASH_BOOT)
configsip: 0, SPIWP:0xee
clk_drv:0x00,q_drv:0x00,d_drv:0x00,cs0_drv:0x00,hd_drv:0x00,wp_drv:0x00
mode:DIO, clock div:2
load:0x3fff0030,len:7176
load:0x40078000,len:15564
ho 0 tail 12 room 4
load:0x40080400,len:4
load:0x40080404,len:3904
entry 0x40080640
[0;32mI (31) boot: ESP-IDF v5.3.1-dirty 2nd stage bootloader[0m
[0;32mI (31) boot: compile time Dec  2 2024 22:19:22[0m
[0;32mI (31) boot: Multicore bootloader[0m
[0;32mI (36) boot: chip revision: v3.1[0m
[0;32mI (40) boot.esp32: SPI Speed      : 40MHz[0m
[0;32mI (44) boot.esp32: SPI Mode       : DIO[0m
[0;32mI (49) boot.esp32: SPI Flash Size : 4MB[0m
[0;32mI (53) boot: Enabling RNG early entropy source...[0m
[0;32mI (59) boot: Partition Table:[0m
[0;32mI (62) boot: ## Label            Usage          Type ST Offset   Length[0m
[0;32mI (70) boot:  0 nvs              WiFi data        01 02 00009000 00006000[0m
[0;32mI (77) boot:  1 phy_init         RF data          01 01 0000f000 00001000[0m
[0;32mI (85) boot:  2 factory          factory app      00 00 00010000 00100000[0m
[0;32mI (92) boot: End of partition table[0m
[0;32mI (96) esp_image: segment 0: paddr=00010020 vaddr=3f400020 size=259e4h (154084) map[0m
[0;32mI (158) esp_image: segment 1: paddr=00035a0c vaddr=3ffb0000 size=03ee0h ( 16096) load[0m
[0;32mI (164) esp_image: segment 2: paddr=000398f4 vaddr=40080000 size=06724h ( 26404) load[0m
[0;32mI (174) esp_image: segment 3: paddr=00040020 vaddr=400d0020 size=9edfch (650748) map[0m
[0;32mI (398) esp_image: segment 4: paddr=000dee24 vaddr=40086724 size=10d6ch ( 68972) load[0m
[0;32mI (436) boot: Loaded app from partition at offset 0x10000[0m
[0;32mI (437) boot: Disabling RNG early entropy source...[0m
[0;32mI (449) cpu_start: Multicore app[0m
[0;32mI (457) cpu_start: Pro cpu start user code[0m
[0;32mI (457) cpu_start: cpu freq: 160000000 Hz[0m
[0;32mI (457) app_init: Application information:[0m
[0;32mI (460) app_init: Project name:     TEST2[0m
[0;32mI (465) app_init: App version:      1[0m
[0;32mI (469) app_init: Compile time:     Dec 11 2024 17:18:27[0m
[0;32mI (475) app_init: ELF file SHA256:  03ab85f98...[0m
[0;32mI (480) app_init: ESP-IDF:          v5.3.1-dirty[0m
[0;32mI (486) efuse_init: Min chip rev:     v0.0[0m
[0;32mI (490) efuse_init: Max chip rev:     v3.99 [0m
[0;32mI (495) efuse_init: Chip rev:         v3.1[0m
[0;32mI (500) heap_init: Initializing. RAM available for dynamic allocation:[0m
[0;32mI (507) heap_init: At 3FFAE6E0 len 00001920 (6 KiB): DRAM[0m
[0;32mI (513) heap_init: At 3FFB86F0 len 00027910 (158 KiB): DRAM[0m
[0;32mI (520) heap_init: At 3FFE0440 len 00003AE0 (14 KiB): D/IRAM[0m
[0;32mI (526) heap_init: At 3FFE4350 len 0001BCB0 (111 KiB): D/IRAM[0m
[0;32mI (532) heap_init: At 40097490 len 00008B70 (34 KiB): IRAM[0m
[0;32mI (540) spi_flash: detected chip: generic[0m
[0;32mI (543) spi_flash: flash io: dio[0m
[0;32mI (548) main_task: Started on CPU0[0m
[0;32mI (558) main_task: Calling app_main()[0m
[0;32mI (558) mqtts_example: [APP] Startup..[0m
[0;32mI (558) mqtts_example: [APP] Free memory: 277204 bytes[0m
[0;32mI (558) mqtts_example: [APP] IDF version: v5.3.1-dirty[0m
[0;32mI (568) mqtts_example: [APP] Free memory: 277144 bytes[0m
[0;32mI (578) mqtts_example: Other event id:7[0m

assert failed: tcpip_send_msg_wait_sem /IDF/components/lwip/lwip/src/api/tcpip.c:449 (Invalid mbox)


Backtrace: 0x40081a4a:0x3ffbd870 0x400894cd:0x3ffbd890 0x40091265:0x3ffbd8b0 0x4012eeee:0x3ffbd9d0 0x40140f59:0x3ffbda00 0x4012c2a5:0x3ffbda40 0x400e6e11:0x3ffbda90 0x400e7126:0x3ffbdaf0 0x400e73ef:0x3ffbdb60 0x400e76dc:0x3ffbdba0 0x400e88a2:0x3ffbdbd0 0x40165cc5:0x3ffbdc00 0x400d9806:0x3ffbdc20 0x40089fd9:0x3ffbdc50




ELF file SHA256: 03ab85f98

Rebooting...
ets Jul 29 2019 12:21:46

rst:0xc (SW_CPU_RESET),boot:0x13 (SPI_FAST_FLASH_BOOT)
configsip: 0, SPIWP:0xee
clk_drv:0x00,q_drv:0x00,d_drv:0x00,cs0_drv:0x00,hd_drv:0x00,wp_drv:0x00
mode:DIO, clock div:2
load:0x3fff0030,len:7176
load:0x40078000,len:15564
ho 0 tail 12 room 4
load:0x40080400,len:4
load:0x40080404,len:3904
entry 0x40080640
[0;32mI (31) boot: ESP-IDF v5.3.1-dirty 2nd stage bootloader[0m
[0;32mI (31) boot: compile time Dec  2 2024 22:19:22[0m
[0;32mI (31) boot: Multicore bootloader[0m
[0;32mI (36) boot: chip revision: v3.1[0m
[0;32mI (40) boot.esp32: SPI Speed      : 40MHz[0m
[0;32mI (44) boot.esp32: SPI Mode       : DIO[0m
[0;32mI (49) boot.esp32: SPI Flash Size : 4MB[0m
[0;32mI (53) boot: Enabling RNG early entropy source...[0m
[0;32mI (59) boot: Partition Table:[0m
[0;32mI (62) boot: ## Label            Usage          Type ST Offset   Length[0m
[0;32mI (70) boot:  0 nvs              WiFi data        01 02 00009000 00006000[0m
[0;32mI (77) boot:  1 phy_init         RF data          01 01 0000f000 00001000[0m
[0;32mI (85) boot:  2 factory          factory app      00 00 00010000 00100000[0m
[0;32mI (92) boot: End of partition table[0m
[0;32mI (96) esp_image: segment 0: paddr=00010020 vaddr=3f400020 size=259e4h (154084) map[0m
[0;32mI (158) esp_image: segment 1: paddr=00035a0c vaddr=3ffb0000 size=03ee0h ( 16096) load[0m
[0;32mI (164) esp_image: segment 2: paddr=000398f4 vaddr=40080000 size=06724h ( 26404) load[0m
[0;32mI (174) esp_image: segment 3: paddr=00040020 vaddr=400d0020 size=9edfch (650748) map[0m
[0;32mI (398) esp_image: segment 4: paddr=000dee24 vaddr=40086724 size=10d6ch ( 68972) load[0m
[0;32mI (436) boot: Loaded app from partition at offset 0x10000[0m
[0;32mI (437) boot: Disabling RNG early entropy source...[0m
[0;32mI (449) cpu_start: Multicore app[0m
[0;32mI (457) cpu_start: Pro cpu start user code[0m
[0;32mI (457) cpu_start: cpu freq: 160000000 Hz[0m
[0;32mI (457) app_init: Application information:[0m
[0;32mI (460) app_init: Project name:     TEST2[0m
[0;32mI (465) app_init: App version:      1[0m
[0;32mI (469) app_init: Compile time:     Dec 11 2024 17:18:27[0m
[0;32mI (475) app_init: ELF file SHA256:  03ab85f98...[0m
[0;32mI (480) app_init: ESP-IDF:          v5.3.1-dirty[0m
[0;32mI (486) efuse_init: Min chip rev:     v0.0[0m
[0;32mI (490) efuse_init: Max chip rev:     v3.99 [0m
[0;32mI (495) efuse_init: Chip rev:         v3.1[0m
[0;32mI (500) heap_init: Initializing. RAM available for dynamic allocation:[0m
[0;32mI (507) heap_init: At 3FFAE6E0 len 00001920 (6 KiB): DRAM[0m
[0;32mI (513) heap_init: At 3FFB86F0 len 00027910 (158 KiB): DRAM[0m
[0;32mI (520) heap_init: At 3FFE0440 len 00003AE0 (14 KiB): D/IRAM[0m
[0;32mI (526) heap_init: At 3FFE4350 len 0001BCB0 (111 KiB): D/IRAM[0m
[0;32mI (532) heap_init: At 40097490 len 00008B70 (34 KiB): IRAM[0m
[0;32mI (540) spi_flash: detected chip: generic[0m
[0;32mI (543) spi_flash: flash io: dio[0m
[0;32mI (548) main_task: Started on CPU0[0m
[0;32mI (558) main_task: Calling app_main()[0m
[0;32mI (558) mqtts_example: [APP] Startup..[0m
[0;32mI (558) mqtts_example: [APP] Free memory: 277204 bytes[0m
[0;32mI (558) mqtts_example: [APP] IDF version: v5.3.1-dirty[0m
[0;32mI (568) mqtts_example: [APP] Free memory: 277144 bytes[0m
[0;32mI (578) mqtts_example: Other event id:7[0m

assert failed: tcpip_send_msg_wait_sem /IDF/components/lwip/lwip/src/api/tcpip.c:449 (Invalid mbox)


Backtrace: 0x40081a4a:0x3ffbd870 0x400894cd:0x3ffbd890 0x40091265:0x3ffbd8b0 0x4012eeee:0x3ffbd9d0 0x40140f59:0x3ffbda00 0x4012c2a5:0x3ffbda40 0x400e6e11:0x3ffbda90 0x400e7126:0x3ffbdaf0 0x400e73ef:0x3ffbdb60 0x400e76dc:0x3ffbdba0 0x400e88a2:0x3ffbdbd0 0x40165cc5:0x3ffbdc00 0x400d9806:0x3ffbdc20 0x40089fd9:0x3ffbdc50




ELF file SHA256: 03ab85f98

Rebooting...
ets Jul 29 2019 12:21:46

rst:0xc (SW_CPU_RESET),boot:0x13 (SPI_FAST_FLASH_BOOT)
configsip: 0, SPIWP:0xee
clk_drv:0x00,q_drv:0x00,d_drv:0x00,cs0_drv:0x00,hd_drv:0x00,wp_drv:0x00
mode:DIO, clock div:2
load:0x3fff0030,len:7176
load:0x40078000,len:15564
ho 0 tail 12 room 4
load:0x40080400,len:4
load:0x40080404,len:3904
entry 0x40080640
[0;32mI (31) boot: ESP-IDF v5.3.1-dirty 2nd stage bootloader[0m
[0;32mI (31) boot: compile time Dec  2 2024 22:19:22[0m
[0;32mI (31) boot: Multicore bootloader[0m
[0;32mI (36) boot: chip revision: v3.1[0m
[0;32mI (40) boot.esp32: SPI Speed      : 40MHz[0m
[0;32mI (44) boot.esp32: SPI Mode       : DIO[0m
[0;32mI (49) boot.esp32: SPI Flash Size : 4MB[0m
[0;32mI (53) boot: Enabling RNG early entropy source...[0m
[0;32mI (59) boot: Partition Table:[0m
[0;32mI (62) boot: ## Label            Usage          Type ST Offset   Length[0m
[0;32mI (70) boot:  0 nvs              WiFi data        01 02 00009000 00006000[0m
[0;32mI (77) boot:  1 phy_init         RF data          01 01 0000f000 00001000[0m
[0;32mI (85) boot:  2 factory          factory app      00 00 00010000 00100000[0m
[0;32mI (92) boot: End of partition table[0m
[0;32mI (96) esp_image: segment 0: paddr=00010020 vaddr=3f400020 size=259e4h (154084) map[0m
[0;32mI (158) esp_image: segment 1: paddr=00035a0c vaddr=3ffb0000 size=03ee0h ( 16096) load[0m
[0;32mI (164) esp_image: segment 2: paddr=000398f4 vaddr=40080000 size=06724h ( 26404) load[0m
[0;32mI (174) esp_image: segment 3: paddr=00040020 vaddr=400d0020 size=9edfch (650748) map[0m
[0;32mI (398) esp_image: segment 4: paddr=000dee24 vaddr=40086724 size=10d6ch ( 68972) load[0m
[0;32mI (436) boot: Loaded app from partition at offset 0x10000[0m
[0;32mI (437) boot: Disabling RNG early entropy source...[0m
[0;32mI (449) cpu_start: Multicore app[0m
[0;32mI (457) cpu_start: Pro cpu start user code[0m
[0;32mI (457) cpu_start: cpu freq: 160000000 Hz[0m
[0;32mI (457) app_init: Application information:[0m
[0;32mI (460) app_init: Project name:     TEST2[0m
[0;32mI (465) app_init: App version:      1[0m
[0;32mI (469) app_init: Compile time:     Dec 11 2024 17:18:27[0m
[0;32mI (475) app_init: ELF file SHA256:  03ab85f98...[0m
[0;32mI (480) app_init: ESP-IDF:          v5.3.1-dirty[0m
[0;32mI (486) efuse_init: Min chip rev:     v0.0[0m
[0;32mI (490) efuse_init: Max chip rev:     v3.99 [0m
[0;32mI (495) efuse_init: Chip rev:         v3.1[0m
[0;32mI (500) heap_init: Initializing. RAM available for dynamic allocation:[0m
[0;32mI (507) heap_init: At 3FFAE6E0 len 00001920 (6 KiB): DRAM[0m
[0;32mI (513) heap_init: At 3FFB86F0 len 00027910 (158 KiB): DRAM[0m
[0;32mI (520) heap_init: At 3FFE0440 len 00003AE0 (14 KiB): D/IRAM[0m
[0;32mI (526) heap_init: At 3FFE4350 len 0001BCB0 (111 KiB): D/IRAM[0m
[0;32mI (532) heap_init: At 40097490 len 00008B70 (34 KiB): IRAM[0m
[0;32mI (540) spi_flash: detected chip: generic[0m
[0;32mI (543) spi_flash: flash io: dio[0m
[0;32mI (548) main_task: Started on CPU0[0m
[0;32mI (558) main_task: Calling app_main()[0m
[0;32mI (558) mqtts_example: [APP] Startup..[0m
[0;32mI (558) mqtts_example: [APP] Free memory: 277204 bytes[0m
[0;32mI (558) mqtts_example: [APP] IDF version: v5.3.1-dirty[0m
[0;32mI (568) mqtts_example: [APP] Free memory: 277144 bytes[0m
[0;32mI (578) mqtts_example: Other event id:7[0m

assert failed: tcpip_send_msg_wait_sem /IDF/components/lwip/lwip/src/api/tcpip.c:449 (Invalid mbox)


Backtrace: 0x40081a4a:0x3ffbd870 0x400894cd:0x3ffbd890 0x40091265:0x3ffbd8b0 0x4012eeee:0x3ffbd9d0 0x40140f59:0x3ffbda00 0x4012c2a5:0x3ffbda40 0x400e6e11:0x3ffbda90 0x400e7126:0x3ffbdaf0 0x400e73ef:0x3ffbdb60 0x400e76dc:0x3ffbdba0 0x400e88a2:0x3ffbdbd0 0x40165cc5:0x3ffbdc00 0x400d9806:0x3ffbdc20 0x40089fd9:0x3ffbdc50




ELF file SHA256: 03ab85f98

Rebooting...
ets Jul 29 2019 12:21:46

rst:0xc (SW_CPU_RESET),boot:0x13 (SPI_FAST_FLASH_BOOT)
configsip: 0, SPIWP:0xee
clk_drv:0x00,q_drv:0x00,d_drv:0x00,cs0_drv:0x00,hd_drv:0x00,wp_drv:0x00
mode:DIO, clock div:2
load:0x3fff0030,len:7176
load:0x40078000,len:15564
ho 0 tail 12 room 4
load:0x40080400,len:4
load:0x40080404,len:3904
entry 0x40080640
[0;32mI (31) boot: ESP-IDF v5.3.1-dirty 2nd stage bootloader[0m
[0;32mI (31) boot: compile time Dec  2 2024 22:19:22[0m
[0;32mI (31) boot: Multicore bootloader[0m
[0;32mI (36) boot: chip revision: v3.1[0m
[0;32mI (40) boot.esp32: SPI Speed      : 40MHz[0m
[0;32mI (44) boot.esp32: SPI Mode       : DIO[0m
[0;32mI (49) boot.esp32: SPI Flash Size : 4MB[0m
[0;32mI (53) boot: Enabling RNG early entropy source...[0m
[0;32mI (59) boot: Partition Table:[0m
[0;32mI (62) boot: ## Label            Usage          Type ST Offset   Length[0m
[0;32mI (70) boot:  0 nvs              WiFi data        01 02 00009000 00006000[0m
[0;32mI (77) boot:  1 phy_init         RF data          01 01 0000f000 00001000[0m
[0;32mI (85) boot:  2 factory          factory app      00 00 00010000 00100000[0m
[0;32mI (92) boot: End of partition table[0m
[0;32mI (96) esp_image: segment 0: paddr=00010020 vaddr=3f400020 size=259e4h (154084) map[0m
[0;32mI (158) esp_image: segment 1: paddr=00035a0c vaddr=3ffb0000 size=03ee0h ( 16096) load[0m
[0;32mI (164) esp_image: segment 2: paddr=000398f4 vaddr=40080000 size=06724h ( 26404) load[0m
[0;32mI (174) esp_image: segment 3: paddr=00040020 vaddr=400d0020 size=9edfch (650748) map[0m
[0;32mI (398) esp_image: segment 4: paddr=000dee24 vaddr=40086724 size=10d6ch ( 68972) load[0m
[0;32mI (436) boot: Loaded app from partition at offset 0x10000[0m
[0;32mI (437) boot: Disabling RNG early entropy source...[0m
[0;32mI (449) cpu_start: Multicore app[0m
[0;32mI (457) cpu_start: Pro cpu start user code[0m
[0;32mI (457) cpu_start: cpu freq: 160000000 Hz[0m
[0;32mI (457) app_init: Application information:[0m
[0;32mI (460) app_init: Project name:     TEST2[0m
[0;32mI (465) app_init: App version:      1[0m
[0;32mI (469) app_init: Compile time:     Dec 11 2024 17:18:27[0m
[0;32mI (475) app_init: ELF file SHA256:  03ab85f98...[0m
[0;32mI (480) app_init: ESP-IDF:          v5.3.1-dirty[0m
[0;32mI (486) efuse_init: Min chip rev:     v0.0[0m
[0;32mI (490) efuse_init: Max chip rev:     v3.99 [0m
[0;32mI (495) efuse_init: Chip rev:         v3.1[0m
[0;32mI (500) heap_init: Initializing. RAM available for dynamic allocation:[0m
[0;32mI (507) heap_init: At 3FFAE6E0 len 00001920 (6 KiB): DRAM[0m
[0;32mI (513) heap_init: At 3FFB86F0 len 00027910 (158 KiB): DRAM[0m
[0;32mI (520) heap_init: At 3FFE0440 len 00003AE0 (14 KiB): D/IRAM[0m
[0;32mI (526) heap_init: At 3FFE4350 len 0001BCB0 (111 KiB): D/IRAM[0m
[0;32mI (532) heap_init: At 40097490 len 00008B70 (34 KiB): IRAM[0m
[0;32mI (540) spi_flash: detected chip: generic[0m
[0;32mI (543) spi_flash: flash io: dio[0m
[0;32mI (548) main_task: Started on CPU0[0m
[0;32mI (558) main_task: Calling app_main()[0m
[0;32mI (558) mqtts_example: [APP] Startup..[0m
[0;32mI (558) mqtts_example: [APP] Free memory: 277204 bytes[0m
[0;32mI (558) mqtts_example: [APP] IDF version: v5.3.1-dirty[0m
[0;32mI (568) mqtts_example: [APP] Free memory: 277144 bytes[0m
[0;32mI (578) mqtts_example: Other event id:7[0m

assert failed: tcpip_send_msg_wait_sem /IDF/components/lwip/lwip/src/api/tcpip.c:449 (Invalid mbox)


Backtrace: 0x40081a4a:0x3ffbd870 0x400894cd:0x3ffbd890 0x40091265:0x3ffbd8b0 0x4012eeee:0x3ffbd9d0 0x40140f59:0x3ffbda00 0x4012c2a5:0x3ffbda40 0x400e6e11:0x3ffbda90 0x400e7126:0x3ffbdaf0 0x400e73ef:0x3ffbdb60 0x400e76dc:0x3ffbdba0 0x400e88a2:0x3ffbdbd0 0x40165cc5:0x3ffbdc00 0x400d9806:0x3ffbdc20 0x40089fd9:0x3ffbdc50




ELF file SHA256: 03ab85f98

Rebooting...
ets Jul 29 2019 12:21:46

rst:0xc (SW_CPU_RESET),boot:0x13 (SPI_FAST_FLASH_BOOT)
configsip: 0, SPIWP:0xee
clk_drv:0x00,q_drv:0x00,d_drv:0x00,cs0_drv:0x00,hd_drv:0x00,wp_drv:0x00
mode:DIO, clock div:2
load:0x3fff0030,len:7176
load:0x40078000,len:15564
ho 0 tail 12 room 4
load:0x40080400,len:4
load:0x40080404,len:3904
entry 0x40080640
[0;32mI (31) boot: ESP-IDF v5.3.1-dirty 2nd stage bootloader[0m
[0;32mI (31) boot: compile time Dec  2 2024 22:19:22[0m
[0;32mI (31) boot: Multicore bootloader[0m
[0;32mI (36) boot: chip revision: v3.1[0m
[0;32mI (40) boot.esp32: SPI Speed      : 40MHz[0m
[0;32mI (44) boot.esp32: SPI Mode       : DIO[0m
[0;32mI (49) boot.esp32: SPI Flash Size : 4MB[0m
[0;32mI (53) boot: Enabling RNG early entropy source...[0m
[0;32mI (59) boot: Partition Table:[0m
[0;32mI (62) boot: ## Label            Usage          Type ST Offset   Length[0m
[0;32mI (70) boot:  0 nvs              WiFi data        01 02 00009000 00006000[0m
[0;32mI (77) boot:  1 phy_init         RF data          01 01 0000f000 00001000[0m
[0;32mI (85) boot:  2 factory          factory app      00 00 00010000 00100000[0m
[0;32mI (92) boot: End of partition table[0m
[0;32mI (96) esp_image: segment 0: paddr=00010020 vaddr=3f400020 size=259e4h (154084) map[0m
[0;32mI (158) esp_image: segment 1: paddr=00035a0c vaddr=3ffb0000 size=03ee0h ( 16096) load[0m
[0;32mI (164) esp_image: segment 2: paddr=000398f4 vaddr=40080000 size=06724h ( 26404) load[0m
[0;32mI (174) esp_image: segment 3: paddr=00040020 vaddr=400d0020 size=9edfch (650748) map[0m
[0;32mI (398) esp_image: segment 4: paddr=000dee24 vaddr=40086724 size=10d6ch ( 68972) load[0m
[0;32mI (436) boot: Loaded app from partition at offset 0x10000[0m
[0;32mI (437) boot: Disabling RNG early entropy source...[0m
[0;32mI (449) cpu_start: Multicore app[0m
[0;32mI (457) cpu_start: Pro cpu start user code[0m
[0;32mI (457) cpu_start: cpu freq: 160000000 Hz[0m
[0;32mI (457) app_init: Application information:[0m
[0;32mI (460) app_init: Project name:     TEST2[0m
[0;32mI (465) app_init: App version:      1[0m
[0;32mI (469) app_init: Compile time:     Dec 11 2024 17:18:27[0m
[0;32mI (475) app_init: ELF file SHA256:  03ab85f98...[0m
[0;32mI (480) app_init: ESP-IDF:          v5.3.1-dirty[0m
[0;32mI (486) efuse_init: Min chip rev:     v0.0[0m
[0;32mI (490) efuse_init: Max chip rev:     v3.99 [0m
[0;32mI (495) efuse_init: Chip rev:         v3.1[0m
[0;32mI (500) heap_init: Initializing. RAM available for dynamic allocation:[0m
[0;32mI (507) heap_init: At 3FFAE6E0 len 00001920 (6 KiB): DRAM[0m
[0;32mI (513) heap_init: At 3FFB86F0 len 00027910 (158 KiB): DRAM[0m
[0;32mI (520) heap_init: At 3FFE0440 len 00003AE0 (14 KiB): D/IRAM[0m
[0;32mI (526) heap_init: At 3FFE4350 len 0001BCB0 (111 KiB): D/IRAM[0m
[0;32mI (532) heap_init: At 40097490 len 00008B70 (34 KiB): IRAM[0m
[0;32mI (540) spi_flash: detected chip: generic[0m
[0;32mI (543) spi_flash: flash io: dio[0m
[0;32mI (548) main_task: Started on CPU0[0m
[0;32mI (558) main_task: Calling app_main()[0m
[0;32mI (558) mqtts_example: [APP] Startup..[0m
[0;32mI (558) mqtts_example: [APP] Free memory: 277204 bytes[0m
[0;32mI (558) mqtts_example: [APP] IDF version: v5.3.1-dirty[0m
[0;32mI (568) mqtts_example: [APP] Free memory: 277144 bytes[0m
[0;32mI (578) mqtts_example: Other event id:7[0m

assert failed: tcpip_send_msg_wait_sem /IDF/components/lwip/lwip/src/api/tcpip.c:449 (Invalid mbox)


Backtrace: 0x40081a4a:0x3ffbd870 0x400894cd:0x3ffbd890 0x40091265:0x3ffbd8b0 0x4012eeee:0x3ffbd9d0 0x40140f59:0x3ffbda00 0x4012c2a5:0x3ffbda40 0x400e6e11:0x3ffbda90 0x400e7126:0x3ffbdaf0 0x400e73ef:0x3ffbdb60 0x400e76dc:0x3ffbdba0 0x400e88a2:0x3ffbdbd0 0x40165cc5:0x3ffbdc00 0x400d9806:0x3ffbdc20 0x40089fd9:0x3ffbdc50




ELF file SHA256: 03ab85f98

Rebooting...
ets Jul 29 2019 12:21:46

rst:0xc (SW_CPU_RESET),boot:0x13 (SPI_FAST_FLASH_BOOT)
configsip: 0, SPIWP:0xee
clk_drv:0x00,q_drv:0x00,d_drv:0x00,cs0_drv:0x00,hd_drv:0x00,wp_drv:0x00
mode:DIO, clock div:2
load:0x3fff0030,len:7176
load:0x40078000,len:15564
ho 0 tail 12 room 4
load:0x40080400,len:4
load:0x40080404,len:3904
entry 0x40080640
[0;32mI (31) boot: ESP-IDF v5.3.1-dirty 2nd stage bootloader[0m
[0;32mI (31) boot: compile time Dec  2 2024 22:19:22[0m
[0;32mI (31) boot: Multicore bootloader[0m
[0;32mI (36) boot: chip revision: v3.1[0m
[0;32mI (40) boot.esp32: SPI Speed      : 40MHz[0m
[0;32mI (44) boot.esp32: SPI Mode       : DIO[0m
[0;32mI (49) boot.esp32: SPI Flash Size : 4MB[0m
[0;32mI (53) boot: Enabling RNG early entropy source...[0m
[0;32mI (59) boot: Partition Table:[0m
[0;32mI (62) boot: ## Label            Usage          Type ST Offset   Length[0m
[0;32mI (70) boot:  0 nvs              WiFi data        01 02 00009000 00006000[0m
[0;32mI (77) boot:  1 phy_init         RF data          01 01 0000f000 00001000[0m
[0;32mI (85) boot:  2 factory          factory app      00 00 00010000 00100000[0m
[0;32mI (92) boot: End of partition table[0m
[0;32mI (96) esp_image: segment 0: paddr=00010020 vaddr=3f400020 size=259e4h (154084) map[0m
[0;32mI (158) esp_image: segment 1: paddr=00035a0c vaddr=3ffb0000 size=03ee0h ( 16096) load[0m
[0;32mI (164) esp_image: segment 2: paddr=000398f4 vaddr=40080000 size=06724h ( 26404) load[0m
[0;32mI (174) esp_image: segment 3: paddr=00040020 vaddr=400d0020 size=9edfch (650748) map[0m
[0;32mI (398) esp_image: segment 4: paddr=000dee24 vaddr=40086724 size=10d6ch ( 68972) load[0m
[0;32mI (436) boot: Loaded app from partition at offset 0x10000[0m
[0;32mI (437) boot: Disabling RNG early entropy source...[0m
[0;32mI (449) cpu_start: Multicore app[0m
[0;32mI (457) cpu_start: Pro cpu start user code[0m
[0;32mI (457) cpu_start: cpu freq: 160000000 Hz[0m
[0;32mI (457) app_init: Application information:[0m
[0;32mI (460) app_init: Project name:     TEST2[0m
[0;32mI (465) app_init: App version:      1[0m
[0;32mI (469) app_init: Compile time:     Dec 11 2024 17:18:27[0m
[0;32mI (475) app_init: ELF file SHA256:  03ab85f98...[0m
[0;32mI (480) app_init: ESP-IDF:          v5.3.1-dirty[0m
[0;32mI (486) efuse_init: Min chip rev:     v0.0[0m
[0;32mI (490) efuse_init: Max chip rev:     v3.99 [0m
[0;32mI (495) efuse_init: Chip rev:         v3.1[0m
[0;32mI (500) heap_init: Initializing. RAM available for dynamic allocation:[0m
[0;32mI (507) heap_init: At 3FFAE6E0 len 00001920 (6 KiB): DRAM[0m
[0;32mI (513) heap_init: At 3FFB86F0 len 00027910 (158 KiB): DRAM[0m
[0;32mI (520) heap_init: At 3FFE0440 len 00003AE0 (14 KiB): D/IRAM[0m
[0;32mI (526) heap_init: At 3FFE4350 len 0001BCB0 (111 KiB): D/IRAM[0m
[0;32mI (532) heap_init: At 40097490 len 00008B70 (34 KiB): IRAM[0m
[0;32mI (540) spi_flash: detected chip: generic[0m
[0;32mI (543) spi_flash: flash io: dio[0m
[0;32mI (548) main_task: Started on CPU0[0m
[0;32mI (558) main_task: Calling app_main()[0m
[0;32mI (558) mqtts_example: [APP] Startup..[0m
[0;32mI (558) mqtts_example: [APP] Free memory: 277204 bytes[0m
[0;32mI (558) mqtts_example: [APP] IDF version: v5.3.1-dirty[0m
[0;32mI (568) mqtts_example: [APP] Free memory: 277144 bytes[0m
[0;32mI (578) mqtts_example: Other event id:7[0m

assert failed: tcpip_send_msg_wait_sem /IDF/components/lwip/lwip/src/api/tcpip.c:449 (Invalid mbox)


Backtrace: 0x40081a4a:0x3ffbd870 0x400894cd:0x3ffbd890 0x40091265:0x3ffbd8b0 0x4012eeee:0x3ffbd9d0 0x40140f59:0x3ffbda00 0x4012c2a5:0x3ffbda40 0x400e6e11:0x3ffbda90 0x400e7126:0x3ffbdaf0 0x400e73ef:0x3ffbdb60 0x400e76dc:0x3ffbdba0 0x400e88a2:0x3ffbdbd0 0x40165cc5:0x3ffbdc00 0x400d9806:0x3ffbdc20 0x40089fd9:0x3ffbdc50




ELF file SHA256: 03ab85f98

Rebooting...
ets Jul 29 2019 12:21:46

rst:0xc (SW_CPU_RESET),boot:0x13 (SPI_FAST_FLASH_BOOT)
configsip: 0, SPIWP:0xee
clk_drv:0x00,q_drv:0x00,d_drv:0x00,cs0_drv:0x00,hd_drv:0x00,wp_drv:0x00
mode:DIO, clock div:2
load:0x3fff0030,len:7176
load:0x40078000,len:15564
ho 0 tail 12 room 4
load:0x40080400,len:4
load:0x40080404,len:3904
entry 0x40080640
[0;32mI (31) boot: ESP-IDF v5.3.1-dirty 2nd stage bootloader[0m
[0;32mI (31) boot: compile time Dec  2 2024 22:19:22[0m
[0;32mI (31) boot: Multicore bootloader[0m
[0;32mI (36) boot: chip revision: v3.1[0m
[0;32mI (40) boot.esp32: SPI Speed      : 40MHz[0m
[0;32mI (44) boot.esp32: SPI Mode       : DIO[0m
[0;32mI (49) boot.esp32: SPI Flash Size : 4MB[0m
[0;32mI (53) boot: Enabling RNG early entropy source...[0m
[0;32mI (59) boot: Partition Table:[0m
[0;32mI (62) boot: ## Label            Usage          Type ST Offset   Length[0m
[0;32mI (70) boot:  0 nvs              WiFi data        01 02 00009000 00006000[0m
[0;32mI (77) boot:  1 phy_init         RF data          01 01 0000f000 00001000[0m
[0;32mI (85) boot:  2 factory          factory app      00 00 00010000 00100000[0m
[0;32mI (92) boot: End of partition table[0m
[0;32mI (96) esp_image: segment 0: paddr=00010020 vaddr=3f400020 size=259e4h (154084) map[0m
[0;32mI (158) esp_image: segment 1: paddr=00035a0c vaddr=3ffb0000 size=03ee0h ( 16096) load[0m
[0;32mI (164) esp_image: segment 2: paddr=000398f4 vaddr=40080000 size=06724h ( 26404) load[0m
[0;32mI (174) esp_image: segment 3: paddr=00040020 vaddr=400d0020 size=9edfch (650748) map[0m
[0;32mI (398) esp_image: segment 4: paddr=000dee24 vaddr=40086724 size=10d6ch ( 68972) load[0m
[0;32mI (436) boot: Loaded app from partition at offset 0x10000[0m
[0;32mI (437) boot: Disabling RNG early entropy source...[0m
[0;32mI (449) cpu_start: Multicore app[0m
[0;32mI (457) cpu_start: Pro cpu start user code[0m
[0;32mI (457) cpu_start: cpu freq: 160000000 Hz[0m
[0;32mI (457) app_init: Application information:[0m
[0;32mI (460) app_init: Project name:     TEST2[0m
[0;32mI (465) app_init: App version:      1[0m
[0;32mI (469) app_init: Compile time:     Dec 11 2024 17:18:27[0m
[0;32mI (475) app_init: ELF file SHA256:  03ab85f98...[0m
[0;32mI (480) app_init: ESP-IDF:          v5.3.1-dirty[0m
[0;32mI (486) efuse_init: Min chip rev:     v0.0[0m
[0;32mI (490) efuse_init: Max chip rev:     v3.99 [0m
[0;32mI (495) efuse_init: Chip rev:         v3.1[0m
[0;32mI (500) heap_init: Initializing. RAM available for dynamic allocation:[0m
[0;32mI (507) heap_init: At 3FFAE6E0 len 00001920 (6 KiB): DRAM[0m
[0;32mI (513) heap_init: At 3FFB86F0 len 00027910 (158 KiB): DRAM[0m
[0;32mI (520) heap_init: At 3FFE0440 len 00003AE0 (14 KiB): D/IRAM[0m
[0;32mI (526) heap_init: At 3FFE4350 len 0001BCB0 (111 KiB): D/IRAM[0m
[0;32mI (532) heap_init: At 40097490 len 00008B70 (34 KiB): IRAM[0m
[0;32mI (540) spi_flash: detected chip: generic[0m
[0;32mI (543) spi_flash: flash io: dio[0m
[0;32mI (548) main_task: Started on CPU0[0m
[0;32mI (558) main_task: Calling app_main()[0m
[0;32mI (558) mqtts_example: [APP] Startup..[0m
[0;32mI (558) mqtts_example: [APP] Free memory: 277204 bytes[0m
[0;32mI (558) mqtts_example: [APP] IDF version: v5.3.1-dirty[0m
[0;32mI (568) mqtts_example: [APP] Free memory: 277144 bytes[0m
[0;32mI (578) mqtts_example: Other event id:7[0m

assert failed: tcpip_send_msg_wait_sem /IDF/components/lwip/lwip/src/api/tcpip.c:449 (Invalid mbox)


Backtrace: 0x40081a4a:0x3ffbd870 0x400894cd:0x3ffbd890 0x40091265:0x3ffbd8b0 0x4012eeee:0x3ffbd9d0 0x40140f59:0x3ffbda00 0x4012c2a5:0x3ffbda40 0x400e6e11:0x3ffbda90 0x400e7126:0x3ffbdaf0 0x400e73ef:0x3ffbdb60 0x400e76dc:0x3ffbdba0 0x400e88a2:0x3ffbdbd0 0x40165cc5:0x3ffbdc00 0x400d9806:0x3ffbdc20 0x40089fd9:0x3ffbdc50




ELF file SHA256: 03ab85f98

Rebooting...
ets Jul 29 2019 12:21:46

rst:0xc (SW_CPU_RESET),boot:0x13 (SPI_FAST_FLASH_BOOT)
configsip: 0, SPIWP:0xee
clk_drv:0x00,q_drv:0x00,d_drv:0x00,cs0_drv:0x00,hd_drv:0x00,wp_drv:0x00
mode:DIO, clock div:2
load:0x3fff0030,len:7176
load:0x40078000,len:15564
ho 0 tail 12 room 4
load:0x40080400,len:4
load:0x40080404,len:3904
entry 0x40080640
[0;32mI (31) boot: ESP-IDF v5.3.1-dirty 2nd stage bootloader[0m
[0;32mI (31) boot: compile time Dec  2 2024 22:19:22[0m
[0;32mI (31) boot: Multicore bootloader[0m
[0;32mI (36) boot: chip revision: v3.1[0m
[0;32mI (40) boot.esp32: SPI Speed      : 40MHz[0m
[0;32mI (44) boot.esp32: SPI Mode       : DIO[0m
[0;32mI (49) boot.esp32: SPI Flash Size : 4MB[0m
[0;32mI (53) boot: Enabling RNG early entropy source...[0m
[0;32mI (59) boot: Partition Table:[0m
[0;32mI (62) boot: ## Label            Usage          Type ST Offset   Length[0m
[0;32mI (70) boot:  0 nvs              WiFi data        01 02 00009000 00006000[0m
[0;32mI (77) boot:  1 phy_init         RF data          01 01 0000f000 00001000[0m
[0;32mI (85) boot:  2 factory          factory app      00 00 00010000 00100000[0m
[0;32mI (92) boot: End of partition table[0m
[0;32mI (96) esp_image: segment 0: paddr=00010020 vaddr=3f400020 size=259e4h (154084) map[0m
[0;32mI (158) esp_image: segment 1: paddr=00035a0c vaddr=3ffb0000 size=03ee0h ( 16096) load[0m
[0;32mI (164) esp_image: segment 2: paddr=000398f4 vaddr=40080000 size=06724h ( 26404) load[0m
[0;32mI (174) esp_image: segment 3: paddr=00040020 vaddr=400d0020 size=9edfch (650748) map[0m
[0;32mI (398) esp_image: segment 4: paddr=000dee24 vaddr=40086724 size=10d6ch ( 68972) load[0m
[0;32mI (436) boot: Loaded app from partition at offset 0x10000[0m
[0;32mI (437) boot: Disabling RNG early entropy source...[0m
[0;32mI (449) cpu_start: Multicore app[0m
[0;32mI (457) cpu_start: Pro cpu start user code[0m
[0;32mI (457) cpu_start: cpu freq: 160000000 Hz[0m
[0;32mI (457) app_init: Application information:[0m
[0;32mI (460) app_init: Project name:     TEST2[0m
[0;32mI (465) app_init: App version:      1[0m
[0;32mI (469) app_init: Compile time:     Dec 11 2024 17:18:27[0m
[0;32mI (475) app_init: ELF file SHA256:  03ab85f98...[0m
[0;32mI (480) app_init: ESP-IDF:          v5.3.1-dirty[0m
[0;32mI (486) efuse_init: Min chip rev:     v0.0[0m
[0;32mI (490) efuse_init: Max chip rev:     v3.99 [0m
[0;32mI (495) efuse_init: Chip rev:         v3.1[0m
[0;32mI (500) heap_init: Initializing. RAM available for dynamic allocation:[0m
[0;32mI (507) heap_init: At 3FFAE6E0 len 00001920 (6 KiB): DRAM[0m
[0;32mI (513) heap_init: At 3FFB86F0 len 00027910 (158 KiB): DRAM[0m
[0;32mI (520) heap_init: At 3FFE0440 len 00003AE0 (14 KiB): D/IRAM[0m
[0;32mI (526) heap_init: At 3FFE4350 len 0001BCB0 (111 KiB): D/IRAM[0m
[0;32mI (532) heap_init: At 40097490 len 00008B70 (34 KiB): IRAM[0m
[0;32mI (540) spi_flash: detected chip: generic[0m
[0;32mI (543) spi_flash: flash io: dio[0m
[0;32mI (548) main_task: Started on CPU0[0m
[0;32mI (558) main_task: Calling app_main()[0m
[0;32mI (558) mqtts_example: [APP] Startup..[0m
[0;32mI (558) mqtts_example: [APP] Free memory: 277204 bytes[0m
[0;32mI (558) mqtts_example: [APP] IDF version: v5.3.1-dirty[0m
[0;32mI (568) mqtts_example: [APP] Free memory: 277144 bytes[0m
[0;32mI (578) mqtts_example: Other event id:7[0m

assert failed: tcpip_send_msg_wait_sem /IDF/components/lwip/lwip/src/api/tcpip.c:449 (Invalid mbox)


Backtrace: 0x40081a4a:0x3ffbd870 0x400894cd:0x3ffbd890 0x40091265:0x3ffbd8b0 0x4012eeee:0x3ffbd9d0 0x40140f59:0x3ffbda00 0x4012c2a5:0x3ffbda40 0x400e6e11:0x3ffbda90 0x400e7126:0x3ffbdaf0 0x400e73ef:0x3ffbdb60 0x400e76dc:0x3ffbdba0 0x400e88a2:0x3ffbdbd0 0x40165cc5:0x3ffbdc00 0x400d9806:0x3ffbdc20 0x40089fd9:0x3ffbdc50




ELF file SHA256: 03ab85f98

Rebooting...
ets Jul 29 2019 12:21:46

rst:0xc (SW_CPU_RESET),boot:0x13 (SPI_FAST_FLASH_BOOT)
configsip: 0, SPIWP:0xee
clk_drv:0x00,q_drv:0x00,d_drv:0x00,cs0_drv:0x00,hd_drv:0x00,wp_drv:0x00
mode:DIO, clock div:2
load:0x3fff0030,len:7176
load:0x40078000,len:15564
ho 0 tail 12 room 4
load:0x40080400,len:4
load:0x40080404,len:3904
entry 0x40080640
[0;32mI (31) boot: ESP-IDF v5.3.1-dirty 2nd stage bootloader[0m
[0;32mI (31) boot: compile time Dec  2 2024 22:19:22[0m
[0;32mI (31) boot: Multicore bootloader[0m
[0;32mI (36) boot: chip revision: v3.1[0m
[0;32mI (40) boot.esp32: SPI Speed      : 40MHz[0m
[0;32mI (44) boot.esp32: SPI Mode       : DIO[0m
[0;32mI (49) boot.esp32: SPI Flash Size : 4MB[0m
[0;32mI (53) boot: Enabling RNG early entropy source...[0m
[0;32mI (59) boot: Partition Table:[0m
[0;32mI (62) boot: ## Label            Usage          Type ST Offset   Length[0m
[0;32mI (70) boot:  0 nvs              WiFi data        01 02 00009000 00006000[0m
[0;32mI (77) boot:  1 phy_init         RF data          01 01 0000f000 00001000[0m
[0;32mI (85) boot:  2 factory          factory app      00 00 00010000 00100000[0m
[0;32mI (92) boot: End of partition table[0m
[0;32mI (96) esp_image: segment 0: paddr=00010020 vaddr=3f400020 size=259e4h (154084) map[0m
[0;32mI (158) esp_image: segment 1: paddr=00035a0c vaddr=3ffb0000 size=03ee0h ( 16096) load[0m
[0;32mI (164) esp_image: segment 2: paddr=000398f4 vaddr=40080000 size=06724h ( 26404) load[0m
[0;32mI (174) esp_image: segment 3: paddr=00040020 vaddr=400d0020 size=9edfch (650748) map[0m
[0;32mI (398) esp_image: segment 4: paddr=000dee24 vaddr=40086724 size=10d6ch ( 68972) load[0m
[0;32mI (436) boot: Loaded app from partition at offset 0x10000[0m
[0;32mI (437) boot: Disabling RNG early entropy source...[0m
[0;32mI (449) cpu_start: Multicore app[0m
[0;32mI (457) cpu_start: Pro cpu start user code[0m
[0;32mI (457) cpu_start: cpu freq: 160000000 Hz[0m
[0;32mI (457) app_init: Application information:[0m
[0;32mI (460) app_init: Project name:     TEST2[0m
[0;32mI (465) app_init: App version:      1[0m
[0;32mI (469) app_init: Compile time:     Dec 11 2024 17:18:27[0m
[0;32mI (475) app_init: ELF file SHA256:  03ab85f98...[0m
[0;32mI (480) app_init: ESP-IDF:          v5.3.1-dirty[0m
[0;32mI (486) efuse_init: Min chip rev:     v0.0[0m
[0;32mI (490) efuse_init: Max chip rev:     v3.99 [0m
[0;32mI (495) efuse_init: Chip rev:         v3.1[0m
[0;32mI (500) heap_init: Initializing. RAM available for dynamic allocation:[0m
[0;32mI (507) heap_init: At 3FFAE6E0 len 00001920 (6 KiB): DRAM[0m
[0;32mI (513) heap_init: At 3FFB86F0 len 00027910 (158 KiB): DRAM[0m
[0;32mI (520) heap_init: At 3FFE0440 len 00003AE0 (14 KiB): D/IRAM[0m
[0;32mI (526) heap_init: At 3FFE4350 len 0001BCB0 (111 KiB): D/IRAM[0m
[0;32mI (532) heap_init: At 40097490 len 00008B70 (34 KiB): IRAM[0m
[0;32mI (540) spi_flash: detected chip: generic[0m
[0;32mI (543) spi_flash: flash io: dio[0m
[0;32mI (548) main_task: Started on CPU0[0m
[0;32mI (558) main_task: Calling app_main()[0m
[0;32mI (558) mqtts_example: [APP] Startup..[0m
[0;32mI (558) mqtts_example: [APP] Free memory: 277204 bytes[0m
[0;32mI (558) mqtts_example: [APP] IDF version: v5.3.1-dirty[0m
[0;32mI (568) mqtts_example: [APP] Free memory: 277144 bytes[0m
[0;32mI (578) mqtts_example: Other event id:7[0m

assert failed: tcpip_send_msg_wait_sem /IDF/components/lwip/lwip/src/api/tcpip.c:449 (Invalid mbox)


