ets Juï¿½ets Jul 29 2019 12:21:46

rst:0x1 (POWERON_RESET),boot:0x13 (SPI_FAST_FLASH_BOOT)
configsip: 0, SPIWP:0xee
clk_drv:0x00,q_drv:0x00,d_drv:0x00,cs0_drv:0x00,hd_drv:0x00,wp_drv:0x00
mode:DIO, clock div:2
load:0x3fff0030,len:7176
load:0x40078000,len:15564
ho 0 tail 12 room 4
load:0x40080400,len:4
load:0x40080404,len:3904
entry 0x40080640
[0;32mI (31) boot: ESP-IDF v5.3.1-dirty 2nd stage bootloader[0m
[0;32mI (31) boot: compile time Dec 11 2024 17:35:13[0m
[0;32mI (31) boot: Multicore bootloader[0m
[0;32mI (36) boot: chip revision: v3.1[0m
[0;32mI (40) boot.esp32: SPI Speed      : 40MHz[0m
[0;32mI (44) boot.esp32: SPI Mode       : DIO[0m
[0;32mI (49) boot.esp32: SPI Flash Size : 4MB[0m
[0;32mI (53) boot: Enabling RNG early entropy source...[0m
[0;32mI (59) boot: Partition Table:[0m
[0;32mI (62) boot: ## Label            Usage          Type ST Offset   Length[0m
[0;32mI (70) boot:  0 nvs              WiFi data        01 02 00009000 00006000[0m
[0;32mI (77) boot:  1 phy_init         RF data          01 01 0000f000 00001000[0m
[0;32mI (85) boot:  2 factory          factory app      00 00 00010000 00100000[0m
[0;32mI (92) boot: End of partition table[0m
[0;32mI (96) esp_image: segment 0: paddr=00010020 vaddr=3f400020 size=0adc4h ( 44484) map[0m
[0;32mI (120) esp_image: segment 1: paddr=0001adec vaddr=3ffb0000 size=02364h (  9060) load[0m
[0;32mI (124) esp_image: segment 2: paddr=0001d158 vaddr=40080000 size=02ec0h ( 11968) load[0m
[0;32mI (131) esp_image: segment 3: paddr=00020020 vaddr=400d0020 size=16864h ( 92260) map[0m
[0;32mI (166) esp_image: segment 4: paddr=0003688c vaddr=40082ec0 size=0abc8h ( 43976) load[0m
[0;32mI (190) boot: Loaded app from partition at offset 0x10000[0m
[0;32mI (190) boot: Disabling RNG early entropy source...[0m
[0;32mI (202) cpu_start: Multicore app[0m
[0;32mI (211) cpu_start: Pro cpu start user code[0m
[0;32mI (211) cpu_start: cpu freq: 160000000 Hz[0m
[0;32mI (211) app_init: Application information:[0m
[0;32mI (214) app_init: Project name:     TEST2[0m
[0;32mI (218) app_init: App version:      1[0m
[0;32mI (223) app_init: Compile time:     Dec 11 2024 17:35:03[0m
[0;32mI (229) app_init: ELF file SHA256:  ce3183101...[0m
[0;32mI (234) app_init: ESP-IDF:          v5.3.1-dirty[0m
[0;32mI (239) efuse_init: Min chip rev:     v0.0[0m
[0;32mI (244) efuse_init: Max chip rev:     v3.99 [0m
[0;32mI (249) efuse_init: Chip rev:         v3.1[0m
[0;32mI (254) heap_init: Initializing. RAM available for dynamic allocation:[0m
[0;32mI (261) heap_init: At 3FFAE6E0 len 00001920 (6 KiB): DRAM[0m
[0;32mI (267) heap_init: At 3FFB2C30 len 0002D3D0 (180 KiB): DRAM[0m
[0;32mI (273) heap_init: At 3FFE0440 len 00003AE0 (14 KiB): D/IRAM[0m
[0;32mI (280) heap_init: At 3FFE4350 len 0001BCB0 (111 KiB): D/IRAM[0m
[0;32mI (286) heap_init: At 4008DA88 len 00012578 (73 KiB): IRAM[0m
[0;32mI (294) spi_flash: detected chip: generic[0m
[0;32mI (297) spi_flash: flash io: dio[0m
[0;32mI (302) main_task: Started on CPU0[0m
[0;32mI (312) main_task: Calling app_main()[0m
[0;32mI (312) UART SIMSOM: [APP] Startup..[0m
[0;32mI (312) UART SIMSOM: [APP] Free memory: 305000 bytes[0m
[0;32mI (312) UART SIMSOM: [APP] IDF version: v5.3.1-dirty[0m
[0;32mI (322) UART SIMSOM: Enable GPS.[0m
[0;32mI (322) UART SIMSOM: GPS location.[0m
[0;32mI (432) UART SIMSOM: GPS Data: AT+QGPS=1
+CME ERROR: 504
AT+QGPSLOC=0
+CME ERROR: 516
[0m
[0;32mI (3032) UART SIMSOM: GPS location.[0m
[0;32mI (3132) UART SIMSOM: GPS Data: AT+QGPSLOC=0
+CME ERROR: 516
QGPSLOC=0
+CME ERROR: 516
[0m
[0;32mI (5732) UART SIMSOM: GPS location.[0m
[0;32mI (5832) UART SIMSOM: GPS Data: AT+QGPSLOC=0
+CME ERROR: 516
QGPSLOC=0
+CME ERROR: 516
[0m
[0;32mI (8432) UART SIMSOM: GPS location.[0m
[0;32mI (8532) UART SIMSOM: GPS Data: AT+QGPSLOC=0
+CME ERROR: 516
QGPSLOC=0
+CME ERROR: 516
[0m
[0;32mI (11132) UART SIMSOM: GPS location.[0m
[0;32mI (11232) UART SIMSOM: GPS Data: AT+QGPSLOC=0
+CME ERROR: 516
QGPSLOC=0
+CME ERROR: 516
[0m
[0;32mI (13832) UART SIMSOM: GPS location.[0m
[0;32mI (13932) UART SIMSOM: GPS Data: AT+QGPSLOC=0
+CME ERROR: 516
QGPSLOC=0
+CME ERROR: 516
[0m
[0;32mI (16532) UART SIMSOM: GPS location.[0m
[0;32mI (16632) UART SIMSOM: GPS Data: AT+QGPSLOC=0
+CME ERROR: 516
QGPSLOC=0
+CME ERROR: 516
[0m
[0;32mI (19232) UART SIMSOM: GPS location.[0m
[0;32mI (19332) UART SIMSOM: GPS Data: AT+QGPSLOC=0
+CME ERROR: 516
QGPSLOC=0
+CME ERROR: 516
[0m
[0;32mI (21932) UART SIMSOM: GPS location.[0m
[0;32mI (22032) UART SIMSOM: GPS Data: AT+QGPSLOC=0
+CME ERROR: 516
QGPSLOC=0
+CME ERROR: 516
[0m
[0;32mI (24632) UART SIMSOM: GPS location.[0m
[0;32mI (24732) UART SIMSOM: GPS Data: AT+QGPSLOC=0
+CME ERROR: 516
QGPSLOC=0
+CME ERROR: 516
[0m
[0;32mI (27332) UART SIMSOM: GPS location.[0m
[0;32mI (27432) UART SIMSOM: GPS Data: AT+QGPSLOC=0
+CME ERROR: 516
QGPSLOC=0
+CME ERROR: 516
[0m
[0;32mI (30032) UART SIMSOM: GPS location.[0m
[0;32mI (30132) UART SIMSOM: GPS Data: AT+QGPSLOC=0
+CME ERROR: 516
QGPSLOC=0
+CME ERROR: 516
[0m
[0;32mI (32732) UART SIMSOM: GPS location.[0m
[0;32mI (32832) UART SIMSOM: GPS Data: AT+QGPSLOC=0
+CME ERROR: 516
QGPSLOC=0
+CME ERROR: 516
[0m
[0;32mI (35432) UART SIMSOM: GPS location.[0m
[0;32mI (35532) UART SIMSOM: GPS Data: AT+QGPSLOC=0
+CME ERROR: 516
QGPSLOC=0
+CME ERROR: 516
[0m
[0;32mI (38132) UART SIMSOM: GPS location.[0m
[0;32mI (38232) UART SIMSOM: GPS Data: AT+QGPSLOC=0
+CME ERROR: 516
QGPSLOC=0
+CME ERROR: 516
[0m
[0;32mI (40832) UART SIMSOM: GPS location.[0m
[0;32mI (40932) UART SIMSOM: GPS Data: AT+QGPSLOC=0
+CME ERROR: 516
QGPSLOC=0
+CME ERROR: 516
[0m
[0;32mI (43532) UART SIMSOM: GPS location.[0m
[0;32mI (43632) UART SIMSOM: GPS Data: AT+QGPSLOC=0
+CME ERROR: 516
QGPSLOC=0
+CME ERROR: 516
[0m
[0;32mI (46232) UART SIMSOM: GPS location.[0m
[0;32mI (46332) UART SIMSOM: GPS Data: AT+QGPSLOC=0
+CME ERROR: 516
QGPSLOC=0
+CME ERROR: 516
[0m
[0;32mI (48932) UART SIMSOM: GPS location.[0m
[0;32mI (49032) UART SIMSOM: GPS Data: AT+QGPSLOC=0
+CME ERROR: 516
QGPSLOC=0
+CME ERROR: 516
[0m
[0;32mI (51632) UART SIMSOM: GPS location.[0m
[0;32mI (51732) UART SIMSOM: GPS Data: AT+QGPSLOC=0
+CME ERROR: 516
QGPSLOC=0
+CME ERROR: 516
[0m
[0;32mI (54332) UART SIMSOM: GPS location.[0m
[0;32mI (54432) UART SIMSOM: GPS Data: AT+QGPSLOC=0
+CME ERROR: 516
QGPSLOC=0
+CME ERROR: 516
[0m
[0;32mI (57032) UART SIMSOM: GPS location.[0m
[0;32mI (57132) UART SIMSOM: GPS Data: AT+QGPSLOC=0
+CME ERROR: 516
QGPSLOC=0
+CME ERROR: 516
[0m
[0;32mI (59732) UART SIMSOM: GPS location.[0m
[0;32mI (59832) UART SIMSOM: GPS Data: AT+QGPSLOC=0
+CME ERROR: 516
QGPSLOC=0
+CME ERROR: 516
[0m
[0;32mI (62432) UART SIMSOM: GPS location.[0m
[0;32mI (62542) UART SIMSOM: GPS Data: AT+QGPSLOC=0
+QGPSLOC: 071744.00,1052.6166N,10648.5256E,0.00,74.3,1,,1.900,1.041,121224,05

OK
p>ï¿½?ï¿½5@?[0m
[0;32mI (65142) UART SIMSOM: GPS location.[0m
[0;32mI (65252) UART SIMSOM: GPS Data: AT+QGPSLOC=0
+QGPSLOC: 071747.00,1052.6116N,10648.5261E,13.90,44.4,3,,0.221,0.121,121224,05

OK
>ï¿½?ï¿½5@?[0m
[0;32mI (67852) UART SIMSOM: GPS location.[0m
[0;32mI (67962) UART SIMSOM: GPS Data: AT+QGPSLOC=0
+QGPSLOC: 071750.00,1052.6103N,10648.5260E,13.91,32.1,3,,0.624,0.342,121224,05

OK
>ï¿½?ï¿½5@?[0m
[0;32mI (70562) UART SIMSOM: GPS location.[0m
[0;32mI (70672) UART SIMSOM: GPS Data: AT+QGPSLOC=0
+QGPSLOC: 071753.00,1052.6053N,10648.5222E,6.53,-10.6,3,,1.341,0.735,121224,06

OK
>ï¿½?ï¿½5@?[0m
[0;32mI (73272) UART SIMSOM: GPS location.[0m
[0;32mI (73382) UART SIMSOM: GPS Data: AT+QGPSLOC=0
+QGPSLOC: 071756.00,1052.6060N,10648.5241E,6.53,-20.5,3,,3.416,1.872,121224,06

OK
>ï¿½?ï¿½5@?[0m
[0;32mI (75982) UART SIMSOM: GPS location.[0m
[0;32mI (76092) UART SIMSOM: GPS Data: AT+QGPSLOC=0
+QGPSLOC: 071758.00,1052.6057N,10648.5255E,6.53,-21.4,3,,1.090,0.597,121224,06

OK
>ï¿½?ï¿½5@?[0m
[0;32mI (78692) UART SIMSOM: GPS location.[0m
[0;32mI (78802) UART SIMSOM: GPS Data: AT+QGPSLOC=0
+QGPSLOC: 071801.00,1052.6023N,10648.5134E,6.53,-48.2,3,,1.396,0.765,121224,06

OK
>ï¿½?ï¿½5@?[0m
[0;32mI (81402) UART SIMSOM: GPS location.[0m
[0;32mI (81512) UART SIMSOM: GPS Data: AT+QGPSLOC=0
+QGPSLOC: 071804.00,1052.6024N,10648.5141E,5.48,-46.9,3,,0.622,0.341,121224,08

OK
>ï¿½?ï¿½5@?[0m
