ets Jul 29 2019 12:21:46

rst:0x1 (POWERON_RESET),boot:0x13 (SPI_FAST_FLASH_BOOT)
configsip: 0, SPIWP:0xee
clk_drv:0x00,q_drv:0x00,d_drv:0x00,cs0_drv:0x00,hd_drv:0x00,wp_drv:0x00
mode:DIO, clock div:2
load:0x3fff0030,len:7176
load:0x40078000,len:15564
ho 0 tail 12 room 4
load:0x40080400,len:4
load:0x40080404,len:3904
entry 0x40080640
[0;32mI (31) boot: ESP-IDF v5.3.1-dirty 2nd stage bootloader[0m
[0;32mI (31) boot: compile time Dec 14 2024 11:22:02[0m
[0;32mI (31) boot: Multicore bootloader[0m
[0;32mI (36) boot: chip revision: v3.1[0m
[0;32mI (40) boot.esp32: SPI Speed      : 40MHz[0m
[0;32mI (44) boot.esp32: SPI Mode       : DIO[0m
[0;32mI (49) boot.esp32: SPI Flash Size : 4MB[0m
[0;32mI (53) boot: Enabling RNG early entropy source...[0m
[0;32mI (59) boot: Partition Table:[0m
[0;32mI (62) boot: ## Label            Usage          Type ST Offset   Length[0m
[0;32mI (70) boot:  0 nvs              WiFi data        01 02 00009000 00006000[0m
[0;32mI (77) boot:  1 phy_init         RF data          01 01 0000f000 00001000[0m
[0;32mI (85) boot:  2 factory          factory app      00 00 00010000 00100000[0m
[0;32mI (92) boot: End of partition table[0m
[0;32mI (96) esp_image: segment 0: paddr=00010020 vaddr=3f400020 size=1f374h (127860) map[0m
[0;32mI (149) esp_image: segment 1: paddr=0002f39c vaddr=3ffb0000 size=00c7ch (  3196) load[0m
[0;32mI (150) esp_image: segment 2: paddr=00030020 vaddr=400d0020 size=82cd4h (535764) map[0m
[0;32mI (338) esp_image: segment 3: paddr=000b2cfc vaddr=3ffb0c7c size=03254h ( 12884) load[0m
[0;32mI (343) esp_image: segment 4: paddr=000b5f58 vaddr=40080000 size=1734ch ( 95052) load[0m
[0;32mI (393) boot: Loaded app from partition at offset 0x10000[0m
[0;32mI (393) boot: Disabling RNG early entropy source...[0m
[0;32mI (405) cpu_start: Multicore app[0m
[0;32mI (413) cpu_start: Pro cpu start user code[0m
[0;32mI (413) cpu_start: cpu freq: 160000000 Hz[0m
[0;32mI (413) app_init: Application information:[0m
[0;32mI (416) app_init: Project name:     TEST2[0m
[0;32mI (421) app_init: App version:      1[0m
[0;32mI (425) app_init: Compile time:     Dec 14 2024 11:21:55[0m
[0;32mI (431) app_init: ELF file SHA256:  97058d383...[0m
[0;32mI (436) app_init: ESP-IDF:          v5.3.1-dirty[0m
[0;32mI (442) efuse_init: Min chip rev:     v0.0[0m
[0;32mI (446) efuse_init: Max chip rev:     v3.99 [0m
[0;32mI (451) efuse_init: Chip rev:         v3.1[0m
[0;32mI (456) heap_init: Initializing. RAM available for dynamic allocation:[0m
[0;32mI (464) heap_init: At 3FFAE6E0 len 00001920 (6 KiB): DRAM[0m
[0;32mI (469) heap_init: At 3FFB80F8 len 00027F08 (159 KiB): DRAM[0m
[0;32mI (476) heap_init: At 3FFE0440 len 00003AE0 (14 KiB): D/IRAM[0m
[0;32mI (482) heap_init: At 3FFE4350 len 0001BCB0 (111 KiB): D/IRAM[0m
[0;32mI (488) heap_init: At 4009734C len 00008CB4 (35 KiB): IRAM[0m
[0;32mI (496) spi_flash: detected chip: generic[0m
[0;32mI (499) spi_flash: flash io: dio[0m
[0;32mI (504) main_task: Started on CPU0[0m
[0;32mI (514) main_task: Calling app_main()[0m
I (544) wifi:wifi driver task: 3ffc0084, prio:23, stack:6656, core=0
I (554) wifi:wifi firmware version: ccaebfa
I (554) wifi:wifi certification version: v7.0
I (554) wifi:config NVS flash: enabled
I (554) wifi:config nano formating: disabled
I (554) wifi:Init data frame dynamic rx buffer num: 32
I (564) wifi:Init static rx mgmt buffer num: 5
I (564) wifi:Init management short buffer num: 32
I (574) wifi:Init dynamic tx buffer num: 32
I (574) wifi:Init static rx buffer size: 1600
I (584) wifi:Init static rx buffer num: 10
I (584) wifi:Init dynamic rx buffer num: 32
[0;32mI (584) wifi_init: rx ba win: 6[0m
[0;32mI (594) wifi_init: accept mbox: 6[0m
[0;32mI (594) wifi_init: tcpip mbox: 32[0m
[0;32mI (604) wifi_init: udp mbox: 6[0m
[0;32mI (604) wifi_init: tcp mbox: 6[0m
[0;32mI (604) wifi_init: tcp tx win: 5760[0m
[0;32mI (614) wifi_init: tcp rx win: 5760[0m
[0;32mI (614) wifi_init: tcp mss: 1440[0m
[0;32mI (614) wifi_init: WiFi IRAM OP enabled[0m
[0;32mI (624) wifi_init: WiFi RX IRAM OP enabled[0m
[0;32mI (634) phy_init: phy_version 4830,54550f7,Jun 20 2024,14:22:08[0m
[0;33mW (714) phy_init: saving new calibration data because of checksum failure, mode(0)[0m
I (734) wifi:mode : sta (cc:7b:5c:27:b1:54)
I (734) wifi:enable tsf
I (754) wifi:new:<11,0>, old:<1,0>, ap:<255,255>, sta:<11,0>, prof:1, snd_ch_cfg:0x0
I (754) wifi:state: init -> auth (0xb0)
I (804) wifi:state: auth -> assoc (0x0)
I (834) wifi:state: assoc -> run (0x10)
I (864) wifi:connected with 9999, aid = 5, channel 11, BW20, bssid = 00:c8:96:7e:b6:21
I (874) wifi:security: WPA2-PSK, phy: bgn, rssi: -56
I (874) wifi:pm start, type: 1

I (874) wifi:dp: 1, bi: 102400, li: 3, scale listen interval from 307200 us to 307200 us
I (894) wifi:<ba-add>idx:0 (ifx:0, 00:c8:96:7e:b6:21), tid:7, ssn:0, winSize:64
I (914) wifi:AP's beacon interval = 102400 us, DTIM period = 1
[0;32mI (1734) main_task: Returned from app_main()[0m
[0;32mI (1884) esp_netif_handlers: sta ip: 192.168.1.179, mask: 255.255.255.0, gw: 192.168.1.1[0m
[0;32mI (1884) WiFi: Got IP: 192.168.1.179[0m
I (6034) wifi:<ba-add>idx:1 (ifx:0, 00:c8:96:7e:b6:21), tid:6, ssn:2, winSize:64
I (222204) wifi:<ba-del>idx:1, tid:6
I (222204) wifi:<ba-add>idx:1 (ifx:0, 00:c8:96:7e:b6:21), tid:0, ssn:0, winSize:64
