ets Jul 29 2019 12:21:46

rst:0x1 (POWERON_RESET),boot:0x13 (SPI_FAST_FLASH_BOOT)
configsip: 0, SPIWP:0xee
clk_drv:0x00,q_drv:0x00,d_drv:0x00,cs0_drv:0x00,hd_drv:0x00,wp_drv:0x00
mode:DIO, clock div:2
load:0x3fff0030,len:7176
load:0x40078000,len:15564
ho 0 tail 12 room 4
load:0x40080400,len:4
load:0x40080404,len:3904
entry 0x40080640
[0;32mI (31) boot: ESP-IDF v5.3.1-dirty 2nd stage bootloader[0m
[0;32mI (31) boot: compile time Dec 14 2024 11:22:02[0m
[0;32mI (31) boot: Multicore bootloader[0m
[0;32mI (36) boot: chip revision: v3.1[0m
[0;32mI (40) boot.esp32: SPI Speed      : 40MHz[0m
[0;32mI (44) boot.esp32: SPI Mode       : DIO[0m
[0;32mI (49) boot.esp32: SPI Flash Size : 4MB[0m
[0;32mI (53) boot: Enabling RNG early entropy source...[0m
[0;32mI (59) boot: Partition Table:[0m
[0;32mI (62) boot: ## Label            Usage          Type ST Offset   Length[0m
[0;32mI (70) boot:  0 nvs              WiFi data        01 02 00009000 00006000[0m
[0;32mI (77) boot:  1 phy_init         RF data          01 01 0000f000 00001000[0m
[0;32mI (85) boot:  2 factory          factory app      00 00 00010000 00100000[0m
[0;32mI (92) boot: End of partition table[0m
[0;32mI (96) esp_image: segment 0: paddr=00010020 vaddr=3f400020 size=270cch (159948) map[0m
[0;32mI (160) esp_image: segment 1: paddr=000370f4 vaddr=3ffb0000 size=03f38h ( 16184) load[0m
[0;32mI (166) esp_image: segment 2: paddr=0003b034 vaddr=40080000 size=04fe4h ( 20452) load[0m
[0;32mI (174) esp_image: segment 3: paddr=00040020 vaddr=400d0020 size=a2b90h (666512) map[0m
[0;32mI (403) esp_image: segment 4: paddr=000e2bb8 vaddr=40084fe4 size=13404h ( 78852) load[0m
[0;32mI (446) boot: Loaded app from partition at offset 0x10000[0m
[0;32mI (446) boot: Disabling RNG early entropy source...[0m
[0;32mI (458) cpu_start: Multicore app[0m
[0;32mI (466) cpu_start: Pro cpu start user code[0m
[0;32mI (466) cpu_start: cpu freq: 160000000 Hz[0m
[0;32mI (467) app_init: Application information:[0m
[0;32mI (469) app_init: Project name:     TEST2[0m
[0;32mI (474) app_init: App version:      1[0m
[0;32mI (478) app_init: Compile time:     Dec 17 2024 17:16:46[0m
[0;32mI (484) app_init: ELF file SHA256:  a8f8be8c4...[0m
[0;32mI (490) app_init: ESP-IDF:          v5.3.1-dirty[0m
[0;32mI (495) efuse_init: Min chip rev:     v0.0[0m
[0;32mI (500) efuse_init: Max chip rev:     v3.99 [0m
[0;32mI (505) efuse_init: Chip rev:         v3.1[0m
[0;32mI (510) heap_init: Initializing. RAM available for dynamic allocation:[0m
[0;32mI (517) heap_init: At 3FFAE6E0 len 00001920 (6 KiB): DRAM[0m
[0;32mI (523) heap_init: At 3FFB8750 len 000278B0 (158 KiB): DRAM[0m
[0;32mI (529) heap_init: At 3FFE0440 len 00003AE0 (14 KiB): D/IRAM[0m
[0;32mI (535) heap_init: At 3FFE4350 len 0001BCB0 (111 KiB): D/IRAM[0m
[0;32mI (542) heap_init: At 400983E8 len 00007C18 (31 KiB): IRAM[0m
[0;32mI (550) spi_flash: detected chip: generic[0m
[0;32mI (553) spi_flash: flash io: dio[0m
[0;32mI (558) main_task: Started on CPU0[0m
[0;32mI (568) main_task: Calling app_main()[0m
I (598) wifi:wifi driver task: 3ffc0760, prio:23, stack:6656, core=0
I (608) wifi:wifi firmware version: ccaebfa
I (608) wifi:wifi certification version: v7.0
I (608) wifi:config NVS flash: enabled
I (608) wifi:config nano formating: disabled
I (608) wifi:Init data frame dynamic rx buffer num: 32
I (618) wifi:Init static rx mgmt buffer num: 5
I (618) wifi:Init management short buffer num: 32
I (628) wifi:Init dynamic tx buffer num: 32
I (628) wifi:Init static rx buffer size: 1600
I (638) wifi:Init static rx buffer num: 10
I (638) wifi:Init dynamic rx buffer num: 32
[0;32mI (638) wifi_init: rx ba win: 6[0m
[0;32mI (648) wifi_init: accept mbox: 6[0m
[0;32mI (648) wifi_init: tcpip mbox: 32[0m
[0;32mI (658) wifi_init: udp mbox: 6[0m
[0;32mI (658) wifi_init: tcp mbox: 6[0m
[0;32mI (658) wifi_init: tcp tx win: 5760[0m
[0;32mI (668) wifi_init: tcp rx win: 5760[0m
[0;32mI (668) wifi_init: tcp mss: 1440[0m
[0;32mI (668) wifi_init: WiFi IRAM OP enabled[0m
[0;32mI (678) wifi_init: WiFi RX IRAM OP enabled[0m
[0;32mI (688) phy_init: phy_version 4830,54550f7,Jun 20 2024,14:22:08[0m
[0;33mW (768) phy_init: saving new calibration data because of checksum failure, mode(0)[0m
I (788) wifi:mode : sta (cc:7b:5c:27:b1:54)
I (788) wifi:enable tsf
[0;32mI (1788) mqtts_example: [APP] Free memory: 230720 bytes[0m
[0;32mI (1788) mqtts_example: Other event id:7[0m
[0;31mE (1788) esp-tls: couldn't get hostname for :mqtt.thingsboard.cloud: getaddrinfo() returns 202, addrinfo=0x0[0m
[0;31mE (1798) transport_base: Failed to open a new connection: 32769[0m
[0;31mE (1798) mqtt_client: Error transport connect[0m
[0;32mI (1808) mqtts_example: Other event id:0[0m
[0;32mI (1808) mqtts_example: MQTT_EVENT_DISCONNECTED[0m
[0;32mI (1818) UART SIMSOM: Enable GPS.[0m
[0;32mI (1818) UART SIMSOM: GPS location.[0m
[0;32mI (1928) UART SIMSOM: GPS Data: 
AT+QGPS=1ï¿½ï¿½ï¿½jï¿½Eï¿½ï¿½L95l'ï¿½O#ï¿½ï¿½ï¿½ï¿½CGï¿½ï¿½ï¿½Bï¿½[0m
[0;32mI (1928) UART SIMSOM: lat is 0.000000 and long is 0.000000[0m
[0;32mI (1928) UART SIMSOM: GPS Data: 
AT+QGPS=1ï¿½ï¿½ï¿½jï¿½Eï¿½ï¿½L95l'ï¿½O#ï¿½ï¿½ï¿½ï¿½CGï¿½ï¿½ï¿½Bï¿½[0m
[0;32mI (2038) UART SIMSOM: GPS Data: 
AT+QGPS=1ï¿½ï¿½ï¿½jï¿½Eï¿½ï¿½L95l'ï¿½O#ï¿½ï¿½ï¿½ï¿½CGï¿½ï¿½ï¿½Bï¿½[0m
[0;32mI (2138) UART SIMSOM: GPS Data: 
AT+QGPS=1ï¿½ï¿½ï¿½jï¿½Eï¿½ï¿½L95l'ï¿½O#ï¿½ï¿½ï¿½ï¿½CGï¿½ï¿½ï¿½Bï¿½[0m
[0;32mI (2238) UART SIMSOM: GPS Data: 
AT+QGPS=1ï¿½ï¿½ï¿½jï¿½Eï¿½ï¿½L95l'ï¿½O#ï¿½ï¿½ï¿½ï¿½CGï¿½ï¿½ï¿½Bï¿½[0m
[0;32mI (2428) UART SIMSOM: GPS Data: 

OK
AT+QGPSLOC=0
+CME ERROR: 516
ï¿½ï¿½Bï¿½[0m
[0;32mI (2428) UART SIMSOM: lat is 0.000000 and long is 0.000000[0m
[0;32mI (2428) UART SIMSOM: GPS Data: 

OK
AT+QGPSLOC=0
+CME ERROR: 516
ï¿½ï¿½Bï¿½[0m
[0;32mI (2538) UART SIMSOM: GPS Data: 

OK
AT+QGPSLOC=0
+CME ERROR: 516
ï¿½ï¿½Bï¿½[0m
[0;32mI (2638) UART SIMSOM: GPS Data: 

OK
AT+QGPSLOC=0
+CME ERROR: 516
ï¿½ï¿½Bï¿½[0m
[0;32mI (2738) UART SIMSOM: GPS Data: 

OK
AT+QGPSLOC=0
+CME ERROR: 516
ï¿½ï¿½Bï¿½[0m
[0;32mI (3208) WiFi: Disconnected. Reconnecting...[0m
[0;32mI (5618) WiFi: Disconnected. Reconnecting...[0m
[0;32mI (7738) UART SIMSOM: GPS location.[0m
[0;32mI (7838) UART SIMSOM: GPS Data: 
AT+QGPSLOC=0
+CME ERROR: 516
[0m
[0;32mI (7838) UART SIMSOM: lat is 0.000000 and long is 0.000000[0m
[0;32mI (7838) UART SIMSOM: GPS Data: 
AT+QGPSLOC=0
+CME ERROR: 516
[0m
[0;32mI (7938) UART SIMSOM: GPS Data: 
AT+QGPSLOC=0
+CME ERROR: 516
[0m
[0;32mI (8038) UART SIMSOM: GPS Data: 
AT+QGPSLOC=0
+CME ERROR: 516
[0m
[0;32mI (8038) WiFi: Disconnected. Reconnecting...[0m
[0;32mI (8138) UART SIMSOM: GPS Data: 
AT+QGPSLOC=0
+CME ERROR: 516
[0m
[0;32mI (8238) UART SIMSOM: GPS Data: 
AT+QGPSLOC=0
+CME ERROR: 516
[0m
[0;32mI (8338) UART SIMSOM: GPS Data: 
AT+QGPSLOC=0
+CME ERROR: 516
[0m
[0;32mI (8438) UART SIMSOM: GPS Data: 
AT+QGPSLOC=0
+CME ERROR: 516
[0m
[0;32mI (10458) WiFi: Disconnected. Reconnecting...[0m
[0;32mI (11818) mqtts_example: Other event id:7[0m
[0;31mE (11818) esp-tls: couldn't get hostname for :mqtt.thingsboard.cloud: getaddrinfo() returns 202, addrinfo=0x0[0m
[0;31mE (11818) transport_base: Failed to open a new connection: 32769[0m
[0;31mE (11828) mqtt_client: Error transport connect[0m
[0;32mI (11828) mqtts_example: Other event id:0[0m
[0;32mI (11838) mqtts_example: MQTT_EVENT_DISCONNECTED[0m
[0;32mI (12868) WiFi: Disconnected. Reconnecting...[0m
[0;32mI (13438) UART SIMSOM: GPS location.[0m
[0;32mI (13538) UART SIMSOM: GPS Data: 
AT+QGPSLOC=0
+CME ERROR: 516
[0m
[0;32mI (13538) UART SIMSOM: lat is 0.000000 and long is 0.000000[0m
[0;32mI (13538) UART SIMSOM: GPS Data: 
AT+QGPSLOC=0
+CME ERROR: 516
[0m
[0;32mI (13638) UART SIMSOM: GPS Data: 
AT+QGPSLOC=0
+CME ERROR: 516
[0m
[0;32mI (13738) UART SIMSOM: GPS Data: 
AT+QGPSLOC=0
+CME ERROR: 516
[0m
[0;32mI (13838) UART SIMSOM: GPS Data: 
AT+QGPSLOC=0
+CME ERROR: 516
[0m
[0;32mI (13938) UART SIMSOM: GPS Data: 
AT+QGPSLOC=0
+CME ERROR: 516
[0m
[0;32mI (14038) UART SIMSOM: GPS Data: 
AT+QGPSLOC=0
+CME ERROR: 516
[0m
[0;32mI (14138) UART SIMSOM: GPS Data: 
AT+QGPSLOC=0
+CME ERROR: 516
[0m
[0;32mI (15288) WiFi: Disconnected. Reconnecting...[0m
[0;32mI (17698) WiFi: Disconnected. Reconnecting...[0m
[0;32mI (19138) UART SIMSOM: GPS location.[0m
[0;32mI (19238) UART SIMSOM: GPS Data: 
AT+QGPSLOC=0
+CME ERROR: 516
[0m
[0;32mI (19238) UART SIMSOM: lat is 0.000000 and long is 0.000000[0m
[0;32mI (19238) UART SIMSOM: GPS Data: 
AT+QGPSLOC=0
+CME ERROR: 516
[0m
[0;32mI (19338) UART SIMSOM: GPS Data: 
AT+QGPSLOC=0
+CME ERROR: 516
[0m
[0;32mI (19438) UART SIMSOM: GPS Data: 
AT+QGPSLOC=0
+CME ERROR: 516
[0m
[0;32mI (19538) UART SIMSOM: GPS Data: 
AT+QGPSLOC=0
+CME ERROR: 516
[0m
[0;32mI (19638) UART SIMSOM: GPS Data: 
AT+QGPSLOC=0
+CME ERROR: 516
[0m
[0;32mI (19738) UART SIMSOM: GPS Data: 
AT+QGPSLOC=0
+CME ERROR: 516
[0m
[0;32mI (19838) UART SIMSOM: GPS Data: 
AT+QGPSLOC=0
+CME ERROR: 516
[0m
[0;32mI (20118) WiFi: Disconnected. Reconnecting...[0m
