ets Jul 29 2019 12:21:46

rst:0x1 (POWERON_RESET),boot:0x13 (SPI_FAST_FLASH_BOOT)
configsip: 0, SPIWP:0xee
clk_drv:0x00,q_drv:0x00,d_drv:0x00,cs0_drv:0x00,hd_drv:0x00,wp_drv:0x00
mode:DIO, clock div:2
load:0x3fff0030,len:7176
load:0x40078000,len:15564
ho 0 tail 12 room 4
load:0x40080400,len:4
load:0x40080404,len:3904
entry 0x40080640
[0;32mI (31) boot: ESP-IDF v5.3.1-dirty 2nd stage bootloader[0m
[0;32mI (31) boot: compile time Dec 14 2024 11:22:02[0m
[0;32mI (31) boot: Multicore bootloader[0m
[0;32mI (36) boot: chip revision: v3.1[0m
[0;32mI (40) boot.esp32: SPI Speed      : 40MHz[0m
[0;32mI (44) boot.esp32: SPI Mode       : DIO[0m
[0;32mI (49) boot.esp32: SPI Flash Size : 4MB[0m
[0;32mI (53) boot: Enabling RNG early entropy source...[0m
[0;32mI (59) boot: Partition Table:[0m
[0;32mI (62) boot: ## Label            Usage          Type ST Offset   Length[0m
[0;32mI (70) boot:  0 nvs              WiFi data        01 02 00009000 00006000[0m
[0;32mI (77) boot:  1 phy_init         RF data          01 01 0000f000 00001000[0m
[0;32mI (85) boot:  2 factory          factory app      00 00 00010000 00100000[0m
[0;32mI (92) boot: End of partition table[0m
[0;32mI (96) esp_image: segment 0: paddr=00010020 vaddr=3f400020 size=2733ch (160572) map[0m
[0;32mI (160) esp_image: segment 1: paddr=00037364 vaddr=3ffb0000 size=03f38h ( 16184) load[0m
[0;32mI (166) esp_image: segment 2: paddr=0003b2a4 vaddr=40080000 size=04d74h ( 19828) load[0m
[0;32mI (174) esp_image: segment 3: paddr=00040020 vaddr=400d0020 size=a34ach (668844) map[0m
[0;32mI (404) esp_image: segment 4: paddr=000e34d4 vaddr=40084d74 size=13674h ( 79476) load[0m
[0;32mI (447) boot: Loaded app from partition at offset 0x10000[0m
[0;32mI (447) boot: Disabling RNG early entropy source...[0m
[0;32mI (459) cpu_start: Multicore app[0m
[0;32mI (467) cpu_start: Pro cpu start user code[0m
[0;32mI (467) cpu_start: cpu freq: 160000000 Hz[0m
[0;32mI (468) app_init: Application information:[0m
[0;32mI (470) app_init: Project name:     TEST2[0m
[0;32mI (475) app_init: App version:      1[0m
[0;32mI (479) app_init: Compile time:     Dec 17 2024 17:16:46[0m
[0;32mI (485) app_init: ELF file SHA256:  45e789194...[0m
[0;32mI (491) app_init: ESP-IDF:          v5.3.1-dirty[0m
[0;32mI (496) efuse_init: Min chip rev:     v0.0[0m
[0;32mI (501) efuse_init: Max chip rev:     v3.99 [0m
[0;32mI (506) efuse_init: Chip rev:         v3.1[0m
[0;32mI (511) heap_init: Initializing. RAM available for dynamic allocation:[0m
[0;32mI (518) heap_init: At 3FFAE6E0 len 00001920 (6 KiB): DRAM[0m
[0;32mI (524) heap_init: At 3FFB8850 len 000277B0 (157 KiB): DRAM[0m
[0;32mI (530) heap_init: At 3FFE0440 len 00003AE0 (14 KiB): D/IRAM[0m
[0;32mI (536) heap_init: At 3FFE4350 len 0001BCB0 (111 KiB): D/IRAM[0m
[0;32mI (543) heap_init: At 400983E8 len 00007C18 (31 KiB): IRAM[0m
[0;32mI (551) spi_flash: detected chip: generic[0m
[0;32mI (554) spi_flash: flash io: dio[0m
[0;32mI (559) main_task: Started on CPU0[0m
[0;32mI (569) main_task: Calling app_main()[0m
I (599) wifi:wifi driver task: 3ffc0860, prio:23, stack:6656, core=0
I (609) wifi:wifi firmware version: ccaebfa
I (609) wifi:wifi certification version: v7.0
I (609) wifi:config NVS flash: enabled
I (609) wifi:config nano formating: disabled
I (609) wifi:Init data frame dynamic rx buffer num: 32
I (619) wifi:Init static rx mgmt buffer num: 5
I (619) wifi:Init management short buffer num: 32
I (629) wifi:Init dynamic tx buffer num: 32
I (629) wifi:Init static rx buffer size: 1600
I (639) wifi:Init static rx buffer num: 10
I (639) wifi:Init dynamic rx buffer num: 32
[0;32mI (639) wifi_init: rx ba win: 6[0m
[0;32mI (649) wifi_init: accept mbox: 6[0m
[0;32mI (649) wifi_init: tcpip mbox: 32[0m
[0;32mI (659) wifi_init: udp mbox: 6[0m
[0;32mI (659) wifi_init: tcp mbox: 6[0m
[0;32mI (659) wifi_init: tcp tx win: 5760[0m
[0;32mI (669) wifi_init: tcp rx win: 5760[0m
[0;32mI (669) wifi_init: tcp mss: 1440[0m
[0;32mI (669) wifi_init: WiFi IRAM OP enabled[0m
[0;32mI (679) wifi_init: WiFi RX IRAM OP enabled[0m
[0;32mI (689) phy_init: phy_version 4830,54550f7,Jun 20 2024,14:22:08[0m
I (769) wifi:mode : sta (cc:7b:5c:27:b1:54)
I (779) wifi:enable tsf
I (789) wifi:new:<6,0>, old:<1,0>, ap:<255,255>, sta:<6,0>, prof:1, snd_ch_cfg:0x0
I (789) wifi:state: init -> auth (0xb0)
I (829) wifi:state: auth -> assoc (0x0)
I (859) wifi:state: assoc -> run (0x10)
I (919) wifi:connected with 9999, aid = 1, channel 6, BW20, bssid = 00:c8:96:7e:b6:21
I (919) wifi:security: WPA2-PSK, phy: bgn, rssi: -45
I (929) wifi:pm start, type: 1

I (929) wifi:dp: 1, bi: 102400, li: 3, scale listen interval from 307200 us to 307200 us
I (949) wifi:<ba-add>idx:0 (ifx:0, 00:c8:96:7e:b6:21), tid:7, ssn:0, winSize:64
I (1009) wifi:AP's beacon interval = 102400 us, DTIM period = 1
[0;32mI (1779) UART SIMSOM: Enable GPS.[0m
[0;32mI (1779) mqtts_example: [APP] Free memory: 226184 bytes[0m
[0;32mI (1779) mqtts_example: Other event id:7[0m
[0;32mI (1879) mqtts_example: lat is 0.000000 and long is 0.000000[0m
[0;32mI (1879) mqtts_example: GPS Data: 
AT+QGPS=1ï¿½ï¿½ï¿½ï¿½wCÕ†Ã¼G6{ï¿½ï¿½9ï¿½ï¿½ï¿½Eï¿½=ï¿½ï¿½ï¿½X-oßˆÃ¦ï¿½ï¿½Vï¿½ï¿½ï¿½ï¿½4ï¿½ï¿½ï¿½ï¿½:ï¿½ ï¿½E!ï¿½ï¿½ï¿½ï¿½ï¿½[0m
[0;32mI (1939) esp_netif_handlers: sta ip: 192.168.1.179, mask: 255.255.255.0, gw: 192.168.1.1[0m
[0;32mI (1939) WiFi: Got IP: 192.168.1.179[0m
I (2789) wifi:<ba-add>idx:1 (ifx:0, 00:c8:96:7e:b6:21), tid:6, ssn:2, winSize:64
I (2959) wifi:<ba-del>idx:1, tid:6
I (2959) wifi:<ba-add>idx:1 (ifx:0, 00:c8:96:7e:b6:21), tid:0, ssn:0, winSize:64
[0;32mI (3589) mqtts_example: MQTT_EVENT_CONNECTED[0m
[0;32mI (3599) mqtts_example: sent subscribe successful, msg_id=48865[0m
[0;32mI (3979) mqtts_example: lat is 0.000000 and long is 0.000000[0m
[0;32mI (3979) mqtts_example: GPS Data: 

OK
ï¿½?ï¿½ï¿½?[0m
[0;32mI (3989) mqtts_example: MQTT_EVENT_SUBSCRIBED, msg_id=48865[0m
[0;32mI (3989) mqtts_example: sent publish successful, msg_id=34648[0m
[0;32mI (4289) mqtts_example: MQTT_EVENT_PUBLISHED, msg_id=34648[0m
[0;32mI (29179) mqtts_example: lat is 0.000000 and long is 0.000000[0m
[0;32mI (29179) mqtts_example: GPS Data: 

RDY
?lï¿½ï¿½?[0m
[0;32mI (69079) mqtts_example: lat is 0.000000 and long is 0.000000[0m
[0;32mI (69079) mqtts_example: GPS Data: 

RDY
?%ï¿½?[0m
ets Jul 29 2019 12:21:46

rst:0x1 (POWERON_RESET),boot:0x3 (DOWNLOAD_BOOT(UART0/UART1/SDIO_REI_REO_V2))
waiting for download
ets Jul 29 2019 12:21:46

rst:0x1 (POWERON_RESET),boot:0x13 (SPI_FAST_FLASH_BOOT)
configsip: 0, SPIWP:0xee
clk_drv:0x00,q_drv:0x00,d_drv:0x00,cs0_drv:0x00,hd_drv:0x00,wp_drv:0x00
mode:DIO, clock div:2
load:0x3fff0030,len:7176
load:0x40078000,len:15564
ho 0 tail 12 room 4
load:0x40080400,len:4
load:0x40080404,len:3904
entry 0x40080640
[0;32mI (31) boot: ESP-IDF v5.3.1-dirty 2nd stage bootloader[0m
[0;32mI (31) boot: compile time Dec 14 2024 11:22:02[0m
[0;32mI (31) boot: Multicore bootloader[0m
[0;32mI (36) boot: chip revision: v3.1[0m
[0;32mI (40) boot.esp32: SPI Speed      : 40MHz[0m
[0;32mI (44) boot.esp32: SPI Mode       : DIO[0m
[0;32mI (49) boot.esp32: SPI Flash Size : 4MB[0m
[0;32mI (53) boot: Enabling RNG early entropy source...[0m
[0;32mI (59) boot: Partition Table:[0m
[0;32mI (62) boot: ## Label            Usage          Type ST Offset   Length[0m
[0;32mI (70) boot:  0 nvs              WiFi data        01 02 00009000 00006000[0m
[0;32mI (77) boot:  1 phy_init         RF data          01 01 0000f000 00001000[0m
[0;32mI (85) boot:  2 factory          factory app      00 00 00010000 00100000[0m
[0;32mI (92) boot: End of partition table[0m
[0;32mI (96) esp_image: segment 0: paddr=00010020 vaddr=3f400020 size=2733ch (160572) map[0m
[0;32mI (160) esp_image: segment 1: paddr=00037364 vaddr=3ffb0000 size=03f38h ( 16184) load[0m
[0;32mI (166) esp_image: segment 2: paddr=0003b2a4 vaddr=40080000 size=04d74h ( 19828) load[0m
[0;32mI (174) esp_image: segment 3: paddr=00040020 vaddr=400d0020 size=a34ach (668844) map[0m
[0;32mI (404) esp_image: segment 4: paddr=000e34d4 vaddr=40084d74 size=13674h ( 79476) load[0m
[0;32mI (447) boot: Loaded app from partition at offset 0x10000[0m
[0;32mI (447) boot: Disabling RNG early entropy source...[0m
[0;32mI (459) cpu_start: Multicore app[0m
[0;32mI (467) cpu_start: Pro cpu start user code[0m
[0;32mI (467) cpu_start: cpu freq: 160000000 Hz[0m
[0;32mI (468) app_init: Application information:[0m
[0;32mI (470) app_init: Project name:     TEST2[0m
[0;32mI (475) app_init: App version:      1[0m
[0;32mI (479) app_init: Compile time:     Dec 17 2024 17:16:46[0m
[0;32mI (485) app_init: ELF file SHA256:  45e789194...[0m
[0;32mI (491) app_init: ESP-IDF:          v5.3.1-dirty[0m
[0;32mI (496) efuse_init: Min chip rev:     v0.0[0m
[0;32mI (501) efuse_init: Max chip rev:     v3.99 [0m
[0;32mI (506) efuse_init: Chip rev:         v3.1[0m
[0;32mI (511) heap_init: Initializing. RAM available for dynamic allocation:[0m
[0;32mI (518) heap_init: At 3FFAE6E0 len 00001920 (6 KiB): DRAM[0m
[0;32mI (524) heap_init: At 3FFB8850 len 000277B0 (157 KiB): DRAM[0m
[0;32mI (530) heap_init: At 3FFE0440 len 00003AE0 (14 KiB): D/IRAM[0m
[0;32mI (536) heap_init: At 3FFE4350 len 0001BCB0 (111 KiB): D/IRAM[0m
[0;32mI (543) heap_init: At 400983E8 len 00007C18 (31 KiB): IRAM[0m
[0;32mI (551) spi_flash: detected chip: generic[0m
[0;32mI (554) spi_flash: flash io: dio[0m
[0;32mI (559) main_task: Started on CPU0[0m
[0;32mI (569) main_task: Calling app_main()[0m
I (599) wifi:wifi driver task: 3ffc07dc, prio:23, stack:6656, core=0
I (609) wifi:wifi firmware version: ccaebfa
I (609) wifi:wifi certification version: v7.0
I (609) wifi:config NVS flash: enabled
I (609) wifi:config nano formating: disabled
I (609) wifi:Init data frame dynamic rx buffer num: 32
I (619) wifi:Init static rx mgmt buffer num: 5
I (619) wifi:Init management short buffer num: 32
I (629) wifi:Init dynamic tx buffer num: 32
I (629) wifi:Init static rx buffer size: 1600
I (639) wifi:Init static rx buffer num: 10
I (639) wifi:Init dynamic rx buffer num: 32
[0;32mI (639) wifi_init: rx ba win: 6[0m
[0;32mI (649) wifi_init: accept mbox: 6[0m
[0;32mI (649) wifi_init: tcpip mbox: 32[0m
[0;32mI (659) wifi_init: udp mbox: 6[0m
[0;32mI (659) wifi_init: tcp mbox: 6[0m
[0;32mI (659) wifi_init: tcp tx win: 5760[0m
[0;32mI (669) wifi_init: tcp rx win: 5760[0m
[0;32mI (669) wifi_init: tcp mss: 1440[0m
[0;32mI (669) wifi_init: WiFi IRAM OP enabled[0m
[0;32mI (679) wifi_init: WiFi RX IRAM OP enabled[0m
[0;32mI (689) phy_init: phy_version 4830,54550f7,Jun 20 2024,14:22:08[0m
[0;33mW (769) phy_init: saving new calibration data because of checksum failure, mode(0)[0m
I (799) wifi:mode : sta (cc:7b:5c:27:b1:54)
I (799) wifi:enable tsf
I (819) wifi:new:<6,0>, old:<1,0>, ap:<255,255>, sta:<6,0>, prof:1, snd_ch_cfg:0x0
I (819) wifi:state: init -> auth (0xb0)
I (869) wifi:state: auth -> assoc (0x0)
I (899) wifi:state: assoc -> run (0x10)
[0;32mI (1799) UART SIMSOM: Enable GPS.[0m
[0;32mI (1799) mqtts_example: [APP] Free memory: 226848 bytes[0m
[0;32mI (1799) mqtts_example: Other event id:7[0m
[0;31mE (1799) esp-tls: couldn't get hostname for :mqtt.thingsboard.cloud: getaddrinfo() returns 202, addrinfo=0x0[0m
[0;31mE (1809) transport_base: Failed to open a new connection: 32769[0m
[0;31mE (1819) mqtt_client: Error transport connect[0m
[0;32mI (1819) mqtts_example: Other event id:0[0m
[0;32mI (1829) mqtts_example: MQTT_EVENT_DISCONNECTED[0m
[0;32mI (4029) mqtts_example: lat is 0.000000 and long is 0.000000[0m
[0;32mI (4029) mqtts_example: GPS Data: 

RDY
?ï¿½ï¿½ï¿½Ã‡o?ï¿½ï¿½vmï¿½ï¿½ï¿½ï¿½Vï¿½"aï¿½:ï¿½*ï¿½pï¿½ï¿½/-ï¿½N.Aï¿½ï¿½ï¿½ï¿½ï¿½ï¿½ï¿½ï¿½gï¿½ï¿½Vï¿½ï¿½;hï¿½ï¿½o/ï¿½ï¿½nï¿½gï¿½ï¿½ï¿½3ï¿½ßï¿½	iï¿½Ymï¿½`1ï¿½ï¿½x2ï¿½^[ï¿½ï¿½zï¿½1ï¿½ï¿½ï¿½0ï¿½}Fqï¿½~yoï¿½IxVï¿½ï¿½ï¿½ï¿½ï¿½Roï¿½ï¿½hÊ•
&ï¿½ï¿½:Eï¿½cXshoï¿½ï¿½Uï¿½>
ï¿½bJBï¿½uï¿½Uï¿½dï¿½jï¿½@Pv?Hï¿½/Hï¿½ï¿½>ï¿½ï¿½ï¿½64PV7ï¿½ï¿½ï¿½ï¿½ï¿½ï¿½_ï¿½Bï¿½ï¿½KFï¿½cï¿½ï¿½ï¿½{#d7ï¿½].=ï¿½3ï¿½F{Neï¿½Sï¿½Jï¿½ï¿½=ï¿½ï¿½ï¿½ï¿½ï¿½ï¿½Oï¿½Ý³emq^ï¿½[ï¿½^ï¿½ï¿½|ÛŒÎ‡ï¿½ï¿½ï¿½Gï¿½ï¿½=ï¿½ï¿½eï¿½ï¿½ï¿½!3OrAï¿½pTï¿½]ï¿½Ø„ï¿½ï¿½ï¿½uï¿½ï¿½ï¿½8g_ï¿½ï¿½Wsï¿½ï¿½ï¿½ï¿½^ï¿½ï¿½KCrï¿½!gGï¿½n/7Mï¿½Cï¿½fï¿½ï¿½iï¿½D~l$sï¿½nï¿½ï¿½ï¿½~ry$ï¿½kï¿½+qMUï¿½&ï¿½ï¿½[0m
I (10899) wifi:state: run -> init (0xcc00)
I (10909) wifi:new:<6,0>, old:<6,0>, ap:<255,255>, sta:<6,0>, prof:1, snd_ch_cfg:0x0
[0;32mI (10909) WiFi: Disconnected. Reconnecting...[0m
[0;32mI (13329) WiFi: Disconnected. Reconnecting...[0m
I (13349) wifi:new:<6,0>, old:<6,0>, ap:<255,255>, sta:<6,0>, prof:1, snd_ch_cfg:0x0
I (13349) wifi:state: init -> auth (0xb0)
I (13359) wifi:state: auth -> assoc (0x0)
I (13389) wifi:state: assoc -> run (0x10)
[0;32mI (16829) mqtts_example: Other event id:7[0m
[0;31mE (16829) esp-tls: couldn't get hostname for :mqtt.thingsboard.cloud: getaddrinfo() returns 202, addrinfo=0x0[0m
[0;31mE (16829) transport_base: Failed to open a new connection: 32769[0m
[0;31mE (16839) mqtt_client: Error transport connect[0m
[0;32mI (16839) mqtts_example: Other event id:0[0m
[0;32mI (16849) mqtts_example: MQTT_EVENT_DISCONNECTED[0m
I (23389) wifi:state: run -> init (0xcc00)
I (23409) wifi:new:<6,0>, old:<6,0>, ap:<255,255>, sta:<6,0>, prof:1, snd_ch_cfg:0x0
[0;32mI (23409) WiFi: Disconnected. Reconnecting...[0m
[0;32mI (25829) WiFi: Disconnected. Reconnecting...[0m
I (25839) wifi:new:<6,0>, old:<6,0>, ap:<255,255>, sta:<6,0>, prof:1, snd_ch_cfg:0x0
I (25839) wifi:state: init -> auth (0xb0)
I (25859) wifi:state: auth -> assoc (0x0)
I (25889) wifi:state: assoc -> run (0x10)
[0;32mI (31849) mqtts_example: Other event id:7[0m
[0;31mE (31849) esp-tls: couldn't get hostname for :mqtt.thingsboard.cloud: getaddrinfo() returns 202, addrinfo=0x0[0m
[0;31mE (31849) transport_base: Failed to open a new connection: 32769[0m
[0;31mE (31859) mqtt_client: Error transport connect[0m
[0;32mI (31859) mqtts_example: Other event id:0[0m
[0;32mI (31869) mqtts_example: MQTT_EVENT_DISCONNECTED[0m
I (35889) wifi:state: run -> init (0xcc00)
I (35899) wifi:new:<6,0>, old:<6,0>, ap:<255,255>, sta:<6,0>, prof:1, snd_ch_cfg:0x0
[0;32mI (35899) WiFi: Disconnected. Reconnecting...[0m
ets Jul 29 2019 12:21:46

rst:0x1 (POWERON_RESET),boot:0x13 (SPI_FAST_FLASH_BOOT)
configsip: 0, SPIWP:0xee
clk_drv:0x00,q_drv:0x00,d_drv:0x00,cs0_drv:0x00,hd_drv:0x00,wp_drv:0x00
mode:DIO, clock div:2
load:0x3fff0030,len:7176
load:0x40078000,len:15564
ho 0 tail 12 room 4
load:0x40080400,len:4
load:0x40080404,len:3904
entry 0x40080640
[0;32mI (31) boot: ESP-IDF v5.3.1-dirty 2nd stage bootloader[0m
[0;32mI (31) boot: compile time Dec 14 2024 11:22:02[0m
[0;32mI (31) boot: Multicore bootloader[0m
[0;32mI (36) boot: chip revision: v3.1[0m
[0;32mI (40) boot.esp32: SPI Speed      : 40MHz[0m
[0;32mI (44) boot.esp32: SPI Mode       : DIO[0m
[0;32mI (49) boot.esp32: SPI Flash Size : 4MB[0m
[0;32mI (53) boot: Enabling RNG early entropy source...[0m
[0;32mI (59) boot: Partition Table:[0m
[0;32mI (62) boot: ## Label            Usage          Type ST Offset   Length[0m
[0;32mI (70) boot:  0 nvs              WiFi data        01 02 00009000 00006000[0m
[0;32mI (77) boot:  1 phy_init         RF data          01 01 0000f000 00001000[0m
[0;32mI (85) boot:  2 factory          factory app      00 00 00010000 00100000[0m
[0;32mI (92) boot: End of partition table[0m
[0;32mI (96) esp_image: segment 0: paddr=00010020 vaddr=3f400020 size=2733ch (160572) map[0m
[0;32mI (160) esp_image: segment 1: paddr=00037364 vaddr=3ffb0000 size=03f38h ( 16184) load[0m
[0;32mI (166) esp_image: segment 2: paddr=0003b2a4 vaddr=40080000 size=04d74h ( 19828) load[0m
[0;32mI (174) esp_image: segment 3: paddr=00040020 vaddr=400d0020 size=a34ach (668844) map[0m
[0;32mI (404) esp_image: segment 4: paddr=000e34d4 vaddr=40084d74 size=13674h ( 79476) load[0m
[0;32mI (447) boot: Loaded app from partition at offset 0x10000[0m
[0;32mI (447) boot: Disabling RNG early entropy source...[0m
[0;32mI (459) cpu_start: Multicore app[0m
[0;32mI (467) cpu_start: Pro cpu start user code[0m
[0;32mI (468) cpu_start: cpu freq: 160000000 Hz[0m
[0;32mI (468) app_init: Application information:[0m
[0;32mI (470) app_init: Project name:     TEST2[0m
[0;32mI (475) app_init: App version:      1[0m
[0;32mI (479) app_init: Compile time:     Dec 17 2024 17:16:46[0m
[0;32mI (485) app_init: ELF file SHA256:  45e789194...[0m
[0;32mI (491) app_init: ESP-IDF:          v5.3.1-dirty[0m
[0;32mI (496) efuse_init: Min chip rev:     v0.0[0m
[0;32mI (501) efuse_init: Max chip rev:     v3.99 [0m
[0;32mI (506) efuse_init: Chip rev:         v3.1[0m
[0;32mI (511) heap_init: Initializing. RAM available for dynamic allocation:[0m
[0;32mI (518) heap_init: At 3FFAE6E0 len 00001920 (6 KiB): DRAM[0m
[0;32mI (524) heap_init: At 3FFB8850 len 000277B0 (157 KiB): DRAM[0m
[0;32mI (530) heap_init: At 3FFE0440 len 00003AE0 (14 KiB): D/IRAM[0m
[0;32mI (536) heap_init: At 3FFE4350 len 0001BCB0 (111 KiB): D/IRAM[0m
[0;32mI (543) heap_init: At 400983E8 len 00007C18 (31 KiB): IRAM[0m
[0;32mI (551) spi_flash: detected chip: generic[0m
[0;32mI (554) spi_flash: flash io: dio[0m
[0;32mI (559) main_task: Started on CPU0[0m
[0;32mI (569) main_task: Calling app_main()[0m
I (599) wifi:wifi driver task: 3ffc07dc, prio:23, stack:6656, core=0
I (609) wifi:wifi firmware version: ccaebfa
I (609) wifi:wifi certification version: v7.0
I (609) wifi:config NVS flash: enabled
I (609) wifi:config nano formating: disabled
I (609) wifi:Init data frame dynamic rx buffer num: 32
I (619) wifi:Init static rx mgmt buffer num: 5
I (619) wifi:Init management short buffer num: 32
I (629) wifi:Init dynamic tx buffer num: 32
I (629) wifi:Init static rx buffer size: 1600
I (639) wifi:Init static rx buffer num: 10
I (639) wifi:Init dynamic rx buffer num: 32
[0;32mI (639) wifi_init: rx ba win: 6[0m
[0;32mI (649) wifi_init: accept mbox: 6[0m
[0;32mI (649) wifi_init: tcpip mbox: 32[0m
[0;32mI (659) wifi_init: udp mbox: 6[0m
[0;32mI (659) wifi_init: tcp mbox: 6[0m
[0;32mI (659) wifi_init: tcp tx win: 5760[0m
[0;32mI (669) wifi_init: tcp rx win: 5760[0m
[0;32mI (669) wifi_init: tcp mss: 1440[0m
[0;32mI (669) wifi_init: WiFi IRAM OP enabled[0m
[0;32mI (679) wifi_init: WiFi RX IRAM OP enabled[0m
[0;32mI (689) phy_init: phy_version 4830,54550f7,Jun 20 2024,14:22:08[0m
[0;33mW (769) phy_init: saving new calibration data because of checksum failure, mode(0)[0m
I (799) wifi:mode : sta (cc:7b:5c:27:b1:54)
I (799) wifi:enable tsf
I (819) wifi:new:<6,0>, old:<1,0>, ap:<255,255>, sta:<6,0>, prof:1, snd_ch_cfg:0x0
I (819) wifi:state: init -> auth (0xb0)
I (859) wifi:state: auth -> assoc (0x0)
I (889) wifi:state: assoc -> run (0x10)
[0;32mI (1799) UART SIMSOM: Enable GPS.[0m
[0;32mI (1799) mqtts_example: [APP] Free memory: 226848 bytes[0m
[0;32mI (1799) mqtts_example: Other event id:7[0m
[0;31mE (1799) esp-tls: couldn't get hostname for :mqtt.thingsboard.cloud: getaddrinfo() returns 202, addrinfo=0x0[0m
[0;31mE (1809) transport_base: Failed to open a new connection: 32769[0m
[0;31mE (1819) mqtt_client: Error transport connect[0m
[0;32mI (1819) mqtts_example: Other event id:0[0m
[0;32mI (1829) mqtts_example: MQTT_EVENT_DISCONNECTED[0m
