ets Jul 29 2019 12:21:46

rst:0x1 (POWERON_RESET),boot:0x13 (SPI_FAST_FLASH_BOOT)
configsip: 0, SPIWP:0xee
clk_drv:0x00,q_drv:0x00,d_drv:0x00,cs0_drv:0x00,hd_drv:0x00,wp_drv:0x00
mode:DIO, clock div:2
load:0x3fff0030,len:7176
load:0x40078000,len:15564
ho 0 tail 12 room 4
load:0x40080400,len:4
load:0x40080404,len:3904
entry 0x40080640
[0;32mI (31) boot: ESP-IDF v5.3.1-dirty 2nd stage bootloader[0m
[0;32mI (31) boot: compile time Dec 14 2024 11:22:02[0m
[0;32mI (31) boot: Multicore bootloader[0m
[0;32mI (36) boot: chip revision: v3.1[0m
[0;32mI (40) boot.esp32: SPI Speed      : 40MHz[0m
[0;32mI (44) boot.esp32: SPI Mode       : DIO[0m
[0;32mI (49) boot.esp32: SPI Flash Size : 4MB[0m
[0;32mI (53) boot: Enabling RNG early entropy source...[0m
[0;32mI (59) boot: Partition Table:[0m
[0;32mI (62) boot: ## Label            Usage          Type ST Offset   Length[0m
[0;32mI (70) boot:  0 nvs              WiFi data        01 02 00009000 00006000[0m
[0;32mI (77) boot:  1 phy_init         RF data          01 01 0000f000 00001000[0m
[0;32mI (85) boot:  2 factory          factory app      00 00 00010000 00100000[0m
[0;32mI (92) boot: End of partition table[0m
[0;32mI (96) esp_image: segment 0: paddr=00010020 vaddr=3f400020 size=272ech (160492) map[0m
[0;32mI (160) esp_image: segment 1: paddr=00037314 vaddr=3ffb0000 size=03f38h ( 16184) load[0m
[0;32mI (166) esp_image: segment 2: paddr=0003b254 vaddr=40080000 size=04dc4h ( 19908) load[0m
[0;32mI (174) esp_image: segment 3: paddr=00040020 vaddr=400d0020 size=a34bch (668860) map[0m
[0;32mI (404) esp_image: segment 4: paddr=000e34e4 vaddr=40084dc4 size=13624h ( 79396) load[0m
[0;32mI (447) boot: Loaded app from partition at offset 0x10000[0m
[0;32mI (447) boot: Disabling RNG early entropy source...[0m
[0;32mI (459) cpu_start: Multicore app[0m
[0;32mI (467) cpu_start: Pro cpu start user code[0m
[0;32mI (467) cpu_start: cpu freq: 160000000 Hz[0m
[0;32mI (468) app_init: Application information:[0m
[0;32mI (470) app_init: Project name:     TEST2[0m
[0;32mI (475) app_init: App version:      1[0m
[0;32mI (479) app_init: Compile time:     Dec 17 2024 17:16:46[0m
[0;32mI (485) app_init: ELF file SHA256:  855b82022...[0m
[0;32mI (491) app_init: ESP-IDF:          v5.3.1-dirty[0m
[0;32mI (496) efuse_init: Min chip rev:     v0.0[0m
[0;32mI (501) efuse_init: Max chip rev:     v3.99 [0m
[0;32mI (506) efuse_init: Chip rev:         v3.1[0m
[0;32mI (511) heap_init: Initializing. RAM available for dynamic allocation:[0m
[0;32mI (518) heap_init: At 3FFAE6E0 len 00001920 (6 KiB): DRAM[0m
[0;32mI (524) heap_init: At 3FFB8750 len 000278B0 (158 KiB): DRAM[0m
[0;32mI (530) heap_init: At 3FFE0440 len 00003AE0 (14 KiB): D/IRAM[0m
[0;32mI (536) heap_init: At 3FFE4350 len 0001BCB0 (111 KiB): D/IRAM[0m
[0;32mI (543) heap_init: At 400983E8 len 00007C18 (31 KiB): IRAM[0m
[0;32mI (551) spi_flash: detected chip: generic[0m
[0;32mI (554) spi_flash: flash io: dio[0m
[0;32mI (559) main_task: Started on CPU0[0m
[0;32mI (569) main_task: Calling app_main()[0m
I (609) wifi:wifi driver task: 3ffc0760, prio:23, stack:6656, core=0
I (619) wifi:wifi firmware version: ccaebfa
I (619) wifi:wifi certification version: v7.0
I (619) wifi:config NVS flash: enabled
I (619) wifi:config nano formating: disabled
I (629) wifi:Init data frame dynamic rx buffer num: 32
I (629) wifi:Init static rx mgmt buffer num: 5
I (639) wifi:Init management short buffer num: 32
I (639) wifi:Init dynamic tx buffer num: 32
I (639) wifi:Init static rx buffer size: 1600
I (649) wifi:Init static rx buffer num: 10
I (649) wifi:Init dynamic rx buffer num: 32
[0;32mI (659) wifi_init: rx ba win: 6[0m
[0;32mI (659) wifi_init: accept mbox: 6[0m
[0;32mI (659) wifi_init: tcpip mbox: 32[0m
[0;32mI (669) wifi_init: udp mbox: 6[0m
[0;32mI (669) wifi_init: tcp mbox: 6[0m
[0;32mI (669) wifi_init: tcp tx win: 5760[0m
[0;32mI (679) wifi_init: tcp rx win: 5760[0m
[0;32mI (679) wifi_init: tcp mss: 1440[0m
[0;32mI (689) wifi_init: WiFi IRAM OP enabled[0m
[0;32mI (689) wifi_init: WiFi RX IRAM OP enabled[0m
[0;32mI (699) phy_init: phy_version 4830,54550f7,Jun 20 2024,14:22:08[0m
I (779) wifi:mode : sta (f0:24:f9:59:9a:40)
I (779) wifi:enable tsf
I (799) wifi:new:<6,0>, old:<1,0>, ap:<255,255>, sta:<6,0>, prof:1, snd_ch_cfg:0x0
I (799) wifi:state: init -> auth (0xb0)
I (839) wifi:state: auth -> assoc (0x0)
I (869) wifi:state: assoc -> run (0x10)
I (909) wifi:connected with 9999, aid = 2, channel 6, BW20, bssid = 00:c8:96:7e:b6:21
I (909) wifi:security: WPA2-PSK, phy: bgn, rssi: -69
I (909) wifi:pm start, type: 1

I (909) wifi:dp: 1, bi: 102400, li: 3, scale listen interval from 307200 us to 307200 us
I (929) wifi:AP's beacon interval = 102400 us, DTIM period = 1
I (949) wifi:<ba-add>idx:0 (ifx:0, 00:c8:96:7e:b6:21), tid:7, ssn:0, winSize:64
[0;32mI (1779) mqtts_example: [APP] Free memory: 229856 bytes[0m
[0;32mI (1779) mqtts_example: Other event id:7[0m
[0;32mI (1779) UART SIMSOM: Enable GPS.[0m
[0;32mI (1779) main_task: Returned from app_main()[0m
[0;32mI (1919) esp_netif_handlers: sta ip: 192.168.1.180, mask: 255.255.255.0, gw: 192.168.1.1[0m
[0;32mI (1919) WiFi: Got IP: 192.168.1.180[0m
I (2789) wifi:<ba-add>idx:1 (ifx:0, 00:c8:96:7e:b6:21), tid:6, ssn:2, winSize:64
I (2789) wifi:<ba-del>idx:1, tid:6
I (2789) wifi:<ba-add>idx:1 (ifx:0, 00:c8:96:7e:b6:21), tid:0, ssn:0, winSize:64
[0;32mI (3399) mqtts_example: MQTT_EVENT_CONNECTED[0m
[0;32mI (3399) mqtts_example: sent subscribe successful, msg_id=53973[0m
[0;32mI (3699) mqtts_example: Other event id:3[0m
[0;32mI (4279) mqtts_example: Bytes received: 130[0m
[0;32mI (4279) UART SIMSOM: lat is SL and long is GPS[0m
[0;32mI (4279) mqtts_example: lat is 0.000000 and long is 0.000000[0m
[0;32mI (4279) mqtts_example: GPS data_gps: 
AT+QGPS=1
+CME ERROR: 504
AT+QGPSLOC=0
+QGPSLOC: 105635.00,1052.6268N,10648.5527E,1.27,125.9,3,,0.122,0.067,010125,27

OK
[0m
[0;32mI (4299) mqtts_example: GPS json: 
{"latitude": "0.000000", "longtitude": "0.000000"} 
 
 
[0m
[0;32mI (4599) mqtts_example: Other event id:5[0m
[0;32mI (12809) mqtts_example: No data_gps received from UART[0m
[0;32mI (12809) mqtts_example: Bytes received: 0[0m
[0;32mI (21309) mqtts_example: No data_gps received from UART[0m
[0;32mI (21309) mqtts_example: Bytes received: 0[0m
[0;32mI (29809) mqtts_example: No data_gps received from UART[0m
[0;32mI (29809) mqtts_example: Bytes received: 0[0m
[0;32mI (38309) mqtts_example: No data_gps received from UART[0m
[0;32mI (38309) mqtts_example: Bytes received: 0[0m
[0;32mI (46809) mqtts_example: No data_gps received from UART[0m
[0;32mI (46809) mqtts_example: Bytes received: 0[0m
[0;32mI (55309) mqtts_example: No data_gps received from UART[0m
[0;32mI (55309) mqtts_example: Bytes received: 0[0m
