ets Jul 29 2019 12:21:46

rst:0x1 (POWERON_RESET),boot:0x13 (SPI_FAST_FLASH_BOOT)
configsip: 0, SPIWP:0xee
clk_drv:0x00,q_drv:0x00,d_drv:0x00,cs0_drv:0x00,hd_drv:0x00,wp_drv:0x00
mode:DIO, clock div:2
load:0x3fff0030,len:7176
load:0x40078000,len:15564
ho 0 tail 12 room 4
load:0x40080400,len:4
load:0x40080404,len:3904
entry 0x40080640
[0;32mI (31) boot: ESP-IDF v5.3.1-dirty 2nd stage bootloader[0m
[0;32mI (31) boot: compile time Dec 14 2024 11:22:02[0m
[0;32mI (31) boot: Multicore bootloader[0m
[0;32mI (36) boot: chip revision: v3.1[0m
[0;32mI (40) boot.esp32: SPI Speed      : 40MHz[0m
[0;32mI (44) boot.esp32: SPI Mode       : DIO[0m
[0;32mI (49) boot.esp32: SPI Flash Size : 4MB[0m
[0;32mI (53) boot: Enabling RNG early entropy source...[0m
[0;32mI (59) boot: Partition Table:[0m
[0;32mI (62) boot: ## Label            Usage          Type ST Offset   Length[0m
[0;32mI (70) boot:  0 nvs              WiFi data        01 02 00009000 00006000[0m
[0;32mI (77) boot:  1 phy_init         RF data          01 01 0000f000 00001000[0m
[0;32mI (85) boot:  2 factory          factory app      00 00 00010000 00100000[0m
[0;32mI (92) boot: End of partition table[0m
[0;32mI (96) esp_image: segment 0: paddr=00010020 vaddr=3f400020 size=270dch (159964) map[0m
[0;32mI (160) esp_image: segment 1: paddr=00037104 vaddr=3ffb0000 size=03f38h ( 16184) load[0m
[0;32mI (166) esp_image: segment 2: paddr=0003b044 vaddr=40080000 size=04fd4h ( 20436) load[0m
[0;32mI (174) esp_image: segment 3: paddr=00040020 vaddr=400d0020 size=a2bbch (666556) map[0m
[0;32mI (403) esp_image: segment 4: paddr=000e2be4 vaddr=40084fd4 size=13414h ( 78868) load[0m
[0;32mI (446) boot: Loaded app from partition at offset 0x10000[0m
[0;32mI (446) boot: Disabling RNG early entropy source...[0m
[0;32mI (458) cpu_start: Multicore app[0m
[0;32mI (466) cpu_start: Pro cpu start user code[0m
[0;32mI (466) cpu_start: cpu freq: 160000000 Hz[0m
[0;32mI (467) app_init: Application information:[0m
[0;32mI (469) app_init: Project name:     TEST2[0m
[0;32mI (474) app_init: App version:      1[0m
[0;32mI (478) app_init: Compile time:     Dec 17 2024 17:16:46[0m
[0;32mI (484) app_init: ELF file SHA256:  eb35bed52...[0m
[0;32mI (490) app_init: ESP-IDF:          v5.3.1-dirty[0m
[0;32mI (495) efuse_init: Min chip rev:     v0.0[0m
[0;32mI (500) efuse_init: Max chip rev:     v3.99 [0m
[0;32mI (505) efuse_init: Chip rev:         v3.1[0m
[0;32mI (510) heap_init: Initializing. RAM available for dynamic allocation:[0m
[0;32mI (517) heap_init: At 3FFAE6E0 len 00001920 (6 KiB): DRAM[0m
[0;32mI (523) heap_init: At 3FFB8750 len 000278B0 (158 KiB): DRAM[0m
[0;32mI (529) heap_init: At 3FFE0440 len 00003AE0 (14 KiB): D/IRAM[0m
[0;32mI (535) heap_init: At 3FFE4350 len 0001BCB0 (111 KiB): D/IRAM[0m
[0;32mI (542) heap_init: At 400983E8 len 00007C18 (31 KiB): IRAM[0m
[0;32mI (550) spi_flash: detected chip: generic[0m
[0;32mI (553) spi_flash: flash io: dio[0m
[0;32mI (558) main_task: Started on CPU0[0m
[0;32mI (568) main_task: Calling app_main()[0m
I (608) wifi:wifi driver task: 3ffc0760, prio:23, stack:6656, core=0
I (618) wifi:wifi firmware version: ccaebfa
I (618) wifi:wifi certification version: v7.0
I (618) wifi:config NVS flash: enabled
I (618) wifi:config nano formating: disabled
I (628) wifi:Init data frame dynamic rx buffer num: 32
I (628) wifi:Init static rx mgmt buffer num: 5
I (638) wifi:Init management short buffer num: 32
I (638) wifi:Init dynamic tx buffer num: 32
I (638) wifi:Init static rx buffer size: 1600
I (648) wifi:Init static rx buffer num: 10
I (648) wifi:Init dynamic rx buffer num: 32
[0;32mI (658) wifi_init: rx ba win: 6[0m
[0;32mI (658) wifi_init: accept mbox: 6[0m
[0;32mI (658) wifi_init: tcpip mbox: 32[0m
[0;32mI (668) wifi_init: udp mbox: 6[0m
[0;32mI (668) wifi_init: tcp mbox: 6[0m
[0;32mI (678) wifi_init: tcp tx win: 5760[0m
[0;32mI (678) wifi_init: tcp rx win: 5760[0m
[0;32mI (678) wifi_init: tcp mss: 1440[0m
[0;32mI (688) wifi_init: WiFi IRAM OP enabled[0m
[0;32mI (688) wifi_init: WiFi RX IRAM OP enabled[0m
[0;32mI (698) phy_init: phy_version 4830,54550f7,Jun 20 2024,14:22:08[0m
I (768) wifi:mode : sta (f0:24:f9:59:9a:40)
I (778) wifi:enable tsf
I (788) wifi:new:<6,0>, old:<1,0>, ap:<255,255>, sta:<6,0>, prof:1, snd_ch_cfg:0x0
I (798) wifi:state: init -> auth (0xb0)
I (838) wifi:state: auth -> assoc (0x0)
I (858) wifi:state: assoc -> run (0x10)
I (898) wifi:connected with 9999, aid = 2, channel 6, BW20, bssid = 00:c8:96:7e:b6:21
I (898) wifi:security: WPA2-PSK, phy: bgn, rssi: -62
I (908) wifi:pm start, type: 1

I (908) wifi:dp: 1, bi: 102400, li: 3, scale listen interval from 307200 us to 307200 us
I (918) wifi:<ba-add>idx:0 (ifx:0, 00:c8:96:7e:b6:21), tid:7, ssn:0, winSize:64
I (978) wifi:AP's beacon interval = 102400 us, DTIM period = 1
[0;32mI (1778) mqtts_example: [APP] Free memory: 229856 bytes[0m
[0;32mI (1778) mqtts_example: Other event id:7[0m
[0;32mI (1778) UART SIMSOM: Enable GPS.[0m
[0;32mI (1778) UART SIMSOM: GPS location.[0m
[0;32mI (1918) esp_netif_handlers: sta ip: 192.168.1.180, mask: 255.255.255.0, gw: 192.168.1.1[0m
[0;32mI (1918) WiFi: Got IP: 192.168.1.180[0m
I (2778) wifi:<ba-add>idx:1 (ifx:0, 00:c8:96:7e:b6:21), tid:6, ssn:2, winSize:64
I (2838) wifi:<ba-del>idx:1, tid:6
I (2838) wifi:<ba-add>idx:1 (ifx:0, 00:c8:96:7e:b6:21), tid:0, ssn:0, winSize:64
[0;32mI (3598) mqtts_example: MQTT_EVENT_CONNECTED[0m
[0;32mI (3598) mqtts_example: sent subscribe successful, msg_id=19892[0m
[0;32mI (3958) mqtts_example: Other event id:3[0m
[0;32mI (7778) UART SIMSOM: GPS Data1: 

+CME ERROR: 504

+QGPSLOC: 093802.00,1052.6022N,10648.5287E,1.08,15.1,3,,0.062,0.034,010125,25

OK
[0m
[0;32mI (7778) UART SIMSOM: Bytes received 1: 106[0m
[0;32mI (7778) UART SIMSOM: lat is 1. and long is ,,0[0m
[0;32mI (7788) UART SIMSOM: lat is 1.133333 and long is 0.001033[0m
[0;32mI (7788) UART SIMSOM: GPS Data1: 

+CME ERROR: 504

+QGPSLOC: 093802.00,1052.6022N,10648.5287E,1.08,15.1,3,,0.062,0.034,010125,25

OK
[0m

***ERROR*** A stack overflow in task main has been detected.


Backtrace: 0x40081b52:0x3ffba010 0x4008a349:0x3ffba030 0x4008b2fe:0x3ffba050 0x4008c637:0x3ffba0d0 0x4008b408:0x3ffba0f0 0x4008b3ba:0x3f41f8e5 |<-CORRUPTED




ELF file SHA256: eb35bed52

Rebooting...
ets Jul 29 2019 12:21:46

rst:0xc (SW_CPU_RESET),boot:0x13 (SPI_FAST_FLASH_BOOT)
configsip: 0, SPIWP:0xee
clk_drv:0x00,q_drv:0x00,d_drv:0x00,cs0_drv:0x00,hd_drv:0x00,wp_drv:0x00
mode:DIO, clock div:2
load:0x3fff0030,len:7176
load:0x40078000,len:15564
ho 0 tail 12 room 4
load:0x40080400,len:4
load:0x40080404,len:3904
entry 0x40080640
[0;32mI (31) boot: ESP-IDF v5.3.1-dirty 2nd stage bootloader[0m
[0;32mI (31) boot: compile time Dec 14 2024 11:22:02[0m
[0;32mI (31) boot: Multicore bootloader[0m
[0;32mI (36) boot: chip revision: v3.1[0m
[0;32mI (40) boot.esp32: SPI Speed      : 40MHz[0m
[0;32mI (44) boot.esp32: SPI Mode       : DIO[0m
[0;32mI (49) boot.esp32: SPI Flash Size : 4MB[0m
[0;32mI (53) boot: Enabling RNG early entropy source...[0m
[0;32mI (59) boot: Partition Table:[0m
[0;32mI (62) boot: ## Label            Usage          Type ST Offset   Length[0m
[0;32mI (70) boot:  0 nvs              WiFi data        01 02 00009000 00006000[0m
[0;32mI (77) boot:  1 phy_init         RF data          01 01 0000f000 00001000[0m
[0;32mI (85) boot:  2 factory          factory app      00 00 00010000 00100000[0m
[0;32mI (92) boot: End of partition table[0m
[0;32mI (96) esp_image: segment 0: paddr=00010020 vaddr=3f400020 size=270dch (159964) map[0m
[0;32mI (160) esp_image: segment 1: paddr=00037104 vaddr=3ffb0000 size=03f38h ( 16184) load[0m
[0;32mI (166) esp_image: segment 2: paddr=0003b044 vaddr=40080000 size=04fd4h ( 20436) load[0m
[0;32mI (174) esp_image: segment 3: paddr=00040020 vaddr=400d0020 size=a2bbch (666556) map[0m
[0;32mI (403) esp_image: segment 4: paddr=000e2be4 vaddr=40084fd4 size=13414h ( 78868) load[0m
[0;32mI (446) boot: Loaded app from partition at offset 0x10000[0m
[0;32mI (446) boot: Disabling RNG early entropy source...[0m
[0;32mI (458) cpu_start: Multicore app[0m
[0;32mI (466) cpu_start: Pro cpu start user code[0m
[0;32mI (466) cpu_start: cpu freq: 160000000 Hz[0m
[0;32mI (466) app_init: Application information:[0m
[0;32mI (469) app_init: Project name:     TEST2[0m
[0;32mI (474) app_init: App version:      1[0m
[0;32mI (478) app_init: Compile time:     Dec 17 2024 17:16:46[0m
[0;32mI (484) app_init: ELF file SHA256:  eb35bed52...[0m
[0;32mI (490) app_init: ESP-IDF:          v5.3.1-dirty[0m
[0;32mI (495) efuse_init: Min chip rev:     v0.0[0m
[0;32mI (500) efuse_init: Max chip rev:     v3.99 [0m
[0;32mI (505) efuse_init: Chip rev:         v3.1[0m
[0;32mI (510) heap_init: Initializing. RAM available for dynamic allocation:[0m
[0;32mI (517) heap_init: At 3FFAE6E0 len 00001920 (6 KiB): DRAM[0m
[0;32mI (523) heap_init: At 3FFB8750 len 000278B0 (158 KiB): DRAM[0m
[0;32mI (529) heap_init: At 3FFE0440 len 00003AE0 (14 KiB): D/IRAM[0m
[0;32mI (535) heap_init: At 3FFE4350 len 0001BCB0 (111 KiB): D/IRAM[0m
[0;32mI (542) heap_init: At 400983E8 len 00007C18 (31 KiB): IRAM[0m
[0;32mI (550) spi_flash: detected chip: generic[0m
[0;32mI (553) spi_flash: flash io: dio[0m
[0;32mI (558) main_task: Started on CPU0[0m
[0;32mI (568) main_task: Calling app_main()[0m
I (608) wifi:wifi driver task: 3ffc0760, prio:23, stack:6656, core=0
I (618) wifi:wifi firmware version: ccaebfa
I (618) wifi:wifi certification version: v7.0
I (618) wifi:config NVS flash: enabled
I (618) wifi:config nano formating: disabled
I (628) wifi:Init data frame dynamic rx buffer num: 32
I (628) wifi:Init static rx mgmt buffer num: 5
I (638) wifi:Init management short buffer num: 32
I (638) wifi:Init dynamic tx buffer num: 32
I (638) wifi:Init static rx buffer size: 1600
I (648) wifi:Init static rx buffer num: 10
I (648) wifi:Init dynamic rx buffer num: 32
[0;32mI (658) wifi_init: rx ba win: 6[0m
[0;32mI (658) wifi_init: accept mbox: 6[0m
[0;32mI (658) wifi_init: tcpip mbox: 32[0m
[0;32mI (668) wifi_init: udp mbox: 6[0m
[0;32mI (668) wifi_init: tcp mbox: 6[0m
[0;32mI (678) wifi_init: tcp tx win: 5760[0m
[0;32mI (678) wifi_init: tcp rx win: 5760[0m
[0;32mI (678) wifi_init: tcp mss: 1440[0m
[0;32mI (688) wifi_init: WiFi IRAM OP enabled[0m
[0;32mI (688) wifi_init: WiFi RX IRAM OP enabled[0m
[0;32mI (698) phy_init: phy_version 4830,54550f7,Jun 20 2024,14:22:08[0m
I (778) wifi:mode : sta (f0:24:f9:59:9a:40)
I (778) wifi:enable tsf
I (798) wifi:new:<6,0>, old:<1,0>, ap:<255,255>, sta:<6,0>, prof:1, snd_ch_cfg:0x0
I (798) wifi:state: init -> auth (0xb0)
I (828) wifi:state: auth -> assoc (0x0)
I (848) wifi:state: assoc -> run (0x10)
I (888) wifi:connected with 9999, aid = 2, channel 6, BW20, bssid = 00:c8:96:7e:b6:21
I (888) wifi:security: WPA2-PSK, phy: bgn, rssi: -62
I (898) wifi:pm start, type: 1

I (898) wifi:dp: 1, bi: 102400, li: 3, scale listen interval from 307200 us to 307200 us
I (918) wifi:AP's beacon interval = 102400 us, DTIM period = 1
I (928) wifi:<ba-add>idx:0 (ifx:0, 00:c8:96:7e:b6:21), tid:7, ssn:0, winSize:64
[0;32mI (1778) mqtts_example: [APP] Free memory: 229856 bytes[0m
[0;32mI (1778) mqtts_example: Other event id:7[0m
[0;32mI (1778) UART SIMSOM: Enable GPS.[0m
[0;32mI (1778) UART SIMSOM: GPS location.[0m
[0;32mI (1908) esp_netif_handlers: sta ip: 192.168.1.180, mask: 255.255.255.0, gw: 192.168.1.1[0m
[0;32mI (1908) WiFi: Got IP: 192.168.1.180[0m
I (2788) wifi:<ba-add>idx:1 (ifx:0, 00:c8:96:7e:b6:21), tid:6, ssn:2, winSize:64
I (2788) wifi:<ba-del>idx:1, tid:6
I (2788) wifi:<ba-add>idx:1 (ifx:0, 00:c8:96:7e:b6:21), tid:0, ssn:0, winSize:64
[0;32mI (3488) mqtts_example: MQTT_EVENT_CONNECTED[0m
[0;32mI (3498) mqtts_example: sent subscribe successful, msg_id=18033[0m
[0;32mI (3798) mqtts_example: Other event id:3[0m
[0;32mI (7778) UART SIMSOM: GPS Data1: 

+CME ERROR: 504

+QGPSLOC: 093810.00,1052.6022N,10648.5287E,1.06,15.1,3,,0.073,0.040,010125,26

OK
[0m
[0;32mI (7778) UART SIMSOM: Bytes received 1: 106[0m
[0;32mI (7778) UART SIMSOM: lat is 1. and long is ,,0[0m
[0;32mI (7788) UART SIMSOM: lat is 1.100000 and long is 0.001217[0m
[
***ERROR*** A stack overflow in task main has been detected.


Backtrace: 0x40081b52:0x3ffb9ac0 0x4008a349:0x3ffb9ae0 0x4008b2fe:0x3ffb9b00 0x4008c637:0x3ffb9b80 0x4008b408:0x3ffb9ba0 0x4008b3ba:0xa5a5a5a5 |<-CORRUPTED




ELF file SHA256: eb35bed52

Rebooting...
ets Jul 29 2019 12:21:46

rst:0xc (SW_CPU_RESET),boot:0x13 (SPI_FAST_FLASH_BOOT)
configsip: 0, SPIWP:0xee
clk_drv:0x00,q_drv:0x00,d_drv:0x00,cs0_drv:0x00,hd_drv:0x00,wp_drv:0x00
mode:DIO, clock div:2
load:0x3fff0030,len:7176
load:0x40078000,len:15564
ho 0 tail 12 room 4
load:0x40080400,len:4
load:0x40080404,len:3904
entry 0x40080640
[0;32mI (31) boot: ESP-IDF v5.3.1-dirty 2nd stage bootloader[0m
[0;32mI (31) boot: compile time Dec 14 2024 11:22:02[0m
[0;32mI (31) boot: Multicore bootloader[0m
[0;32mI (36) boot: chip revision: v3.1[0m
[0;32mI (40) boot.esp32: SPI Speed      : 40MHz[0m
[0;32mI (44) boot.esp32: SPI Mode       : DIO[0m
[0;32mI (49) boot.esp32: SPI Flash Size : 4MB[0m
[0;32mI (53) boot: Enabling RNG early entropy source...[0m
[0;32mI (59) boot: Partition Table:[0m
[0;32mI (62) boot: ## Label            Usage          Type ST Offset   Length[0m
[0;32mI (70) boot:  0 nvs              WiFi data        01 02 00009000 00006000[0m
[0;32mI (77) boot:  1 phy_init         RF data          01 01 0000f000 00001000[0m
[0;32mI (85) boot:  2 factory          factory app      00 00 00010000 00100000[0m
[0;32mI (92) boot: End of partition table[0m
[0;32mI (96) esp_image: segment 0: paddr=00010020 vaddr=3f400020 size=270dch (159964) map[0m
[0;32mI (160) esp_image: segment 1: paddr=00037104 vaddr=3ffb0000 size=03f38h ( 16184) load[0m
[0;32mI (166) esp_image: segment 2: paddr=0003b044 vaddr=40080000 size=04fd4h ( 20436) load[0m
[0;32mI (174) esp_image: segment 3: paddr=00040020 vaddr=400d0020 size=a2bbch (666556) map[0m
[0;32mI (403) esp_image: segment 4: paddr=000e2be4 vaddr=40084fd4 size=13414h ( 78868) load[0m
[0;32mI (446) boot: Loaded app from partition at offset 0x10000[0m
[0;32mI (446) boot: Disabling RNG early entropy source...[0m
[0;32mI (458) cpu_start: Multicore app[0m
[0;32mI (466) cpu_start: Pro cpu start user code[0m
[0;32mI (466) cpu_start: cpu freq: 160000000 Hz[0m
[0;32mI (467) app_init: Application information:[0m
[0;32mI (469) app_init: Project name:     TEST2[0m
[0;32mI (474) app_init: App version:      1[0m
[0;32mI (478) app_init: Compile time:     Dec 17 2024 17:16:46[0m
[0;32mI (484) app_init: ELF file SHA256:  eb35bed52...[0m
[0;32mI (490) app_init: ESP-IDF:          v5.3.1-dirty[0m
[0;32mI (495) efuse_init: Min chip rev:     v0.0[0m
[0;32mI (500) efuse_init: Max chip rev:     v3.99 [0m
[0;32mI (505) efuse_init: Chip rev:         v3.1[0m
[0;32mI (510) heap_init: Initializing. RAM available for dynamic allocation:[0m
[0;32mI (517) heap_init: At 3FFAE6E0 len 00001920 (6 KiB): DRAM[0m
[0;32mI (523) heap_init: At 3FFB8750 len 000278B0 (158 KiB): DRAM[0m
[0;32mI (529) heap_init: At 3FFE0440 len 00003AE0 (14 KiB): D/IRAM[0m
[0;32mI (535) heap_init: At 3FFE4350 len 0001BCB0 (111 KiB): D/IRAM[0m
[0;32mI (542) heap_init: At 400983E8 len 00007C18 (31 KiB): IRAM[0m
[0;32mI (550) spi_flash: detected chip: generic[0m
[0;32mI (553) spi_flash: flash io: dio[0m
[0;32mI (558) main_task: Started on CPU0[0m
[0;32mI (568) main_task: Calling app_main()[0m
I (608) wifi:wifi driver task: 3ffc0760, prio:23, stack:6656, core=0
I (618) wifi:wifi firmware version: ccaebfa
I (618) wifi:wifi certification version: v7.0
I (618) wifi:config NVS flash: enabled
I (618) wifi:config nano formating: disabled
I (628) wifi:Init data frame dynamic rx buffer num: 32
I (628) wifi:Init static rx mgmt buffer num: 5
I (638) wifi:Init management short buffer num: 32
I (638) wifi:Init dynamic tx buffer num: 32
I (638) wifi:Init static rx buffer size: 1600
I (648) wifi:Init static rx buffer num: 10
I (648) wifi:Init dynamic rx buffer num: 32
[0;32mI (658) wifi_init: rx ba win: 6[0m
[0;32mI (658) wifi_init: accept mbox: 6[0m
[0;32mI (658) wifi_init: tcpip mbox: 32[0m
[0;32mI (668) wifi_init: udp mbox: 6[0m
[0;32mI (668) wifi_init: tcp mbox: 6[0m
[0;32mI (678) wifi_init: tcp tx win: 5760[0m
[0;32mI (678) wifi_init: tcp rx win: 5760[0m
[0;32mI (678) wifi_init: tcp mss: 1440[0m
[0;32mI (688) wifi_init: WiFi IRAM OP enabled[0m
[0;32mI (688) wifi_init: WiFi RX IRAM OP enabled[0m
[0;32mI (698) phy_init: phy_version 4830,54550f7,Jun 20 2024,14:22:08[0m
I (768) wifi:mode : sta (f0:24:f9:59:9a:40)
I (778) wifi:enable tsf
I (788) wifi:new:<6,0>, old:<1,0>, ap:<255,255>, sta:<6,0>, prof:1, snd_ch_cfg:0x0
I (798) wifi:state: init -> auth (0xb0)
I (828) wifi:state: auth -> assoc (0x0)
I (848) wifi:state: assoc -> run (0x10)
I (888) wifi:connected with 9999, aid = 2, channel 6, BW20, bssid = 00:c8:96:7e:b6:21
I (888) wifi:security: WPA2-PSK, phy: bgn, rssi: -63
I (898) wifi:pm start, type: 1

I (898) wifi:dp: 1, bi: 102400, li: 3, scale listen interval from 307200 us to 307200 us
I (918) wifi:<ba-add>idx:0 (ifx:0, 00:c8:96:7e:b6:21), tid:7, ssn:0, winSize:64
I (968) wifi:AP's beacon interval = 102400 us, DTIM period = 1
[0;32mI (1778) mqtts_example: [APP] Free memory: 229856 bytes[0m
[0;32mI (1778) mqtts_example: Other event id:7[0m
[0;32mI (1778) UART SIMSOM: Enable GPS.[0m
[0;32mI (1778) UART SIMSOM: GPS location.[0m
[0;32mI (1908) esp_netif_handlers: sta ip: 192.168.1.180, mask: 255.255.255.0, gw: 192.168.1.1[0m
[0;32mI (1908) WiFi: Got IP: 192.168.1.180[0m
I (2788) wifi:<ba-add>idx:1 (ifx:0, 00:c8:96:7e:b6:21), tid:6, ssn:2, winSize:64
I (2798) wifi:<ba-del>idx:1, tid:6
I (2798) wifi:<ba-add>idx:1 (ifx:0, 00:c8:96:7e:b6:21), tid:0, ssn:0, winSize:64
[0;32mI (3538) mqtts_example: MQTT_EVENT_CONNECTED[0m
[0;32mI (3538) mqtts_example: sent subscribe successful, msg_id=45936[0m
[0;32mI (3848) mqtts_example: Other event id:3[0m
[0;32mI (7778) UART SIMSOM: GPS Data1: 

+CME ERROR: 504

+QGPSLOC: 093818.00,1052.6022N,10648.5287E,1.06,15.1,3,,0.106,0.058,010125,26

OK
[0m
[0;32mI (7778) UART SIMSOM: Bytes received 1: 106[0m
[0;32mI (7778) UART SIMSOM: lat is 1. and long is ,,0[0m
[0;32mI (7788) UART SIMSOM: lat is 1.100000 and long is 0.001767[0m
[0;32mI (7788) UART SIMSOM: GPS Data1: 

+CME ERROR: 504

+QGPSLOC: 093818.00,1052.6022N,10648.5287E,1.06,15.
***ERROR*** A stack overflow in task main has been detected.


Backtrace: 0x40081b52:0x3ffb9ac0 0x4008a349:0x3ffb9ae0 0x4008b2fe:0x3ffb9b00 0x4008c637:0x3ffb9b80 0x4008b408:0x3ffb9ba0 0x4008b3ba:0xa5a5a5a5 |<-CORRUPTED




ELF file SHA256: eb35bed52

Rebooting...
ets Jul 29 2019 12:21:46

rst:0xc (SW_CPU_RESET),boot:0x13 (SPI_FAST_FLASH_BOOT)
configsip: 0, SPIWP:0xee
clk_drv:0x00,q_drv:0x00,d_drv:0x00,cs0_drv:0x00,hd_drv:0x00,wp_drv:0x00
mode:DIO, clock div:2
load:0x3fff0030,len:7176
load:0x40078000,len:15564
ho 0 tail 12 room 4
load:0x40080400,len:4
load:0x40080404,len:3904
entry 0x40080640
[0;32mI (31) boot: ESP-IDF v5.3.1-dirty 2nd stage bootloader[0m
[0;32mI (31) boot: compile time Dec 14 2024 11:22:02[0m
[0;32mI (31) boot: Multicore bootloader[0m
[0;32mI (36) boot: chip revision: v3.1[0m
[0;32mI (40) boot.esp32: SPI Speed      : 40MHz[0m
[0;32mI (44) boot.esp32: SPI Mode       : DIO[0m
[0;32mI (49) boot.esp32: SPI Flash Size : 4MB[0m
[0;32mI (53) boot: Enabling RNG early entropy source...[0m
[0;32mI (59) boot: Partition Table:[0m
[0;32mI (62) boot: ## Label            Usage          Type ST Offset   Length[0m
[0;32mI (70) boot:  0 nvs              WiFi data        01 02 00009000 00006000[0m
[0;32mI (77) boot:  1 phy_init         RF data          01 01 0000f000 00001000[0m
[0;32mI (85) boot:  2 factory          factory app      00 00 00010000 00100000[0m
[0;32mI (92) boot: End of partition table[0m
[0;32mI (96) esp_image: segment 0: paddr=00010020 vaddr=3f400020 size=270dch (159964) map[0m
[0;32mI (160) esp_image: segment 1: paddr=00037104 vaddr=3ffb0000 size=03f38h ( 16184) load[0m
[0;32mI (166) esp_image: segment 2: paddr=0003b044 vaddr=40080000 size=04fd4h ( 20436) load[0m
[0;32mI (174) esp_image: segment 3: paddr=00040020 vaddr=400d0020 size=a2bbch (666556) map[0m
[0;32mI (403) esp_image: segment 4: paddr=000e2be4 vaddr=40084fd4 size=13414h ( 78868) load[0m
[0;32mI (446) boot: Loaded app from partition at offset 0x10000[0m
[0;32mI (446) boot: Disabling RNG early entropy source...[0m
[0;32mI (458) cpu_start: Multicore app[0m
[0;32mI (466) cpu_start: Pro cpu start user code[0m
[0;32mI (466) cpu_start: cpu freq: 160000000 Hz[0m
[0;32mI (467) app_init: Application information:[0m
[0;32mI (469) app_init: Project name:     TEST2[0m
[0;32mI (474) app_init: App version:      1[0m
[0;32mI (478) app_init: Compile time:     Dec 17 2024 17:16:46[0m
[0;32mI (484) app_init: ELF file SHA256:  eb35bed52...[0m
[0;32mI (490) app_init: ESP-IDF:          v5.3.1-dirty[0m
[0;32mI (495) efuse_init: Min chip rev:     v0.0[0m
[0;32mI (500) efuse_init: Max chip rev:     v3.99 [0m
[0;32mI (505) efuse_init: Chip rev:         v3.1[0m
[0;32mI (510) heap_init: Initializing. RAM available for dynamic allocation:[0m
[0;32mI (517) heap_init: At 3FFAE6E0 len 00001920 (6 KiB): DRAM[0m
[0;32mI (523) heap_init: At 3FFB8750 len 000278B0 (158 KiB): DRAM[0m
[0;32mI (529) heap_init: At 3FFE0440 len 00003AE0 (14 KiB): D/IRAM[0m
[0;32mI (535) heap_init: At 3FFE4350 len 0001BCB0 (111 KiB): D/IRAM[0m
[0;32mI (542) heap_init: At 400983E8 len 00007C18 (31 KiB): IRAM[0m
[0;32mI (550) spi_flash: detected chip: generic[0m
[0;32mI (553) spi_flash: flash io: dio[0m
[0;32mI (558) main_task: Started on CPU0[0m
[0;32mI (568) main_task: Calling app_main()[0m
I (608) wifi:wifi driver task: 3ffc0760, prio:23, stack:6656, core=0
I (618) wifi:wifi firmware version: ccaebfa
I (618) wifi:wifi certification version: v7.0
I (618) wifi:config NVS flash: enabled
I (618) wifi:config nano formating: disabled
I (628) wifi:Init data frame dynamic rx buffer num: 32
I (628) wifi:Init static rx mgmt buffer num: 5
I (638) wifi:Init management short buffer num: 32
I (638) wifi:Init dynamic tx buffer num: 32
I (638) wifi:Init static rx buffer size: 1600
I (648) wifi:Init static rx buffer num: 10
I (648) wifi:Init dynamic rx buffer num: 32
[0;32mI (658) wifi_init: rx ba win: 6[0m
[0;32mI (658) wifi_init: accept mbox: 6[0m
[0;32mI (658) wifi_init: tcpip mbox: 32[0m
[0;32mI (668) wifi_init: udp mbox: 6[0m
[0;32mI (668) wifi_init: tcp mbox: 6[0m
[0;32mI (678) wifi_init: tcp tx win: 5760[0m
[0;32mI (678) wifi_init: tcp rx win: 5760[0m
[0;32mI (678) wifi_init: tcp mss: 1440[0m
[0;32mI (688) wifi_init: WiFi IRAM OP enabled[0m
[0;32mI (688) wifi_init: WiFi RX IRAM OP enabled[0m
[0;32mI (698) phy_init: phy_version 4830,54550f7,Jun 20 2024,14:22:08[0m
I (778) wifi:mode : sta (f0:24:f9:59:9a:40)
I (778) wifi:enable tsf
I (788) wifi:new:<6,0>, old:<1,0>, ap:<255,255>, sta:<6,0>, prof:1, snd_ch_cfg:0x0
I (798) wifi:state: init -> auth (0xb0)
I (838) wifi:state: auth -> assoc (0x0)
I (898) wifi:state: assoc -> run (0x10)
I (938) wifi:connected with 9999, aid = 2, channel 6, BW20, bssid = 00:c8:96:7e:b6:21
I (938) wifi:security: WPA2-PSK, phy: bgn, rssi: -62
I (938) wifi:pm start, type: 1

I (938) wifi:dp: 1, bi: 102400, li: 3, scale listen interval from 307200 us to 307200 us
I (968) wifi:<ba-add>idx:0 (ifx:0, 00:c8:96:7e:b6:21), tid:7, ssn:0, winSize:64
I (1008) wifi:AP's beacon interval = 102400 us, DTIM period = 1
[0;32mI (1778) mqtts_example: [APP] Free memory: 229856 bytes[0m
[0;32mI (1778) mqtts_example: Other event id:7[0m
[0;32mI (1778) UART SIMSOM: Enable GPS.[0m
[0;32mI (1778) UART SIMSOM: GPS location.[0m
[0;32mI (1948) esp_netif_handlers: sta ip: 192.168.1.180, mask: 255.255.255.0, gw: 192.168.1.1[0m
[0;32mI (1948) WiFi: Got IP: 192.168.1.180[0m
I (2778) wifi:<ba-add>idx:1 (ifx:0, 00:c8:96:7e:b6:21), tid:6, ssn:2, winSize:64
I (2788) wifi:<ba-del>idx:1, tid:6
I (2798) wifi:<ba-add>idx:1 (ifx:0, 00:c8:96:7e:b6:21), tid:0, ssn:0, winSize:64
[0;32mI (3478) mqtts_example: MQTT_EVENT_CONNECTED[0m
[0;32mI (3488) mqtts_example: sent subscribe successful, msg_id=29604[0m
[0;32mI (7778) UART SIMSOM: GPS Data1: 

+CME ERROR: 504

+QGPSLOC: 093825.00,1052.6022N,10648.5287E,1.05,15.1,3,,0.031,0.017,010125,27

OK
[0m
[0;32mI (7778) UART SIMSOM: Bytes received 1: 106[0m
[0;32mI (7778) UART SIMSOM: lat is 1. and long is ,,0[0m
[0;32mI (7788) UART SIMSOM: lat is 1.083333 and long is 0.000517[0m

***ERROR*** A stack overflow in task main has been detected.


Backtrace: 0x40081b52:0x3ffb9ac0 0x4008a349:0x3ffb9ae0 0x4008b2fe:0x3ffb9b00 0x4008c637:0x3ffb9b80 0x4008b408:0x3ffb9ba0 0x4008b3ba:0xa5a5a5a5 |<-CORRUPTED




ELF file SHA256: eb35bed52

Rebooting...
ets Jul 29 2019 12:21:46

rst:0xc (SW_CPU_RESET),boot:0x13 (SPI_FAST_FLASH_BOOT)
configsip: 0, SPIWP:0xee
clk_drv:0x00,q_drv:0x00,d_drv:0x00,cs0_drv:0x00,hd_drv:0x00,wp_drv:0x00
mode:DIO, clock div:2
load:0x3fff0030,len:7176
load:0x40078000,len:15564
ho 0 tail 12 room 4
load:0x40080400,len:4
load:0x40080404,len:3904
entry 0x40080640
[0;32mI (31) boot: ESP-IDF v5.3.1-dirty 2nd stage bootloader[0m
[0;32mI (31) boot: compile time Dec 14 2024 11:22:02[0m
[0;32mI (31) boot: Multicore bootloader[0m
[0;32mI (36) boot: chip revision: v3.1[0m
[0;32mI (40) boot.esp32: SPI Speed      : 40MHz[0m
[0;32mI (44) boot.esp32: SPI Mode       : DIO[0m
[0;32mI (49) boot.esp32: SPI Flash Size : 4MB[0m
[0;32mI (53) boot: Enabling RNG early entropy source...[0m
[0;32mI (59) boot: Partition Table:[0m
[0;32mI (62) boot: ## Label            Usage          Type ST Offset   Length[0m
[0;32mI (70) boot:  0 nvs              WiFi data        01 02 00009000 00006000[0m
[0;32mI (77) boot:  1 phy_init         RF data          01 01 0000f000 00001000[0m
[0;32mI (85) boot:  2 factory          factory app      00 00 00010000 00100000[0m
[0;32mI (92) boot: End of partition table[0m
[0;32mI (96) esp_image: segment 0: paddr=00010020 vaddr=3f400020 size=270dch (159964) map[0m
[0;32mI (160) esp_image: segment 1: paddr=00037104 vaddr=3ffb0000 size=03f38h ( 16184) load[0m
[0;32mI (166) esp_image: segment 2: paddr=0003b044 vaddr=40080000 size=04fd4h ( 20436) load[0m
[0;32mI (174) esp_image: segment 3: paddr=00040020 vaddr=400d0020 size=a2bbch (666556) map[0m
[0;32mI (403) esp_image: segment 4: paddr=000e2be4 vaddr=40084fd4 size=13414h ( 78868) load[0m
[0;32mI (446) boot: Loaded app from partition at offset 0x10000[0m
[0;32mI (446) boot: Disabling RNG early entropy source...[0m
[0;32mI (458) cpu_start: Multicore app[0m
[0;32mI (466) cpu_start: Pro cpu start user code[0m
[0;32mI (466) cpu_start: cpu freq: 160000000 Hz[0m
[0;32mI (467) app_init: Application information:[0m
[0;32mI (469) app_init: Project name:     TEST2[0m
[0;32mI (474) app_init: App version:      1[0m
[0;32mI (478) app_init: Compile time:     Dec 17 2024 17:16:46[0m
[0;32mI (484) app_init: ELF file SHA256:  eb35bed52...[0m
[0;32mI (490) app_init: ESP-IDF:          v5.3.1-dirty[0m
[0;32mI (495) efuse_init: Min chip rev:     v0.0[0m
[0;32mI (500) efuse_init: Max chip rev:     v3.99 [0m
[0;32mI (505) efuse_init: Chip rev:         v3.1[0m
[0;32mI (510) heap_init: Initializing. RAM available for dynamic allocation:[0m
[0;32mI (517) heap_init: At 3FFAE6E0 len 00001920 (6 KiB): DRAM[0m
[0;32mI (523) heap_init: At 3FFB8750 len 000278B0 (158 KiB): DRAM[0m
[0;32mI (529) heap_init: At 3FFE0440 len 00003AE0 (14 KiB): D/IRAM[0m
[0;32mI (535) heap_init: At 3FFE4350 len 0001BCB0 (111 KiB): D/IRAM[0m
[0;32mI (542) heap_init: At 400983E8 len 00007C18 (31 KiB): IRAM[0m
[0;32mI (550) spi_flash: detected chip: generic[0m
[0;32mI (553) spi_flash: flash io: dio[0m
[0;32mI (558) main_task: Started on CPU0[0m
[0;32mI (568) main_task: Calling app_main()[0m
I (608) wifi:wifi driver task: 3ffc0760, prio:23, stack:6656, core=0
I (618) wifi:wifi firmware version: ccaebfa
I (618) wifi:wifi certification version: v7.0
I (618) wifi:config NVS flash: enabled
I (618) wifi:config nano formating: disabled
I (628) wifi:Init data frame dynamic rx buffer num: 32
I (628) wifi:Init static rx mgmt buffer num: 5
I (638) wifi:Init management short buffer num: 32
I (638) wifi:Init dynamic tx buffer num: 32
I (638) wifi:Init static rx buffer size: 1600
I (648) wifi:Init static rx buffer num: 10
I (648) wifi:Init dynamic rx buffer num: 32
[0;32mI (658) wifi_init: rx ba win: 6[0m
[0;32mI (658) wifi_init: accept mbox: 6[0m
[0;32mI (658) wifi_init: tcpip mbox: 32[0m
[0;32mI (668) wifi_init: udp mbox: 6[0m
[0;32mI (668) wifi_init: tcp mbox: 6[0m
[0;32mI (678) wifi_init: tcp tx win: 5760[0m
[0;32mI (678) wifi_init: tcp rx win: 5760[0m
[0;32mI (678) wifi_init: tcp mss: 1440[0m
[0;32mI (688) wifi_init: WiFi IRAM OP enabled[0m
[0;32mI (688) wifi_init: WiFi RX IRAM OP enabled[0m
[0;32mI (698) phy_init: phy_version 4830,54550f7,Jun 20 2024,14:22:08[0m
I (778) wifi:mode : sta (f0:24:f9:59:9a:40)
I (778) wifi:enable tsf
I (788) wifi:new:<6,0>, old:<1,0>, ap:<255,255>, sta:<6,0>, prof:1, snd_ch_cfg:0x0
I (788) wifi:state: init -> auth (0xb0)
I (818) wifi:state: auth -> assoc (0x0)
I (838) wifi:state: assoc -> run (0x10)
I (888) wifi:connected with 9999, aid = 2, channel 6, BW20, bssid = 00:c8:96:7e:b6:21
I (888) wifi:security: WPA2-PSK, phy: bgn, rssi: -62
I (888) wifi:pm start, type: 1

I (888) wifi:dp: 1, bi: 102400, li: 3, scale listen interval from 307200 us to 307200 us
I (908) wifi:<ba-add>idx:0 (ifx:0, 00:c8:96:7e:b6:21), tid:7, ssn:0, winSize:64
I (968) wifi:AP's beacon interval = 102400 us, DTIM period = 1
[0;32mI (1778) mqtts_example: [APP] Free memory: 229856 bytes[0m
[0;32mI (1778) mqtts_example: Other event id:7[0m
[0;32mI (1778) UART SIMSOM: Enable GPS.[0m
[0;32mI (1778) UART SIMSOM: GPS location.[0m
[0;32mI (1898) esp_netif_handlers: sta ip: 192.168.1.180, mask: 255.255.255.0, gw: 192.168.1.1[0m
[0;32mI (1898) WiFi: Got IP: 192.168.1.180[0m
I (2298) wifi:<ba-add>idx:1 (ifx:0, 00:c8:96:7e:b6:21), tid:4, ssn:0, winSize:64
I (2778) wifi:<ba-del>idx:1, tid:4
I (2788) wifi:<ba-add>idx:1 (ifx:0, 00:c8:96:7e:b6:21), tid:0, ssn:0, winSize:64
[0;32mI (3588) mqtts_example: MQTT_EVENT_CONNECTED[0m
[0;32mI (3598) mqtts_example: sent subscribe successful, msg_id=58363[0m
[0;32mI (4038) mqtts_example: Other event id:3[0m
[0;32mI (7778) UART SIMSOM: GPS Data1: 
[0m
[0;32mI (7778) UART SIMSOM: Bytes received 1: 0[0m
[0;32mI (13778) UART SIMSOM: GPS Data1: 
[0m
[0;32mI (13778) UART SIMSOM: Bytes received 1: 0[0m
[0;32mI (19778) UART SIMSOM: GPS Data1: 
[0m
[0;32mI (19778) UART SIMSOM: Bytes received 1: 0[0m
[0;32mI (25778) UART SIMSOM: GPS Data1: 
[0m
[0;32mI (25778) UART SIMSOM: Bytes received 1: 0[0m
[0;32mI (31778) UART SIMSOM: GPS Data1: 
[0m
[0;32mI (31778) UART SIMSOM: Bytes received 1: 0[0m
[0;32mI (37778) UART SIMSOM: GPS Data1: 
[0m
[0;32mI (37778) UART SIMSOM: Bytes received 1: 0[0m
[0;32mI (43778) UART SIMSOM: GPS Data1: 
[0m
[0;32mI (43778) UART SIMSOM: Bytes received 1: 0[0m
[0;32mI (49778) UART SIMSOM: GPS Data1: 
[0m
[0;32mI (49778) UART SIMSOM: Bytes received 1: 0[0m
[0;32mI (55778) UART SIMSOM: GPS Data1: 
[0m
[0;32mI (55778) UART SIMSOM: Bytes received 1: 0[0m
[0;32mI (61778) UART SIMSOM: GPS Data1: 
[0m
[0;32mI (61778) UART SIMSOM: Bytes received 1: 0[0m
[0;32mI (67778) UART SIMSOM: GPS Data1: 
[0m
[0;32mI (67778) UART SIMSOM: Bytes received 1: 0[0m
[0;32mI (73778) UART SIMSOM: GPS Data1: 
[0m
[0;32mI (73778) UART SIMSOM: Bytes received 1: 0[0m
