ets Jul 29 2ets Jul 29 2019 12:21:46

rst:0x1 (POWERON_RESET),boot:0x13 (SPI_FAST_FLASH_BOOT)
configsip: 0, SPIWP:0xee
clk_drv:0x00,q_drv:0x00,d_drv:0x00,cs0_drv:0x00,hd_drv:0x00,wp_drv:0x00
mode:DIO, clock div:2
load:0x3fff0030,len:7176
load:0x40078000,len:15564
ho 0 tail 12 room 4
load:0x40080400,len:4
load:0x40080404,len:3904
entry 0x40080640
[0;32mI (31) boot: ESP-IDF v5.3.1-dirty 2nd stage bootloader[0m
[0;32mI (31) boot: compile time Dec 11 2024 17:35:13[0m
[0;32mI (31) boot: Multicore bootloader[0m
[0;32mI (36) boot: chip revision: v3.1[0m
[0;32mI (40) boot.esp32: SPI Speed      : 40MHz[0m
[0;32mI (44) boot.esp32: SPI Mode       : DIO[0m
[0;32mI (49) boot.esp32: SPI Flash Size : 4MB[0m
[0;32mI (53) boot: Enabling RNG early entropy source...[0m
[0;32mI (59) boot: Partition Table:[0m
[0;32mI (62) boot: ## Label            Usage          Type ST Offset   Length[0m
[0;32mI (70) boot:  0 nvs              WiFi data        01 02 00009000 00006000[0m
[0;32mI (77) boot:  1 phy_init         RF data          01 01 0000f000 00001000[0m
[0;32mI (85) boot:  2 factory          factory app      00 00 00010000 00100000[0m
[0;32mI (92) boot: End of partition table[0m
[0;32mI (96) esp_image: segment 0: paddr=00010020 vaddr=3f400020 size=0af14h ( 44820) map[0m
[0;32mI (120) esp_image: segment 1: paddr=0001af3c vaddr=3ffb0000 size=02364h (  9060) load[0m
[0;32mI (124) esp_image: segment 2: paddr=0001d2a8 vaddr=40080000 size=02d70h ( 11632) load[0m
[0;32mI (131) esp_image: segment 3: paddr=00020020 vaddr=400d0020 size=17fe0h ( 98272) map[0m
[0;32mI (168) esp_image: segment 4: paddr=00038008 vaddr=40082d70 size=0ad18h ( 44312) load[0m
[0;32mI (193) boot: Loaded app from partition at offset 0x10000[0m
[0;32mI (193) boot: Disabling RNG early entropy source...[0m
[0;32mI (205) cpu_start: Multicore app[0m
[0;32mI (213) cpu_start: Pro cpu start user code[0m
[0;32mI (213) cpu_start: cpu freq: 160000000 Hz[0m
[0;32mI (213) app_init: Application information:[0m
[0;32mI (216) app_init: Project name:     TEST2[0m
[0;32mI (221) app_init: App version:      1[0m
[0;32mI (225) app_init: Compile time:     Dec 11 2024 17:35:03[0m
[0;32mI (231) app_init: ELF file SHA256:  353714ecf...[0m
[0;32mI (236) app_init: ESP-IDF:          v5.3.1-dirty[0m
[0;32mI (242) efuse_init: Min chip rev:     v0.0[0m
[0;32mI (246) efuse_init: Max chip rev:     v3.99 [0m
[0;32mI (251) efuse_init: Chip rev:         v3.1[0m
[0;32mI (256) heap_init: Initializing. RAM available for dynamic allocation:[0m
[0;32mI (263) heap_init: At 3FFAE6E0 len 00001920 (6 KiB): DRAM[0m
[0;32mI (269) heap_init: At 3FFB2C30 len 0002D3D0 (180 KiB): DRAM[0m
[0;32mI (276) heap_init: At 3FFE0440 len 00003AE0 (14 KiB): D/IRAM[0m
[0;32mI (282) heap_init: At 3FFE4350 len 0001BCB0 (111 KiB): D/IRAM[0m
[0;32mI (288) heap_init: At 4008DA88 len 00012578 (73 KiB): IRAM[0m
[0;32mI (296) spi_flash: detected chip: generic[0m
[0;32mI (299) spi_flash: flash io: dio[0m
[0;32mI (304) main_task: Started on CPU0[0m
[0;32mI (314) main_task: Calling app_main()[0m
[0;32mI (314) UART SIMSOM: [APP] Startup..[0m
[0;32mI (314) UART SIMSOM: [APP] Free memory: 305000 bytes[0m
[0;32mI (314) UART SIMSOM: [APP] IDF version: v5.3.1-dirty[0m
[0;32mI (324) UART SIMSOM: Enable GPS.[0m
[0;32mI (324) UART SIMSOM: GPS location.[0m
[0;32mI (444) UART SIMSOM: lat is SL
 and long is GPS?ï¿½>ï¿½?SL
[0m
[0;32mI (444) UART SIMSOM: lat is 0.000000 and long is 0.000000[0m
[0;32mI (444) UART SIMSOM: GPS Data: 
AT+QGPS=1
+CME ERROR: 504
AT+QGPSLOC=0
+QGPSLOC: 150639.00,1052.6046N,10648.5271E,1.24,32.3,3,,0.142,0.078,121224,22

OK
cÆRm ï¿½ï¿½.ï¿½é¡‚ï¿½ï¿½ï¿½ï¿½ï¿½ï¿½ï¿½ï¿½ï¿½ï¿½ï¿½ï¿½ï¿½ï¿½+Mï¿½S~Mï¿½ï¿½sHï¿½1sZï¿½ï¿½ï¿½?)Ivï¿½ï¿½qO-Eï¿½ï¿½LNï¿½R}oï¿½ï¿½Mï¿½ï¿½ï¿½,ï¿½ï¿½`qï¿½ï¿½~	ï¿½ï¿½ï¿½]ï¿½ï¿½tï¿½Sï¿½S6ï¿½î¢‚ï¿½ï¿½Gï¿½}ï¿½fÂ¼&KÒ±ï¿½ng[ï¿½BUï¿½ï¿½ï¿½ï¿½&ï¿½ï¿½Pr5ï¿½ï¿½tï¿½ï¿½ï¿½73Ú­ï¿½ï¿½ï¿½ï¿½raï¿½ï¿½ï¿½tï¿½ï¿½ï¿½ï¿½ï¿½nZwï¿½0qï¿½%_IGLï¿½ï¿½jï¿½iï¿½Hï¿½>ï¿½yfï¿½ï¿½ï¿½ï¿½ï¿½tï¿½ï¿½F)Kï¿½ljrï¿½.ï¿½Cï¿½ï¿½8#ï¿½0ï¿½ï¿½ï¿½X0×§'\\ï¿½.ï¿½.Ú‚it|:Óšï¿½Jï¿½xï¿½ï¿½ï¿½hï¿½ï¿½ï¿½jsï¿½ï¿½hc[Qï¿½aNï¿½ï¿½ï¿½yï¿½(Vï¿½ï¿½Dï¿½@ï¿½Oï¿½5ï¿½ï¿½ï¿½Dï¿½ï¿½%
-Ä€ï¿½&ï¿½] Bï¿½ï¿½vï¿½ï¿½ï¿½ï¿½mï¿½Sï¿½ï¿½0ï¿½Zï¿½i{_3sï¿½ï¿½ï¿½ï¿½'ï¿½ï¿½[ï¿½ï¿½<$ï¿½ï¿½Fï¿½r_(8fï¿½.ï¿½ï¿½ï¿½ï¿½Ì¬ï¿½]ï¿½tÐ@kï¿½1ï¿½ï¿½ï¿½Ç™ï¿½ï¿½^ï¿½uï¿½v]ï¿½Ypï¿½ï¿½ï¿½{lï¿½ï¿½ï¿½F2mï¿½6ï¿½ï¿½ï¿½ï¿½ZTBï¿½[Hï¿½ï¿½@ï¿½ï¿½ï¿½ï¿½{92qyÙ®ï¿½ï¿½2Mï¿½yï¿½z(2#ï¿½oï¿½xï¿½rï¿½ï¿½ï¿½ï¿½Gdjï¿½1ï¿½oï¿½&C[0m
[0;32mI (3094) UART SIMSOM: GPS location.[0m
[0;32mI (3204) UART SIMSOM: lat is 10
 and long is 106?ï¿½>ï¿½?10
[0m
[0;32mI (3204) UART SIMSOM: lat is 10.876743 and long is 106.808784[0m
[0;32mI (3204) UART SIMSOM: GPS Data: 
AT+QGPSLOC=0
+QGPSLOC: 150642.00,1052.6046N,10648.5272E,1.38,32.3,3,,0.089,0.049,121224,25

OK
ï¿½Fï¿½ï¿½ï¿½ï¿½Rï¿½7ï¿½ï¿½d`ï¿½ï¿½ï¿½ï¿½ï¿½ï¿½^Oï¿½ï¿½ï¿½ï¿½#ï¿½ï¿½ï¿½ï¿½ï¿½pgï¿½DUHï¿½ï¿½3NY#ï¿½aï¿½y3ï¿½ï¿½ï¿½Dï¿½ï¿½ï¿½ï¿½ï¿½1wï¿½~aï¿½ï¿½ï¿½vï¿½zï¿½ï¿½/RI%nï¿½ï¿½K:ï¿½ï¿½)_ï¿½ï¿½Vï¿½[0m
[0;32mI (5824) UART SIMSOM: GPS location.[0m
[0;32mI (5934) UART SIMSOM: lat is 10
 and long is 106?ï¿½>ï¿½?10
[0m
[0;32mI (5934) UART SIMSOM: lat is 10.876743 and long is 106.808784[0m
[0;32mI (5934) UART SIMSOM: GPS Data: 
AT+QGPSLOC=0
+QGPSLOC: 150644.00,1052.6046N,10648.5272E,1.25,32.3,3,,0.053,0.029,121224,24

OK
ï¿½&"6GÅ†F]ï¿½ï¿½E%ï¿½ï¿½Oï¿½ï¿½Ñ«ï¿½ï¿½h)qï¿½Cï¿½_ï¿½ï¿½Pï¿½ï¿½8ï¿½	ï¿½Nï¿½]v5?ï¿½:Ä¥671ï¿½viï¿½Sbï¿½ï¿½'ï¿½h{ï¿½w.vï¿½o4
ï¿½ï¿½mT;ï¿½yï¿½ï¿½]Tï¿½ï¿½mï¿½=Zï¿½ï¿½JrN{ï¿½ï¿½B"lÆ…X/Ü¡<áº0$uï¿½ï¿½oï¿½ï¿½Qï¿½ï¿½ï¿½1:E( ï¿½Èœï¿½ï¿½Ú‚ï¿½KK&uï¿½ï¿½ï¿½ï¿½`mï¿½lï¿½"$ï¿½ï¿½ï¿½@ï¿½lï¿½ï¿½[`ï¿½ï¿½ï¿½Aï¿½ï¿½ï¿½ ï¿½s8ï¿½ï¿½Å¯ï¿½ï¿½#ï¿½7?ï¿½ï¿½ï¿½!ï¿½vï¿½ï¿½ï¿½9D3;ï¿½Nï¿½g.Âï¿½ï¿½Nï¿½4ï¿½
ï¿½rï¿½<"ï¿½ï¿½jï¿½\ï¿½ï¿½_ï¿½ï¿½Rm?ï¿½ï¿½ï¿½ï¿½~ï¿½ï¿½.ï¿½oï¿½ï¿½ï¿½ï¿½Bï¿½Hï¿½iï¿½ï¿½|ï¿½ï¿½ï¿½ï¿½ï¿½ï¿½aï¿½ï¿½`ï¿½ï¿½ï¿½ï¿½ï¿½bï¿½!ï¿½
[0;32mI (8574) UART SIMSOM: GPS location.[0m
[0;32mI (8684) UART SIMSOM: lat is 10
 and long is 106?ï¿½>ï¿½?10
[0m
[0;32mI (8684) UART SIMSOM: lat is 10.876743 and long is 106.808784[0m
[0;32mI (8684) UART SIMSOM: GPS Data: 
AT+QGPSLOC=0
+QGPSLOC: 150647.00,1052.6046N,10648.5272E,1.22,32.3,3,,0.060,0.033,121224,26

OK
ï¿½ï¿½ï¿½@ï¿½Sï¿½.ï¿½@ï¿½ï¿½jnnMï¿½Dï¿½C`ï¿½ï¿½ï¿½(ï¿½EE-ï¿½ï¿½*ï¿½ï¿½ï¿½4ï¿½ï¿½AGqï¿½ ï¿½R;f2ï¿½"ï¿½T7Fï¿½ï¿½]Ó€1("ï¿½,Bï¿½ï¿½@Lï¿½|ï¿½ï¿½P*ï¿½ï¿½(ï¿½Bï¿½$Mï¿½ï¿½ï¿½ï¿½ï¿½qBaï¿½rÓ©y<zJï¿½ï¿½ï¿½ï¿½<ï¿½[ï¿½ï¿½æ jï¿½ï¿½ï¿½ï¿½ï¿½ï¿½Zï¿½wï¿½ï¿½ï¿½,\aï¿½ï¿½Yï¿½.Dï¿½ï¿½ï¿½ï¿½ï¿½Qï¿½ï¿½>~Uï¿½jBm[0m
