ets Jul 29 2019 12:21:46

rst:0x1 (POWERON_RESET),boot:0x13 (SPI_FAST_FLASH_BOOT)
configsip: 0, SPIWP:0xee
clk_drv:0x00,q_drv:0x00,d_drv:0x00,cs0_drv:0x00,hd_drv:0x00,wp_drv:0x00
mode:DIO, clock div:2
load:0x3fff0030,len:7176
load:0x40078000,len:15564
ho 0 tail 12 room 4
load:0x40080400,len:4
load:0x40080404,len:3904
entry 0x40080640
[0;32mI (31) boot: ESP-IDF v5.3.1-dirty 2nd stage bootloader[0m
[0;32mI (31) boot: compile time Dec 14 2024 11:22:02[0m
[0;32mI (31) boot: Multicore bootloader[0m
[0;32mI (36) boot: chip revision: v3.1[0m
[0;32mI (40) boot.esp32: SPI Speed      : 40MHz[0m
[0;32mI (44) boot.esp32: SPI Mode       : DIO[0m
[0;32mI (49) boot.esp32: SPI Flash Size : 4MB[0m
[0;32mI (53) boot: Enabling RNG early entropy source...[0m
[0;32mI (59) boot: Partition Table:[0m
[0;32mI (62) boot: ## Label            Usage          Type ST Offset   Length[0m
[0;32mI (70) boot:  0 nvs              WiFi data        01 02 00009000 00006000[0m
[0;32mI (77) boot:  1 phy_init         RF data          01 01 0000f000 00001000[0m
[0;32mI (85) boot:  2 factory          factory app      00 00 00010000 00100000[0m
[0;32mI (92) boot: End of partition table[0m
[0;32mI (96) esp_image: segment 0: paddr=00010020 vaddr=3f400020 size=25894h (153748) map[0m
[0;32mI (158) esp_image: segment 1: paddr=000358bc vaddr=3ffb0000 size=03ee0h ( 16096) load[0m
[0;32mI (164) esp_image: segment 2: paddr=000397a4 vaddr=40080000 size=06874h ( 26740) load[0m
[0;32mI (174) esp_image: segment 3: paddr=00040020 vaddr=400d0020 size=9ea34h (649780) map[0m
[0;32mI (397) esp_image: segment 4: paddr=000dea5c vaddr=40086874 size=10c1ch ( 68636) load[0m
[0;32mI (436) boot: Loaded app from partition at offset 0x10000[0m
[0;32mI (436) boot: Disabling RNG early entropy source...[0m
[0;32mI (448) cpu_start: Multicore app[0m
[0;32mI (457) cpu_start: Pro cpu start user code[0m
[0;32mI (457) cpu_start: cpu freq: 160000000 Hz[0m
[0;32mI (457) app_init: Application information:[0m
[0;32mI (460) app_init: Project name:     TEST2[0m
[0;32mI (464) app_init: App version:      1[0m
[0;32mI (469) app_init: Compile time:     Dec 17 2024 17:16:46[0m
[0;32mI (475) app_init: ELF file SHA256:  d801bc297...[0m
[0;32mI (480) app_init: ESP-IDF:          v5.3.1-dirty[0m
[0;32mI (485) efuse_init: Min chip rev:     v0.0[0m
[0;32mI (490) efuse_init: Max chip rev:     v3.99 [0m
[0;32mI (495) efuse_init: Chip rev:         v3.1[0m
[0;32mI (500) heap_init: Initializing. RAM available for dynamic allocation:[0m
[0;32mI (507) heap_init: At 3FFAE6E0 len 00001920 (6 KiB): DRAM[0m
[0;32mI (513) heap_init: At 3FFB86F0 len 00027910 (158 KiB): DRAM[0m
[0;32mI (519) heap_init: At 3FFE0440 len 00003AE0 (14 KiB): D/IRAM[0m
[0;32mI (526) heap_init: At 3FFE4350 len 0001BCB0 (111 KiB): D/IRAM[0m
[0;32mI (532) heap_init: At 40097490 len 00008B70 (34 KiB): IRAM[0m
[0;32mI (540) spi_flash: detected chip: generic[0m
[0;32mI (543) spi_flash: flash io: dio[0m
[0;32mI (548) main_task: Started on CPU0[0m
[0;32mI (558) main_task: Calling app_main()[0m
I (588) wifi:wifi driver task: 3ffc0700, prio:23, stack:6656, core=0
I (598) wifi:wifi firmware version: ccaebfa
I (598) wifi:wifi certification version: v7.0
I (598) wifi:config NVS flash: enabled
I (598) wifi:config nano formating: disabled
I (598) wifi:Init data frame dynamic rx buffer num: 32
I (608) wifi:Init static rx mgmt buffer num: 5
I (608) wifi:Init management short buffer num: 32
I (618) wifi:Init dynamic tx buffer num: 32
I (618) wifi:Init static rx buffer size: 1600
I (628) wifi:Init static rx buffer num: 10
I (628) wifi:Init dynamic rx buffer num: 32
[0;32mI (628) wifi_init: rx ba win: 6[0m
[0;32mI (638) wifi_init: accept mbox: 6[0m
[0;32mI (638) wifi_init: tcpip mbox: 32[0m
[0;32mI (638) wifi_init: udp mbox: 6[0m
[0;32mI (648) wifi_init: tcp mbox: 6[0m
[0;32mI (648) wifi_init: tcp tx win: 5760[0m
[0;32mI (658) wifi_init: tcp rx win: 5760[0m
[0;32mI (658) wifi_init: tcp mss: 1440[0m
[0;32mI (658) wifi_init: WiFi IRAM OP enabled[0m
[0;32mI (668) wifi_init: WiFi RX IRAM OP enabled[0m
[0;32mI (678) phy_init: phy_version 4830,54550f7,Jun 20 2024,14:22:08[0m
[0;33mW (758) phy_init: saving new calibration data because of checksum failure, mode(0)[0m
I (788) wifi:mode : sta (cc:7b:5c:27:b1:54)
I (788) wifi:enable tsf
I (808) wifi:new:<6,0>, old:<1,0>, ap:<255,255>, sta:<6,0>, prof:1, snd_ch_cfg:0x0
I (808) wifi:state: init -> auth (0xb0)
I (888) wifi:state: auth -> assoc (0x0)
I (908) wifi:state: assoc -> run (0x10)
[0;32mI (1788) UART SIMSOM: [APP] Startup..[0m
[0;32mI (1788) UART SIMSOM: [APP] Free memory: 230688 bytes[0m
[0;32mI (1788) UART SIMSOM: [APP] IDF version: v5.3.1-dirty[0m
[0;32mI (1788) mqtts_example: [APP] Free memory: 230616 bytes[0m
[0;32mI (1798) mqtts_example: Other event id:7[0m
[0;31mE (1798) esp-tls: couldn't get hostname for :d7217f83930a4a088cb62aa16eb9308a.s1.eu.hivemq.cloud: getaddrinfo() returns 202, addrinfo=0x0[0m
[0;31mE (1808) esp-tls: Failed to open new connection[0m
[0;31mE (1818) transport_base: Failed to open a new connection[0m
[0;31mE (1828) mqtt_client: Error transport connect[0m
[0;32mI (1828) mqtts_example: Other event id:0[0m
[0;32mI (1828) mqtts_example: MQTT_EVENT_DISCONNECTED[0m
[0;32mI (1838) main_task: Returned from app_main()[0m
I (10908) wifi:state: run -> init (0xcc00)
I (10918) wifi:new:<6,0>, old:<6,0>, ap:<255,255>, sta:<6,0>, prof:1, snd_ch_cfg:0x0
[0;32mI (10918) WiFi: Disconnected. Reconnecting...[0m
[0;32mI (13328) WiFi: Disconnected. Reconnecting...[0m
I (13348) wifi:new:<6,0>, old:<6,0>, ap:<255,255>, sta:<6,0>, prof:1, snd_ch_cfg:0x0
I (13348) wifi:state: init -> auth (0xb0)
I (13368) wifi:state: auth -> assoc (0x0)
I (13388) wifi:state: assoc -> run (0x10)
I (13428) wifi:connected with 9999, aid = 6, channel 6, BW20, bssid = 00:c8:96:7e:b6:21
I (13428) wifi:security: WPA2-PSK, phy: bgn, rssi: -61
I (13438) wifi:pm start, type: 1

I (13438) wifi:dp: 1, bi: 102400, li: 3, scale listen interval from 307200 us to 307200 us
I (13448) wifi:AP's beacon interval = 102400 us, DTIM period = 1
I (13478) wifi:<ba-add>idx:0 (ifx:0, 00:c8:96:7e:b6:21), tid:7, ssn:0, winSize:64
[0;32mI (14448) esp_netif_handlers: sta ip: 192.168.1.179, mask: 255.255.255.0, gw: 192.168.1.1[0m
[0;32mI (14448) WiFi: Got IP: 192.168.1.179[0m
[0;32mI (16838) mqtts_example: Other event id:7[0m
I (16848) wifi:<ba-add>idx:1 (ifx:0, 00:c8:96:7e:b6:21), tid:6, ssn:2, winSize:64
I (17018) wifi:<ba-del>idx:1, tid:6
I (17028) wifi:<ba-add>idx:1 (ifx:0, 00:c8:96:7e:b6:21), tid:0, ssn:0, winSize:64
[0;32mI (18718) mqtts_example: MQTT_EVENT_CONNECTED[0m
[0;32mI (18728) mqtts_example: sent subscribe successful, msg_id=29012[0m
[0;32mI (18968) mqtt5_client: MQTT_MSG_TYPE_SUBACK return code is 0[0m
[0;32mI (18968) mqtts_example: MQTT_EVENT_SUBSCRIBED, msg_id=29012[0m
[0;32mI (18968) mqtts_example: sent publish successful, msg_id=0[0m
[0;32mI (45078) mqtts_example: MQTT_EVENT_DATA[0m
TOPIC=/topic/qos0
DATA=123456
[0;32mI (45388) mqtts_example: MQTT_EVENT_DATA[0m
TOPIC=/topic/qos0
DATA=123456
[0;32mI (45538) mqtts_example: MQTT_EVENT_DATA[0m
TOPIC=/topic/qos0
DATA=123456
