ets Jul 29 2019 12:21:46

rst:0x1 (POWERON_RESET),boot:0x13 (SPI_FAST_FLASH_BOOT)
configsip: 0, SPIWP:0xee
clk_drv:0x00,q_drv:0x00,d_drv:0x00,cs0_drv:0x00,hd_drv:0x00,wp_drv:0x00
mode:DIO, clock div:2
load:0x3fff0030,len:7176
load:0x40078000,len:15564
ho 0 tail 12 room 4
load:0x40080400,len:4
load:0x40080404,len:3904
entry 0x40080640
[0;32mI (31) boot: ESP-IDF v5.3.1-dirty 2nd stage bootloader[0m
[0;32mI (31) boot: compile time Mar 30 2025 14:12:56[0m
[0;32mI (31) boot: Multicore bootloader[0m
[0;32mI (36) boot: chip revision: v3.1[0m
[0;32mI (40) boot.esp32: SPI Speed      : 40MHz[0m
[0;32mI (44) boot.esp32: SPI Mode       : DIO[0m
[0;32mI (49) boot.esp32: SPI Flash Size : 4MB[0m
[0;32mI (53) boot: Enabling RNG early entropy source...[0m
[0;32mI (59) boot: Partition Table:[0m
[0;32mI (62) boot: ## Label            Usage          Type ST Offset   Length[0m
[0;32mI (70) boot:  0 nvs              WiFi data        01 02 00009000 00006000[0m
[0;32mI (77) boot:  1 phy_init         RF data          01 01 0000f000 00001000[0m
[0;32mI (85) boot:  2 factory          factory app      00 00 00010000 00100000[0m
[0;32mI (92) boot: End of partition table[0m
[0;32mI (96) esp_image: segment 0: paddr=00010020 vaddr=3f400020 size=2739ch (160668) map[0m
[0;32mI (160) esp_image: segment 1: paddr=000373c4 vaddr=3ffb0000 size=0404ch ( 16460) load[0m
[0;32mI (166) esp_image: segment 2: paddr=0003b418 vaddr=40080000 size=04c00h ( 19456) load[0m
[0;32mI (174) esp_image: segment 3: paddr=00040020 vaddr=400d0020 size=a65f8h (681464) map[0m
[0;32mI (408) esp_image: segment 4: paddr=000e6620 vaddr=40084c00 size=13f80h ( 81792) load[0m
[0;32mI (452) boot: Loaded app from partition at offset 0x10000[0m
[0;32mI (453) boot: Disabling RNG early entropy source...[0m
[0;32mI (465) cpu_start: Multicore app[0m
[0;32mI (473) cpu_start: Pro cpu start user code[0m
[0;32mI (473) cpu_start: cpu freq: 160000000 Hz[0m
[0;32mI (473) app_init: Application information:[0m
[0;32mI (476) app_init: Project name:     GATEWAY[0m
[0;32mI (481) app_init: App version:      eb4d542-dirty[0m
[0;32mI (486) app_init: Compile time:     Apr  7 2025 02:53:50[0m
[0;32mI (492) app_init: ELF file SHA256:  d10b40ed9...[0m
[0;32mI (497) app_init: ESP-IDF:          v5.3.1-dirty[0m
[0;32mI (503) efuse_init: Min chip rev:     v0.0[0m
[0;32mI (508) efuse_init: Max chip rev:     v3.99 [0m
[0;32mI (512) efuse_init: Chip rev:         v3.1[0m
[0;32mI (518) heap_init: Initializing. RAM available for dynamic allocation:[0m
[0;32mI (525) heap_init: At 3FFAE6E0 len 00001920 (6 KiB): DRAM[0m
[0;32mI (531) heap_init: At 3FFB8938 len 000276C8 (157 KiB): DRAM[0m
[0;32mI (537) heap_init: At 3FFE0440 len 00003AE0 (14 KiB): D/IRAM[0m
[0;32mI (543) heap_init: At 3FFE4350 len 0001BCB0 (111 KiB): D/IRAM[0m
[0;32mI (550) heap_init: At 40098B80 len 00007480 (29 KiB): IRAM[0m
[0;32mI (557) spi_flash: detected chip: generic[0m
[0;32mI (560) spi_flash: flash io: dio[0m
[0;32mI (565) main_task: Started on CPU0[0m
[0;32mI (575) main_task: Calling app_main()[0m
[0;32mI (585) LORA_receive: CH∆ØA NH·∫¨N ƒê∆Ø·ª¢C G√ìI TIN: 
[0m
LoRa Receiver ƒê√£ Kh·ªüi ƒê·ªông
I (615) wifi:wifi driver task: 3ffc1d10, prio:23, stack:6656, core=0
I (625) wifi:wifi firmware version: ccaebfa
I (625) wifi:wifi certification version: v7.0
I (625) wifi:config NVS flash: enabled
I (625) wifi:config nano formating: disabled
I (625) wifi:Init data frame dynamic rx buffer num: 32
I (635) wifi:Init static rx mgmt buffer num: 5
I (635) wifi:Init management short buffer num: 32
I (645) wifi:Init dynamic tx buffer num: 32
I (645) wifi:Init static rx buffer size: 1600
I (655) wifi:Init static rx buffer num: 10
I (655) wifi:Init dynamic rx buffer num: 32
[0;32mI (655) wifi_init: rx ba win: 6[0m
[0;32mI (665) wifi_init: accept mbox: 6[0m
[0;32mI (665) wifi_init: tcpip mbox: 32[0m
[0;32mI (665) wifi_init: udp mbox: 6[0m
[0;32mI (675) wifi_init: tcp mbox: 6[0m
[0;32mI (675) wifi_init: tcp tx win: 5760[0m
[0;32mI (685) wifi_init: tcp rx win: 5760[0m
[0;32mI (685) wifi_init: tcp mss: 1440[0m
[0;32mI (685) wifi_init: WiFi IRAM OP enabled[0m
[0;32mI (695) wifi_init: WiFi RX IRAM OP enabled[0m
[0;32mI (705) phy_init: phy_version 4830,54550f7,Jun 20 2024,14:22:08[0m
I (785) wifi:mode : sta (e8:6b:ea:d4:6d:24)
I (795) wifi:enable tsf
I (805) wifi:new:<11,0>, old:<1,0>, ap:<255,255>, sta:<11,0>, prof:1, snd_ch_cfg:0x0
I (815) wifi:state: init -> auth (0xb0)
I (815) wifi:state: auth -> init (0x1c0)
I (825) wifi:new:<11,0>, old:<11,0>, ap:<255,255>, sta:<11,0>, prof:1, snd_ch_cfg:0x0
[0;32mI (825) WiFi: Disconnected. Reconnecting...[0m
[0;32mI (1795) mqtts_example: [APP] Free memory: 225116 bytes[0m
[0;32mI (1795) mqtts_example: Connecting to MQTT broker at 192.168.1.8:1883...[0m
[0;32mI (1795) mqtts_example: Other event id:7[0m
[0;31mE (1805) esp-tls: [sock=54] connect() error: Host is unreachable[0m
[0;31mE (1805) transport_base: Failed to open a new connection: 32772[0m
[0;31mE (1815) mqtt_client: Error transport connect[0m
[0;32mI (1815) mqtts_example: Other event id:0[0m
[0;32mI (1825) mqtts_example: MQTT_EVENT_DISCONNECTED[0m
[0;32mI (1825) main_task: Returned from app_main()[0m
[0;32mI (2085) LORA_receive: CH∆ØA NH·∫¨N ƒê∆Ø·ª¢C G√ìI TIN: 
[0m
[0;32mI (3245) WiFi: Disconnected. Reconnecting...[0m
I (3255) wifi:new:<11,0>, old:<11,0>, ap:<255,255>, sta:<11,0>, prof:1, snd_ch_cfg:0x0
I (3255) wifi:state: init -> auth (0xb0)
I (3265) wifi:state: auth -> assoc (0x0)
I (3285) wifi:state: assoc -> run (0x10)
I (3305) wifi:connected with Galaxy A05s 6247, aid = 4, channel 11, BW20, bssid = 2e:94:d7:57:2c:81
I (3305) wifi:security: WPA2-PSK, phy: bgn, rssi: -48
I (3305) wifi:pm start, type: 1

I (3305) wifi:dp: 1, bi: 102400, li: 3, scale listen interval from 307200 us to 307200 us
I (3385) wifi:dp: 2, bi: 102400, li: 4, scale listen interval from 307200 us to 409600 us
I (3385) wifi:AP's beacon interval = 102400 us, DTIM period = 2
[0;32mI (3585) LORA_receive: CH∆ØA NH·∫¨N ƒê∆Ø·ª¢C G√ìI TIN: 
[0m
[0;32mI (4315) esp_netif_handlers: sta ip: 192.168.244.162, mask: 255.255.255.0, gw: 192.168.244.42[0m
[0;32mI (4315) WiFi: Got IP: 192.168.244.162[0m
