ets Jul 29 2019 12:21:46

rst:0x1 (POWERON_RESET),boot:0x13 (SPI_FAST_FLASH_BOOT)
configsip: 0, SPIWP:0xee
clk_drv:0x00,q_drv:0x00,d_drv:0x00,cs0_drv:0x00,hd_drv:0x00,wp_drv:0x00
mode:DIO, clock div:2
load:0x3fff0030,len:7176
load:0x40078000,len:15564
ho 0 tail 12 room 4
load:0x40080400,len:4
load:0x40080404,len:3904
entry 0x40080640
[0;32mI (31) boot: ESP-IDF v5.3.1-dirty 2nd stage bootloader[0m
[0;32mI (31) boot: compile time Mar 30 2025 14:12:56[0m
[0;32mI (31) boot: Multicore bootloader[0m
[0;32mI (36) boot: chip revision: v3.1[0m
[0;32mI (40) boot.esp32: SPI Speed      : 40MHz[0m
[0;32mI (44) boot.esp32: SPI Mode       : DIO[0m
[0;32mI (49) boot.esp32: SPI Flash Size : 4MB[0m
[0;32mI (53) boot: Enabling RNG early entropy source...[0m
[0;32mI (59) boot: Partition Table:[0m
[0;32mI (62) boot: ## Label            Usage          Type ST Offset   Length[0m
[0;32mI (70) boot:  0 nvs              WiFi data        01 02 00009000 00006000[0m
[0;32mI (77) boot:  1 phy_init         RF data          01 01 0000f000 00001000[0m
[0;32mI (85) boot:  2 factory          factory app      00 00 00010000 00100000[0m
[0;32mI (92) boot: End of partition table[0m
[0;32mI (96) esp_image: segment 0: paddr=00010020 vaddr=3f400020 size=27b14h (162580) map[0m
[0;32mI (161) esp_image: segment 1: paddr=00037b3c vaddr=3ffb0000 size=0404ch ( 16460) load[0m
[0;32mI (167) esp_image: segment 2: paddr=0003bb90 vaddr=40080000 size=04488h ( 17544) load[0m
[0;32mI (174) esp_image: segment 3: paddr=00040020 vaddr=400d0020 size=a6ef4h (683764) map[0m
[0;32mI (409) esp_image: segment 4: paddr=000e6f1c vaddr=40084488 size=1519ch ( 86428) load[0m
[0;32mI (456) boot: Loaded app from partition at offset 0x10000[0m
[0;32mI (456) boot: Disabling RNG early entropy source...[0m
[0;32mI (468) cpu_start: Multicore app[0m
[0;32mI (476) cpu_start: Pro cpu start user code[0m
[0;32mI (476) cpu_start: cpu freq: 160000000 Hz[0m
[0;32mI (476) app_init: Application information:[0m
[0;32mI (479) app_init: Project name:     GATEWAY[0m
[0;32mI (484) app_init: App version:      eb4d542-dirty[0m
[0;32mI (489) app_init: Compile time:     Apr  7 2025 02:53:50[0m
[0;32mI (495) app_init: ELF file SHA256:  54775f7e9...[0m
[0;32mI (501) app_init: ESP-IDF:          v5.3.1-dirty[0m
[0;32mI (506) efuse_init: Min chip rev:     v0.0[0m
[0;32mI (511) efuse_init: Max chip rev:     v3.99 [0m
[0;32mI (516) efuse_init: Chip rev:         v3.1[0m
[0;32mI (521) heap_init: Initializing. RAM available for dynamic allocation:[0m
[0;32mI (528) heap_init: At 3FFAE6E0 len 00001920 (6 KiB): DRAM[0m
[0;32mI (534) heap_init: At 3FFB8938 len 000276C8 (157 KiB): DRAM[0m
[0;32mI (540) heap_init: At 3FFE0440 len 00003AE0 (14 KiB): D/IRAM[0m
[0;32mI (546) heap_init: At 3FFE4350 len 0001BCB0 (111 KiB): D/IRAM[0m
[0;32mI (553) heap_init: At 40099624 len 000069DC (26 KiB): IRAM[0m
[0;32mI (561) spi_flash: detected chip: generic[0m
[0;32mI (564) spi_flash: flash io: dio[0m
[0;32mI (569) main_task: Started on CPU0[0m
[0;32mI (579) main_task: Calling app_main()[0m
[0;32mI (589) LORA_receive: CH∆ØA NH·∫¨N ƒê∆Ø·ª¢C G√ìI TIN: 
[0m
LoRa Receiver ƒê√£ Kh·ªüi ƒê·ªông
I (619) wifi:wifi driver task: 3ffc1c8c, prio:23, stack:6656, core=0
I (629) wifi:wifi firmware version: ccaebfa
I (629) wifi:wifi certification version: v7.0
I (629) wifi:config NVS flash: enabled
I (629) wifi:config nano formating: disabled
I (629) wifi:Init data frame dynamic rx buffer num: 32
I (639) wifi:Init static rx mgmt buffer num: 5
I (639) wifi:Init management short buffer num: 32
I (649) wifi:Init dynamic tx buffer num: 32
I (649) wifi:Init static rx buffer size: 1600
I (659) wifi:Init static rx buffer num: 10
I (659) wifi:Init dynamic rx buffer num: 32
[0;32mI (659) wifi_init: rx ba win: 6[0m
[0;32mI (669) wifi_init: accept mbox: 6[0m
[0;32mI (669) wifi_init: tcpip mbox: 32[0m
[0;32mI (669) wifi_init: udp mbox: 6[0m
[0;32mI (679) wifi_init: tcp mbox: 6[0m
[0;32mI (679) wifi_init: tcp tx win: 5760[0m
[0;32mI (689) wifi_init: tcp rx win: 5760[0m
[0;32mI (689) wifi_init: tcp mss: 1440[0m
[0;32mI (689) wifi_init: WiFi IRAM OP enabled[0m
[0;32mI (699) wifi_init: WiFi RX IRAM OP enabled[0m
[0;32mI (709) phy_init: phy_version 4830,54550f7,Jun 20 2024,14:22:08[0m
I (789) wifi:mode : sta (e8:6b:ea:d4:6d:24)
I (799) wifi:enable tsf
I (819) wifi:new:<8,0>, old:<1,0>, ap:<255,255>, sta:<8,0>, prof:1, snd_ch_cfg:0x0
I (819) wifi:state: init -> auth (0xb0)
I (839) wifi:state: auth -> assoc (0x0)
I (909) wifi:state: assoc -> run (0x10)
I (1009) wifi:connected with VNPT_Hanh, aid = 3, channel 8, BW20, bssid = 4c:12:e8:76:17:60
I (1009) wifi:security: WPA2-PSK, phy: bgn, rssi: -66
I (1019) wifi:pm start, type: 1

I (1019) wifi:dp: 1, bi: 102400, li: 3, scale listen interval from 307200 us to 307200 us
I (1029) wifi:AP's beacon interval = 102400 us, DTIM period = 1
[0;32mI (1799) mqtts_example: [APP] Free memory: 224504 bytes[0m
[0;32mI (1799) mqtts_example: Connecting to MQTT broker at 192.168.1.8:1883...[0m
[0;32mI (1799) mqtts_example: Other event id:7[0m
[0;31mE (1799) esp-tls: [sock=54] connect() error: Host is unreachable[0m
[0;31mE (1809) transport_base: Failed to open a new connection: 32772[0m
[0;31mE (1819) mqtt_client: Error transport connect[0m
[0;32mI (1819) mqtts_example: Other event id:0[0m
[0;32mI (1829) mqtts_example: MQTT_EVENT_DISCONNECTED[0m

assert failed: xRingbufferReceive ringbuf.c:1104 (pxRingbuffer && pxItemSize)


Backtrace: 0x40081bc2:0x3ffcb210 0x4008adc9:0x3ffcb230 0x400933fd:0x3ffcb250 0x4008abe5:0x3ffcb370 0x400d823d:0x3ffcb3b0 0x4008b8d5:0x3ffcb3e0




ELF file SHA256: 54775f7e9

Rebooting...
ets Jul 29 2019 12:21:46

rst:0xc (SW_CPU_RESET),boot:0x13 (SPI_FAST_FLASH_BOOT)
configsip: 0, SPIWP:0xee
clk_drv:0x00,q_drv:0x00,d_drv:0x00,cs0_drv:0x00,hd_drv:0x00,wp_drv:0x00
mode:DIO, clock div:2
load:0x3fff0030,len:7176
load:0x40078000,len:15564
ho 0 tail 12 room 4
load:0x40080400,len:4
load:0x40080404,len:3904
entry 0x40080640
[0;32mI (31) boot: ESP-IDF v5.3.1-dirty 2nd stage bootloader[0m
[0;32mI (31) boot: compile time Mar 30 2025 14:12:56[0m
[0;32mI (31) boot: Multicore bootloader[0m
[0;32mI (36) boot: chip revision: v3.1[0m
[0;32mI (40) boot.esp32: SPI Speed      : 40MHz[0m
[0;32mI (44) boot.esp32: SPI Mode       : DIO[0m
[0;32mI (49) boot.esp32: SPI Flash Size : 4MB[0m
[0;32mI (53) boot: Enabling RNG early entropy source...[0m
[0;32mI (59) boot: Partition Table:[0m
[0;32mI (62) boot: ## Label            Usage          Type ST Offset   Length[0m
[0;32mI (70) boot:  0 nvs              WiFi data        01 02 00009000 00006000[0m
[0;32mI (77) boot:  1 phy_init         RF data          01 01 0000f000 00001000[0m
[0;32mI (85) boot:  2 factory          factory app      00 00 00010000 00100000[0m
[0;32mI (92) boot: End of partition table[0m
[0;32mI (96) esp_image: segment 0: paddr=00010020 vaddr=3f400020 size=27b14h (162580) map[0m
[0;32mI (160) esp_image: segment 1: paddr=00037b3c vaddr=3ffb0000 size=0404ch ( 16460) load[0m
[0;32mI (167) esp_image: segment 2: paddr=0003bb90 vaddr=40080000 size=04488h ( 17544) load[0m
[0;32mI (174) esp_image: segment 3: paddr=00040020 vaddr=400d0020 size=a6ef4h (683764) map[0m
[0;32mI (409) esp_image: segment 4: paddr=000e6f1c vaddr=40084488 size=1519ch ( 86428) load[0m
[0;32mI (456) boot: Loaded app from partition at offset 0x10000[0m
[0;32mI (456) boot: Disabling RNG early entropy source...[0m
[0;32mI (468) cpu_start: Multicore app[0m
[0;32mI (476) cpu_start: Pro cpu start user code[0m
[0;32mI (476) cpu_start: cpu freq: 160000000 Hz[0m
[0;32mI (476) app_init: Application information:[0m
[0;32mI (479) app_init: Project name:     GATEWAY[0m
[0;32mI (484) app_init: App version:      eb4d542-dirty[0m
[0;32mI (489) app_init: Compile time:     Apr  7 2025 02:53:50[0m
[0;32mI (495) app_init: ELF file SHA256:  54775f7e9...[0m
[0;32mI (501) app_init: ESP-IDF:          v5.3.1-dirty[0m
[0;32mI (506) efuse_init: Min chip rev:     v0.0[0m
[0;32mI (511) efuse_init: Max chip rev:     v3.99 [0m
[0;32mI (516) efuse_init: Chip rev:         v3.1[0m
[0;32mI (521) heap_init: Initializing. RAM available for dynamic allocation:[0m
[0;32mI (528) heap_init: At 3FFAE6E0 len 00001920 (6 KiB): DRAM[0m
[0;32mI (534) heap_init: At 3FFB8938 len 000276C8 (157 KiB): DRAM[0m
[0;32mI (540) heap_init: At 3FFE0440 len 00003AE0 (14 KiB): D/IRAM[0m
[0;32mI (546) heap_init: At 3FFE4350 len 0001BCB0 (111 KiB): D/IRAM[0m
[0;32mI (553) heap_init: At 40099624 len 000069DC (26 KiB): IRAM[0m
[0;32mI (561) spi_flash: detected chip: generic[0m
[0;32mI (564) spi_flash: flash io: dio[0m
[0;32mI (569) main_task: Started on CPU0[0m
[0;32mI (579) main_task: Calling app_main()[0m
[0;32mI (589) LORA_receive: CH∆ØA NH·∫¨N ƒê∆Ø·ª¢C G√ìI TIN: 
[0m
LoRa Receiver ƒê√£ Kh·ªüi ƒê·ªông
I (619) wifi:wifi driver task: 3ffc1c8c, prio:23, stack:6656, core=0
I (629) wifi:wifi firmware version: ccaebfa
I (629) wifi:wifi certification version: v7.0
I (629) wifi:config NVS flash: enabled
I (629) wifi:config nano formating: disabled
I (629) wifi:Init data frame dynamic rx buffer num: 32
I (639) wifi:Init static rx mgmt buffer num: 5
I (639) wifi:Init management short buffer num: 32
I (649) wifi:Init dynamic tx buffer num: 32
I (649) wifi:Init static rx buffer size: 1600
I (659) wifi:Init static rx buffer num: 10
I (659) wifi:Init dynamic rx buffer num: 32
[0;32mI (659) wifi_init: rx ba win: 6[0m
[0;32mI (669) wifi_init: accept mbox: 6[0m
[0;32mI (669) wifi_init: tcpip mbox: 32[0m
[0;32mI (669) wifi_init: udp mbox: 6[0m
[0;32mI (679) wifi_init: tcp mbox: 6[0m
[0;32mI (679) wifi_init: tcp tx win: 5760[0m
[0;32mI (689) wifi_init: tcp rx win: 5760[0m
[0;32mI (689) wifi_init: tcp mss: 1440[0m
[0;32mI (689) wifi_init: WiFi IRAM OP enabled[0m
[0;32mI (699) wifi_init: WiFi RX IRAM OP enabled[0m
[0;32mI (709) phy_init: phy_version 4830,54550f7,Jun 20 2024,14:22:08[0m
I (799) wifi:mode : sta (e8:6b:ea:d4:6d:24)
I (799) wifi:enable tsf
I (819) wifi:new:<8,0>, old:<1,0>, ap:<255,255>, sta:<8,0>, prof:1, snd_ch_cfg:0x0
I (819) wifi:state: init -> auth (0xb0)
I (889) wifi:state: auth -> assoc (0x0)
I (939) wifi:state: assoc -> run (0x10)
I (1049) wifi:connected with VNPT_Hanh, aid = 3, channel 8, BW20, bssid = 4c:12:e8:76:17:60
I (1049) wifi:security: WPA2-PSK, phy: bgn, rssi: -66
I (1049) wifi:pm start, type: 1

I (1049) wifi:dp: 1, bi: 102400, li: 3, scale listen interval from 307200 us to 307200 us
I (1089) wifi:AP's beacon interval = 102400 us, DTIM period = 1
[0;32mI (1799) mqtts_example: [APP] Free memory: 224504 bytes[0m
[0;32mI (1799) mqtts_example: Connecting to MQTT broker at 192.168.1.8:1883...[0m
[0;32mI (1799) mqtts_example: Other event id:7[0m

assert failed: xRingbufferReceive ringbuf.c:1104 (pxRingbuffer && pxItemSize)


Backtrace: 0x40081bc2:0x3ffcb4d0 0x4008adc9:0x3ffcb4f0 0x400933fd:0x3ffcb510 0x4008abe5:0x3ffcb630 0x400d823d:0x3ffcb670 0x4008b8d5:0x3ffcb6a0




ELF file SHA256: 54775f7e9

Rebooting...
ets Jul 29 2019 12:21:46

rst:0xc (SW_CPU_RESET),boot:0x13 (SPI_FAST_FLASH_BOOT)
configsip: 0, SPIWP:0xee
clk_drv:0x00,q_drv:0x00,d_drv:0x00,cs0_drv:0x00,hd_drv:0x00,wp_drv:0x00
mode:DIO, clock div:2
load:0x3fff0030,len:7176
load:0x40078000,len:15564
ho 0 tail 12 room 4
load:0x40080400,len:4
load:0x40080404,len:3904
entry 0x40080640
[0;32mI (31) boot: ESP-IDF v5.3.1-dirty 2nd stage bootloader[0m
[0;32mI (31) boot: compile time Mar 30 2025 14:12:56[0m
[0;32mI (31) boot: Multicore bootloader[0m
[0;32mI (36) boot: chip revision: v3.1[0m
[0;32mI (40) boot.esp32: SPI Speed      : 40MHz[0m
[0;32mI (44) boot.esp32: SPI Mode       : DIO[0m
[0;32mI (49) boot.esp32: SPI Flash Size : 4MB[0m
[0;32mI (53) boot: Enabling RNG early entropy source...[0m
[0;32mI (59) boot: Partition Table:[0m
[0;32mI (62) boot: ## Label            Usage          Type ST Offset   Length[0m
[0;32mI (70) boot:  0 nvs              WiFi data        01 02 00009000 00006000[0m
[0;32mI (77) boot:  1 phy_init         RF data          01 01 0000f000 00001000[0m
[0;32mI (85) boot:  2 factory          factory app      00 00 00010000 00100000[0m
[0;32mI (92) boot: End of partition table[0m
[0;32mI (96) esp_image: segment 0: paddr=00010020 vaddr=3f400020 size=27b14h (162580) map[0m
[0;32mI (160) esp_image: segment 1: paddr=00037b3c vaddr=3ffb0000 size=0404ch ( 16460) load[0m
[0;32mI (167) esp_image: segment 2: paddr=0003bb90 vaddr=40080000 size=04488h ( 17544) load[0m
[0;32mI (174) esp_image: segment 3: paddr=00040020 vaddr=400d0020 size=a6ef4h (683764) map[0m
[0;32mI (409) esp_image: segment 4: paddr=000e6f1c vaddr=40084488 size=1519ch ( 86428) load[0m
[0;32mI (456) boot: Loaded app from partition at offset 0x10000[0m
[0;32mI (456) boot: Disabling RNG early entropy source...[0m
[0;32mI (468) cpu_start: Multicore app[0m
[0;32mI (476) cpu_start: Pro cpu start user code[0m
[0;32mI (476) cpu_start: cpu freq: 160000000 Hz[0m
[0;32mI (476) app_init: Application information:[0m
[0;32mI (479) app_init: Project name:     GATEWAY[0m
[0;32mI (484) app_init: App version:      eb4d542-dirty[0m
[0;32mI (489) app_init: Compile time:     Apr  7 2025 02:53:50[0m
[0;32mI (495) app_init: ELF file SHA256:  54775f7e9...[0m
[0;32mI (501) app_init: ESP-IDF:          v5.3.1-dirty[0m
[0;32mI (506) efuse_init: Min chip rev:     v0.0[0m
[0;32mI (511) efuse_init: Max chip rev:     v3.99 [0m
[0;32mI (516) efuse_init: Chip rev:         v3.1[0m
[0;32mI (521) heap_init: Initializing. RAM available for dynamic allocation:[0m
[0;32mI (528) heap_init: At 3FFAE6E0 len 00001920 (6 KiB): DRAM[0m
[0;32mI (534) heap_init: At 3FFB8938 len 000276C8 (157 KiB): DRAM[0m
[0;32mI (540) heap_init: At 3FFE0440 len 00003AE0 (14 KiB): D/IRAM[0m
[0;32mI (546) heap_init: At 3FFE4350 len 0001BCB0 (111 KiB): D/IRAM[0m
[0;32mI (553) heap_init: At 40099624 len 000069DC (26 KiB): IRAM[0m
[0;32mI (561) spi_flash: detected chip: generic[0m
[0;32mI (564) spi_flash: flash io: dio[0m
[0;32mI (569) main_task: Started on CPU0[0m
[0;32mI (579) main_task: Calling app_main()[0m
[0;32mI (589) LORA_receive: CH∆ØA NH·∫¨N ƒê∆Ø·ª¢C G√ìI TIN: 
[0m
LoRa Receiver ƒê√£ Kh·ªüi ƒê·ªông
I (619) wifi:wifi driver task: 3ffc1c8c, prio:23, stack:6656, core=0
I (629) wifi:wifi firmware version: ccaebfa
I (629) wifi:wifi certification version: v7.0
I (629) wifi:config NVS flash: enabled
I (629) wifi:config nano formating: disabled
I (629) wifi:Init data frame dynamic rx buffer num: 32
I (639) wifi:Init static rx mgmt buffer num: 5
I (639) wifi:Init management short buffer num: 32
I (649) wifi:Init dynamic tx buffer num: 32
I (649) wifi:Init static rx buffer size: 1600
I (659) wifi:Init static rx buffer num: 10
I (659) wifi:Init dynamic rx buffer num: 32
[0;32mI (659) wifi_init: rx ba win: 6[0m
[0;32mI (669) wifi_init: accept mbox: 6[0m
[0;32mI (669) wifi_init: tcpip mbox: 32[0m
[0;32mI (669) wifi_init: udp mbox: 6[0m
[0;32mI (679) wifi_init: tcp mbox: 6[0m
[0;32mI (679) wifi_init: tcp tx win: 5760[0m
[0;32mI (689) wifi_init: tcp rx win: 5760[0m
[0;32mI (689) wifi_init: tcp mss: 1440[0m
[0;32mI (689) wifi_init: WiFi IRAM OP enabled[0m
[0;32mI (699) wifi_init: WiFi RX IRAM OP enabled[0m
[0;32mI (709) phy_init: phy_version 4830,54550f7,Jun 20 2024,14:22:08[0m
I (789) wifi:mode : sta (e8:6b:ea:d4:6d:24)
I (799) wifi:enable tsf
I (819) wifi:new:<8,0>, old:<1,0>, ap:<255,255>, sta:<8,0>, prof:1, snd_ch_cfg:0x0
I (819) wifi:state: init -> auth (0xb0)
I (839) wifi:state: auth -> assoc (0x0)
I (899) wifi:state: assoc -> run (0x10)
I (999) wifi:connected with VNPT_Hanh, aid = 3, channel 8, BW20, bssid = 4c:12:e8:76:17:60
I (1009) wifi:security: WPA2-PSK, phy: bgn, rssi: -65
I (1009) wifi:pm start, type: 1

I (1009) wifi:dp: 1, bi: 102400, li: 3, scale listen interval from 307200 us to 307200 us
I (1089) wifi:AP's beacon interval = 102400 us, DTIM period = 1
[0;32mI (1799) mqtts_example: [APP] Free memory: 224504 bytes[0m
[0;32mI (1799) mqtts_example: Connecting to MQTT broker at 192.168.1.8:1883...[0m
[0;32mI (1799) mqtts_example: Other event id:7[0m

assert failed: xRingbufferReceive ringbuf.c:1104 (pxRingbuffer && pxItemSize)


Backtrace: 0x40081bc2:0x3ffcb4d0 0x4008adc9:0x3ffcb4f0 0x400933fd:0x3ffcb510 0x4008abe5:0x3ffcb630 0x400d823d:0x3ffcb670 0x4008b8d5:0x3ffcb6a0




ELF file SHA256: 54775f7e9

Rebooting...
ets Jul 29 2019 12:21:46

rst:0xc (SW_CPU_RESET),boot:0x13 (SPI_FAST_FLASH_BOOT)
configsip: 0, SPIWP:0xee
clk_drv:0x00,q_drv:0x00,d_drv:0x00,cs0_drv:0x00,hd_drv:0x00,wp_drv:0x00
mode:DIO, clock div:2
load:0x3fff0030,len:7176
load:0x40078000,len:15564
ho 0 tail 12 room 4
load:0x40080400,len:4
load:0x40080404,len:3904
entry 0x40080640
[0;32mI (31) boot: ESP-IDF v5.3.1-dirty 2nd stage bootloader[0m
[0;32mI (31) boot: compile time Mar 30 2025 14:12:56[0m
[0;32mI (31) boot: Multicore bootloader[0m
[0;32mI (36) boot: chip revision: v3.1[0m
[0;32mI (40) boot.esp32: SPI Speed      : 40MHz[0m
[0;32mI (44) boot.esp32: SPI Mode       : DIO[0m
[0;32mI (49) boot.esp32: SPI Flash Size : 4MB[0m
[0;32mI (53) boot: Enabling RNG early entropy source...[0m
[0;32mI (59) boot: Partition Table:[0m
[0;32mI (62) boot: ## Label            Usage          Type ST Offset   Length[0m
[0;32mI (70) boot:  0 nvs              WiFi data        01 02 00009000 00006000[0m
[0;32mI (77) boot:  1 phy_init         RF data          01 01 0000f000 00001000[0m
[0;32mI (85) boot:  2 factory          factory app      00 00 00010000 00100000[0m
[0;32mI (92) boot: End of partition table[0m
[0;32mI (96) esp_image: segment 0: paddr=00010020 vaddr=3f400020 size=27b14h (162580) map[0m
[0;32mI (160) esp_image: segment 1: paddr=00037b3c vaddr=3ffb0000 size=0404ch ( 16460) load[0m
[0;32mI (167) esp_image: segment 2: paddr=0003bb90 vaddr=40080000 size=04488h ( 17544) load[0m
[0;32mI (174) esp_image: segment 3: paddr=00040020 vaddr=400d0020 size=a6ef4h (683764) map[0m
[0;32mI (409) esp_image: segment 4: paddr=000e6f1c vaddr=40084488 size=1519ch ( 86428) load[0m
[0;32mI (456) boot: Loaded app from partition at offset 0x10000[0m
[0;32mI (456) boot: Disabling RNG early entropy source...[0m
[0;32mI (468) cpu_start: Multicore app[0m
[0;32mI (476) cpu_start: Pro cpu start user code[0m
[0;32mI (476) cpu_start: cpu freq: 160000000 Hz[0m
[0;32mI (476) app_init: Application information:[0m
[0;32mI (479) app_init: Project name:     GATEWAY[0m
[0;32mI (484) app_init: App version:      eb4d542-dirty[0m
[0;32mI (489) app_init: Compile time:     Apr  7 2025 02:53:50[0m
[0;32mI (495) app_init: ELF file SHA256:  54775f7e9...[0m
[0;32mI (501) app_init: ESP-IDF:          v5.3.1-dirty[0m
[0;32mI (506) efuse_init: Min chip rev:     v0.0[0m
[0;32mI (511) efuse_init: Max chip rev:     v3.99 [0m
[0;32mI (516) efuse_init: Chip rev:         v3.1[0m
[0;32mI (521) heap_init: Initializing. RAM available for dynamic allocation:[0m
[0;32mI (528) heap_init: At 3FFAE6E0 len 00001920 (6 KiB): DRAM[0m
[0;32mI (534) heap_init: At 3FFB8938 len 000276C8 (157 KiB): DRAM[0m
[0;32mI (540) heap_init: At 3FFE0440 len 00003AE0 (14 KiB): D/IRAM[0m
[0;32mI (546) heap_init: At 3FFE4350 len 0001BCB0 (111 KiB): D/IRAM[0m
[0;32mI (553) heap_init: At 40099624 len 000069DC (26 KiB): IRAM[0m
[0;32mI (561) spi_flash: detected chip: generic[0m
[0;32mI (564) spi_flash: flash io: dio[0m
[0;32mI (569) main_task: Started on CPU0[0m
[0;32mI (579) main_task: Calling app_main()[0m
[0;32mI (589) LORA_receive: CH∆ØA NH·∫¨N ƒê∆Ø·ª¢C G√ìI TIN: 
[0m
LoRa Receiver ƒê√£ Kh·ªüi ƒê·ªông
I (619) wifi:wifi driver task: 3ffc1c8c, prio:23, stack:6656, core=0
I (629) wifi:wifi firmware version: ccaebfa
I (629) wifi:wifi certification version: v7.0
I (629) wifi:config NVS flash: enabled
I (629) wifi:config nano formating: disabled
I (629) wifi:Init data frame dynamic rx buffer num: 32
I (639) wifi:Init static rx mgmt buffer num: 5
I (639) wifi:Init management short buffer num: 32
I (649) wifi:Init dynamic tx buffer num: 32
I (649) wifi:Init static rx buffer size: 1600
I (659) wifi:Init static rx buffer num: 10
I (659) wifi:Init dynamic rx buffer num: 32
[0;32mI (659) wifi_init: rx ba win: 6[0m
[0;32mI (669) wifi_init: accept mbox: 6[0m
[0;32mI (669) wifi_init: tcpip mbox: 32[0m
[0;32mI (669) wifi_init: udp mbox: 6[0m
[0;32mI (679) wifi_init: tcp mbox: 6[0m
[0;32mI (679) wifi_init: tcp tx win: 5760[0m
[0;32mI (689) wifi_init: tcp rx win: 5760[0m
[0;32mI (689) wifi_init: tcp mss: 1440[0m
[0;32mI (689) wifi_init: WiFi IRAM OP enabled[0m
[0;32mI (699) wifi_init: WiFi RX IRAM OP enabled[0m
[0;32mI (709) phy_init: phy_version 4830,54550f7,Jun 20 2024,14:22:08[0m
I (799) wifi:mode : sta (e8:6b:ea:d4:6d:24)
I (799) wifi:enable tsf
I (819) wifi:new:<8,0>, old:<1,0>, ap:<255,255>, sta:<8,0>, prof:1, snd_ch_cfg:0x0
I (819) wifi:state: init -> auth (0xb0)
I (849) wifi:state: auth -> assoc (0x0)
I (899) wifi:state: assoc -> run (0x10)
I (1009) wifi:connected with VNPT_Hanh, aid = 6, channel 8, BW20, bssid = 4c:12:e8:76:17:60
I (1009) wifi:security: WPA2-PSK, phy: bgn, rssi: -65
I (1019) wifi:pm start, type: 1

I (1019) wifi:dp: 1, bi: 102400, li: 3, scale listen interval from 307200 us to 307200 us
I (1099) wifi:AP's beacon interval = 102400 us, DTIM period = 1
[0;32mI (1799) mqtts_example: [APP] Free memory: 224504 bytes[0m
[0;32mI (1799) mqtts_example: Connecting to MQTT broker at 192.168.1.8:1883...[0m
[0;32mI (1799) mqtts_example: Other event id:7[0m
[0;31mE (1799) esp-tls: [sock=54] connect() error: H
assert failed: xRingbufferReceive ringbuf.c:1104 (pxRingbuffer && pxItemSize)


Backtrace: 0x40081bc2:0x3ffcb4d0 0x4008adc9:0x3ffcb4f0 0x400933fd:0x3ffcb510 0x4008abe5:0x3ffcb630 0x400d823d:0x3ffcb670 0x4008b8d5:0x3ffcb6a0




ELF file SHA256: 54775f7e9

Rebooting...
ets Jul 29 2019 12:21:46

rst:0xc (SW_CPU_RESET),boot:0x13 (SPI_FAST_FLASH_BOOT)
configsip: 0, SPIWP:0xee
clk_drv:0x00,q_drv:0x00,d_drv:0x00,cs0_drv:0x00,hd_drv:0x00,wp_drv:0x00
mode:DIO, clock div:2
load:0x3fff0030,len:7176
load:0x40078000,len:15564
ho 0 tail 12 room 4
load:0x40080400,len:4
load:0x40080404,len:3904
entry 0x40080640
[0;32mI (31) boot: ESP-IDF v5.3.1-dirty 2nd stage bootloader[0m
[0;32mI (31) boot: compile time Mar 30 2025 14:12:56[0m
[0;32mI (31) boot: Multicore bootloader[0m
[0;32mI (36) boot: chip revision: v3.1[0m
[0;32mI (40) boot.esp32: SPI Speed      : 40MHz[0m
[0;32mI (44) boot.esp32: SPI Mode       : DIO[0m
[0;32mI (49) boot.esp32: SPI Flash Size : 4MB[0m
[0;32mI (53) boot: Enabling RNG early entropy source...[0m
[0;32mI (59) boot: Partition Table:[0m
[0;32mI (62) boot: ## Label            Usage          Type ST Offset   Length[0m
[0;32mI (70) boot:  0 nvs              WiFi data        01 02 00009000 00006000[0m
[0;32mI (77) boot:  1 phy_init         RF data          01 01 0000f000 00001000[0m
[0;32mI (85) boot:  2 factory          factory app      00 00 00010000 00100000[0m
[0;32mI (92) boot: End of partition table[0m
[0;32mI (96) esp_image: segment 0: paddr=00010020 vaddr=3f400020 size=27b14h (162580) map[0m
[0;32mI (160) esp_image: segment 1: paddr=00037b3c vaddr=3ffb0000 size=0404ch ( 16460) load[0m
[0;32mI (167) esp_image: segment 2: paddr=0003bb90 vaddr=40080000 size=04488h ( 17544) load[0m
[0;32mI (174) esp_image: segment 3: paddr=00040020 vaddr=400d0020 size=a6ef4h (683764) map[0m
[0;32mI (409) esp_image: segment 4: paddr=000e6f1c vaddr=40084488 size=1519ch ( 86428) load[0m
[0;32mI (456) boot: Loaded app from partition at offset 0x10000[0m
[0;32mI (456) boot: Disabling RNG early entropy source...[0m
[0;32mI (468) cpu_start: Multicore app[0m
[0;32mI (476) cpu_start: Pro cpu start user code[0m
[0;32mI (476) cpu_start: cpu freq: 160000000 Hz[0m
[0;32mI (476) app_init: Application information:[0m
[0;32mI (479) app_init: Project name:     GATEWAY[0m
[0;32mI (484) app_init: App version:      eb4d542-dirty[0m
[0;32mI (489) app_init: Compile time:     Apr  7 2025 02:53:50[0m
[0;32mI (495) app_init: ELF file SHA256:  54775f7e9...[0m
[0;32mI (501) app_init: ESP-IDF:          v5.3.1-dirty[0m
[0;32mI (506) efuse_init: Min chip rev:     v0.0[0m
[0;32mI (511) efuse_init: Max chip rev:     v3.99 [0m
[0;32mI (516) efuse_init: Chip rev:         v3.1[0m
[0;32mI (521) heap_init: Initializing. RAM available for dynamic allocation:[0m
[0;32mI (528) heap_init: At 3FFAE6E0 len 00001920 (6 KiB): DRAM[0m
[0;32mI (534) heap_init: At 3FFB8938 len 000276C8 (157 KiB): DRAM[0m
[0;32mI (540) heap_init: At 3FFE0440 len 00003AE0 (14 KiB): D/IRAM[0m
[0;32mI (546) heap_init: At 3FFE4350 len 0001BCB0 (111 KiB): D/IRAM[0m
[0;32mI (553) heap_init: At 40099624 len 000069DC (26 KiB): IRAM[0m
[0;32mI (561) spi_flash: detected chip: generic[0m
[0;32mI (564) spi_flash: flash io: dio[0m
[0;32mI (569) main_task: Started on CPU0[0m
[0;32mI (579) main_task: Calling app_main()[0m
[0;32mI (589) LORA_receive: CH∆ØA NH·∫¨N ƒê∆Ø·ª¢C G√ìI TIN: 
[0m
LoRa Receiver ƒê√£ Kh·ªüi ƒê·ªông
I (619) wifi:wifi driver task: 3ffc1c8c, prio:23, stack:6656, core=0
I (629) wifi:wifi firmware version: ccaebfa
I (629) wifi:wifi certification version: v7.0
I (629) wifi:config NVS flash: enabled
I (629) wifi:config nano formating: disabled
I (629) wifi:Init data frame dynamic rx buffer num: 32
I (639) wifi:Init static rx mgmt buffer num: 5
I (639) wifi:Init management short buffer num: 32
I (649) wifi:Init dynamic tx buffer num: 32
I (649) wifi:Init static rx buffer size: 1600
I (659) wifi:Init static rx buffer num: 10
I (659) wifi:Init dynamic rx buffer num: 32
[0;32mI (659) wifi_init: rx ba win: 6[0m
[0;32mI (669) wifi_init: accept mbox: 6[0m
[0;32mI (669) wifi_init: tcpip mbox: 32[0m
[0;32mI (669) wifi_init: udp mbox: 6[0m
[0;32mI (679) wifi_init: tcp mbox: 6[0m
[0;32mI (679) wifi_init: tcp tx win: 5760[0m
[0;32mI (689) wifi_init: tcp rx win: 5760[0m
[0;32mI (689) wifi_init: tcp mss: 1440[0m
[0;32mI (689) wifi_init: WiFi IRAM OP enabled[0m
[0;32mI (699) wifi_init: WiFi RX IRAM OP enabled[0m
[0;32mI (709) phy_init: phy_version 4830,54550f7,Jun 20 2024,14:22:08[0m
I (799) wifi:mode : sta (e8:6b:ea:d4:6d:24)
I (799) wifi:enable tsf
I (819) wifi:new:<8,0>, old:<1,0>, ap:<255,255>, sta:<8,0>, prof:1, snd_ch_cfg:0x0
I (819) wifi:state: init -> auth (0xb0)
I (869) wifi:state: auth -> assoc (0x0)
I (969) wifi:state: assoc -> run (0x10)
I (1079) wifi:connected with VNPT_Hanh, aid = 3, channel 8, BW20, bssid = 4c:12:e8:76:17:60
I (1079) wifi:security: WPA2-PSK, phy: bgn, rssi: -65
I (1089) wifi:pm start, type: 1

I (1089) wifi:dp: 1, bi: 102400, li: 3, scale listen interval from 307200 us to 307200 us
I (1089) wifi:AP's beacon interval = 102400 us, DTIM period = 1
[0;32mI (1799) mqtts_example: [APP] Free memory: 224504 bytes[0m
[0;32mI (1799) mqtts_example: Connecting to MQTT broker at 192.168.1.8:1883...[0m
[0;32mI (1799) mqtts_example: Other event id:7[0m
[0;31mE (1809) esp-tls: [sock=54] connect() error: Host is unreachable[0m
[0;31mE (1809) transport_base: Failed to open a new connection: 32772[0m
[0;31mE (1819) mqtt_client: Error transport connect[0m
[0;32mI (1819) mqtts_example: Other event id:0[0m
[0;32mI (1829) mqtts_example: MQTT_EVENT_DISCONNECTED[0m

assert failed: xRingbufferReceive ringbuf.c:1104 (pxRingbuffer && pxItemSize)


Backtrace: 0x40081bc2:0x3ffcb210 0x4008adc9:0x3ffcb230 0x400933fd:0x3ffcb250 0x4008abe5:0x3ffcb370 0x400d823d:0x3ffcb3b0 0x4008b8d5:0x3ffcb3e0




ELF file SHA256: 54775f7e9

Rebooting...
ets Jul 29 2019 12:21:46

rst:0xc (SW_CPU_RESET),boot:0x13 (SPI_FAST_FLASH_BOOT)
configsip: 0, SPIWP:0xee
clk_drv:0x00,q_drv:0x00,d_drv:0x00,cs0_drv:0x00,hd_drv:0x00,wp_drv:0x00
mode:DIO, clock div:2
load:0x3fff0030,len:7176
load:0x40078000,len:15564
ho 0 tail 12 room 4
load:0x40080400,len:4
load:0x40080404,len:3904
entry 0x40080640
[0;32mI (31) boot: ESP-IDF v5.3.1-dirty 2nd stage bootloader[0m
[0;32mI (31) boot: compile time Mar 30 2025 14:12:56[0m
[0;32mI (31) boot: Multicore bootloader[0m
[0;32mI (36) boot: chip revision: v3.1[0m
[0;32mI (40) boot.esp32: SPI Speed      : 40MHz[0m
[0;32mI (44) boot.esp32: SPI Mode       : DIO[0m
[0;32mI (49) boot.esp32: SPI Flash Size : 4MB[0m
[0;32mI (53) boot: Enabling RNG early entropy source...[0m
[0;32mI (59) boot: Partition Table:[0m
[0;32mI (62) boot: ## Label            Usage          Type ST Offset   Length[0m
[0;32mI (70) boot:  0 nvs              WiFi data        01 02 00009000 00006000[0m
[0;32mI (77) boot:  1 phy_init         RF data          01 01 0000f000 00001000[0m
[0;32mI (85) boot:  2 factory          factory app      00 00 00010000 00100000[0m
[0;32mI (92) boot: End of partition table[0m
[0;32mI (96) esp_image: segment 0: paddr=00010020 vaddr=3f400020 size=27b14h (162580) map[0m
[0;32mI (160) esp_image: segment 1: paddr=00037b3c vaddr=3ffb0000 size=0404ch ( 16460) load[0m
[0;32mI (167) esp_image: segment 2: paddr=0003bb90 vaddr=40080000 size=04488h ( 17544) load[0m
[0;32mI (174) esp_image: segment 3: paddr=00040020 vaddr=400d0020 size=a6ef4h (683764) map[0m
[0;32mI (409) esp_image: segment 4: paddr=000e6f1c vaddr=40084488 size=1519ch ( 86428) load[0m
[0;32mI (456) boot: Loaded app from partition at offset 0x10000[0m
[0;32mI (456) boot: Disabling RNG early entropy source...[0m
[0;32mI (468) cpu_start: Multicore app[0m
[0;32mI (476) cpu_start: Pro cpu start user code[0m
[0;32mI (476) cpu_start: cpu freq: 160000000 Hz[0m
[0;32mI (476) app_init: Application information:[0m
[0;32mI (479) app_init: Project name:     GATEWAY[0m
[0;32mI (484) app_init: App version:      eb4d542-dirty[0m
[0;32mI (489) app_init: Compile time:     Apr  7 2025 02:53:50[0m
[0;32mI (495) app_init: ELF file SHA256:  54775f7e9...[0m
[0;32mI (501) app_init: ESP-IDF:          v5.3.1-dirty[0m
[0;32mI (506) efuse_init: Min chip rev:     v0.0[0m
[0;32mI (511) efuse_init: Max chip rev:     v3.99 [0m
[0;32mI (516) efuse_init: Chip rev:         v3.1[0m
[0;32mI (521) heap_init: Initializing. RAM available for dynamic allocation:[0m
[0;32mI (528) heap_init: At 3FFAE6E0 len 00001920 (6 KiB): DRAM[0m
[0;32mI (534) heap_init: At 3FFB8938 len 000276C8 (157 KiB): DRAM[0m
[0;32mI (540) heap_init: At 3FFE0440 len 00003AE0 (14 KiB): D/IRAM[0m
[0;32mI (546) heap_init: At 3FFE4350 len 0001BCB0 (111 KiB): D/IRAM[0m
[0;32mI (553) heap_init: At 40099624 len 000069DC (26 KiB): IRAM[0m
[0;32mI (561) spi_flash: detected chip: generic[0m
[0;32mI (564) spi_flash: flash io: dio[0m
[0;32mI (569) main_task: Started on CPU0[0m
[0;32mI (579) main_task: Calling app_main()[0m
[0;32mI (589) LORA_receive: CH∆ØA NH·∫¨N ƒê∆Ø·ª¢C G√ìI TIN: 
[0m
LoRa Receiver ƒê√£ Kh·ªüi ƒê·ªông
I (619) wifi:wifi driver task: 3ffc1c8c, prio:23, stack:6656, core=0
I (629) wifi:wifi firmware version: ccaebfa
I (629) wifi:wifi certification version: v7.0
I (629) wifi:config NVS flash: enabled
I (629) wifi:config nano formating: disabled
I (629) wifi:Init data frame dynamic rx buffer num: 32
I (639) wifi:Init static rx mgmt buffer num: 5
I (639) wifi:Init management short buffer num: 32
I (649) wifi:Init dynamic tx buffer num: 32
I (649) wifi:Init static rx buffer size: 1600
I (659) wifi:Init static rx buffer num: 10
I (659) wifi:Init dynamic rx buffer num: 32
[0;32mI (659) wifi_init: rx ba win: 6[0m
[0;32mI (669) wifi_init: accept mbox: 6[0m
[0;32mI (669) wifi_init: tcpip mbox: 32[0m
[0;32mI (669) wifi_init: udp mbox: 6[0m
[0;32mI (679) wifi_init: tcp mbox: 6[0m
[0;32mI (679) wifi_init: tcp tx win: 5760[0m
[0;32mI (689) wifi_init: tcp rx win: 5760[0m
[0;32mI (689) wifi_init: tcp mss: 1440[0m
[0;32mI (689) wifi_init: WiFi IRAM OP enabled[0m
[0;32mI (699) wifi_init: WiFi RX IRAM OP enabled[0m
[0;32mI (709) phy_init: phy_version 4830,54550f7,Jun 20 2024,14:22:08[0m
I (789) wifi:mode : sta (e8:6b:ea:d4:6d:24)
I (799) wifi:enable tsf
I (859) wifi:new:<8,0>, old:<1,0>, ap:<255,255>, sta:<8,0>, prof:1, snd_ch_cfg:0x0
I (859) wifi:state: init -> auth (0xb0)
I (879) wifi:state: auth -> assoc (0x0)
I (929) wifi:state: assoc -> run (0x10)
I (1039) wifi:connected with VNPT_Hanh, aid = 6, channel 8, BW20, bssid = 4c:12:e8:76:17:60
I (1039) wifi:security: WPA2-PSK, phy: bgn, rssi: -66
I (1049) wifi:pm start, type: 1

I (1049) wifi:dp: 1, bi: 102400, li: 3, scale listen interval from 307200 us to 307200 us
I (1069) wifi:AP's beacon interval = 102400 us, DTIM period = 1
[0;32mI (1799) mqtts_example: [APP] Free memory: 224504 bytes[0m
[0;32mI (1799) mqtts_example: Connecting to MQTT broker at 192.168.1.8:1883...[0m
[0;32mI (1799) mqtts_example: Other event id:7[0m
[0;31mE (1799) esp-tls: [sock=54] connect() error: Host is unreachable[0m
[0;31mE (1809) transport_base: Failed to open a new connection: 32772[0m
[0;31mE (1819) mqtt_client: Error transport connect[0m
[0;32mI (1819) mqtts_example: Other event id:0[0m
[0;32mI (1829) mqtts_example: MQTT_EVENT_DISCONNECTED[0m

assert failed: xRingbufferReceive ringbuf.c:1104 (pxRingbuffer && pxItemSize)


Backtrace: 0x40081bc2:0x3ffcb210 0x4008adc9:0x3ffcb230 0x400933fd:0x3ffcb250 0x4008abe5:0x3ffcb370 0x400d823d:0x3ffcb3b0 0x4008b8d5:0x3ffcb3e0




ELF file SHA256: 54775f7e9

Rebooting...
ets Jul 29 2019 12:21:46

rst:0xc (SW_CPU_RESET),boot:0x13 (SPI_FAST_FLASH_BOOT)
configsip: 0, SPIWP:0xee
clk_drv:0x00,q_drv:0x00,d_drv:0x00,cs0_drv:0x00,hd_drv:0x00,wp_drv:0x00
mode:DIO, clock div:2
load:0x3fff0030,len:7176
load:0x40078000,len:15564
ho 0 tail 12 room 4
load:0x40080400,len:4
load:0x40080404,len:3904
entry 0x40080640
[0;32mI (31) boot: ESP-IDF v5.3.1-dirty 2nd stage bootloader[0m
[0;32mI (31) boot: compile time Mar 30 2025 14:12:56[0m
[0;32mI (31) boot: Multicore bootloader[0m
[0;32mI (36) boot: chip revision: v3.1[0m
[0;32mI (40) boot.esp32: SPI Speed      : 40MHz[0m
[0;32mI (44) boot.esp32: SPI Mode       : DIO[0m
[0;32mI (49) boot.esp32: SPI Flash Size : 4MB[0m
[0;32mI (53) boot: Enabling RNG early entropy source...[0m
[0;32mI (59) boot: Partition Table:[0m
[0;32mI (62) boot: ## Label            Usage          Type ST Offset   Length[0m
[0;32mI (70) boot:  0 nvs              WiFi data        01 02 00009000 00006000[0m
[0;32mI (77) boot:  1 phy_init         RF data          01 01 0000f000 00001000[0m
[0;32mI (85) boot:  2 factory          factory app      00 00 00010000 00100000[0m
[0;32mI (92) boot: End of partition table[0m
[0;32mI (96) esp_image: segment 0: paddr=00010020 vaddr=3f400020 size=27b14h (162580) map[0m
[0;32mI (160) esp_image: segment 1: paddr=00037b3c vaddr=3ffb0000 size=0404ch ( 16460) load[0m
[0;32mI (167) esp_image: segment 2: paddr=0003bb90 vaddr=40080000 size=04488h ( 17544) load[0m
[0;32mI (174) esp_image: segment 3: paddr=00040020 vaddr=400d0020 size=a6ef4h (683764) map[0m
[0;32mI (409) esp_image: segment 4: paddr=000e6f1c vaddr=40084488 size=1519ch ( 86428) load[0m
[0;32mI (456) boot: Loaded app from partition at offset 0x10000[0m
[0;32mI (456) boot: Disabling RNG early entropy source...[0m
[0;32mI (468) cpu_start: Multicore app[0m
[0;32mI (476) cpu_start: Pro cpu start user code[0m
[0;32mI (476) cpu_start: cpu freq: 160000000 Hz[0m
[0;32mI (476) app_init: Application information:[0m
[0;32mI (479) app_init: Project name:     GATEWAY[0m
[0;32mI (484) app_init: App version:      eb4d542-dirty[0m
[0;32mI (489) app_init: Compile time:     Apr  7 2025 02:53:50[0m
[0;32mI (495) app_init: ELF file SHA256:  54775f7e9...[0m
[0;32mI (501) app_init: ESP-IDF:          v5.3.1-dirty[0m
[0;32mI (506) efuse_init: Min chip rev:     v0.0[0m
[0;32mI (511) efuse_init: Max chip rev:     v3.99 [0m
[0;32mI (516) efuse_init: Chip rev:         v3.1[0m
[0;32mI (521) heap_init: Initializing. RAM available for dynamic allocation:[0m
[0;32mI (528) heap_init: At 3FFAE6E0 len 00001920 (6 KiB): DRAM[0m
[0;32mI (534) heap_init: At 3FFB8938 len 000276C8 (157 KiB): DRAM[0m
[0;32mI (540) heap_init: At 3FFE0440 len 00003AE0 (14 KiB): D/IRAM[0m
[0;32mI (546) heap_init: At 3FFE4350 len 0001BCB0 (111 KiB): D/IRAM[0m
[0;32mI (553) heap_init: At 40099624 len 000069DC (26 KiB): IRAM[0m
[0;32mI (561) spi_flash: detected chip: generic[0m
[0;32mI (564) spi_flash: flash io: dio[0m
[0;32mI (569) main_task: Started on CPU0[0m
[0;32mI (579) main_task: Calling app_main()[0m
[0;32mI (589) LORA_receive: CH∆ØA NH·∫¨N ƒê∆Ø·ª¢C G√ìI TIN: 
[0m
LoRa Receiver ƒê√£ Kh·ªüi ƒê·ªông
I (619) wifi:wifi driver task: 3ffc1c8c, prio:23, stack:6656, core=0
I (629) wifi:wifi firmware version: ccaebfa
I (629) wifi:wifi certification version: v7.0
I (629) wifi:config NVS flash: enabled
I (629) wifi:config nano formating: disabled
I (629) wifi:Init data frame dynamic rx buffer num: 32
I (639) wifi:Init static rx mgmt buffer num: 5
I (639) wifi:Init management short buffer num: 32
I (649) wifi:Init dynamic tx buffer num: 32
I (649) wifi:Init static rx buffer size: 1600
I (659) wifi:Init static rx buffer num: 10
I (659) wifi:Init dynamic rx buffer num: 32
[0;32mI (659) wifi_init: rx ba win: 6[0m
[0;32mI (669) wifi_init: accept mbox: 6[0m
[0;32mI (669) wifi_init: tcpip mbox: 32[0m
[0;32mI (669) wifi_init: udp mbox: 6[0m
[0;32mI (679) wifi_init: tcp mbox: 6[0m
[0;32mI (679) wifi_init: tcp tx win: 5760[0m
[0;32mI (689) wifi_init: tcp rx win: 5760[0m
[0;32mI (689) wifi_init: tcp mss: 1440[0m
[0;32mI (689) wifi_init: WiFi IRAM OP enabled[0m
[0;32mI (699) wifi_init: WiFi RX IRAM OP enabled[0m
[0;32mI (709) phy_init: phy_version 4830,54550f7,Jun 20 2024,14:22:08[0m
I (799) wifi:mode : sta (e8:6b:ea:d4:6d:24)
I (799) wifi:enable tsf
I (819) wifi:new:<8,0>, old:<1,0>, ap:<255,255>, sta:<8,0>, prof:1, snd_ch_cfg:0x0
I (819) wifi:state: init -> auth (0xb0)
I (849) wifi:state: auth -> assoc (0x0)
I (899) wifi:state: assoc -> run (0x10)
I (999) wifi:connected with VNPT_Hanh, aid = 3, channel 8, BW20, bssid = 4c:12:e8:76:17:60
I (999) wifi:security: WPA2-PSK, phy: bgn, rssi: -66
I (1009) wifi:pm start, type: 1

I (1009) wifi:dp: 1, bi: 102400, li: 3, scale listen interval from 307200 us to 307200 us
I (1039) wifi:AP's beacon interval = 102400 us, DTIM period = 1
[0;32mI (1799) mqtts_example: [APP] Free memory: 224504 bytes[0m
[0;32mI (1799) mqtts_example: Connecting to MQTT broker at 192.168.1.8:1883...[0m
[0;32mI (1799) mqtts_example: Other event id:7[0m
[0;31mE (1799) esp-tls: [sock=54] connect() error: Host is unreachable[0m
[0;31mE (1809) transport_base: Failed to open a new connection: 32772[0m
[0;31mE (1819) mqtt_client: Error transport connect[0m
[0;32mI (1819) mqtts_example: Other event id:0[0m
[0;32mI (1829) mqtts_example: MQTT_EVENT_DISCONNECTED[0m

assert failed: xRingbufferReceive ringbuf.c:1104 (pxRingbuffer && pxItemSize)


Backtrace: 0x40081bc2:0x3ffcb210 0x4008adc9:0x3ffcb230 0x400933fd:0x3ffcb250 0x4008abe5:0x3ffcb370 0x400d823d:0x3ffcb3b0 0x4008b8d5:0x3ffcb3e0




ELF file SHA256: 54775f7e9

Rebooting...
ets Jul 29 2019 12:21:46

rst:0xc (SW_CPU_RESET),boot:0x13 (SPI_FAST_FLASH_BOOT)
configsip: 0, SPIWP:0xee
clk_drv:0x00,q_drv:0x00,d_drv:0x00,cs0_drv:0x00,hd_drv:0x00,wp_drv:0x00
mode:DIO, clock div:2
load:0x3fff0030,len:7176
load:0x40078000,len:15564
ho 0 tail 12 room 4
load:0x40080400,len:4
load:0x40080404,len:3904
entry 0x40080640
[0;32mI (31) boot: ESP-IDF v5.3.1-dirty 2nd stage bootloader[0m
[0;32mI (31) boot: compile time Mar 30 2025 14:12:56[0m
[0;32mI (31) boot: Multicore bootloader[0m
[0;32mI (36) boot: chip revision: v3.1[0m
[0;32mI (40) boot.esp32: SPI Speed      : 40MHz[0m
[0;32mI (44) boot.esp32: SPI Mode       : DIO[0m
[0;32mI (49) boot.esp32: SPI Flash Size : 4MB[0m
[0;32mI (53) boot: Enabling RNG early entropy source...[0m
[0;32mI (59) boot: Partition Table:[0m
[0;32mI (62) boot: ## Label            Usage          Type ST Offset   Length[0m
[0;32mI (70) boot:  0 nvs              WiFi data        01 02 00009000 00006000[0m
[0;32mI (77) boot:  1 phy_init         RF data          01 01 0000f000 00001000[0m
[0;32mI (85) boot:  2 factory          factory app      00 00 00010000 00100000[0m
[0;32mI (92) boot: End of partition table[0m
[0;32mI (96) esp_image: segment 0: paddr=00010020 vaddr=3f400020 size=27b14h (162580) map[0m
[0;32mI (160) esp_image: segment 1: paddr=00037b3c vaddr=3ffb0000 size=0404ch ( 16460) load[0m
[0;32mI (167) esp_image: segment 2: paddr=0003bb90 vaddr=40080000 size=04488h ( 17544) load[0m
[0;32mI (174) esp_image: segment 3: paddr=00040020 vaddr=400d0020 size=a6ef4h (683764) map[0m
[0;32mI (409) esp_image: segment 4: paddr=000e6f1c vaddr=40084488 size=1519ch ( 86428) load[0m
[0;32mI (456) boot: Loaded app from partition at offset 0x10000[0m
[0;32mI (456) boot: Disabling RNG early entropy source...[0m
[0;32mI (468) cpu_start: Multicore app[0m
[0;32mI (476) cpu_start: Pro cpu start user code[0m
[0;32mI (476) cpu_start: cpu freq: 160000000 Hz[0m
[0;32mI (476) app_init: Application information:[0m
[0;32mI (479) app_init: Project name:     GATEWAY[0m
[0;32mI (484) app_init: App version:      eb4d542-dirty[0m
[0;32mI (489) app_init: Compile time:     Apr  7 2025 02:53:50[0m
[0;32mI (495) app_init: ELF file SHA256:  54775f7e9...[0m
[0;32mI (501) app_init: ESP-IDF:          v5.3.1-dirty[0m
[0;32mI (506) efuse_init: Min chip rev:     v0.0[0m
[0;32mI (511) efuse_init: Max chip rev:     v3.99 [0m
[0;32mI (516) efuse_init: Chip rev:         v3.1[0m
[0;32mI (521) heap_init: Initializing. RAM available for dynamic allocation:[0m
[0;32mI (528) heap_init: At 3FFAE6E0 len 00001920 (6 KiB): DRAM[0m
[0;32mI (534) heap_init: At 3FFB8938 len 000276C8 (157 KiB): DRAM[0m
[0;32mI (540) heap_init: At 3FFE0440 len 00003AE0 (14 KiB): D/IRAM[0m
[0;32mI (546) heap_init: At 3FFE4350 len 0001BCB0 (111 KiB): D/IRAM[0m
[0;32mI (553) heap_init: At 40099624 len 000069DC (26 KiB): IRAM[0m
[0;32mI (561) spi_flash: detected chip: generic[0m
[0;32mI (564) spi_flash: flash io: dio[0m
[0;32mI (569) main_task: Started on CPU0[0m
[0;32mI (579) main_task: Calling app_main()[0m
[0;32mI (589) LORA_receive: CH∆ØA NH·∫¨N ƒê∆Ø·ª¢C G√ìI TIN: 
[0m
LoRa Receiver ƒê√£ Kh·ªüi ƒê·ªông
I (619) wifi:wifi driver task: 3ffc1c8c, prio:23, stack:6656, core=0
I (629) wifi:wifi firmware version: ccaebfa
I (629) wifi:wifi certification version: v7.0
I (629) wifi:config NVS flash: enabled
I (629) wifi:config nano formating: disabled
I (629) wifi:Init data frame dynamic rx buffer num: 32
I (639) wifi:Init static rx mgmt buffer num: 5
I (639) wifi:Init management short buffer num: 32
I (649) wifi:Init dynamic tx buffer num: 32
I (649) wifi:Init static rx buffer size: 1600
I (659) wifi:Init static rx buffer num: 10
I (659) wifi:Init dynamic rx buffer num: 32
[0;32mI (659) wifi_init: rx ba win: 6[0m
[0;32mI (669) wifi_init: accept mbox: 6[0m
[0;32mI (669) wifi_init: tcpip mbox: 32[0m
[0;32mI (669) wifi_init: udp mbox: 6[0m
[0;32mI (679) wifi_init: tcp mbox: 6[0m
[0;32mI (679) wifi_init: tcp tx win: 5760[0m
[0;32mI (689) wifi_init: tcp rx win: 5760[0m
[0;32mI (689) wifi_init: tcp mss: 1440[0m
[0;32mI (689) wifi_init: WiFi IRAM OP enabled[0m
[0;32mI (699) wifi_init: WiFi RX IRAM OP enabled[0m
[0;32mI (709) phy_init: phy_version 4830,54550f7,Jun 20 2024,14:22:08[0m
I (789) wifi:mode : sta (e8:6b:ea:d4:6d:24)
I (799) wifi:enable tsf
I (809) wifi:new:<8,0>, old:<1,0>, ap:<255,255>, sta:<8,0>, prof:1, snd_ch_cfg:0x0
I (809) wifi:state: init -> auth (0xb0)
I (849) wifi:state: auth -> assoc (0x0)
I (929) wifi:state: assoc -> run (0x10)
I (1039) wifi:connected with VNPT_Hanh, aid = 3, channel 8, BW20, bssid = 4c:12:e8:76:17:60
I (1039) wifi:security: WPA2-PSK, phy: bgn, rssi: -66
I (1049) wifi:pm start, type: 1

I (1049) wifi:dp: 1, bi: 102400, li: 3, scale listen interval from 307200 us to 307200 us
I (1109) wifi:AP's beacon interval = 102400 us, DTIM period = 1
[0;32mI (1799) mqtts_example: [APP] Free memory: 224500 bytes[0m
[0;32mI (1799) mqtts_example: Connecting to MQTT broker at 192.168.1.8:1883...[0m
[0;32mI (1799) mqtts_example: Other event id:7[0m
[0;31mE (1799) esp-tls: [sock=54] connect() error: Host is unreachable[0m
[0;31mE (1809) transport_base: Failed to open a new connection: 32772[0m
[0;31mE (1819) mqtt_client: Error transport connect[0m
[0;32mI (1819) mqtts_example: Other event id:0[0m
[0;32mI (1829) mqtts_example: MQTT_EVENT_DISCONNECTED[0m

assert failed: xRingbufferReceive ringbuf.c:1104 (pxRingbuffer && pxItemSize)


Backtrace: 0x40081bc2:0x3ffcb210 0x4008adc9:0x3ffcb230 0x400933fd:0x3ffcb250 0x4008abe5:0x3ffcb370 0x400d823d:0x3ffcb3b0 0x4008b8d5:0x3ffcb3e0




ELF file SHA256: 54775f7e9

Rebooting...
ets Jul 29 2019 12:21:46

rst:0xc (SW_CPU_RESET),boot:0x13 (SPI_FAST_FLASH_BOOT)
configsip: 0, SPIWP:0xee
clk_drv:0x00,q_drv:0x00,d_drv:0x00,cs0_drv:0x00,hd_drv:0x00,wp_drv:0x00
mode:DIO, clock div:2
load:0x3fff0030,len:7176
load:0x40078000,len:15564
ho 0 tail 12 room 4
load:0x40080400,len:4
load:0x40080404,len:3904
entry 0x40080640
[0;32mI (31) boot: ESP-IDF v5.3.1-dirty 2nd stage bootloader[0m
[0;32mI (31) boot: compile time Mar 30 2025 14:12:56[0m
[0;32mI (31) boot: Multicore bootloader[0m
[0;32mI (36) boot: chip revision: v3.1[0m
[0;32mI (40) boot.esp32: SPI Speed      : 40MHz[0m
[0;32mI (44) boot.esp32: SPI Mode       : DIO[0m
[0;32mI (49) boot.esp32: SPI Flash Size : 4MB[0m
[0;32mI (53) boot: Enabling RNG early entropy source...[0m
[0;32mI (59) boot: Partition Table:[0m
[0;32mI (62) boot: ## Label            Usage          Type ST Offset   Length[0m
[0;32mI (70) boot:  0 nvs              WiFi data        01 02 00009000 00006000[0m
[0;32mI (77) boot:  1 phy_init         RF data          01 01 0000f000 00001000[0m
[0;32mI (85) boot:  2 factory          factory app      00 00 00010000 00100000[0m
[0;32mI (92) boot: End of partition table[0m
[0;32mI (96) esp_image: segment 0: paddr=00010020 vaddr=3f400020 size=27b14h (162580) map[0m
[0;32mI (160) esp_image: segment 1: paddr=00037b3c vaddr=3ffb0000 size=0404ch ( 16460) load[0m
[0;32mI (167) esp_image: segment 2: paddr=0003bb90 vaddr=40080000 size=04488h ( 17544) load[0m
[0;32mI (174) esp_image: segment 3: paddr=00040020 vaddr=400d0020 size=a6ef4h (683764) map[0m
[0;32mI (409) esp_image: segment 4: paddr=000e6f1c vaddr=40084488 size=1519ch ( 86428) load[0m
[0;32mI (456) boot: Loaded app from partition at offset 0x10000[0m
[0;32mI (456) boot: Disabling RNG early entropy source...[0m
[0;32mI (468) cpu_start: Multicore app[0m
[0;32mI (476) cpu_start: Pro cpu start user code[0m
[0;32mI (476) cpu_start: cpu freq: 160000000 Hz[0m
[0;32mI (476) app_init: Application information:[0m
[0;32mI (479) app_init: Project name:     GATEWAY[0m
[0;32mI (484) app_init: App version:      eb4d542-dirty[0m
[0;32mI (489) app_init: Compile time:     Apr  7 2025 02:53:50[0m
[0;32mI (495) app_init: ELF file SHA256:  54775f7e9...[0m
[0;32mI (501) app_init: ESP-IDF:          v5.3.1-dirty[0m
[0;32mI (506) efuse_init: Min chip rev:     v0.0[0m
[0;32mI (511) efuse_init: Max chip rev:     v3.99 [0m
[0;32mI (516) efuse_init: Chip rev:         v3.1[0m
[0;32mI (521) heap_init: Initializing. RAM available for dynamic allocation:[0m
[0;32mI (528) heap_init: At 3FFAE6E0 len 00001920 (6 KiB): DRAM[0m
[0;32mI (534) heap_init: At 3FFB8938 len 000276C8 (157 KiB): DRAM[0m
[0;32mI (540) heap_init: At 3FFE0440 len 00003AE0 (14 KiB): D/IRAM[0m
[0;32mI (546) heap_init: At 3FFE4350 len 0001BCB0 (111 KiB): D/IRAM[0m
[0;32mI (553) heap_init: At 40099624 len 000069DC (26 KiB): IRAM[0m
[0;32mI (561) spi_flash: detected chip: generic[0m
[0;32mI (564) spi_flash: flash io: dio[0m
[0;32mI (569) main_task: Started on CPU0[0m
[0;32mI (579) main_task: Calling app_main()[0m
[0;32mI (589) LORA_receive: CH∆ØA NH·∫¨N ƒê∆Ø·ª¢C G√ìI TIN: 
[0m
LoRa Receiver ƒê√£ Kh·ªüi ƒê·ªông
I (619) wifi:wifi driver task: 3ffc1c8c, prio:23, stack:6656, core=0
I (629) wifi:wifi firmware version: ccaebfa
I (629) wifi:wifi certification version: v7.0
I (629) wifi:config NVS flash: enabled
I (629) wifi:config nano formating: disabled
I (629) wifi:Init data frame dynamic rx buffer num: 32
I (639) wifi:Init static rx mgmt buffer num: 5
I (639) wifi:Init management short buffer num: 32
I (649) wifi:Init dynamic tx buffer num: 32
I (649) wifi:Init static rx buffer size: 1600
I (659) wifi:Init static rx buffer num: 10
I (659) wifi:Init dynamic rx buffer num: 32
[0;32mI (659) wifi_init: rx ba win: 6[0m
[0;32mI (669) wifi_init: accept mbox: 6[0m
[0;32mI (669) wifi_init: tcpip mbox: 32[0m
[0;32mI (669) wifi_init: udp mbox: 6[0m
[0;32mI (679) wifi_init: tcp mbox: 6[0m
[0;32mI (679) wifi_init: tcp tx win: 5760[0m
[0;32mI (689) wifi_init: tcp rx win: 5760[0m
[0;32mI (689) wifi_init: tcp mss: 1440[0m
[0;32mI (689) wifi_init: WiFi IRAM OP enabled[0m
[0;32mI (699) wifi_init: WiFi RX IRAM OP enabled[0m
[0;32mI (709) phy_init: phy_version 4830,54550f7,Jun 20 2024,14:22:08[0m
I (799) wifi:mode : sta (e8:6b:ea:d4:6d:24)
I (799) wifi:enable tsf
I (879) wifi:new:<8,0>, old:<1,0>, ap:<255,255>, sta:<8,0>, prof:1, snd_ch_cfg:0x0
I (879) wifi:state: init -> auth (0xb0)
I (899) wifi:state: auth -> assoc (0x0)
I (959) wifi:state: assoc -> run (0x10)
I (1069) wifi:connected with VNPT_Hanh, aid = 3, channel 8, BW20, bssid = 4c:12:e8:76:17:60
I (1069) wifi:security: WPA2-PSK, phy: bgn, rssi: -65
I (1079) wifi:pm start, type: 1

I (1079) wifi:dp: 1, bi: 102400, li: 3, scale listen interval from 307200 us to 307200 us
I (1089) wifi:AP's beacon interval = 102400 us, DTIM period = 1
[0;32mI (1799) mqtts_example: [APP] Free memory: 224504 bytes[0m
[0;32mI (1799) mqtts_example: Connecting to MQTT broker at 192.168.1.8:1883...[0m
[0;32mI (1799) mqtts_example: Other event id:7[0m
[0;31mE (1809) esp-tls: [sock=54] connect() error: Host is unreachable[0m
[0;31mE (1809) transport_base: Failed to open a new connection: 32772[0m
[0;31mE (1819) mqtt_client: Error transport connect[0m
[0;32mI (1819) mqtts_example: Other event id:0[0m
[0;32mI (1829) mqtts_example: MQTT_EVENT_DISCONNECTED[0m

assert failed: xRingbufferReceive ringbuf.c:1104 (pxRingbuffer && pxItemSize)


Backtrace: 0x40081bc2:0x3ffcb210 0x4008adc9:0x3ffcb230 0x400933fd:0x3ffcb250 0x4008abe5:0x3ffcb370 0x400d823d:0x3ffcb3b0 0x4008b8d5:0x3ffcb3e0




ELF file SHA256: 54775f7e9

Rebooting...
ets Jul 29 2019 12:21:46

rst:0xc (SW_CPU_RESET),boot:0x13 (SPI_FAST_FLASH_BOOT)
configsip: 0, SPIWP:0xee
clk_drv:0x00,q_drv:0x00,d_drv:0x00,cs0_drv:0x00,hd_drv:0x00,wp_drv:0x00
mode:DIO, clock div:2
load:0x3fff0030,len:7176
load:0x40078000,len:15564
ho 0 tail 12 room 4
load:0x40080400,len:4
load:0x40080404,len:3904
entry 0x40080640
[0;32mI (31) boot: ESP-IDF v5.3.1-dirty 2nd stage bootloader[0m
[0;32mI (31) boot: compile time Mar 30 2025 14:12:56[0m
[0;32mI (31) boot: Multicore bootloader[0m
[0;32mI (36) boot: chip revision: v3.1[0m
[0;32mI (40) boot.esp32: SPI Speed      : 40MHz[0m
[0;32mI (44) boot.esp32: SPI Mode       : DIO[0m
[0;32mI (49) boot.esp32: SPI Flash Size : 4MB[0m
[0;32mI (53) boot: Enabling RNG early entropy source...[0m
[0;32mI (59) boot: Partition Table:[0m
[0;32mI (62) boot: ## Label            Usage          Type ST Offset   Length[0m
[0;32mI (70) boot:  0 nvs              WiFi data        01 02 00009000 00006000[0m
[0;32mI (77) boot:  1 phy_init         RF data          01 01 0000f000 00001000[0m
[0;32mI (85) boot:  2 factory          factory app      00 00 00010000 00100000[0m
[0;32mI (92) boot: End of partition table[0m
[0;32mI (96) esp_image: segment 0: paddr=00010020 vaddr=3f400020 size=27b14h (162580) map[0m
[0;32mI (160) esp_image: segment 1: paddr=00037b3c vaddr=3ffb0000 size=0404ch ( 16460) load[0m
[0;32mI (167) esp_image: segment 2: paddr=0003bb90 vaddr=40080000 size=04488h ( 17544) load[0m
[0;32mI (174) esp_image: segment 3: paddr=00040020 vaddr=400d0020 size=a6ef4h (683764) map[0m
[0;32mI (409) esp_image: segment 4: paddr=000e6f1c vaddr=40084488 size=1519ch ( 86428) load[0m
[0;32mI (456) boot: Loaded app from partition at offset 0x10000[0m
[0;32mI (456) boot: Disabling RNG early entropy source...[0m
[0;32mI (468) cpu_start: Multicore app[0m
[0;32mI (476) cpu_start: Pro cpu start user code[0m
[0;32mI (476) cpu_start: cpu freq: 160000000 Hz[0m
[0;32mI (476) app_init: Application information:[0m
[0;32mI (479) app_init: Project name:     GATEWAY[0m
[0;32mI (484) app_init: App version:      eb4d542-dirty[0m
[0;32mI (489) app_init: Compile time:     Apr  7 2025 02:53:50[0m
[0;32mI (495) app_init: ELF file SHA256:  54775f7e9...[0m
[0;32mI (501) app_init: ESP-IDF:          v5.3.1-dirty[0m
[0;32mI (506) efuse_init: Min chip rev:     v0.0[0m
[0;32mI (511) efuse_init: Max chip rev:     v3.99 [0m
[0;32mI (516) efuse_init: Chip rev:         v3.1[0m
[0;32mI (521) heap_init: Initializing. RAM available for dynamic allocation:[0m
[0;32mI (528) heap_init: At 3FFAE6E0 len 00001920 (6 KiB): DRAM[0m
[0;32mI (534) heap_init: At 3FFB8938 len 000276C8 (157 KiB): DRAM[0m
[0;32mI (540) heap_init: At 3FFE0440 len 00003AE0 (14 KiB): D/IRAM[0m
[0;32mI (546) heap_init: At 3FFE4350 len 0001BCB0 (111 KiB): D/IRAM[0m
[0;32mI (553) heap_init: At 40099624 len 000069DC (26 KiB): IRAM[0m
[0;32mI (561) spi_flash: detected chip: generic[0m
[0;32mI (564) spi_flash: flash io: dio[0m
[0;32mI (569) main_task: Started on CPU0[0m
[0;32mI (579) main_task: Calling app_main()[0m
[0;32mI (589) LORA_receive: CH∆ØA NH·∫¨N ƒê∆Ø·ª¢C G√ìI TIN: 
[0m
LoRa Receiver ƒê√£ Kh·ªüi ƒê·ªông
I (619) wifi:wifi driver task: 3ffc1c8c, prio:23, stack:6656, core=0
I (629) wifi:wifi firmware version: ccaebfa
I (629) wifi:wifi certification version: v7.0
I (629) wifi:config NVS flash: enabled
I (629) wifi:config nano formating: disabled
I (629) wifi:Init data frame dynamic rx buffer num: 32
I (639) wifi:Init static rx mgmt buffer num: 5
I (639) wifi:Init management short buffer num: 32
I (649) wifi:Init dynamic tx buffer num: 32
I (649) wifi:Init static rx buffer size: 1600
I (659) wifi:Init static rx buffer num: 10
I (659) wifi:Init dynamic rx buffer num: 32
[0;32mI (659) wifi_init: rx ba win: 6[0m
[0;32mI (669) wifi_init: accept mbox: 6[0m
[0;32mI (669) wifi_init: tcpip mbox: 32[0m
[0;32mI (669) wifi_init: udp mbox: 6[0m
[0;32mI (679) wifi_init: tcp mbox: 6[0m
[0;32mI (679) wifi_init: tcp tx win: 5760[0m
[0;32mI (689) wifi_init: tcp rx win: 5760[0m
[0;32mI (689) wifi_init: tcp mss: 1440[0m
[0;32mI (689) wifi_init: WiFi IRAM OP enabled[0m
[0;32mI (699) wifi_init: WiFi RX IRAM OP enabled[0m
[0;32mI (709) phy_init: phy_version 4830,54550f7,Jun 20 2024,14:22:08[0m
I (799) wifi:mode : sta (e8:6b:ea:d4:6d:24)
I (799) wifi:enable tsf
I (819) wifi:new:<8,0>, old:<1,0>, ap:<255,255>, sta:<8,0>, prof:1, snd_ch_cfg:0x0
I (819) wifi:state: init -> auth (0xb0)
I (839) wifi:state: auth -> assoc (0x0)
I (919) wifi:state: assoc -> run (0x10)
I (1029) wifi:connected with VNPT_Hanh, aid = 6, channel 8, BW20, bssid = 4c:12:e8:76:17:60
I (1029) wifi:security: WPA2-PSK, phy: bgn, rssi: -65
I (1039) wifi:pm start, type: 1

I (1039) wifi:dp: 1, bi: 102400, li: 3, scale listen interval from 307200 us to 307200 us
I (1059) wifi:AP's beacon interval = 102400 us, DTIM period = 1
[0;32mI (1799) mqtts_example: [APP] Free memory: 224504 bytes[0m
[0;32mI (1799) mqtts_example: Connecting to MQTT broker at 192.168.1.8:1883...[0m
[0;32mI (1799) mqtts_example: Other event id:7[0m
[0;31mE (1799) esp-tls: [sock=54] connect() error: Host is unreachable[0m
[0;31mE (1809) transport_base: Failed to open a new connection: 32772[0m
[0;31mE (1819) mqtt_client: Error transport connect[0m
[0;32mI (1819) mqtts_example: Other event id:0[0m
[0;32mI (1829) mqtts_example: MQTT_EVENT_DISCONNECTED[0m

assert failed: xRingbufferReceive ringbuf.c:1104 (pxRingbuffer && pxItemSize)


Backtrace: 0x40081bc2:0x3ffcb210 0x4008adc9:0x3ffcb230 0x400933fd:0x3ffcb250 0x4008abe5:0x3ffcb370 0x400d823d:0x3ffcb3b0 0x4008b8d5:0x3ffcb3e0




ELF file SHA256: 54775f7e9

Rebooting...
ets Jul 29 2019 12:21:46

rst:0xc (SW_CPU_RESET),boot:0x13 (SPI_FAST_FLASH_BOOT)
configsip: 0, SPIWP:0xee
clk_drv:0x00,q_drv:0x00,d_drv:0x00,cs0_drv:0x00,hd_drv:0x00,wp_drv:0x00
mode:DIO, clock div:2
load:0x3fff0030,len:7176
load:0x40078000,len:15564
ho 0 tail 12 room 4
load:0x40080400,len:4
load:0x40080404,len:3904
entry 0x40080640
[0;32mI (31) boot: ESP-IDF v5.3.1-dirty 2nd stage bootloader[0m
[0;32mI (31) boot: compile time Mar 30 2025 14:12:56[0m
[0;32mI (31) boot: Multicore bootloader[0m
[0;32mI (36) boot: chip revision: v3.1[0m
[0;32mI (40) boot.esp32: SPI Speed      : 40MHz[0m
[0;32mI (44) boot.esp32: SPI Mode       : DIO[0m
[0;32mI (49) boot.esp32: SPI Flash Size : 4MB[0m
[0;32mI (53) boot: Enabling RNG early entropy source...[0m
[0;32mI (59) boot: Partition Table:[0m
[0;32mI (62) boot: ## Label            Usage          Type ST Offset   Length[0m
[0;32mI (70) boot:  0 nvs              WiFi data        01 02 00009000 00006000[0m
[0;32mI (77) boot:  1 phy_init         RF data          01 01 0000f000 00001000[0m
[0;32mI (85) boot:  2 factory          factory app      00 00 00010000 00100000[0m
[0;32mI (92) boot: End of partition table[0m
[0;32mI (96) esp_image: segment 0: paddr=00010020 vaddr=3f400020 size=27b14h (162580) map[0m
[0;32mI (160) esp_image: segment 1: paddr=00037b3c vaddr=3ffb0000 size=0404ch ( 16460) load[0m
[0;32mI (167) esp_image: segment 2: paddr=0003bb90 vaddr=40080000 size=04488h ( 17544) load[0m
[0;32mI (174) esp_image: segment 3: paddr=00040020 vaddr=400d0020 size=a6ef4h (683764) map[0m
[0;32mI (409) esp_image: segment 4: paddr=000e6f1c vaddr=40084488 size=1519ch ( 86428) load[0m
[0;32mI (456) boot: Loaded app from partition at offset 0x10000[0m
[0;32mI (456) boot: Disabling RNG early entropy source...[0m
[0;32mI (468) cpu_start: Multicore app[0m
[0;32mI (476) cpu_start: Pro cpu start user code[0m
[0;32mI (476) cpu_start: cpu freq: 160000000 Hz[0m
[0;32mI (476) app_init: Application information:[0m
[0;32mI (479) app_init: Project name:     GATEWAY[0m
[0;32mI (484) app_init: App version:      eb4d542-dirty[0m
[0;32mI (489) app_init: Compile time:     Apr  7 2025 02:53:50[0m
[0;32mI (495) app_init: ELF file SHA256:  54775f7e9...[0m
[0;32mI (501) app_init: ESP-IDF:          v5.3.1-dirty[0m
[0;32mI (506) efuse_init: Min chip rev:     v0.0[0m
[0;32mI (511) efuse_init: Max chip rev:     v3.99 [0m
[0;32mI (516) efuse_init: Chip rev:         v3.1[0m
[0;32mI (521) heap_init: Initializing. RAM available for dynamic allocation:[0m
[0;32mI (528) heap_init: At 3FFAE6E0 len 00001920 (6 KiB): DRAM[0m
[0;32mI (534) heap_init: At 3FFB8938 len 000276C8 (157 KiB): DRAM[0m
[0;32mI (540) heap_init: At 3FFE0440 len 00003AE0 (14 KiB): D/IRAM[0m
[0;32mI (546) heap_init: At 3FFE4350 len 0001BCB0 (111 KiB): D/IRAM[0m
[0;32mI (553) heap_init: At 40099624 len 000069DC (26 KiB): IRAM[0m
[0;32mI (561) spi_flash: detected chip: generic[0m
[0;32mI (564) spi_flash: flash io: dio[0m
[0;32mI (569) main_task: Started on CPU0[0m
[0;32mI (579) main_task: Calling app_main()[0m
[0;32mI (589) LORA_receive: CH∆ØA NH·∫¨N ƒê∆Ø·ª¢C G√ìI TIN: 
[0m
LoRa Receiver ƒê√£ Kh·ªüi ƒê·ªông
I (619) wifi:wifi driver task: 3ffc1c8c, prio:23, stack:6656, core=0
I (629) wifi:wifi firmware version: ccaebfa
I (629) wifi:wifi certification version: v7.0
I (629) wifi:config NVS flash: enabled
I (629) wifi:config nano formating: disabled
I (629) wifi:Init data frame dynamic rx buffer num: 32
I (639) wifi:Init static rx mgmt buffer num: 5
I (639) wifi:Init management short buffer num: 32
I (649) wifi:Init dynamic tx buffer num: 32
I (649) wifi:Init static rx buffer size: 1600
I (659) wifi:Init static rx buffer num: 10
I (659) wifi:Init dynamic rx buffer num: 32
[0;32mI (659) wifi_init: rx ba win: 6[0m
[0;32mI (669) wifi_init: accept mbox: 6[0m
[0;32mI (669) wifi_init: tcpip mbox: 32[0m
[0;32mI (669) wifi_init: udp mbox: 6[0m
[0;32mI (679) wifi_init: tcp mbox: 6[0m
[0;32mI (679) wifi_init: tcp tx win: 5760[0m
[0;32mI (689) wifi_init: tcp rx win: 5760[0m
[0;32mI (689) wifi_init: tcp mss: 1440[0m
[0;32mI (689) wifi_init: WiFi IRAM OP enabled[0m
[0;32mI (699) wifi_init: WiFi RX IRAM OP enabled[0m
[0;32mI (709) phy_init: phy_version 4830,54550f7,Jun 20 2024,14:22:08[0m
I (789) wifi:mode : sta (e8:6b:ea:d4:6d:24)
I (799) wifi:enable tsf
I (809) wifi:new:<8,0>, old:<1,0>, ap:<255,255>, sta:<8,0>, prof:1, snd_ch_cfg:0x0
I (819) wifi:state: init -> auth (0xb0)
I (849) wifi:state: auth -> assoc (0x0)
I (909) wifi:state: assoc -> run (0x10)
I (1019) wifi:connected with VNPT_Hanh, aid = 3, channel 8, BW20, bssid = 4c:12:e8:76:17:60
I (1019) wifi:security: WPA2-PSK, phy: bgn, rssi: -66
I (1029) wifi:pm start, type: 1

I (1029) wifi:dp: 1, bi: 102400, li: 3, scale listen interval from 307200 us to 307200 us
I (1039) wifi:AP's beacon interval = 102400 us, DTIM period = 1
[0;32mI (1799) mqtts_example: [APP] Free memory: 224504 bytes[0m
[0;32mI (1799) mqtts_example: Connecting to MQTT broker at 192.168.1.8:1883...[0m
[0;32mI (1799) mqtts_example: Other event id:7[0m
[0;31mE (1799) esp-tls: [sock=54] connect() error: Host is unreachable[0m
[0;31mE (1809) transport_base: Failed to open a new connection: 32772[0m
[0;31mE (1819) mqtt_client: Error transport connect[0m
[0;32mI (1819) mqtts_example: Other event id:0[0m
[0;32mI (1829) mqtts_example: MQTT_EVENT_DISCONNECTED[0m

assert failed: xRingbufferReceive ringbuf.c:1104 (pxRingbuffer && pxItemSize)


Backtrace: 0x40081bc2:0x3ffcb210 0x4008adc9:0x3ffcb230 0x400933fd:0x3ffcb250 0x4008abe5:0x3ffcb370 0x400d823d:0x3ffcb3b0 0x4008b8d5:0x3ffcb3e0




ELF file SHA256: 54775f7e9

Rebooting...
ets Jul 29 2019 12:21:46

rst:0xc (SW_CPU_RESET),boot:0x13 (SPI_FAST_FLASH_BOOT)
configsip: 0, SPIWP:0xee
clk_drv:0x00,q_drv:0x00,d_drv:0x00,cs0_drv:0x00,hd_drv:0x00,wp_drv:0x00
mode:DIO, clock div:2
load:0x3fff0030,len:7176
load:0x40078000,len:15564
ho 0 tail 12 room 4
load:0x40080400,len:4
load:0x40080404,len:3904
entry 0x40080640
[0;32mI (31) boot: ESP-IDF v5.3.1-dirty 2nd stage bootloader[0m
[0;32mI (31) boot: compile time Mar 30 2025 14:12:56[0m
[0;32mI (31) boot: Multicore bootloader[0m
[0;32mI (36) boot: chip revision: v3.1[0m
[0;32mI (40) boot.esp32: SPI Speed      : 40MHz[0m
[0;32mI (44) boot.esp32: SPI Mode       : DIO[0m
[0;32mI (49) boot.esp32: SPI Flash Size : 4MB[0m
[0;32mI (53) boot: Enabling RNG early entropy source...[0m
[0;32mI (59) boot: Partition Table:[0m
[0;32mI (62) boot: ## Label            Usage          Type ST Offset   Length[0m
[0;32mI (70) boot:  0 nvs              WiFi data        01 02 00009000 00006000[0m
[0;32mI (77) boot:  1 phy_init         RF data          01 01 0000f000 00001000[0m
[0;32mI (85) boot:  2 factory          factory app      00 00 00010000 00100000[0m
[0;32mI (92) boot: End of partition table[0m
[0;32mI (96) esp_image: segment 0: paddr=00010020 vaddr=3f400020 size=27b14h (162580) map[0m
[0;32mI (160) esp_image: segment 1: paddr=00037b3c vaddr=3ffb0000 size=0404ch ( 16460) load[0m
[0;32mI (167) esp_image: segment 2: paddr=0003bb90 vaddr=40080000 size=04488h ( 17544) load[0m
[0;32mI (174) esp_image: segment 3: paddr=00040020 vaddr=400d0020 size=a6ef4h (683764) map[0m
[0;32mI (409) esp_image: segment 4: paddr=000e6f1c vaddr=40084488 size=1519ch ( 86428) load[0m
[0;32mI (456) boot: Loaded app from partition at offset 0x10000[0m
[0;32mI (456) boot: Disabling RNG early entropy source...[0m
[0;32mI (468) cpu_start: Multicore app[0m
[0;32mI (476) cpu_start: Pro cpu start user code[0m
[0;32mI (476) cpu_start: cpu freq: 160000000 Hz[0m
[0;32mI (476) app_init: Application information:[0m
[0;32mI (479) app_init: Project name:     GATEWAY[0m
[0;32mI (484) app_init: App version:      eb4d542-dirty[0m
[0;32mI (489) app_init: Compile time:     Apr  7 2025 02:53:50[0m
[0;32mI (495) app_init: ELF file SHA256:  54775f7e9...[0m
[0;32mI (501) app_init: ESP-IDF:          v5.3.1-dirty[0m
[0;32mI (506) efuse_init: Min chip rev:     v0.0[0m
[0;32mI (511) efuse_init: Max chip rev:     v3.99 [0m
[0;32mI (516) efuse_init: Chip rev:         v3.1[0m
[0;32mI (521) heap_init: Initializing. RAM available for dynamic allocation:[0m
[0;32mI (528) heap_init: At 3FFAE6E0 len 00001920 (6 KiB): DRAM[0m
[0;32mI (534) heap_init: At 3FFB8938 len 000276C8 (157 KiB): DRAM[0m
[0;32mI (540) heap_init: At 3FFE0440 len 00003AE0 (14 KiB): D/IRAM[0m
[0;32mI (546) heap_init: At 3FFE4350 len 0001BCB0 (111 KiB): D/IRAM[0m
[0;32mI (553) heap_init: At 40099624 len 000069DC (26 KiB): IRAM[0m
[0;32mI (561) spi_flash: detected chip: generic[0m
[0;32mI (564) spi_flash: flash io: dio[0m
[0;32mI (569) main_task: Started on CPU0[0m
[0;32mI (579) main_task: Calling app_main()[0m
[0;32mI (589) LORA_receive: CH∆ØA NH·∫¨N ƒê∆Ø·ª¢C G√ìI TIN: 
[0m
LoRa Receiver ƒê√£ Kh·ªüi ƒê·ªông
I (619) wifi:wifi driver task: 3ffc1c8c, prio:23, stack:6656, core=0
I (629) wifi:wifi firmware version: ccaebfa
I (629) wifi:wifi certification version: v7.0
I (629) wifi:config NVS flash: enabled
I (629) wifi:config nano formating: disabled
I (629) wifi:Init data frame dynamic rx buffer num: 32
I (639) wifi:Init static rx mgmt buffer num: 5
I (639) wifi:Init management short buffer num: 32
I (649) wifi:Init dynamic tx buffer num: 32
I (649) wifi:Init static rx buffer size: 1600
I (659) wifi:Init static rx buffer num: 10
I (659) wifi:Init dynamic rx buffer num: 32
[0;32mI (659) wifi_init: rx ba win: 6[0m
[0;32mI (669) wifi_init: accept mbox: 6[0m
[0;32mI (669) wifi_init: tcpip mbox: 32[0m
[0;32mI (669) wifi_init: udp mbox: 6[0m
[0;32mI (679) wifi_init: tcp mbox: 6[0m
[0;32mI (679) wifi_init: tcp tx win: 5760[0m
[0;32mI (689) wifi_init: tcp rx win: 5760[0m
[0;32mI (689) wifi_init: tcp mss: 1440[0m
[0;32mI (689) wifi_init: WiFi IRAM OP enabled[0m
[0;32mI (699) wifi_init: WiFi RX IRAM OP enabled[0m
[0;32mI (709) phy_init: phy_version 4830,54550f7,Jun 20 2024,14:22:08[0m
I (789) wifi:mode : sta (e8:6b:ea:d4:6d:24)
I (799) wifi:enable tsf
I (819) wifi:new:<8,0>, old:<1,0>, ap:<255,255>, sta:<8,0>, prof:1, snd_ch_cfg:0x0
I (819) wifi:state: init -> auth (0xb0)
I (839) wifi:state: auth -> assoc (0x0)
I (889) wifi:state: assoc -> run (0x10)
I (989) wifi:connected with VNPT_Hanh, aid = 6, channel 8, BW20, bssid = 4c:12:e8:76:17:60
I (989) wifi:security: WPA2-PSK, phy: bgn, rssi: -66
I (999) wifi:pm start, type: 1

I (999) wifi:dp: 1, bi: 102400, li: 3, scale listen interval from 307200 us to 307200 us
I (1009) wifi:AP's beacon interval = 102400 us, DTIM period = 1
[0;32mI (1799) mqtts_example: [APP] Free memory: 224504 bytes[0m
[0;32mI (1799) mqtts_example: Connecting to MQTT broker at 192.168.1.8:1883...[0m
[0;32mI (1799) mqtts_example: Other event id:7[0m
[0;31mE (1799) esp-tls: [sock=54] connect() error: Host is unreachable[0m
[0;31mE (1809) transport_base: Failed to open a new connection: 32772[0m

assert failed: xRingbufferReceive ringbuf.c:1104 (pxRingbuffer && pxItemSize)


Backtrace: 0x40081bc2:0x3ffcb210 0x4008adc9:0x3ffcb230 0x400933fd:0x3ffcb250 0x4008abe5:0x3ffcb370 0x400d823d:0x3ffcb3b0 0x4008b8d5:0x3ffcb3e0




ELF file SHA256: 54775f7e9

Rebooting...
ets Jul 29 2019 12:21:46

rst:0xc (SW_CPU_RESET),boot:0x13 (SPI_FAST_FLASH_BOOT)
configsip: 0, SPIWP:0xee
clk_drv:0x00,q_drv:0x00,d_drv:0x00,cs0_drv:0x00,hd_drv:0x00,wp_drv:0x00
mode:DIO, clock div:2
load:0x3fff0030,len:7176
load:0x40078000,len:15564
ho 0 tail 12 room 4
load:0x40080400,len:4
load:0x40080404,len:3904
entry 0x40080640
[0;32mI (31) boot: ESP-IDF v5.3.1-dirty 2nd stage bootloader[0m
[0;32mI (31) boot: compile time Mar 30 2025 14:12:56[0m
[0;32mI (31) boot: Multicore bootloader[0m
[0;32mI (36) boot: chip revision: v3.1[0m
[0;32mI (40) boot.esp32: SPI Speed      : 40MHz[0m
[0;32mI (44) boot.esp32: SPI Mode       : DIO[0m
[0;32mI (49) boot.esp32: SPI Flash Size : 4MB[0m
[0;32mI (53) boot: Enabling RNG early entropy source...[0m
[0;32mI (59) boot: Partition Table:[0m
[0;32mI (62) boot: ## Label            Usage          Type ST Offset   Length[0m
[0;32mI (70) boot:  0 nvs              WiFi data        01 02 00009000 00006000[0m
[0;32mI (77) boot:  1 phy_init         RF data          01 01 0000f000 00001000[0m
[0;32mI (85) boot:  2 factory          factory app      00 00 00010000 00100000[0m
[0;32mI (92) boot: End of partition table[0m
[0;32mI (96) esp_image: segment 0: paddr=00010020 vaddr=3f400020 size=27b14h (162580) map[0m
[0;32mI (160) esp_image: segment 1: paddr=00037b3c vaddr=3ffb0000 size=0404ch ( 16460) load[0m
[0;32mI (167) esp_image: segment 2: paddr=0003bb90 vaddr=40080000 size=04488h ( 17544) load[0m
[0;32mI (174) esp_image: segment 3: paddr=00040020 vaddr=400d0020 size=a6ef4h (683764) map[0m
[0;32mI (409) esp_image: segment 4: paddr=000e6f1c vaddr=40084488 size=1519ch ( 86428) load[0m
[0;32mI (456) boot: Loaded app from partition at offset 0x10000[0m
[0;32mI (456) boot: Disabling RNG early entropy source...[0m
[0;32mI (468) cpu_start: Multicore app[0m
[0;32mI (476) cpu_start: Pro cpu start user code[0m
[0;32mI (476) cpu_start: cpu freq: 160000000 Hz[0m
[0;32mI (476) app_init: Application information:[0m
[0;32mI (479) app_init: Project name:     GATEWAY[0m
[0;32mI (484) app_init: App version:      eb4d542-dirty[0m
[0;32mI (489) app_init: Compile time:     Apr  7 2025 02:53:50[0m
[0;32mI (495) app_init: ELF file SHA256:  54775f7e9...[0m
[0;32mI (501) app_init: ESP-IDF:          v5.3.1-dirty[0m
[0;32mI (506) efuse_init: Min chip rev:     v0.0[0m
[0;32mI (511) efuse_init: Max chip rev:     v3.99 [0m
[0;32mI (516) efuse_init: Chip rev:         v3.1[0m
[0;32mI (521) heap_init: Initializing. RAM available for dynamic allocation:[0m
[0;32mI (528) heap_init: At 3FFAE6E0 len 00001920 (6 KiB): DRAM[0m
[0;32mI (534) heap_init: At 3FFB8938 len 000276C8 (157 KiB): DRAM[0m
[0;32mI (540) heap_init: At 3FFE0440 len 00003AE0 (14 KiB): D/IRAM[0m
[0;32mI (546) heap_init: At 3FFE4350 len 0001BCB0 (111 KiB): D/IRAM[0m
[0;32mI (553) heap_init: At 40099624 len 000069DC (26 KiB): IRAM[0m
[0;32mI (561) spi_flash: detected chip: generic[0m
[0;32mI (564) spi_flash: flash io: dio[0m
[0;32mI (569) main_task: Started on CPU0[0m
[0;32mI (579) main_task: Calling app_main()[0m
[0;32mI (589) LORA_receive: CH∆ØA NH·∫¨N ƒê∆Ø·ª¢C G√ìI TIN: 
[0m
LoRa Receiver ƒê√£ Kh·ªüi ƒê·ªông
I (619) wifi:wifi driver task: 3ffc1c8c, prio:23, stack:6656, core=0
I (629) wifi:wifi firmware version: ccaebfa
I (629) wifi:wifi certification version: v7.0
I (629) wifi:config NVS flash: enabled
I (629) wifi:config nano formating: disabled
I (629) wifi:Init data frame dynamic rx buffer num: 32
I (639) wifi:Init static rx mgmt buffer num: 5
I (639) wifi:Init management short buffer num: 32
I (649) wifi:Init dynamic tx buffer num: 32
I (649) wifi:Init static rx buffer size: 1600
I (659) wifi:Init static rx buffer num: 10
I (659) wifi:Init dynamic rx buffer num: 32
[0;32mI (659) wifi_init: rx ba win: 6[0m
[0;32mI (669) wifi_init: accept mbox: 6[0m
[0;32mI (669) wifi_init: tcpip mbox: 32[0m
[0;32mI (669) wifi_init: udp mbox: 6[0m
[0;32mI (679) wifi_init: tcp mbox: 6[0m
[0;32mI (679) wifi_init: tcp tx win: 5760[0m
[0;32mI (689) wifi_init: tcp rx win: 5760[0m
[0;32mI (689) wifi_init: tcp mss: 1440[0m
[0;32mI (689) wifi_init: WiFi IRAM OP enabled[0m
[0;32mI (699) wifi_init: WiFi RX IRAM OP enabled[0m
[0;32mI (709) phy_init: phy_version 4830,54550f7,Jun 20 2024,14:22:08[0m
I (799) wifi:mode : sta (e8:6b:ea:d4:6d:24)
I (799) wifi:enable tsf
I (819) wifi:new:<8,0>, old:<1,0>, ap:<255,255>, sta:<8,0>, prof:1, snd_ch_cfg:0x0
I (819) wifi:state: init -> auth (0xb0)
I (849) wifi:state: auth -> assoc (0x0)
I (899) wifi:state: assoc -> run (0x10)
I (1009) wifi:connected with VNPT_Hanh, aid = 3, channel 8, BW20, bssid = 4c:12:e8:76:17:60
I (1009) wifi:security: WPA2-PSK, phy: bgn, rssi: -66
I (1019) wifi:pm start, type: 1

I (1019) wifi:dp: 1, bi: 102400, li: 3, scale listen interval from 307200 us to 307200 us
I (1089) wifi:AP's beacon interval = 102400 us, DTIM period = 1
[0;32mI (1799) mqtts_example: [APP] Free memory: 224504 bytes[0m
[0;32mI (1799) mqtts_example: Connecting to MQTT broker at 192.168.1.8:1883...[0m
[0;32mI (1799) mqtts_example: Other event id:7[0m
[0;31mE (1809) esp-tls: [sock=54] connect() error: Host is unreachable[0m
[0;31mE (1809) transport_base: Failed to open a new connection: 32772[0m
[0;31mE (1819) mqtt_client: Error transport connect[0m
[0;32mI (1819) mqtts_example: Other event id:0[0m
[0;32mI (1829) mqtts_example: MQTT_EVENT_DISCONNECTED[0m

assert failed: xRingbufferReceive ringbuf.c:1104 (pxRingbuffer && pxItemSize)


Backtrace: 0x40081bc2:0x3ffcb210 0x4008adc9:0x3ffcb230 0x400933fd:0x3ffcb250 0x4008abe5:0x3ffcb370 0x400d823d:0x3ffcb3b0 0x4008b8d5:0x3ffcb3e0




ELF file SHA256: 54775f7e9

Rebooting...
ets Jul 29 2019 12:21:46

rst:0xc (SW_CPU_RESET),boot:0x13 (SPI_FAST_FLASH_BOOT)
configsip: 0, SPIWP:0xee
clk_drv:0x00,q_drv:0x00,d_drv:0x00,cs0_drv:0x00,hd_drv:0x00,wp_drv:0x00
mode:DIO, clock div:2
load:0x3fff0030,len:7176
load:0x40078000,len:15564
ho 0 tail 12 room 4
load:0x40080400,len:4
load:0x40080404,len:3904
entry 0x40080640
[0;32mI (31) boot: ESP-IDF v5.3.1-dirty 2nd stage bootloader[0m
[0;32mI (31) boot: compile time Mar 30 2025 14:12:56[0m
[0;32mI (31) boot: Multicore bootloader[0m
[0;32mI (36) boot: chip revision: v3.1[0m
[0;32mI (40) boot.esp32: SPI Speed      : 40MHz[0m
[0;32mI (44) boot.esp32: SPI Mode       : DIO[0m
[0;32mI (49) boot.esp32: SPI Flash Size : 4MB[0m
[0;32mI (53) boot: Enabling RNG early entropy source...[0m
[0;32mI (59) boot: Partition Table:[0m
[0;32mI (62) boot: ## Label            Usage          Type ST Offset   Length[0m
[0;32mI (70) boot:  0 nvs              WiFi data        01 02 00009000 00006000[0m
[0;32mI (77) boot:  1 phy_init         RF data          01 01 0000f000 00001000[0m
[0;32mI (85) boot:  2 factory          factory app      00 00 00010000 00100000[0m
[0;32mI (92) boot: End of partition table[0m
[0;32mI (96) esp_image: segment 0: paddr=00010020 vaddr=3f400020 size=27b14h (162580) map[0m
[0;32mI (160) esp_image: segment 1: paddr=00037b3c vaddr=3ffb0000 size=0404ch ( 16460) load[0m
[0;32mI (167) esp_image: segment 2: paddr=0003bb90 vaddr=40080000 size=04488h ( 17544) load[0m
[0;32mI (174) esp_image: segment 3: paddr=00040020 vaddr=400d0020 size=a6ef4h (683764) map[0m
[0;32mI (409) esp_image: segment 4: paddr=000e6f1c vaddr=40084488 size=1519ch ( 86428) load[0m
[0;32mI (456) boot: Loaded app from partition at offset 0x10000[0m
[0;32mI (456) boot: Disabling RNG early entropy source...[0m
[0;32mI (468) cpu_start: Multicore app[0m
[0;32mI (476) cpu_start: Pro cpu start user code[0m
[0;32mI (476) cpu_start: cpu freq: 160000000 Hz[0m
[0;32mI (476) app_init: Application information:[0m
[0;32mI (479) app_init: Project name:     GATEWAY[0m
[0;32mI (484) app_init: App version:      eb4d542-dirty[0m
[0;32mI (489) app_init: Compile time:     Apr  7 2025 02:53:50[0m
[0;32mI (495) app_init: ELF file SHA256:  54775f7e9...[0m
[0;32mI (501) app_init: ESP-IDF:          v5.3.1-dirty[0m
[0;32mI (506) efuse_init: Min chip rev:     v0.0[0m
[0;32mI (511) efuse_init: Max chip rev:     v3.99 [0m
[0;32mI (516) efuse_init: Chip rev:         v3.1[0m
[0;32mI (521) heap_init: Initializing. RAM available for dynamic allocation:[0m
[0;32mI (528) heap_init: At 3FFAE6E0 len 00001920 (6 KiB): DRAM[0m
[0;32mI (534) heap_init: At 3FFB8938 len 000276C8 (157 KiB): DRAM[0m
[0;32mI (540) heap_init: At 3FFE0440 len 00003AE0 (14 KiB): D/IRAM[0m
[0;32mI (546) heap_init: At 3FFE4350 len 0001BCB0 (111 KiB): D/IRAM[0m
[0;32mI (553) heap_init: At 40099624 len 000069DC (26 KiB): IRAM[0m
[0;32mI (561) spi_flash: detected chip: generic[0m
[0;32mI (564) spi_flash: flash io: dio[0m
[0;32mI (569) main_task: Started on CPU0[0m
[0;32mI (579) main_task: Calling app_main()[0m
[0;32mI (589) LORA_receive: CH∆ØA NH·∫¨N ƒê∆Ø·ª¢C G√ìI TIN: 
[0m
LoRa Receiver ƒê√£ Kh·ªüi ƒê·ªông
I (619) wifi:wifi driver task: 3ffc1c8c, prio:23, stack:6656, core=0
I (629) wifi:wifi firmware version: ccaebfa
I (629) wifi:wifi certification version: v7.0
I (629) wifi:config NVS flash: enabled
I (629) wifi:config nano formating: disabled
I (629) wifi:Init data frame dynamic rx buffer num: 32
I (639) wifi:Init static rx mgmt buffer num: 5
I (639) wifi:Init management short buffer num: 32
I (649) wifi:Init dynamic tx buffer num: 32
I (649) wifi:Init static rx buffer size: 1600
I (659) wifi:Init static rx buffer num: 10
I (659) wifi:Init dynamic rx buffer num: 32
[0;32mI (659) wifi_init: rx ba win: 6[0m
[0;32mI (669) wifi_init: accept mbox: 6[0m
[0;32mI (669) wifi_init: tcpip mbox: 32[0m
[0;32mI (669) wifi_init: udp mbox: 6[0m
[0;32mI (679) wifi_init: tcp mbox: 6[0m
[0;32mI (679) wifi_init: tcp tx win: 5760[0m
[0;32mI (689) wifi_init: tcp rx win: 5760[0m
[0;32mI (689) wifi_init: tcp mss: 1440[0m
[0;32mI (689) wifi_init: WiFi IRAM OP enabled[0m
[0;32mI (699) wifi_init: WiFi RX IRAM OP enabled[0m
[0;32mI (709) phy_init: phy_version 4830,54550f7,Jun 20 2024,14:22:08[0m
I (799) wifi:mode : sta (e8:6b:ea:d4:6d:24)
I (799) wifi:enable tsf
I (819) wifi:new:<8,0>, old:<1,0>, ap:<255,255>, sta:<8,0>, prof:1, snd_ch_cfg:0x0
I (819) wifi:state: init -> auth (0xb0)
I (849) wifi:state: auth -> assoc (0x0)
I (899) wifi:state: assoc -> run (0x10)
I (1009) wifi:connected with VNPT_Hanh, aid = 3, channel 8, BW20, bssid = 4c:12:e8:76:17:60
I (1009) wifi:security: WPA2-PSK, phy: bgn, rssi: -66
I (1009) wifi:pm start, type: 1

I (1009) wifi:dp: 1, bi: 102400, li: 3, scale listen interval from 307200 us to 307200 us
I (1059) wifi:AP's beacon interval = 102400 us, DTIM period = 1
[0;32mI (1799) mqtts_example: [APP] Free memory: 224504 bytes[0m
[0;32mI (1799) mqtts_example: Connecting to MQTT broker at 192.168.1.8:1883...[0m
[0;32mI (1799) mqtts_example: Other event id:7[0m
[0;31mE (1799) esp-tls: [sock=54] connect() error: Host is unreachable[0m
[0;31mE (1809) transport_base: Failed to open a new connection: 32772[0m
[0;31mE (1819) mqtt_client: Error transport connect[0m
[0;32mI (1819) mqtts_example: Other event id:0[0m
[0;32mI (1829) mqtts_example: MQTT_EVENT_DISCONNECTED[0m

assert failed: xRingbufferReceive ringbuf.c:1104 (pxRingbuffer && pxItemSize)


Backtrace: 0x40081bc2:0x3ffcb210 0x4008adc9:0x3ffcb230 0x400933fd:0x3ffcb250 0x4008abe5:0x3ffcb370 0x400d823d:0x3ffcb3b0 0x4008b8d5:0x3ffcb3e0




ELF file SHA256: 54775f7e9

Rebooting...
ets Jul 29 2019 12:21:46

rst:0xc (SW_CPU_RESET),boot:0x13 (SPI_FAST_FLASH_BOOT)
configsip: 0, SPIWP:0xee
clk_drv:0x00,q_drv:0x00,d_drv:0x00,cs0_drv:0x00,hd_drv:0x00,wp_drv:0x00
mode:DIO, clock div:2
load:0x3fff0030,len:7176
load:0x40078000,len:15564
ho 0 tail 12 room 4
load:0x40080400,len:4
load:0x40080404,len:3904
entry 0x40080640
[0;32mI (31) boot: ESP-IDF v5.3.1-dirty 2nd stage bootloader[0m
[0;32mI (31) boot: compile time Mar 30 2025 14:12:56[0m
[0;32mI (31) boot: Multicore bootloader[0m
[0;32mI (36) boot: chip revision: v3.1[0m
[0;32mI (40) boot.esp32: SPI Speed      : 40MHz[0m
[0;32mI (44) boot.esp32: SPI Mode       : DIO[0m
[0;32mI (49) boot.esp32: SPI Flash Size : 4MB[0m
[0;32mI (53) boot: Enabling RNG early entropy source...[0m
[0;32mI (59) boot: Partition Table:[0m
[0;32mI (62) boot: ## Label            Usage          Type ST Offset   Length[0m
[0;32mI (70) boot:  0 nvs              WiFi data        01 02 00009000 00006000[0m
[0;32mI (77) boot:  1 phy_init         RF data          01 01 0000f000 00001000[0m
[0;32mI (85) boot:  2 factory          factory app      00 00 00010000 00100000[0m
[0;32mI (92) boot: End of partition table[0m
[0;32mI (96) esp_image: segment 0: paddr=00010020 vaddr=3f400020 size=27b14h (162580) map[0m
[0;32mI (160) esp_image: segment 1: paddr=00037b3c vaddr=3ffb0000 size=0404ch ( 16460) load[0m
[0;32mI (167) esp_image: segment 2: paddr=0003bb90 vaddr=40080000 size=04488h ( 17544) load[0m
[0;32mI (174) esp_image: segment 3: paddr=00040020 vaddr=400d0020 size=a6ef4h (683764) map[0m
[0;32mI (409) esp_image: segment 4: paddr=000e6f1c vaddr=40084488 size=1519ch ( 86428) load[0m
[0;32mI (456) boot: Loaded app from partition at offset 0x10000[0m
[0;32mI (456) boot: Disabling RNG early entropy source...[0m
[0;32mI (468) cpu_start: Multicore app[0m
[0;32mI (476) cpu_start: Pro cpu start user code[0m
[0;32mI (476) cpu_start: cpu freq: 160000000 Hz[0m
[0;32mI (476) app_init: Application information:[0m
[0;32mI (479) app_init: Project name:     GATEWAY[0m
[0;32mI (484) app_init: App version:      eb4d542-dirty[0m
[0;32mI (489) app_init: Compile time:     Apr  7 2025 02:53:50[0m
[0;32mI (495) app_init: ELF file SHA256:  54775f7e9...[0m
[0;32mI (501) app_init: ESP-IDF:          v5.3.1-dirty[0m
[0;32mI (506) efuse_init: Min chip rev:     v0.0[0m
[0;32mI (511) efuse_init: Max chip rev:     v3.99 [0m
[0;32mI (516) efuse_init: Chip rev:         v3.1[0m
[0;32mI (521) heap_init: Initializing. RAM available for dynamic allocation:[0m
[0;32mI (528) heap_init: At 3FFAE6E0 len 00001920 (6 KiB): DRAM[0m
[0;32mI (534) heap_init: At 3FFB8938 len 000276C8 (157 KiB): DRAM[0m
[0;32mI (540) heap_init: At 3FFE0440 len 00003AE0 (14 KiB): D/IRAM[0m
[0;32mI (546) heap_init: At 3FFE4350 len 0001BCB0 (111 KiB): D/IRAM[0m
[0;32mI (553) heap_init: At 40099624 len 000069DC (26 KiB): IRAM[0m
[0;32mI (561) spi_flash: detected chip: generic[0m
[0;32mI (564) spi_flash: flash io: dio[0m
[0;32mI (569) main_task: Started on CPU0[0m
[0;32mI (579) main_task: Calling app_main()[0m
[0;32mI (589) LORA_receive: CH∆ØA NH·∫¨N ƒê∆Ø·ª¢C G√ìI TIN: 
[0m
LoRa Receiver ƒê√£ Kh·ªüi ƒê·ªông
I (619) wifi:wifi driver task: 3ffc1c8c, prio:23, stack:6656, core=0
I (629) wifi:wifi firmware version: ccaebfa
I (629) wifi:wifi certification version: v7.0
I (629) wifi:config NVS flash: enabled
I (629) wifi:config nano formating: disabled
I (629) wifi:Init data frame dynamic rx buffer num: 32
I (639) wifi:Init static rx mgmt buffer num: 5
I (639) wifi:Init management short buffer num: 32
I (649) wifi:Init dynamic tx buffer num: 32
I (649) wifi:Init static rx buffer size: 1600
I (659) wifi:Init static rx buffer num: 10
I (659) wifi:Init dynamic rx buffer num: 32
[0;32mI (659) wifi_init: rx ba win: 6[0m
[0;32mI (669) wifi_init: accept mbox: 6[0m
[0;32mI (669) wifi_init: tcpip mbox: 32[0m
[0;32mI (669) wifi_init: udp mbox: 6[0m
[0;32mI (679) wifi_init: tcp mbox: 6[0m
[0;32mI (679) wifi_init: tcp tx win: 5760[0m
[0;32mI (689) wifi_init: tcp rx win: 5760[0m
[0;32mI (689) wifi_init: tcp mss: 1440[0m
[0;32mI (689) wifi_init: WiFi IRAM OP enabled[0m
[0;32mI (699) wifi_init: WiFi RX IRAM OP enabled[0m
[0;32mI (709) phy_init: phy_version 4830,54550f7,Jun 20 2024,14:22:08[0m
I (799) wifi:mode : sta (e8:6b:ea:d4:6d:24)
I (799) wifi:enable tsf
I (819) wifi:new:<8,0>, old:<1,0>, ap:<255,255>, sta:<8,0>, prof:1, snd_ch_cfg:0x0
I (819) wifi:state: init -> auth (0xb0)
I (859) wifi:state: auth -> assoc (0x0)
I (909) wifi:state: assoc -> run (0x10)
I (1009) wifi:connected with VNPT_Hanh, aid = 3, channel 8, BW20, bssid = 4c:12:e8:76:17:60
I (1009) wifi:security: WPA2-PSK, phy: bgn, rssi: -65
I (1019) wifi:pm start, type: 1

I (1019) wifi:dp: 1, bi: 102400, li: 3, scale listen interval from 307200 us to 307200 us
I (1039) wifi:AP's beacon interval = 102400 us, DTIM period = 1
[0;32mI (1799) mqtts_example: [APP] Free memory: 224504 bytes[0m
[0;32mI (1799) mqtts_example: Connecting to MQTT broker at 192.168.1.8:1883...[0m
[0;32mI (1799) mqtts_example: Other event id:7[0m
[0;31mE (1799) esp-tls: [sock=54] connect() error: Host is unreachable[0m
[0;31mE (1809) transport_base: Failed to open a new connection: 32772[0m
[0;31mE (1819) mqtt_client: Error transport connect[0m
[0;32mI (1819) mqtts_example: Other event id:0[0m
[0;32mI (1829) mqtts_example: MQTT_EVENT_DISCONNECTED[0m

assert failed: xRingbufferReceive ringbuf.c:1104 (pxRingbuffer && pxItemSize)


Backtrace: 0x40081bc2:0x3ffcb210 0x4008adc9:0x3ffcb230 0x400933fd:0x3ffcb250 0x4008abe5:0x3ffcb370 0x400d823d:0x3ffcb3b0 0x4008b8d5:0x3ffcb3e0




ELF file SHA256: 54775f7e9

Rebooting...
ets Jul 29 2019 12:21:46

rst:0xc (SW_CPU_RESET),boot:0x13 (SPI_FAST_FLASH_BOOT)
configsip: 0, SPIWP:0xee
clk_drv:0x00,q_drv:0x00,d_drv:0x00,cs0_drv:0x00,hd_drv:0x00,wp_drv:0x00
mode:DIO, clock div:2
load:0x3fff0030,len:7176
load:0x40078000,len:15564
ho 0 tail 12 room 4
load:0x40080400,len:4
load:0x40080404,len:3904
entry 0x40080640
[0;32mI (31) boot: ESP-IDF v5.3.1-dirty 2nd stage bootloader[0m
[0;32mI (31) boot: compile time Mar 30 2025 14:12:56[0m
[0;32mI (31) boot: Multicore bootloader[0m
[0;32mI (36) boot: chip revision: v3.1[0m
[0;32mI (40) boot.esp32: SPI Speed      : 40MHz[0m
[0;32mI (44) boot.esp32: SPI Mode       : DIO[0m
[0;32mI (49) boot.esp32: SPI Flash Size : 4MB[0m
[0;32mI (53) boot: Enabling RNG early entropy source...[0m
[0;32mI (59) boot: Partition Table:[0m
[0;32mI (62) boot: ## Label            Usage          Type ST Offset   Length[0m
[0;32mI (70) boot:  0 nvs              WiFi data        01 02 00009000 00006000[0m
[0;32mI (77) boot:  1 phy_init         RF data          01 01 0000f000 00001000[0m
[0;32mI (85) boot:  2 factory          factory app      00 00 00010000 00100000[0m
[0;32mI (92) boot: End of partition table[0m
[0;32mI (96) esp_image: segment 0: paddr=00010020 vaddr=3f400020 size=27b14h (162580) map[0m
[0;32mI (160) esp_image: segment 1: paddr=00037b3c vaddr=3ffb0000 size=0404ch ( 16460) load[0m
[0;32mI (167) esp_image: segment 2: paddr=0003bb90 vaddr=40080000 size=04488h ( 17544) load[0m
[0;32mI (174) esp_image: segment 3: paddr=00040020 vaddr=400d0020 size=a6ef4h (683764) map[0m
[0;32mI (409) esp_image: segment 4: paddr=000e6f1c vaddr=40084488 size=1519ch ( 86428) load[0m
[0;32mI (456) boot: Loaded app from partition at offset 0x10000[0m
[0;32mI (456) boot: Disabling RNG early entropy source...[0m
[0;32mI (468) cpu_start: Multicore app[0m
[0;32mI (476) cpu_start: Pro cpu start user code[0m
[0;32mI (476) cpu_start: cpu freq: 160000000 Hz[0m
[0;32mI (476) app_init: Application information:[0m
[0;32mI (479) app_init: Project name:     GATEWAY[0m
[0;32mI (484) app_init: App version:      eb4d542-dirty[0m
[0;32mI (489) app_init: Compile time:     Apr  7 2025 02:53:50[0m
[0;32mI (495) app_init: ELF file SHA256:  54775f7e9...[0m
[0;32mI (501) app_init: ESP-IDF:          v5.3.1-dirty[0m
[0;32mI (506) efuse_init: Min chip rev:     v0.0[0m
[0;32mI (511) efuse_init: Max chip rev:     v3.99 [0m
[0;32mI (516) efuse_init: Chip rev:         v3.1[0m
[0;32mI (521) heap_init: Initializing. RAM available for dynamic allocation:[0m
[0;32mI (528) heap_init: At 3FFAE6E0 len 00001920 (6 KiB): DRAM[0m
[0;32mI (534) heap_init: At 3FFB8938 len 000276C8 (157 KiB): DRAM[0m
[0;32mI (540) heap_init: At 3FFE0440 len 00003AE0 (14 KiB): D/IRAM[0m
[0;32mI (546) heap_init: At 3FFE4350 len 0001BCB0 (111 KiB): D/IRAM[0m
[0;32mI (553) heap_init: At 40099624 len 000069DC (26 KiB): IRAM[0m
[0;32mI (561) spi_flash: detected chip: generic[0m
[0;32mI (564) spi_flash: flash io: dio[0m
[0;32mI (569) main_task: Started on CPU0[0m
[0;32mI (579) main_task: Calling app_main()[0m
[0;32mI (589) LORA_receive: CH∆ØA NH·∫¨N ƒê∆Ø·ª¢C G√ìI TIN: 
[0m
LoRa Receiver ƒê√£ Kh·ªüi ƒê·ªông
I (619) wifi:wifi driver task: 3ffc1c8c, prio:23, stack:6656, core=0
I (629) wifi:wifi firmware version: ccaebfa
I (629) wifi:wifi certification version: v7.0
I (629) wifi:config NVS flash: enabled
I (629) wifi:config nano formating: disabled
I (629) wifi:Init data frame dynamic rx buffer num: 32
I (639) wifi:Init static rx mgmt buffer num: 5
I (639) wifi:Init management short buffer num: 32
I (649) wifi:Init dynamic tx buffer num: 32
I (649) wifi:Init static rx buffer size: 1600
I (659) wifi:Init static rx buffer num: 10
I (659) wifi:Init dynamic rx buffer num: 32
[0;32mI (659) wifi_init: rx ba win: 6[0m
[0;32mI (669) wifi_init: accept mbox: 6[0m
[0;32mI (669) wifi_init: tcpip mbox: 32[0m
[0;32mI (669) wifi_init: udp mbox: 6[0m
[0;32mI (679) wifi_init: tcp mbox: 6[0m
[0;32mI (679) wifi_init: tcp tx win: 5760[0m
[0;32mI (689) wifi_init: tcp rx win: 5760[0m
[0;32mI (689) wifi_init: tcp mss: 1440[0m
[0;32mI (689) wifi_init: WiFi IRAM OP enabled[0m
[0;32mI (699) wifi_init: WiFi RX IRAM OP enabled[0m
[0;32mI (709) phy_init: phy_version 4830,54550f7,Jun 20 2024,14:22:08[0m
I (799) wifi:mode : sta (e8:6b:ea:d4:6d:24)
I (799) wifi:enable tsf
I (809) wifi:new:<8,0>, old:<1,0>, ap:<255,255>, sta:<8,0>, prof:1, snd_ch_cfg:0x0
I (819) wifi:state: init -> auth (0xb0)
I (849) wifi:state: auth -> assoc (0x0)
I (909) wifi:state: assoc -> run (0x10)
I (1019) wifi:connected with VNPT_Hanh, aid = 3, channel 8, BW20, bssid = 4c:12:e8:76:17:60
I (1019) wifi:security: WPA2-PSK, phy: bgn, rssi: -66
I (1029) wifi:pm start, type: 1

I (1029) wifi:dp: 1, bi: 102400, li: 3, scale listen interval from 307200 us to 307200 us
I (1109) wifi:AP's beacon interval = 102400 us, DTIM period = 1
[0;32mI (1799) mqtts_example: [APP] Free memory: 224504 bytes[0m
[0;32mI (1799) mqtts_example: Connecting to MQTT broker at 192.168.1.8:1883...[0m
[0;32mI (1799) mqtts_example: Other event id:7[0m
[0;31mE (1799) esp-tls: [sock=54] connect() error: Host is unreachable[0m
[0;31mE (1809) transport_base: Failed to open a new connection: 32772[0m
[0;31mE (1819) mqtt_client: Error transport connect[0m
[0;32mI (1819) mqtts_example: Other event id:0[0m
[0;32mI (1829) mqtts_example: MQTT_EVENT_DISCONNECTED[0m

assert failed: xRingbufferReceive ringbuf.c:1104 (pxRingbuffer && pxItemSize)


Backtrace: 0x40081bc2:0x3ffcb210 0x4008adc9:0x3ffcb230 0x400933fd:0x3ffcb250 0x4008abe5:0x3ffcb370 0x400d823d:0x3ffcb3b0 0x4008b8d5:0x3ffcb3e0




ELF file SHA256: 54775f7e9

Rebooting...
ets Jul 29 2019 12:21:46

rst:0xc (SW_CPU_RESET),boot:0x13 (SPI_FAST_FLASH_BOOT)
configsip: 0, SPIWP:0xee
clk_drv:0x00,q_drv:0x00,d_drv:0x00,cs0_drv:0x00,hd_drv:0x00,wp_drv:0x00
mode:DIO, clock div:2
load:0x3fff0030,len:7176
load:0x40078000,len:15564
ho 0 tail 12 room 4
load:0x40080400,len:4
load:0x40080404,len:3904
entry 0x40080640
[0;32mI (31) boot: ESP-IDF v5.3.1-dirty 2nd stage bootloader[0m
[0;32mI (31) boot: compile time Mar 30 2025 14:12:56[0m
[0;32mI (31) boot: Multicore bootloader[0m
[0;32mI (36) boot: chip revision: v3.1[0m
[0;32mI (40) boot.esp32: SPI Speed      : 40MHz[0m
[0;32mI (44) boot.esp32: SPI Mode       : DIO[0m
[0;32mI (49) boot.esp32: SPI Flash Size : 4MB[0m
[0;32mI (53) boot: Enabling RNG early entropy source...[0m
[0;32mI (59) boot: Partition Table:[0m
[0;32mI (62) boot: ## Label            Usage          Type ST Offset   Length[0m
[0;32mI (70) boot:  0 nvs              WiFi data        01 02 00009000 00006000[0m
[0;32mI (77) boot:  1 phy_init         RF data          01 01 0000f000 00001000[0m
[0;32mI (85) boot:  2 factory          factory app      00 00 00010000 00100000[0m
[0;32mI (92) boot: End of partition table[0m
[0;32mI (96) esp_image: segment 0: paddr=00010020 vaddr=3f400020 size=27b14h (162580) map[0m
